BL51 BANKED LINKER/LOCATER V6.22                                                        04/27/2017  17:09:05  PAGE 1


BL51 BANKED LINKER/LOCATER V6.22, INVOKED BY:
C:\KEIL_C51\C51\BIN\BL51.EXE .\Objects\STARTUP.obj, .\Objects\CAN1.obj, .\Objects\Susongxian.obj TO .\Objects\KEIL PRINT
>>  (.\Listings\KEIL.m51) RAMSIZE (256)


MEMORY MODEL: SMALL


INPUT MODULES INCLUDED:
  .\Objects\STARTUP.obj (?C_STARTUP)
  .\Objects\CAN1.obj (CAN1)
  .\Objects\Susongxian.obj (SUSONGXIAN)
  C:\KEIL_C51\C51\LIB\C51S.LIB (?C_INIT)
  C:\KEIL_C51\C51\LIB\C51S.LIB (?C?CLDPTR)
  C:\KEIL_C51\C51\LIB\C51S.LIB (?C?CLDOPTR)
  C:\KEIL_C51\C51\LIB\C51S.LIB (?C?CSTOPTR)
  C:\KEIL_C51\C51\LIB\C51S.LIB (?C?IMUL)
  C:\KEIL_C51\C51\LIB\C51S.LIB (?C?LSHL)
  C:\KEIL_C51\C51\LIB\C51S.LIB (?C?LSTXDATA)
  C:\KEIL_C51\C51\LIB\C51S.LIB (?C?LSTKXDATA)
  C:\KEIL_C51\C51\LIB\C51S.LIB (?C?CCASE)


LINK MAP OF MODULE:  .\Objects\KEIL (?C_STARTUP)


            TYPE    BASE      LENGTH    RELOCATION   SEGMENT NAME
            -----------------------------------------------------

            * * * * * * *   D A T A   M E M O R Y   * * * * * * *
            REG     0000H     0008H     ABSOLUTE     "REG BANK 0"
            DATA    0008H     000CH     UNIT         ?DT?SUSONGXIAN
                    0014H     000CH                  *** GAP ***
            BIT     0020H.0   0001H.3   UNIT         ?BI?SUSONGXIAN
                    0021H.3   0000H.5                *** GAP ***
            DATA    0022H     0048H     UNIT         _DATA_GROUP_
            IDATA   006AH     0001H     UNIT         ?STACK

            * * * * * * *  X D A T A   M E M O R Y  * * * * * * *
            XDATA   0000H     0119H     UNIT         ?XD?SUSONGXIAN
            XDATA   0119H     000AH     UNIT         ?XD?CAN1

            * * * * * * *   C O D E   M E M O R Y   * * * * * * *
            CODE    0000H     0003H     ABSOLUTE     
            CODE    0003H     0007H     UNIT         ?PR?WATCHDOG_INIT?SUSONGXIAN
                    000AH     0001H                  *** GAP ***
            CODE    000BH     0003H     ABSOLUTE     
            CODE    000EH     0014H     UNIT         ?PR?DCMOTOR_CTL?SUSONGXIAN
                    0022H     0001H                  *** GAP ***
            CODE    0023H     0003H     ABSOLUTE     
            CODE    0026H     0072H     UNIT         ?PR?AUTOTASKASSIGNMENT3?SUSONGXIAN
                    0098H     0003H                  *** GAP ***
            CODE    009BH     0003H     ABSOLUTE     
            CODE    009EH     09C8H     UNIT         ?PR?TRANFORSATATIONINFOR?SUSONGXIAN
            CODE    0A66H     07DAH     UNIT         ?PR?ISRNAME?CAN1
            CODE    1240H     0293H     UNIT         ?PR?AUTOTASKASSIGNMENT2?SUSONGXIAN
            CODE    14D3H     0200H     UNIT         ?PR?_AUTORUNMODE2?SUSONGXIAN
            CODE    16D3H     01C3H     UNIT         ?PR?_SERVOMOTORCRTL?SUSONGXIAN
BL51 BANKED LINKER/LOCATER V6.22                                                      04/27/2017  17:09:05  PAGE 2


            CODE    1896H     012FH     UNIT         ?PR?TIMER0_ISR?SUSONGXIAN
            CODE    19C5H     012AH     UNIT         ?PR?DC_MOTORCTRL?SUSONGXIAN
            CODE    1AEFH     00F0H     UNIT         ?C?LIB_CODE
            CODE    1BDFH     00D2H     UNIT         ?PR?SEND_TO_MOTOR?SUSONGXIAN
            CODE    1CB1H     00C2H     UNIT         ?C_INITSEG
            CODE    1D73H     00BDH     UNIT         ?PR?_AUTORUNMODE1?SUSONGXIAN
            CODE    1E30H     009BH     UNIT         ?PR?CANSETPRABACK?SUSONGXIAN
            CODE    1ECBH     0097H     UNIT         ?PR?ACTIVECANTRANSFER?SUSONGXIAN
            CODE    1F62H     0092H     UNIT         ?PR?_UART0SEND?SUSONGXIAN
            CODE    1FF4H     008FH     UNIT         ?C_C51STARTUP
            CODE    2083H     008FH     UNIT         ?PR?INIT_PARA?SUSONGXIAN
            CODE    2112H     0089H     UNIT         ?PR?AUTOTASKASSIGNMENT1?SUSONGXIAN
            CODE    219BH     007FH     UNIT         ?PR?_CAN1_TRANSMIT?CAN1
            CODE    221AH     007BH     UNIT         ?PR?UNACTIVECANTRANSFER?SUSONGXIAN
            CODE    2295H     0076H     UNIT         ?PR?_SERVOMOTORINP?SUSONGXIAN
            CODE    230BH     006CH     UNIT         ?PR?SYSTEMCONTROL?SUSONGXIAN
            CODE    2377H     0069H     UNIT         ?PR?_AUTORUNMODE3?SUSONGXIAN
            CODE    23E0H     0067H     UNIT         ?PR?_SAMPCBDATAACQUISITION?SUSONGXIAN
            CODE    2447H     005FH     UNIT         ?PR?_CRC_CHK?SUSONGXIAN
            CODE    24A6H     0053H     UNIT         ?PR?_SEND_TO_MOTORDRIVER_CTL?SUSONGXIAN
            CODE    24F9H     0051H     UNIT         ?PR?SERIAL_PORT_INTERRUPT?SUSONGXIAN
            CODE    254AH     0048H     UNIT         ?PR?_CAN1_RECEIVE?CAN1
            CODE    2592H     0045H     UNIT         ?PR?_INIT_MSG_OBJECT_TX?CAN1
            CODE    25D7H     0044H     UNIT         ?PR?WRITE_TO_FLASH?SUSONGXIAN
            CODE    261BH     003FH     UNIT         ?PR?START_CAN?CAN1
            CODE    265AH     003DH     UNIT         ?PR?_INIT_MSG_OBJECT_RX?CAN1
            CODE    2697H     003AH     UNIT         ?PR?PORT_INIT?SUSONGXIAN
            CODE    26D1H     0039H     UNIT         ?PR?INITIAL?SUSONGXIAN
            CODE    270AH     0038H     UNIT         ?PR?INIT_CAN1_1?CAN1
            CODE    2742H     0037H     UNIT         ?PR?READ_FROM_FLASH?SUSONGXIAN
            CODE    2779H     0027H     UNIT         ?PR?_DELAY_MS?SUSONGXIAN
            CODE    27A0H     0027H     UNIT         ?PR?TIMER01_INIT?SUSONGXIAN
            CODE    27C7H     0023H     UNIT         ?PR?OSCILLATOR_INIT?SUSONGXIAN
            CODE    27EAH     0023H     UNIT         ?PR?INIT_MACHINE?SUSONGXIAN
            CODE    280DH     0019H     UNIT         ?PR?CLEAR_MSG_OBJECTS?CAN1
            CODE    2826H     0019H     UNIT         ?PR?RETURNTOPOINT?SUSONGXIAN
            CODE    283FH     0018H     UNIT         ?PR?BOARD_PARAMETER_SETUP?SUSONGXIAN
            CODE    2857H     0017H     UNIT         ?PR?MAIN?SUSONGXIAN
            CODE    286EH     0012H     UNIT         ?PR?DEVIATIONREMOVAL?SUSONGXIAN
            CODE    2880H     000EH     UNIT         ?PR?RUNLEDDIS?SUSONGXIAN
            CODE    288EH     000BH     UNIT         ?PR?_DELAY1?SUSONGXIAN



OVERLAY MAP OF MODULE:   .\Objects\KEIL (?C_STARTUP)


SEGMENT                                           DATA_GROUP 
  +--> CALLED SEGMENT                           START    LENGTH
---------------------------------------------------------------
?C_C51STARTUP                                   -----    -----
  +--> ?PR?MAIN?SUSONGXIAN
  +--> ?C_INITSEG

?PR?MAIN?SUSONGXIAN                             -----    -----
  +--> ?PR?INITIAL?SUSONGXIAN
  +--> ?PR?INIT_MACHINE?SUSONGXIAN
BL51 BANKED LINKER/LOCATER V6.22                                                      04/27/2017  17:09:05  PAGE 3


  +--> ?PR?SYSTEMCONTROL?SUSONGXIAN
  +--> ?PR?UNACTIVECANTRANSFER?SUSONGXIAN
  +--> ?PR?ACTIVECANTRANSFER?SUSONGXIAN
  +--> ?PR?RUNLEDDIS?SUSONGXIAN

?PR?INITIAL?SUSONGXIAN                          -----    -----
  +--> ?PR?OSCILLATOR_INIT?SUSONGXIAN
  +--> ?PR?WATCHDOG_INIT?SUSONGXIAN
  +--> ?PR?PORT_INIT?SUSONGXIAN
  +--> ?PR?TIMER01_INIT?SUSONGXIAN
  +--> ?PR?INIT_PARA?SUSONGXIAN

?PR?INIT_PARA?SUSONGXIAN                        -----    -----
  +--> ?PR?BOARD_PARAMETER_SETUP?SUSONGXIAN
  +--> ?PR?READ_FROM_FLASH?SUSONGXIAN

?PR?BOARD_PARAMETER_SETUP?SUSONGXIAN            -----    -----
  +--> ?PR?INIT_CAN1_1?CAN1

?PR?INIT_CAN1_1?CAN1                            0022H    0001H
  +--> ?PR?CLEAR_MSG_OBJECTS?CAN1
  +--> ?PR?_INIT_MSG_OBJECT_TX?CAN1
  +--> ?PR?_INIT_MSG_OBJECT_RX?CAN1
  +--> ?PR?START_CAN?CAN1

?PR?SYSTEMCONTROL?SUSONGXIAN                    -----    -----
  +--> ?PR?DC_MOTORCTRL?SUSONGXIAN
  +--> ?PR?_SERVOMOTORCRTL?SUSONGXIAN
  +--> ?PR?AUTOTASKASSIGNMENT1?SUSONGXIAN
  +--> ?PR?_AUTORUNMODE1?SUSONGXIAN
  +--> ?PR?AUTOTASKASSIGNMENT3?SUSONGXIAN
  +--> ?PR?_AUTORUNMODE3?SUSONGXIAN
  +--> ?PR?AUTOTASKASSIGNMENT2?SUSONGXIAN
  +--> ?PR?_AUTORUNMODE2?SUSONGXIAN

?PR?DC_MOTORCTRL?SUSONGXIAN                     0022H    0001H
  +--> ?PR?_DELAY_MS?SUSONGXIAN
  +--> ?PR?DCMOTOR_CTL?SUSONGXIAN

?PR?_DELAY_MS?SUSONGXIAN                        005FH    0004H
  +--> ?PR?_DELAY1?SUSONGXIAN

?PR?_SERVOMOTORCRTL?SUSONGXIAN                  0022H    0001H
  +--> ?PR?_SEND_TO_MOTORDRIVER_CTL?SUSONGXIAN
  +--> ?PR?SEND_TO_MOTOR?SUSONGXIAN
  +--> ?PR?RETURNTOPOINT?SUSONGXIAN

?PR?_SEND_TO_MOTORDRIVER_CTL?SUSONGXIAN         0023H    0034H
  +--> ?PR?_UART0SEND?SUSONGXIAN

?PR?_UART0SEND?SUSONGXIAN                       0057H    0008H
  +--> ?PR?_CRC_CHK?SUSONGXIAN
  +--> ?PR?_DELAY_MS?SUSONGXIAN

?PR?_CRC_CHK?SUSONGXIAN                         005FH    0006H

?PR?SEND_TO_MOTOR?SUSONGXIAN                    -----    -----
BL51 BANKED LINKER/LOCATER V6.22                                                      04/27/2017  17:09:05  PAGE 4


  +--> ?PR?_DELAY_MS?SUSONGXIAN
  +--> ?PR?_UART0SEND?SUSONGXIAN

?PR?RETURNTOPOINT?SUSONGXIAN                    -----    -----
  +--> ?PR?_SEND_TO_MOTORDRIVER_CTL?SUSONGXIAN

?PR?AUTOTASKASSIGNMENT1?SUSONGXIAN              0022H    0001H
  +--> ?PR?_SERVOMOTORINP?SUSONGXIAN

?PR?_SERVOMOTORINP?SUSONGXIAN                   0023H    0001H
  +--> ?PR?_DELAY_MS?SUSONGXIAN
  +--> ?PR?_UART0SEND?SUSONGXIAN

?PR?_AUTORUNMODE1?SUSONGXIAN                    -----    -----
  +--> ?PR?_SEND_TO_MOTORDRIVER_CTL?SUSONGXIAN
  +--> ?PR?SEND_TO_MOTOR?SUSONGXIAN

?PR?_AUTORUNMODE3?SUSONGXIAN                    0022H    0001H
  +--> ?PR?DEVIATIONREMOVAL?SUSONGXIAN
  +--> ?PR?_SEND_TO_MOTORDRIVER_CTL?SUSONGXIAN
  +--> ?PR?_DELAY_MS?SUSONGXIAN

?PR?DEVIATIONREMOVAL?SUSONGXIAN                 -----    -----
  +--> ?PR?_SEND_TO_MOTORDRIVER_CTL?SUSONGXIAN

?PR?AUTOTASKASSIGNMENT2?SUSONGXIAN              0022H    0001H
  +--> ?PR?_SERVOMOTORINP?SUSONGXIAN
  +--> ?PR?_SAMPCBDATAACQUISITION?SUSONGXIAN

?PR?_SAMPCBDATAACQUISITION?SUSONGXIAN           0023H    0001H
  +--> ?PR?_DELAY_MS?SUSONGXIAN
  +--> ?PR?_UART0SEND?SUSONGXIAN

?PR?_AUTORUNMODE2?SUSONGXIAN                    0022H    0001H
  +--> ?PR?_DELAY_MS?SUSONGXIAN
  +--> ?PR?_SEND_TO_MOTORDRIVER_CTL?SUSONGXIAN
  +--> ?PR?SEND_TO_MOTOR?SUSONGXIAN

?PR?UNACTIVECANTRANSFER?SUSONGXIAN              -----    -----
  +--> ?PR?CANSETPRABACK?SUSONGXIAN
  +--> ?PR?TRANFORSATATIONINFOR?SUSONGXIAN

?PR?CANSETPRABACK?SUSONGXIAN                    -----    -----
  +--> ?PR?_CAN1_TRANSMIT?CAN1

?PR?_CAN1_TRANSMIT?CAN1                         0022H    0004H

?PR?TRANFORSATATIONINFOR?SUSONGXIAN             -----    -----
  +--> ?PR?_CAN1_TRANSMIT?CAN1

?PR?ACTIVECANTRANSFER?SUSONGXIAN                -----    -----
  +--> ?PR?_CAN1_TRANSMIT?CAN1

*** NEW ROOT ***************************************************

?PR?ISRNAME?CAN1                                0065H    0002H
  +--> ?PR?_CAN1_RECEIVE?CAN1
BL51 BANKED LINKER/LOCATER V6.22                                                      04/27/2017  17:09:05  PAGE 5


  +--> ?PR?WRITE_TO_FLASH?SUSONGXIAN

?PR?_CAN1_RECEIVE?CAN1                          0067H    0003H



SYMBOL TABLE OF MODULE:  .\Objects\KEIL (?C_STARTUP)

  VALUE           TYPE          NAME
  ----------------------------------

  -------         MODULE        ?C_STARTUP
  C:1FF4H         SEGMENT       ?C_C51STARTUP
  I:006AH         SEGMENT       ?STACK
  C:0000H         PUBLIC        ?C_STARTUP
  D:00E0H         SYMBOL        ACC
  D:00F0H         SYMBOL        B
  D:0083H         SYMBOL        DPH
  D:0082H         SYMBOL        DPL
  N:0000H         SYMBOL        IBPSTACK
  N:0100H         SYMBOL        IBPSTACKTOP
  N:0080H         SYMBOL        IDATALEN
  C:1FFAH         SYMBOL        IDATALOOP
  N:0000H         SYMBOL        PBPSTACK
  N:0100H         SYMBOL        PBPSTACKTOP
  D:00D9H         SYMBOL        PCA0MD
  N:0000H         SYMBOL        PDATALEN
  N:0000H         SYMBOL        PDATASTART
  N:0000H         SYMBOL        PPAGE
  N:0000H         SYMBOL        PPAGEENABLE
  D:00A0H         SYMBOL        PPAGE_SFR
  D:0081H         SYMBOL        SP
  C:1FF4H         SYMBOL        STARTUP1
  N:0000H         SYMBOL        XBPSTACK
  N:0000H         SYMBOL        XBPSTACKTOP
  N:0000H         SYMBOL        XDATALEN
  N:0000H         SYMBOL        XDATASTART
  C:0000H         LINE#         127
  C:1FF4H         LINE#         134
  C:1FF7H         LINE#         136
  C:1FF9H         LINE#         137
  C:1FFAH         LINE#         138
  C:1FFBH         LINE#         139
  C:1FFDH         LINE#         188
  C:2000H         LINE#         199
  -------         ENDMOD        ?C_STARTUP

  -------         MODULE        CAN1
  C:0000H         SYMBOL        _ICE_DUMMY_
  D:0080H         PUBLIC        P0
  D:0090H         PUBLIC        P1
  D:00A0H         PUBLIC        P2
  C:280DH         PUBLIC        clear_msg_objects
  D:00B0H         PUBLIC        P3
  D:00C8H         PUBLIC        P4
  D:00D8H         PUBLIC        P5
  B:00A8H.7       PUBLIC        EA
BL51 BANKED LINKER/LOCATER V6.22                                                      04/27/2017  17:09:05  PAGE 6


  D:00E7H         PUBLIC        EIE2
  D:00E8H         PUBLIC        ADC0CN
  D:0084H         PUBLIC        SFRPAGE
  C:270AH         PUBLIC        init_can1_1
  D:00E8H         PUBLIC        ADC2CN
  B:00B0H.4       PUBLIC        LED8
  D:00A8H         PUBLIC        IE
  D:00F7H         PUBLIC        EIP2
  C:0A66H         PUBLIC        ISRname
  D:00F8H         PUBLIC        CAN0CN
  D:00D8H         PUBLIC        PCA0CN
  D:00B8H         PUBLIC        IP
  D:00E4H         PUBLIC        XBR3
  X:0119H         PUBLIC        CANRXBUF_ZKB
  D:00C0H         PUBLIC        SMB0CN
  D:00D9H         PUBLIC        CAN0DATH
  D:00D8H         PUBLIC        CAN0DATL
  D:0088H         PUBLIC        CPT0CN
  D:0088H         PUBLIC        CPT1CN
  D:0088H         PUBLIC        CPT2CN
  C:254AH         PUBLIC        _can1_receive
  D:00F8H         PUBLIC        SPI0CN
  D:0088H         PUBLIC        TCON
  D:00C8H         PUBLIC        TMR2CN
  D:00C8H         PUBLIC        TMR3CN
  D:00C8H         PUBLIC        TMR4CN
  C:219BH         PUBLIC        _can1_transmit
  C:265AH         PUBLIC        _init_msg_object_RX
  C:2592H         PUBLIC        _init_msg_object_TX
  X:0121H         PUBLIC        CANINDEX
  D:00DAH         PUBLIC        CAN0ADR
  D:00D8H         PUBLIC        CAN0DAT
  C:261BH         PUBLIC        start_CAN
  D:0098H         PUBLIC        SCON0
  D:0098H         PUBLIC        SCON1
  D:00C0H         PUBLIC        CAN0STA
  X:0122H         PUBLIC        CANaddress1
  D:00D0H         PUBLIC        PSW
  -------         PROC          INIT_CAN1_1
  -------         DO            
  D:0022H         SYMBOL        SFRPAGE_SAVE
  -------         ENDDO         
  C:270AH         LINE#         126
  C:270AH         LINE#         127
  C:270AH         LINE#         135
  C:270DH         LINE#         136
  C:2710H         LINE#         137
  C:2713H         LINE#         138
  C:2715H         LINE#         140
  C:2718H         LINE#         142
  C:2727H         LINE#         144
  C:2733H         LINE#         149
  C:2736H         LINE#         151
  C:2739H         LINE#         153
  C:273CH         LINE#         155
  C:273EH         LINE#         156
  C:2741H         LINE#         157
BL51 BANKED LINKER/LOCATER V6.22                                                      04/27/2017  17:09:05  PAGE 7


  -------         ENDPROC       INIT_CAN1_1
  -------         PROC          CLEAR_MSG_OBJECTS
  -------         DO            
  D:0006H         SYMBOL        i
  D:0007H         SYMBOL        SFRPAGE_SAVE
  -------         ENDDO         
  C:280DH         LINE#         162
  C:280DH         LINE#         163
  C:280DH         LINE#         165
  C:280FH         LINE#         166
  C:2812H         LINE#         167
  C:2815H         LINE#         168
  C:2818H         LINE#         169
  C:281AH         LINE#         170
  C:281AH         LINE#         171
  C:281DH         LINE#         172
  C:281FH         LINE#         173
  C:2823H         LINE#         174
  C:2825H         LINE#         175
  -------         ENDPROC       CLEAR_MSG_OBJECTS
  -------         PROC          _INIT_MSG_OBJECT_RX
  D:0003H         SYMBOL        MsgNum
  D:0004H         SYMBOL        id
  -------         DO            
  D:0006H         SYMBOL        temp
  D:0002H         SYMBOL        SFRPAGE_SAVE
  -------         ENDDO         
  C:265AH         LINE#         178
  C:265CH         LINE#         179
  C:265CH         LINE#         181
  C:265EH         LINE#         182
  C:2661H         LINE#         183
  C:2664H         LINE#         184
  C:266AH         LINE#         186
  C:266DH         LINE#         187
  C:2672H         LINE#         188
  C:267FH         LINE#         189
  C:2682H         LINE#         190
  C:2685H         LINE#         191
  C:2689H         LINE#         193
  C:268FH         LINE#         196
  C:2692H         LINE#         197
  C:2694H         LINE#         200
  C:2696H         LINE#         201
  -------         ENDPROC       _INIT_MSG_OBJECT_RX
  -------         PROC          _INIT_MSG_OBJECT_TX
  D:0003H         SYMBOL        MsgNum
  D:0004H         SYMBOL        id
  -------         DO            
  D:0006H         SYMBOL        temp
  D:0002H         SYMBOL        SFRPAGE_SAVE
  -------         ENDDO         
  C:2592H         LINE#         204
  C:2594H         LINE#         205
  C:2594H         LINE#         207
  C:2596H         LINE#         208
  C:2599H         LINE#         209
BL51 BANKED LINKER/LOCATER V6.22                                                      04/27/2017  17:09:05  PAGE 8


  C:259CH         LINE#         210
  C:25A2H         LINE#         211
  C:25A5H         LINE#         212
  C:25AAH         LINE#         213
  C:25B7H         LINE#         214
  C:25BAH         LINE#         215
  C:25BDH         LINE#         216
  C:25C1H         LINE#         218
  C:25C7H         LINE#         221
  C:25CAH         LINE#         222
  C:25D4H         LINE#         225
  C:25D6H         LINE#         226
  -------         ENDPROC       _INIT_MSG_OBJECT_TX
  -------         PROC          START_CAN
  -------         DO            
  D:0007H         SYMBOL        SFRPAGE_SAVE
  -------         ENDDO         
  C:261BH         LINE#         228
  C:261BH         LINE#         229
  C:261BH         LINE#         271
  C:261DH         LINE#         272
  C:2620H         LINE#         273
  C:2623H         LINE#         274
  C:2626H         LINE#         276
  C:262EH         LINE#         277
  C:262EH         LINE#         278
  C:2634H         LINE#         279
  C:2636H         LINE#         280
  C:263AH         LINE#         281
  C:263AH         LINE#         282
  C:2640H         LINE#         283
  C:2642H         LINE#         284
  C:2646H         LINE#         285
  C:2646H         LINE#         286
  C:264CH         LINE#         287
  C:264EH         LINE#         289
  C:264EH         LINE#         290
  C:2654H         LINE#         291
  C:2654H         LINE#         293
  C:2657H         LINE#         295
  C:2659H         LINE#         296
  -------         ENDPROC       START_CAN
  -------         PROC          _CAN1_TRANSMIT
  D:0005H         SYMBOL        MsgNum
  D:0022H         SYMBOL        buf
  -------         DO            
  D:0007H         SYMBOL        i
  D:0025H         SYMBOL        SFRPAGE_SAVE
  -------         ENDDO         
  C:219BH         LINE#         299
  C:21A3H         LINE#         300
  C:21A3H         LINE#         302
  C:21A6H         LINE#         303
  C:21A9H         LINE#         305
  C:21AEH         LINE#         306
  C:21B1H         LINE#         307
  C:21CFH         LINE#         308
BL51 BANKED LINKER/LOCATER V6.22                                                      04/27/2017  17:09:05  PAGE 9


  C:21CFH         LINE#         309
  C:21D8H         LINE#         310
  C:21D9H         LINE#         312
  C:21D9H         LINE#         314
  C:21DBH         LINE#         315
  C:21DEH         LINE#         316
  C:21E4H         LINE#         318
  C:21E7H         LINE#         319
  C:21EFH         LINE#         320
  C:21EFH         LINE#         321
  C:2201H         LINE#         322
  C:220BH         LINE#         323
  C:220FH         LINE#         324
  C:2212H         LINE#         325
  C:2214H         LINE#         326
  C:2216H         LINE#         327
  C:2219H         LINE#         328
  -------         ENDPROC       _CAN1_TRANSMIT
  -------         PROC          _CAN1_RECEIVE
  D:0007H         SYMBOL        MsgNum
  D:0067H         SYMBOL        buf
  -------         DO            
  D:0007H         SYMBOL        i
  D:0006H         SYMBOL        SFRPAGE_SAVE
  -------         ENDDO         
  C:254AH         LINE#         332
  C:2550H         LINE#         333
  C:2550H         LINE#         335
  C:2552H         LINE#         336
  C:2555H         LINE#         337
  C:2558H         LINE#         338
  C:255BH         LINE#         339
  C:255DH         LINE#         340
  C:2560H         LINE#         341
  C:2562H         LINE#         344
  C:2565H         LINE#         345
  C:256DH         LINE#         346
  C:256DH         LINE#         347
  C:257FH         LINE#         348
  C:2589H         LINE#         349
  C:258DH         LINE#         350
  C:258FH         LINE#         351
  C:2591H         LINE#         352
  -------         ENDPROC       _CAN1_RECEIVE
  -------         PROC          ISRNAME
  -------         DO            
  D:0065H         SYMBOL        status
  D:0006H         SYMBOL        intstate
  D:0066H         SYMBOL        temp
  -------         ENDDO         
  C:0A66H         LINE#         357
  C:0A83H         LINE#         362
  C:0A86H         LINE#         363
  C:0A89H         LINE#         364
  C:0A8CH         LINE#         365
  C:0A94H         LINE#         366
  C:0A94H         LINE#         367
BL51 BANKED LINKER/LOCATER V6.22                                                      04/27/2017  17:09:05  PAGE 10


  C:0A9CH         LINE#         369
  C:0A9FH         LINE#         370
  C:0AA3H         LINE#         371
  C:0AAAH         LINE#         372
  C:0AAAH         LINE#         373
  C:0AB5H         LINE#         374
  C:0B17H         LINE#         375
  C:0B17H         LINE#         376
  C:0B17H         LINE#         377
  C:0B1FH         LINE#         378
  C:0B27H         LINE#         379
  C:0B2FH         LINE#         380
  C:0B3EH         LINE#         381
  C:0B57H         LINE#         382
  C:0B80H         LINE#         383
  C:0B99H         LINE#         384
  C:0BC2H         LINE#         385
  C:0BDBH         LINE#         386
  C:0C01H         LINE#         387
  C:0C01H         LINE#         388
  C:0C01H         LINE#         389
  C:0C04H         LINE#         391
  C:0C04H         LINE#         392
  C:0C0CH         LINE#         393
  C:0C14H         LINE#         394
  C:0C1CH         LINE#         395
  C:0C2BH         LINE#         396
  C:0C44H         LINE#         397
  C:0C6DH         LINE#         398
  C:0C86H         LINE#         399
  C:0CAFH         LINE#         400
  C:0CC8H         LINE#         401
  C:0CF1H         LINE#         402
  C:0CF1H         LINE#         403
  C:0CF1H         LINE#         404
  C:0CF4H         LINE#         406
  C:0CF4H         LINE#         407
  C:0CFCH         LINE#         408
  C:0D04H         LINE#         409
  C:0D0CH         LINE#         410
  C:0D24H         LINE#         411
  C:0D38H         LINE#         412
  C:0D4CH         LINE#         413
  C:0D60H         LINE#         414
  C:0D60H         LINE#         415
  C:0D60H         LINE#         416
  C:0D63H         LINE#         418
  C:0D63H         LINE#         419
  C:0D6BH         LINE#         420
  C:0D73H         LINE#         421
  C:0D7BH         LINE#         422
  C:0D93H         LINE#         423
  C:0DA7H         LINE#         424
  C:0DBBH         LINE#         425
  C:0DCFH         LINE#         426
  C:0DCFH         LINE#         427
  C:0DCFH         LINE#         428
BL51 BANKED LINKER/LOCATER V6.22                                                      04/27/2017  17:09:05  PAGE 11


  C:0DD2H         LINE#         430
  C:0DD2H         LINE#         431
  C:0DDAH         LINE#         432
  C:0DE2H         LINE#         433
  C:0DEAH         LINE#         434
  C:0E02H         LINE#         435
  C:0E16H         LINE#         436
  C:0E2AH         LINE#         437
  C:0E3EH         LINE#         438
  C:0E3EH         LINE#         439
  C:0E3EH         LINE#         440
  C:0E41H         LINE#         442
  C:0E41H         LINE#         443
  C:0E49H         LINE#         444
  C:0E51H         LINE#         445
  C:0E59H         LINE#         446
  C:0E71H         LINE#         447
  C:0E85H         LINE#         448
  C:0E99H         LINE#         449
  C:0EADH         LINE#         450
  C:0EADH         LINE#         451
  C:0EADH         LINE#         452
  C:0EB0H         LINE#         454
  C:0EB0H         LINE#         455
  C:0EB8H         LINE#         456
  C:0EC0H         LINE#         457
  C:0EC8H         LINE#         458
  C:0EE1H         LINE#         459
  C:0EF6H         LINE#         460
  C:0F0BH         LINE#         461
  C:0F20H         LINE#         462
  C:0F20H         LINE#         463
  C:0F20H         LINE#         464
  C:0F23H         LINE#         466
  C:0F23H         LINE#         467
  C:0F2BH         LINE#         468
  C:0F33H         LINE#         469
  C:0F3BH         LINE#         470
  C:0F54H         LINE#         471
  C:0F69H         LINE#         472
  C:0F69H         LINE#         473
  C:0F69H         LINE#         474
  C:0F6BH         LINE#         476
  C:0F6BH         LINE#         477
  C:0F73H         LINE#         478
  C:0F7BH         LINE#         479
  C:0F83H         LINE#         480
  C:0F9CH         LINE#         481
  C:0FB1H         LINE#         482
  C:0FB1H         LINE#         483
  C:0FB1H         LINE#         484
  C:0FB3H         LINE#         486
  C:0FB3H         LINE#         487
  C:0FBBH         LINE#         488
  C:0FC3H         LINE#         489
  C:0FCBH         LINE#         490
  C:0FE3H         LINE#         491
BL51 BANKED LINKER/LOCATER V6.22                                                      04/27/2017  17:09:05  PAGE 12


  C:0FE8H         LINE#         492
  C:0FEAH         LINE#         493
  C:0FEDH         LINE#         495
  C:0FEDH         LINE#         496
  C:0FF5H         LINE#         497
  C:0FFDH         LINE#         498
  C:1005H         LINE#         499
  C:1008H         LINE#         500
  C:1008H         LINE#         501
  C:100AH         LINE#         502
  C:100AH         LINE#         509
  C:100AH         LINE#         513
  C:100AH         LINE#         518
  C:100AH         LINE#         519
  C:100CH         LINE#         521
  C:100CH         LINE#         525
  C:1012H         LINE#         530
  C:1017H         LINE#         531
  C:101AH         LINE#         533
  C:101AH         LINE#         540
  C:101AH         LINE#         547
  C:101AH         LINE#         554
  C:101AH         LINE#         561
  C:101AH         LINE#         568
  C:101AH         LINE#         575
  C:101AH         LINE#         582
  C:101AH         LINE#         583
  C:1022H         LINE#         584
  C:102AH         LINE#         585
  C:1032H         LINE#         586
  C:1032H         LINE#         587
  C:1032H         LINE#         589
  C:1037H         LINE#         594
  C:103AH         LINE#         596
  C:103AH         LINE#         597
  C:1043H         LINE#         598
  C:1043H         LINE#         600
  C:1043H         LINE#         602
  C:1043H         LINE#         603
  C:104BH         LINE#         604
  C:1053H         LINE#         605
  C:105BH         LINE#         607
  C:106AH         LINE#         608
  C:1083H         LINE#         609
  C:10ACH         LINE#         610
  C:10C5H         LINE#         611
  C:10EEH         LINE#         612
  C:1107H         LINE#         613
  C:1130H         LINE#         615
  C:1130H         LINE#         617
  C:1130H         LINE#         619
  C:1130H         LINE#         620
  C:1130H         LINE#         621
  C:1130H         LINE#         622
  C:1130H         LINE#         623
  C:1132H         LINE#         625
  C:1132H         LINE#         626
BL51 BANKED LINKER/LOCATER V6.22                                                      04/27/2017  17:09:05  PAGE 13


  C:113BH         LINE#         627
  C:113BH         LINE#         629
  C:113BH         LINE#         631
  C:113BH         LINE#         632
  C:1143H         LINE#         633
  C:114BH         LINE#         634
  C:1153H         LINE#         635
  C:1159H         LINE#         637
  C:1160H         LINE#         639
  C:1164H         LINE#         640
  C:1164H         LINE#         641
  C:1164H         LINE#         642
  C:1164H         LINE#         643
  C:1166H         LINE#         645
  C:1166H         LINE#         647
  C:116EH         LINE#         649
  C:116EH         LINE#         650
  C:1171H         LINE#         652
  C:1171H         LINE#         654
  C:117AH         LINE#         655
  C:117AH         LINE#         657
  C:117AH         LINE#         659
  C:117AH         LINE#         660
  C:1182H         LINE#         661
  C:118AH         LINE#         662
  C:1192H         LINE#         663
  C:1198H         LINE#         666
  C:119EH         LINE#         667
  C:119EH         LINE#         668
  C:119EH         LINE#         669
  C:11A0H         LINE#         673
  C:11A0H         LINE#         674
  C:11A6H         LINE#         675
  C:11A6H         LINE#         676
  C:11A6H         LINE#         678
  C:11A6H         LINE#         679
  C:11AEH         LINE#         680
  C:11B6H         LINE#         681
  C:11BEH         LINE#         682
  C:11C4H         LINE#         684
  C:11CAH         LINE#         685
  C:11CAH         LINE#         686
  C:11CAH         LINE#         687
  C:11CCH         LINE#         690
  C:11CCH         LINE#         691
  C:11D2H         LINE#         692
  C:11D2H         LINE#         693
  C:11D2H         LINE#         695
  C:11D2H         LINE#         696
  C:11DAH         LINE#         697
  C:11E2H         LINE#         698
  C:11EAH         LINE#         699
  C:11F0H         LINE#         701
  C:11F6H         LINE#         702
  C:11FCH         LINE#         703
  C:11FCH         LINE#         704
  C:11FCH         LINE#         707
BL51 BANKED LINKER/LOCATER V6.22                                                      04/27/2017  17:09:05  PAGE 14


  C:11FCH         LINE#         708
  C:11FCH         LINE#         709
  C:11FCH         LINE#         710
  C:11FCH         LINE#         736
  C:11FEH         LINE#         737
  C:11FEH         LINE#         738
  C:1203H         LINE#         739
  C:1203H         LINE#         740
  C:120BH         LINE#         741
  C:120BH         LINE#         742
  C:1215H         LINE#         743
  C:1215H         LINE#         745
  C:1218H         LINE#         746
  C:121DH         LINE#         747
  C:121DH         LINE#         748
  C:1220H         LINE#         749
  C:1220H         LINE#         751
  C:1222H         LINE#         752
  C:1222H         LINE#         753
  C:1225H         LINE#         754
  -------         ENDPROC       ISRNAME
  -------         ENDMOD        CAN1

  -------         MODULE        SUSONGXIAN
  C:0000H         SYMBOL        _ICE_DUMMY_
  C:16D3H         PUBLIC        _ServomotorCRTL
  D:0080H         PUBLIC        P0
  C:000EH         PUBLIC        DCmotor_CTL
  D:0090H         PUBLIC        P1
  D:00FFH         PUBLIC        WDTCN
  D:00A0H         PUBLIC        P2
  D:00B0H         PUBLIC        P3
  C:1896H         PUBLIC        Timer0_ISR
  C:221AH         PUBLIC        UnactiveCANtransfer
  X:0000H         PUBLIC        repair_flag
  D:00C8H         PUBLIC        P4
  X:0001H         PUBLIC        Servomotor_addtime
  X:0005H         PUBLIC        Servoparadisplace
  D:00D8H         PUBLIC        P5
  C:1BDFH         PUBLIC        send_to_motor
  B:00A8H.7       PUBLIC        EA
  X:0009H         PUBLIC        timer0_cn
  D:00F8H         PUBLIC        P7
  C:009EH         PUBLIC        TRANFORSATATIONINFOR
  B:00A0H.6       PUBLIC        LED2
  D:008FH         PUBLIC        PSCTL
  B:0090H.0       PUBLIC        LED3
  C:1D73H         PUBLIC        _AUTORUNMODE1
  B:0090H.2       PUBLIC        LED4
  C:14D3H         PUBLIC        _AUTORUNMODE2
  B:0090H.4       PUBLIC        LED5
  D:00E8H         PUBLIC        ADC0CN
  D:0084H         PUBLIC        SFRPAGE
  C:2377H         PUBLIC        _AUTORUNMODE3
  D:00A4H         PUBLIC        P0MDOUT
  B:0020H.0       PUBLIC        Time_FLAG
  D:00E8H         PUBLIC        ADC2CN
BL51 BANKED LINKER/LOCATER V6.22                                                      04/27/2017  17:09:05  PAGE 15


  D:00A5H         PUBLIC        P1MDOUT
  X:000AH         PUBLIC        Alarm_cout
  D:00A8H         PUBLIC        IE
  D:00A6H         PUBLIC        P2MDOUT
  X:000BH         PUBLIC        INDEX_COMAND
  D:00A7H         PUBLIC        P3MDOUT
  D:009CH         PUBLIC        P4MDOUT
  D:009DH         PUBLIC        P5MDOUT
  D:009EH         PUBLIC        P6MDOUT
  D:009FH         PUBLIC        P7MDOUT
  D:00F8H         PUBLIC        CAN0CN
  D:00A3H         PUBLIC        EMI0CF
  C:2826H         PUBLIC        Returntopoint
  X:000CH         PUBLIC        Servoparaaddtime
  D:00D8H         PUBLIC        PCA0CN
  D:00B8H         PUBLIC        IP
  B:0020H.1       PUBLIC        Step_FLAG
  C:24B1H         PUBLIC        _Send_to_Motordriver_CTL
  X:0010H         PUBLIC        RxBuf1
  X:0023H         PUBLIC        strlen
  X:0024H         PUBLIC        T0Counter2
  B:0080H.6       PUBLIC        motor1_ENB
  X:0025H         PUBLIC        T0Counter3
  D:00E1H         PUBLIC        XBR0
  D:00E2H         PUBLIC        XBR1
  C:1ECBH         PUBLIC        ActiveCANtransfer
  X:0026H         PUBLIC        T0Counter5
  D:00E3H         PUBLIC        XBR2
  C:24F9H         PUBLIC        Serial_Port_Interrupt
  X:0027H         PUBLIC        T0Counter6
  X:0029H         PUBLIC        AUTOCMD_TIME
  X:002AH         PUBLIC        T0Counter7
  B:0020H.2       PUBLIC        ONCE_FLAG
  X:002CH         PUBLIC        T0Counter8
  D:0008H         PUBLIC        aaa
  C:286EH         PUBLIC        Deviationremoval
  D:00C0H         PUBLIC        SMB0CN
  X:002DH         PUBLIC        Servomotor_subtime
  C:2857H         PUBLIC        main
  C:2742H         PUBLIC        read_from_flash
  X:0031H         PUBLIC        CANTXBUF_ZKB
  D:0088H         PUBLIC        CPT0CN
  D:00ADH         PUBLIC        P1MDIN
  D:0088H         PUBLIC        CPT1CN
  D:00AEH         PUBLIC        P2MDIN
  D:0088H         PUBLIC        CPT2CN
  C:0003H         PUBLIC        Watchdog_Init
  D:00AFH         PUBLIC        P3MDIN
  D:00F8H         PUBLIC        SPI0CN
  C:2295H         PUBLIC        _ServomotorINP
  D:0087H         PUBLIC        PCON
  X:0039H         PUBLIC        RecPointer1
  X:003AH         PUBLIC        ShowTime
  D:0089H         PUBLIC        TMOD
  D:0088H         PUBLIC        TCON
  B:0020H.3       PUBLIC        AUTO_FLAG
  X:003CH         PUBLIC        Servoparasubtime
BL51 BANKED LINKER/LOCATER V6.22                                                      04/27/2017  17:09:05  PAGE 16


  X:0040H         PUBLIC        nCANcomand
  D:00C8H         PUBLIC        TMR2CN
  X:0041H         PUBLIC        Servopara
  D:00C8H         PUBLIC        TMR3CN
  B:00C8H.3       PUBLIC        DE1
  D:00C8H         PUBLIC        TMR4CN
  X:00ACH         PUBLIC        Servomotor_speed
  B:0020H.4       PUBLIC        Receive_command_finished
  C:2083H         PUBLIC        init_para
  C:2697H         PUBLIC        PORT_Init
  X:00B0H         PUBLIC        buf
  B:0020H.5       PUBLIC        Time_FLAG1
  B:0020H.6       PUBLIC        SAMPLE_FLAG
  D:0097H         PUBLIC        CLKSEL
  X:00CEH         PUBLIC        system_crtl
  X:00D1H         PUBLIC        Servoparastation
  C:2112H         PUBLIC        AUTOTaskassignment1
  C:288EH         PUBLIC        _delay1
  C:1240H         PUBLIC        AUTOTaskassignment2
  C:0026H         PUBLIC        AUTOTaskassignment3
  B:00C8H.1       PUBLIC        RE1
  B:00A8H.4       PUBLIC        ES0
  B:0020H.7       PUBLIC        RecFlag1
  X:00D2H         PUBLIC        Shaft1_Run_mode
  X:00D3H         PUBLIC        CANcomand
  B:00A8H.1       PUBLIC        ET0
  B:0088H.5       PUBLIC        TF0
  B:0098H.0       PUBLIC        RI0
  B:0088H.7       PUBLIC        TF1
  X:00D4H         PUBLIC        Rec1
  D:008CH         PUBLIC        TH0
  B:00D8H.3       PUBLIC        DC_motor1
  B:0098H.1       PUBLIC        TI0
  D:008DH         PUBLIC        TH1
  C:26D1H         PUBLIC        Initial
  X:00F2H         PUBLIC        Servoparaspeed
  B:00D8H.1       PUBLIC        DC_motor2
  B:0021H.0       PUBLIC        CANINFOR_FLAG
  B:00A0H.2       PUBLIC        MONITOR_INPUT1
  B:00D8H.7       PUBLIC        DC_motor3
  B:0021H.1       PUBLIC        START_FINISHFLAG
  X:00F6H         PUBLIC        Shaft1_aim_pulse
  X:00FAH         PUBLIC        AUTOCMD_CHECK
  B:0080H.3       PUBLIC        MONITOR_INPUT2
  B:00D8H.5       PUBLIC        DC_motor4
  D:008CH         PUBLIC        OSCXCN
  D:008AH         PUBLIC        TL0
  C:2447H         PUBLIC        _crc_chk
  B:0080H.2       PUBLIC        MONITOR_INPUT3
  D:008BH         PUBLIC        TL1
  B:00A0H.0       PUBLIC        MONITOR_INPUT4
  C:19C5H         PUBLIC        DC_motorCTRL
  C:277FH         PUBLIC        _delay_ms
  X:00FBH         PUBLIC        BPSSET
  B:00B8H.1       PUBLIC        PT0
  B:00B8H.5       PUBLIC        PT2
  B:0088H.4       PUBLIC        TR0
BL51 BANKED LINKER/LOCATER V6.22                                                      04/27/2017  17:09:05  PAGE 17


  B:0088H.6       PUBLIC        TR1
  X:00FCH         PUBLIC        temppage
  C:1F68H         PUBLIC        _Uart0Send
  C:27A0H         PUBLIC        Timer01_Init
  B:0021H.2       PUBLIC        Receive485_command_finished
  X:00FDH         PUBLIC        Runmode
  D:0099H         PUBLIC        SBUF0
  C:25D7H         PUBLIC        write_to_flash
  D:0098H         PUBLIC        SCON0
  D:0098H         PUBLIC        SCON1
  C:23E0H         PUBLIC        _SAMPCBDataacquisition
  C:283FH         PUBLIC        Board_Parameter_Setup
  D:00C0H         PUBLIC        CAN0STA
  X:00FEH         PUBLIC        Sampleperiod
  C:2880H         PUBLIC        RunLEDDIS
  C:230BH         PUBLIC        SystemControl
  C:27EAH         PUBLIC        init_machine
  X:00FFH         PUBLIC        Servomotor_displace
  X:0103H         PUBLIC        AUTOCMD_STATE
  X:0104H         PUBLIC        AUTOnCANcomand
  X:0105H         PUBLIC        cmd_chk_cnt
  D:00B7H         PUBLIC        FLSCL
  D:0009H         PUBLIC        tempbuf
  C:27C7H         PUBLIC        OSCILLATOR_Init
  X:0107H         PUBLIC        CANTRASTEMINFOR
  C:1E30H         PUBLIC        CANsetpraback
  X:0118H         PUBLIC        IDSET
  D:00D0H         PUBLIC        PSW
  C:277BH         SYMBOL        L?0463
  -------         PROC          L?0462
  -------         ENDPROC       L?0462
  C:277BH         SYMBOL        L?0463
  -------         PROC          _DELAY_MS
  D:005FH         SYMBOL        ms
  -------         DO            
  D:0061H         SYMBOL        us
  -------         ENDDO         
  C:277FH         LINE#         146
  C:2783H         LINE#         147
  C:2783H         LINE#         148
  C:2789H         LINE#         149
  C:2796H         LINE#         150
  C:2796H         LINE#         151
  C:279DH         LINE#         152
  C:279FH         LINE#         153
  -------         ENDPROC       _DELAY_MS
  -------         PROC          WATCHDOG_INIT
  C:0003H         LINE#         177
  C:0003H         LINE#         178
  C:0003H         LINE#         179
  C:0006H         LINE#         181
  C:0009H         LINE#         182
  -------         ENDPROC       WATCHDOG_INIT
  -------         PROC          INITIAL
  C:26D1H         LINE#         187
  C:26D1H         LINE#         188
  C:26D1H         LINE#         189
BL51 BANKED LINKER/LOCATER V6.22                                                      04/27/2017  17:09:05  PAGE 18


  C:26D4H         LINE#         190
  C:26D7H         LINE#         191
  C:26DAH         LINE#         192
  C:26DDH         LINE#         196
  C:26E0H         LINE#         197
  C:26E8H         LINE#         198
  C:26F0H         LINE#         199
  C:26F6H         LINE#         200
  C:26FBH         LINE#         201
  C:26FEH         LINE#         202
  C:2700H         LINE#         203
  C:2702H         LINE#         205
  C:2705H         LINE#         206
  C:2707H         LINE#         207
  C:2709H         LINE#         208
  -------         ENDPROC       INITIAL
  -------         PROC          TIMER01_INIT
  -------         DO            
  D:0007H         SYMBOL        SFRPAGE_SAVE
  -------         ENDDO         
  C:27A0H         LINE#         209
  C:27A0H         LINE#         210
  C:27A0H         LINE#         211
  C:27A2H         LINE#         212
  C:27A5H         LINE#         213
  C:27A8H         LINE#         214
  C:27AAH         LINE#         215
  C:27ADH         LINE#         216
  C:27B0H         LINE#         217
  C:27B2H         LINE#         218
  C:27B4H         LINE#         219
  C:27B7H         LINE#         220
  C:27B9H         LINE#         221
  C:27BBH         LINE#         222
  C:27BDH         LINE#         223
  C:27BFH         LINE#         224
  C:27C2H         LINE#         227
  C:27C4H         LINE#         228
  C:27C6H         LINE#         229
  -------         ENDPROC       TIMER01_INIT
  -------         PROC          TIMER0_ISR
  -------         DO            
  D:0006H         SYMBOL        i
  D:0004H         SYMBOL        SFRPAGE_SAVE
  -------         ENDDO         
  C:1896H         LINE#         235
  C:18A7H         LINE#         238
  C:18A9H         LINE#         242
  C:18ACH         LINE#         243
  C:18AFH         LINE#         245
  C:18B5H         LINE#         246
  C:18B9H         LINE#         247
  C:18BDH         LINE#         248
  C:18CBH         LINE#         249
  C:18D1H         LINE#         250
  C:18DFH         LINE#         251
  C:18E5H         LINE#         252
BL51 BANKED LINKER/LOCATER V6.22                                                      04/27/2017  17:09:05  PAGE 19


  C:18F3H         LINE#         253
  C:18FFH         LINE#         254
  C:18FFH         LINE#         255
  C:1901H         LINE#         256
  C:1903H         LINE#         257
  C:190FH         LINE#         258
  C:190FH         LINE#         259
  C:1927H         LINE#         260
  C:1933H         LINE#         261
  C:1936H         LINE#         262
  C:193EH         LINE#         263
  C:1943H         LINE#         264
  C:1943H         LINE#         269
  C:1946H         LINE#         270
  C:1949H         LINE#         271
  C:1949H         LINE#         273
  C:194BH         LINE#         274
  C:194DH         LINE#         277
  C:1954H         LINE#         278
  C:1956H         LINE#         280
  C:1956H         LINE#         281
  C:1958H         LINE#         282
  C:195FH         LINE#         283
  C:195FH         LINE#         285
  C:1962H         LINE#         286
  C:1965H         LINE#         287
  C:1965H         LINE#         289
  C:1967H         LINE#         292
  C:196EH         LINE#         293
  C:1970H         LINE#         295
  C:1970H         LINE#         297
  C:1977H         LINE#         298
  C:1977H         LINE#         300
  C:197AH         LINE#         301
  C:197DH         LINE#         302
  C:197DH         LINE#         303
  C:197FH         LINE#         307
  C:1981H         LINE#         308
  C:1988H         LINE#         309
  C:198AH         LINE#         311
  C:198AH         LINE#         312
  C:198CH         LINE#         313
  C:1993H         LINE#         314
  C:1993H         LINE#         316
  C:1996H         LINE#         317
  C:1999H         LINE#         318
  C:1999H         LINE#         319
  C:199BH         LINE#         323
  C:19A2H         LINE#         324
  C:19A4H         LINE#         326
  C:19A4H         LINE#         327
  C:19ABH         LINE#         328
  C:19ABH         LINE#         331
  C:19AEH         LINE#         332
  C:19B1H         LINE#         333
  C:19B4H         LINE#         334
  C:19B6H         LINE#         335
BL51 BANKED LINKER/LOCATER V6.22                                                      04/27/2017  17:09:05  PAGE 20


  -------         ENDPROC       TIMER0_ISR
  -------         PROC          PORT_INIT
  -------         DO            
  D:0007H         SYMBOL        SFRPAGE_SAVE
  -------         ENDDO         
  C:2697H         LINE#         341
  C:2697H         LINE#         342
  C:2697H         LINE#         344
  C:2699H         LINE#         345
  C:269CH         LINE#         348
  C:269FH         LINE#         349
  C:26A2H         LINE#         350
  C:26A5H         LINE#         351
  C:26A8H         LINE#         360
  C:26ABH         LINE#         361
  C:26AEH         LINE#         362
  C:26B1H         LINE#         363
  C:26B4H         LINE#         364
  C:26B6H         LINE#         366
  C:26B9H         LINE#         367
  C:26BCH         LINE#         368
  C:26BEH         LINE#         369
  C:26C0H         LINE#         371
  C:26C3H         LINE#         372
  C:26C6H         LINE#         373
  C:26C9H         LINE#         418
  C:26CBH         LINE#         419
  C:26CEH         LINE#         420
  C:26D0H         LINE#         421
  -------         ENDPROC       PORT_INIT
  -------         PROC          OSCILLATOR_INIT
  -------         DO            
  D:0004H         SYMBOL        i
  D:0007H         SYMBOL        SFRPAGE_SAVE
  -------         ENDDO         
  C:27C7H         LINE#         433
  C:27C7H         LINE#         434
  C:27C7H         LINE#         436
  C:27C9H         LINE#         437
  C:27CCH         LINE#         438
  C:27CFH         LINE#         439
  C:27DFH         LINE#         441
  C:27E4H         LINE#         443
  C:27E7H         LINE#         446
  C:27E9H         LINE#         447
  -------         ENDPROC       OSCILLATOR_INIT
  -------         PROC          INIT_PARA
  -------         DO            
  D:0007H         SYMBOL        i
  -------         ENDDO         
  C:2083H         LINE#         452
  C:2083H         LINE#         453
  C:2083H         LINE#         455
  C:2085H         LINE#         456
  C:2085H         LINE#         457
  C:2091H         LINE#         458
  C:209DH         LINE#         459
BL51 BANKED LINKER/LOCATER V6.22                                                      04/27/2017  17:09:05  PAGE 21


  C:20A1H         LINE#         460
  C:20A4H         LINE#         461
  C:20A9H         LINE#         462
  C:20AFH         LINE#         466
  C:20B4H         LINE#         467
  C:20BEH         LINE#         468
  C:20C0H         LINE#         469
  C:20C2H         LINE#         470
  C:20C7H         LINE#         471
  C:20D1H         LINE#         472
  C:20DBH         LINE#         473
  C:20E5H         LINE#         474
  C:20EFH         LINE#         479
  C:20EFH         LINE#         480
  C:20EFH         LINE#         481
  C:20F9H         LINE#         482
  C:20F9H         LINE#         484
  C:20F9H         LINE#         485
  C:20F9H         LINE#         486
  C:2103H         LINE#         487
  C:2103H         LINE#         488
  C:2106H         LINE#         489
  C:210BH         LINE#         491
  C:210DH         LINE#         492
  C:210FH         LINE#         494
  C:2111H         LINE#         495
  -------         ENDPROC       INIT_PARA
  -------         PROC          BOARD_PARAMETER_SETUP
  C:283FH         LINE#         496
  C:283FH         LINE#         497
  C:283FH         LINE#         498
  C:2851H         LINE#         499
  C:2851H         LINE#         500
  C:2851H         LINE#         501
  C:2851H         LINE#         509
  C:2853H         LINE#         510
  C:2853H         LINE#         513
  C:2853H         LINE#         514
  C:2853H         LINE#         515
  C:2853H         LINE#         516
  C:2856H         LINE#         518
  C:2856H         LINE#         519
  C:2856H         LINE#         520
  C:2856H         LINE#         521
  C:2856H         LINE#         522
  -------         ENDPROC       BOARD_PARAMETER_SETUP
  -------         PROC          DCMOTOR_CTL
  C:000EH         LINE#         529
  C:000EH         LINE#         530
  C:000EH         LINE#         531
  C:0011H         LINE#         532
  C:0011H         LINE#         533
  C:001EH         LINE#         534
  C:0021H         LINE#         535
  C:0021H         LINE#         536
  -------         ENDPROC       DCMOTOR_CTL
  -------         PROC          SERIAL_PORT_INTERRUPT
BL51 BANKED LINKER/LOCATER V6.22                                                      04/27/2017  17:09:05  PAGE 22


  -------         DO            
  D:0007H         SYMBOL        SFRPAGE_SAVE
  D:0006H         SYMBOL        ndate
  -------         ENDDO         
  C:24F9H         LINE#         545
  C:250AH         LINE#         547
  C:250CH         LINE#         550
  C:250FH         LINE#         551
  C:2518H         LINE#         552
  C:251BH         LINE#         553
  C:251BH         LINE#         554
  C:251DH         LINE#         555
  C:251FH         LINE#         556
  C:2521H         LINE#         557
  C:2534H         LINE#         558
  C:2539H         LINE#         559
  C:2539H         LINE#         560
  C:253BH         LINE#         562
  -------         ENDPROC       SERIAL_PORT_INTERRUPT
  -------         PROC          L?0464
  -------         ENDPROC       L?0464
  -------         PROC          _UART0SEND
  D:0057H         SYMBOL        buf
  D:005AH         SYMBOL        bufsize
  -------         DO            
  D:005BH         SYMBOL        i
  D:0006H         SYMBOL        k
  D:005CH         SYMBOL        crc_z
  D:005EH         SYMBOL        SFRPAGE_SAVE
  -------         ENDDO         
  C:1F68H         LINE#         674
  C:1F70H         LINE#         675
  C:1F70H         LINE#         676
  C:1F73H         LINE#         677
  C:1F75H         LINE#         678
  C:1F79H         LINE#         679
  C:1F7CH         LINE#         681
  C:1F7FH         LINE#         683
  C:1F81H         LINE#         684
  C:1F83H         LINE#         685
  C:1F92H         LINE#         686
  C:1F92H         LINE#         688
  C:1FA2H         LINE#         689
  C:1FA4H         LINE#         690
  C:1FA6H         LINE#         691
  C:1FA9H         LINE#         692
  C:1FB2H         LINE#         693
  C:1FB4H         LINE#         694
  C:1FB7H         LINE#         695
  C:1FBCH         LINE#         696
  C:1FBEH         LINE#         697
  C:1FC1H         LINE#         699
  C:1FC1H         LINE#         702
  C:1FD2H         LINE#         703
  C:1FD5H         LINE#         704
  C:1FD7H         LINE#         705
  C:1FD9H         LINE#         706
BL51 BANKED LINKER/LOCATER V6.22                                                      04/27/2017  17:09:05  PAGE 23


  C:1FE0H         LINE#         707
  C:1FE2H         LINE#         708
  C:1FE5H         LINE#         709
  C:1FE7H         LINE#         710
  C:1FE9H         LINE#         711
  C:1FF0H         LINE#         713
  C:1FF3H         LINE#         714
  -------         ENDPROC       _UART0SEND
  -------         PROC          _DELAY1
  D:0006H         SYMBOL        us
  -------         DO            
  D:0006H         SYMBOL        i
  -------         ENDDO         
  C:288EH         LINE#         719
  C:288EH         LINE#         720
  C:288EH         LINE#         721
  C:288EH         LINE#         722
  C:2898H         LINE#         723
  -------         ENDPROC       _DELAY1
  -------         PROC          SEND_TO_MOTOR
  C:1BDFH         LINE#         725
  C:1BDFH         LINE#         726
  C:1BDFH         LINE#         727
  C:1BE6H         LINE#         728
  C:1BE8H         LINE#         729
  C:1BEEH         LINE#         730
  C:1BF2H         LINE#         731
  C:1BF6H         LINE#         732
  C:1BF9H         LINE#         733
  C:1BFBH         LINE#         734
  C:1BFFH         LINE#         735
  C:1C03H         LINE#         736
  C:1C07H         LINE#         737
  C:1C0AH         LINE#         738
  C:1C0CH         LINE#         739
  C:1C0EH         LINE#         740
  C:1C16H         LINE#         741
  C:1C1EH         LINE#         742
  C:1C26H         LINE#         743
  C:1C2EH         LINE#         745
  C:1C36H         LINE#         746
  C:1C3EH         LINE#         747
  C:1C46H         LINE#         748
  C:1C4EH         LINE#         750
  C:1C56H         LINE#         751
  C:1C5EH         LINE#         752
  C:1C66H         LINE#         753
  C:1C6EH         LINE#         755
  C:1C76H         LINE#         756
  C:1C7EH         LINE#         757
  C:1C86H         LINE#         758
  C:1C8EH         LINE#         759
  C:1C93H         LINE#         760
  C:1C95H         LINE#         761
  C:1C9CH         LINE#         762
  C:1CABH         LINE#         763
  C:1CAEH         LINE#         764
BL51 BANKED LINKER/LOCATER V6.22                                                      04/27/2017  17:09:05  PAGE 24


  C:1CAEH         LINE#         765
  C:1CB0H         LINE#         766
  C:1CB0H         LINE#         767
  -------         ENDPROC       SEND_TO_MOTOR
  C:24A8H         SYMBOL        L?0461
  -------         PROC          L?0460
  -------         ENDPROC       L?0460
  C:24A8H         SYMBOL        L?0461
  -------         PROC          _SEND_TO_MOTORDRIVER_CTL
  D:0007H         SYMBOL        command
  -------         DO            
  D:0023H         SYMBOL        buf
  D:0055H         SYMBOL        temp
  -------         ENDDO         
  C:24B1H         LINE#         775
  C:24B1H         LINE#         776
  C:24B1H         LINE#         780
  C:24B8H         LINE#         782
  C:24BBH         LINE#         783
  C:24BEH         LINE#         785
  C:24C1H         LINE#         786
  C:24C3H         LINE#         788
  C:24C5H         LINE#         789
  C:24C8H         LINE#         791
  C:24CBH         LINE#         793
  C:24CDH         LINE#         794
  C:24CFH         LINE#         797
  C:24D1H         LINE#         798
  C:24D3H         LINE#         800
  C:24DDH         LINE#         802
  C:24E4H         LINE#         803
  C:24F3H         LINE#         804
  C:24F6H         LINE#         805
  C:24F6H         LINE#         806
  C:24F8H         LINE#         807
  C:24F8H         LINE#         808
  -------         ENDPROC       _SEND_TO_MOTORDRIVER_CTL
  -------         PROC          RUNLEDDIS
  C:2880H         LINE#         810
  C:2880H         LINE#         811
  C:2880H         LINE#         812
  C:2889H         LINE#         813
  C:2889H         LINE#         814
  C:288BH         LINE#         815
  C:288DH         LINE#         816
  C:288DH         LINE#         817
  -------         ENDPROC       RUNLEDDIS
  -------         PROC          DC_MOTORCTRL
  -------         DO            
  D:0022H         SYMBOL        SFRPAGE_SAVE
  -------         ENDDO         
  C:19C5H         LINE#         819
  C:19C5H         LINE#         820
  C:19C5H         LINE#         821
  C:19C8H         LINE#         822
  C:19E3H         LINE#         823
  C:19E3H         LINE#         824
BL51 BANKED LINKER/LOCATER V6.22                                                      04/27/2017  17:09:05  PAGE 25


  C:19E3H         LINE#         825
  C:19EDH         LINE#         826
  C:19EDH         LINE#         827
  C:19EDH         LINE#         828
  C:19F0H         LINE#         829
  C:19F3H         LINE#         830
  C:19F3H         LINE#         831
  C:19F3H         LINE#         832
  C:19F6H         LINE#         833
  C:19F6H         LINE#         834
  C:19F6H         LINE#         835
  C:19F8H         LINE#         837
  C:19F8H         LINE#         838
  C:19FAH         LINE#         839
  C:19FCH         LINE#         840
  C:1A03H         LINE#         841
  C:1A03H         LINE#         842
  C:1A03H         LINE#         843
  C:1A05H         LINE#         844
  C:1A05H         LINE#         845
  C:1A08H         LINE#         846
  C:1A0BH         LINE#         847
  C:1A0BH         LINE#         848
  C:1A0DH         LINE#         849
  C:1A10H         LINE#         850
  C:1A10H         LINE#         851
  C:1A10H         LINE#         852
  C:1A12H         LINE#         854
  C:1A12H         LINE#         855
  C:1A14H         LINE#         856
  C:1A16H         LINE#         857
  C:1A1DH         LINE#         858
  C:1A1DH         LINE#         859
  C:1A20H         LINE#         860
  C:1A20H         LINE#         862
  C:1A20H         LINE#         863
  C:1A20H         LINE#         864
  C:1A20H         LINE#         865
  C:1A20H         LINE#         866
  C:1A20H         LINE#         867
  C:1A20H         LINE#         868
  C:1A20H         LINE#         869
  C:1A20H         LINE#         870
  C:1A20H         LINE#         871
  C:1A20H         LINE#         872
  C:1A22H         LINE#         873
  C:1A22H         LINE#         874
  C:1A2CH         LINE#         875
  C:1A2CH         LINE#         876
  C:1A2CH         LINE#         877
  C:1A2FH         LINE#         878
  C:1A31H         LINE#         879
  C:1A31H         LINE#         880
  C:1A31H         LINE#         881
  C:1A31H         LINE#         882
  C:1A33H         LINE#         883
  C:1A33H         LINE#         884
BL51 BANKED LINKER/LOCATER V6.22                                                      04/27/2017  17:09:05  PAGE 26


  C:1A36H         LINE#         885
  C:1A38H         LINE#         886
  C:1A3BH         LINE#         887
  C:1A52H         LINE#         888
  C:1A54H         LINE#         889
  C:1A54H         LINE#         890
  C:1A54H         LINE#         891
  C:1A54H         LINE#         892
  C:1A54H         LINE#         893
  C:1A54H         LINE#         894
  C:1A54H         LINE#         895
  C:1A57H         LINE#         896
  C:1A57H         LINE#         898
  C:1A61H         LINE#         899
  C:1A61H         LINE#         900
  C:1A61H         LINE#         901
  C:1A64H         LINE#         902
  C:1A67H         LINE#         903
  C:1A67H         LINE#         904
  C:1A69H         LINE#         905
  C:1A6CH         LINE#         906
  C:1A6CH         LINE#         907
  C:1A6CH         LINE#         908
  C:1A6EH         LINE#         910
  C:1A6EH         LINE#         911
  C:1A70H         LINE#         912
  C:1A72H         LINE#         913
  C:1A79H         LINE#         914
  C:1A79H         LINE#         915
  C:1A79H         LINE#         916
  C:1A7BH         LINE#         917
  C:1A7BH         LINE#         918
  C:1A7EH         LINE#         919
  C:1A81H         LINE#         920
  C:1A81H         LINE#         921
  C:1A83H         LINE#         922
  C:1A86H         LINE#         923
  C:1A86H         LINE#         924
  C:1A86H         LINE#         925
  C:1A88H         LINE#         927
  C:1A88H         LINE#         928
  C:1A8AH         LINE#         929
  C:1A8CH         LINE#         930
  C:1A93H         LINE#         931
  C:1A93H         LINE#         932
  C:1A96H         LINE#         933
  C:1A96H         LINE#         935
  C:1A96H         LINE#         936
  C:1A96H         LINE#         937
  C:1A96H         LINE#         938
  C:1A98H         LINE#         939
  C:1A9DH         LINE#         940
  C:1A9FH         LINE#         942
  C:1AA1H         LINE#         943
  C:1AA5H         LINE#         944
  C:1AA9H         LINE#         945
  C:1AAFH         LINE#         946
BL51 BANKED LINKER/LOCATER V6.22                                                      04/27/2017  17:09:05  PAGE 27


  C:1AB1H         LINE#         947
  C:1AB1H         LINE#         948
  C:1ABBH         LINE#         949
  C:1ABBH         LINE#         950
  C:1ABBH         LINE#         951
  C:1ABEH         LINE#         952
  C:1AC0H         LINE#         953
  C:1AC0H         LINE#         954
  C:1AC0H         LINE#         955
  C:1AC0H         LINE#         956
  C:1AC2H         LINE#         957
  C:1AC2H         LINE#         958
  C:1AC5H         LINE#         959
  C:1AC7H         LINE#         960
  C:1ACAH         LINE#         961
  C:1AE1H         LINE#         962
  C:1AE3H         LINE#         963
  C:1AE3H         LINE#         964
  C:1AE3H         LINE#         965
  C:1AE3H         LINE#         966
  C:1AE3H         LINE#         967
  C:1AE8H         LINE#         968
  C:1AECH         LINE#         969
  C:1AECH         LINE#         970
  C:1AECH         LINE#         971
  C:1AECH         LINE#         972
  C:1AECH         LINE#         973
  -------         ENDPROC       DC_MOTORCTRL
  -------         PROC          _SERVOMOTORCRTL
  D:0007H         SYMBOL        comand
  -------         DO            
  D:0022H         SYMBOL        CALU_m_pra
  -------         ENDDO         
  C:16D3H         LINE#         979
  C:16D3H         LINE#         980
  C:16D3H         LINE#         981
  C:16D6H         LINE#         982
  C:16DFH         LINE#         984
  C:16F8H         LINE#         985
  C:16F8H         LINE#         986
  C:16F8H         LINE#         987
  C:16FDH         LINE#         988
  C:1711H         LINE#         989
  C:1725H         LINE#         990
  C:172FH         LINE#         991
  C:1739H         LINE#         992
  C:173CH         LINE#         993
  C:1741H         LINE#         994
  C:1746H         LINE#         995
  C:1746H         LINE#         996
  C:1746H         LINE#         997
  C:1749H         LINE#         998
  C:1749H         LINE#         999
  C:174BH         LINE#         1000
  C:174BH         LINE#         1001
  C:174BH         LINE#         1002
  C:174DH         LINE#         1003
BL51 BANKED LINKER/LOCATER V6.22                                                      04/27/2017  17:09:05  PAGE 28


  C:174DH         LINE#         1004
  C:1752H         LINE#         1005
  C:1757H         LINE#         1006
  C:175BH         LINE#         1007
  C:175CH         LINE#         1008
  C:175CH         LINE#         1010
  C:175EH         LINE#         1011
  C:176EH         LINE#         1012
  C:177EH         LINE#         1013
  C:178EH         LINE#         1014
  C:179EH         LINE#         1016
  C:17AEH         LINE#         1017
  C:17BEH         LINE#         1018
  C:17CEH         LINE#         1019
  C:17DEH         LINE#         1021
  C:17EEH         LINE#         1022
  C:17FEH         LINE#         1023
  C:180EH         LINE#         1024
  C:181EH         LINE#         1026
  C:182EH         LINE#         1027
  C:183EH         LINE#         1028
  C:184EH         LINE#         1029
  C:185EH         LINE#         1031
  C:185EH         LINE#         1032
  C:185EH         LINE#         1033
  C:1861H         LINE#         1034
  C:1864H         LINE#         1035
  C:1869H         LINE#         1036
  C:186EH         LINE#         1037
  C:1875H         LINE#         1038
  C:1879H         LINE#         1039
  C:187DH         LINE#         1040
  C:187FH         LINE#         1041
  C:1886H         LINE#         1042
  C:1888H         LINE#         1043
  C:1889H         LINE#         1044
  C:1889H         LINE#         1045
  C:188CH         LINE#         1046
  C:1891H         LINE#         1047
  C:1895H         LINE#         1048
  C:1895H         LINE#         1049
  C:1895H         LINE#         1050
  C:1895H         LINE#         1051
  C:1895H         LINE#         1055
  -------         ENDPROC       _SERVOMOTORCRTL
  -------         PROC          _AUTORUNMODE1
  D:0007H         SYMBOL        comand
  C:1D73H         LINE#         1059
  C:1D73H         LINE#         1060
  C:1D73H         LINE#         1062
  C:1D86H         LINE#         1063
  C:1D86H         LINE#         1064
  C:1D86H         LINE#         1065
  C:1D86H         LINE#         1066
  C:1D86H         LINE#         1067
  C:1D86H         LINE#         1068
  C:1D89H         LINE#         1069
BL51 BANKED LINKER/LOCATER V6.22                                                      04/27/2017  17:09:05  PAGE 29


  C:1D9DH         LINE#         1070
  C:1DA7H         LINE#         1071
  C:1DB1H         LINE#         1072
  C:1DBBH         LINE#         1073
  C:1DBEH         LINE#         1074
  C:1DC3H         LINE#         1075
  C:1DC8H         LINE#         1076
  C:1DCFH         LINE#         1077
  C:1DD1H         LINE#         1078
  C:1DD1H         LINE#         1079
  C:1DD1H         LINE#         1080
  C:1DD3H         LINE#         1082
  C:1DD3H         LINE#         1083
  C:1DD3H         LINE#         1084
  C:1DD3H         LINE#         1085
  C:1DD3H         LINE#         1086
  C:1DD6H         LINE#         1087
  C:1DEAH         LINE#         1088
  C:1DF4H         LINE#         1089
  C:1DFEH         LINE#         1090
  C:1E08H         LINE#         1091
  C:1E0BH         LINE#         1092
  C:1E10H         LINE#         1093
  C:1E15H         LINE#         1094
  C:1E1CH         LINE#         1095
  C:1E1EH         LINE#         1096
  C:1E20H         LINE#         1097
  C:1E27H         LINE#         1098
  C:1E29H         LINE#         1099
  C:1E2AH         LINE#         1101
  C:1E2AH         LINE#         1102
  C:1E2FH         LINE#         1103
  C:1E2FH         LINE#         1105
  C:1E2FH         LINE#         1106
  C:1E2FH         LINE#         1107
  C:1E2FH         LINE#         1111
  -------         ENDPROC       _AUTORUNMODE1
  -------         PROC          _AUTORUNMODE2
  D:0007H         SYMBOL        comand
  -------         DO            
  D:0022H         SYMBOL        SFRPAGE_SAVE
  -------         ENDDO         
  C:14D3H         LINE#         1115
  C:14D3H         LINE#         1116
  C:14D3H         LINE#         1120
  C:1516H         LINE#         1121
  C:1516H         LINE#         1122
  C:1516H         LINE#         1123
  C:1518H         LINE#         1149
  C:1518H         LINE#         1150
  C:1518H         LINE#         1151
  C:1518H         LINE#         1152
  C:1518H         LINE#         1153
  C:1518H         LINE#         1154
  C:1518H         LINE#         1155
  C:1518H         LINE#         1156
  C:1518H         LINE#         1157
BL51 BANKED LINKER/LOCATER V6.22                                                      04/27/2017  17:09:05  PAGE 30


  C:1518H         LINE#         1158
  C:1518H         LINE#         1159
  C:151BH         LINE#         1161
  C:151BH         LINE#         1162
  C:151DH         LINE#         1183
  C:1527H         LINE#         1184
  C:1531H         LINE#         1185
  C:153BH         LINE#         1186
  C:1545H         LINE#         1188
  C:1545H         LINE#         1189
  C:1545H         LINE#         1190
  C:1545H         LINE#         1192
  C:1545H         LINE#         1193
  C:1545H         LINE#         1194
  C:1545H         LINE#         1195
  C:1545H         LINE#         1196
  C:1545H         LINE#         1197
  C:1545H         LINE#         1198
  C:1545H         LINE#         1199
  C:1548H         LINE#         1201
  C:1548H         LINE#         1202
  C:154BH         LINE#         1203
  C:154EH         LINE#         1204
  C:1551H         LINE#         1205
  C:1551H         LINE#         1206
  C:1553H         LINE#         1207
  C:155AH         LINE#         1208
  C:155AH         LINE#         1209
  C:155AH         LINE#         1210
  C:155CH         LINE#         1212
  C:155CH         LINE#         1213
  C:155EH         LINE#         1214
  C:1560H         LINE#         1215
  C:1567H         LINE#         1216
  C:1567H         LINE#         1217
  C:1567H         LINE#         1218
  C:156AH         LINE#         1220
  C:156AH         LINE#         1221
  C:156DH         LINE#         1222
  C:1570H         LINE#         1223
  C:1573H         LINE#         1224
  C:1573H         LINE#         1225
  C:1575H         LINE#         1226
  C:157CH         LINE#         1227
  C:157CH         LINE#         1228
  C:157CH         LINE#         1229
  C:157EH         LINE#         1231
  C:157EH         LINE#         1232
  C:1580H         LINE#         1233
  C:1582H         LINE#         1234
  C:1589H         LINE#         1235
  C:1589H         LINE#         1236
  C:1589H         LINE#         1237
  C:158CH         LINE#         1239
  C:158CH         LINE#         1240
  C:158EH         LINE#         1266
  C:158EH         LINE#         1267
BL51 BANKED LINKER/LOCATER V6.22                                                      04/27/2017  17:09:05  PAGE 31


  C:158EH         LINE#         1268
  C:158EH         LINE#         1269
  C:158EH         LINE#         1270
  C:158EH         LINE#         1271
  C:158EH         LINE#         1272
  C:158EH         LINE#         1273
  C:158EH         LINE#         1274
  C:158EH         LINE#         1275
  C:158EH         LINE#         1276
  C:158EH         LINE#         1277
  C:1590H         LINE#         1279
  C:1590H         LINE#         1280
  C:1592H         LINE#         1301
  C:159CH         LINE#         1302
  C:15A6H         LINE#         1303
  C:15B0H         LINE#         1304
  C:15BAH         LINE#         1306
  C:15BAH         LINE#         1307
  C:15BAH         LINE#         1308
  C:15BDH         LINE#         1309
  C:15C0H         LINE#         1310
  C:15C5H         LINE#         1311
  C:15CAH         LINE#         1312
  C:15D1H         LINE#         1313
  C:15D3H         LINE#         1314
  C:15D5H         LINE#         1315
  C:15D5H         LINE#         1316
  C:15D5H         LINE#         1317
  C:15D8H         LINE#         1319
  C:15D8H         LINE#         1320
  C:15DBH         LINE#         1321
  C:15DEH         LINE#         1322
  C:15E1H         LINE#         1323
  C:15E1H         LINE#         1324
  C:15E3H         LINE#         1325
  C:15EAH         LINE#         1326
  C:15EAH         LINE#         1327
  C:15EAH         LINE#         1328
  C:15ECH         LINE#         1330
  C:15ECH         LINE#         1331
  C:15EEH         LINE#         1332
  C:15F0H         LINE#         1333
  C:15F7H         LINE#         1334
  C:15F7H         LINE#         1335
  C:15F7H         LINE#         1336
  C:15F9H         LINE#         1338
  C:15F9H         LINE#         1339
  C:15FCH         LINE#         1340
  C:15FFH         LINE#         1341
  C:1602H         LINE#         1342
  C:1602H         LINE#         1343
  C:1604H         LINE#         1344
  C:160BH         LINE#         1345
  C:160BH         LINE#         1346
  C:160BH         LINE#         1347
  C:160DH         LINE#         1349
  C:160DH         LINE#         1350
BL51 BANKED LINKER/LOCATER V6.22                                                      04/27/2017  17:09:05  PAGE 32


  C:160FH         LINE#         1351
  C:1611H         LINE#         1352
  C:1618H         LINE#         1353
  C:1618H         LINE#         1354
  C:161BH         LINE#         1355
  C:161EH         LINE#         1357
  C:161EH         LINE#         1358
  C:161EH         LINE#         1359
  C:1621H         LINE#         1361
  C:1621H         LINE#         1362
  C:1621H         LINE#         1363
  C:1621H         LINE#         1364
  C:1621H         LINE#         1365
  C:1621H         LINE#         1366
  C:1621H         LINE#         1367
  C:1621H         LINE#         1368
  C:1621H         LINE#         1369
  C:1623H         LINE#         1371
  C:1623H         LINE#         1372
  C:1626H         LINE#         1373
  C:1629H         LINE#         1374
  C:162BH         LINE#         1375
  C:162DH         LINE#         1376
  C:162FH         LINE#         1377
  C:1631H         LINE#         1378
  C:1634H         LINE#         1379
  C:1637H         LINE#         1383
  C:1637H         LINE#         1384
  C:1639H         LINE#         1386
  C:1643H         LINE#         1388
  C:164DH         LINE#         1390
  C:1657H         LINE#         1392
  C:1661H         LINE#         1394
  C:1661H         LINE#         1395
  C:1661H         LINE#         1396
  C:1664H         LINE#         1397
  C:1667H         LINE#         1398
  C:166CH         LINE#         1399
  C:1671H         LINE#         1400
  C:1678H         LINE#         1401
  C:167AH         LINE#         1402
  C:167AH         LINE#         1403
  C:167AH         LINE#         1404
  C:167CH         LINE#         1406
  C:167CH         LINE#         1407
  C:167EH         LINE#         1409
  C:1688H         LINE#         1411
  C:1692H         LINE#         1413
  C:169CH         LINE#         1415
  C:16A6H         LINE#         1417
  C:16A6H         LINE#         1418
  C:16A6H         LINE#         1419
  C:16A9H         LINE#         1420
  C:16ACH         LINE#         1421
  C:16B1H         LINE#         1422
  C:16B6H         LINE#         1423
  C:16BDH         LINE#         1424
BL51 BANKED LINKER/LOCATER V6.22                                                      04/27/2017  17:09:05  PAGE 33


  C:16BFH         LINE#         1425
  C:16C6H         LINE#         1426
  C:16C8H         LINE#         1427
  C:16CAH         LINE#         1429
  C:16CFH         LINE#         1431
  C:16CFH         LINE#         1434
  C:16CFH         LINE#         1435
  C:16CFH         LINE#         1436
  C:16CFH         LINE#         1437
  C:16D2H         LINE#         1438
  -------         ENDPROC       _AUTORUNMODE2
  -------         PROC          _AUTORUNMODE3
  D:0007H         SYMBOL        comand
  -------         DO            
  D:0022H         SYMBOL        SFRPAGE_SAVE
  -------         ENDDO         
  C:2377H         LINE#         1442
  C:2377H         LINE#         1443
  C:2377H         LINE#         1446
  C:2383H         LINE#         1447
  C:2383H         LINE#         1448
  C:2383H         LINE#         1449
  C:2386H         LINE#         1450
  C:238BH         LINE#         1451
  C:238BH         LINE#         1453
  C:238BH         LINE#         1454
  C:2392H         LINE#         1455
  C:2392H         LINE#         1456
  C:2395H         LINE#         1457
  C:2398H         LINE#         1458
  C:2398H         LINE#         1459
  C:2398H         LINE#         1460
  C:239BH         LINE#         1461
  C:239BH         LINE#         1462
  C:239BH         LINE#         1463
  C:239DH         LINE#         1465
  C:239DH         LINE#         1466
  C:239FH         LINE#         1467
  C:23A1H         LINE#         1468
  C:23A8H         LINE#         1469
  C:23A8H         LINE#         1470
  C:23ABH         LINE#         1471
  C:23ABH         LINE#         1472
  C:23B2H         LINE#         1473
  C:23B2H         LINE#         1474
  C:23B5H         LINE#         1475
  C:23B8H         LINE#         1476
  C:23B8H         LINE#         1477
  C:23BAH         LINE#         1478
  C:23BDH         LINE#         1479
  C:23BDH         LINE#         1480
  C:23BDH         LINE#         1481
  C:23BFH         LINE#         1483
  C:23BFH         LINE#         1484
  C:23C1H         LINE#         1485
  C:23C3H         LINE#         1486
  C:23CAH         LINE#         1487
BL51 BANKED LINKER/LOCATER V6.22                                                      04/27/2017  17:09:05  PAGE 34


  C:23CAH         LINE#         1488
  C:23CDH         LINE#         1489
  C:23CDH         LINE#         1490
  C:23CEH         LINE#         1492
  C:23CEH         LINE#         1493
  C:23D1H         LINE#         1494
  C:23D4H         LINE#         1495
  C:23D6H         LINE#         1496
  C:23D8H         LINE#         1497
  C:23DAH         LINE#         1498
  C:23DCH         LINE#         1499
  C:23DFH         LINE#         1500
  C:23DFH         LINE#         1502
  C:23DFH         LINE#         1503
  C:23DFH         LINE#         1504
  C:23DFH         LINE#         1505
  -------         ENDPROC       _AUTORUNMODE3
  -------         PROC          _CRC_CHK
  D:005FH         SYMBOL        puchMsg
  D:0062H         SYMBOL        length
  -------         DO            
  D:0063H         SYMBOL        j
  D:0006H         SYMBOL        crc_reg
  -------         ENDDO         
  C:2447H         LINE#         1507
  C:244FH         LINE#         1508
  C:244FH         LINE#         1510
  C:2453H         LINE#         1511
  C:245AH         LINE#         1512
  C:245AH         LINE#         1513
  C:246EH         LINE#         1514
  C:247FH         LINE#         1515
  C:247FH         LINE#         1516
  C:2483H         LINE#         1517
  C:2483H         LINE#         1518
  C:2492H         LINE#         1519
  C:2494H         LINE#         1521
  C:2494H         LINE#         1522
  C:249BH         LINE#         1523
  C:249BH         LINE#         1524
  C:24A5H         LINE#         1525
  C:24A5H         LINE#         1526
  C:24A5H         LINE#         1527
  -------         ENDPROC       _CRC_CHK
  -------         PROC          RETURNTOPOINT
  C:2826H         LINE#         1530
  C:2826H         LINE#         1531
  C:2826H         LINE#         1532
  C:282BH         LINE#         1533
  C:2830H         LINE#         1534
  C:2835H         LINE#         1535
  C:2837H         LINE#         1536
  C:283EH         LINE#         1537
  -------         ENDPROC       RETURNTOPOINT
  -------         PROC          DEVIATIONREMOVAL
  C:286EH         LINE#         1540
  C:286EH         LINE#         1541
BL51 BANKED LINKER/LOCATER V6.22                                                      04/27/2017  17:09:05  PAGE 35


  C:286EH         LINE#         1542
  C:2873H         LINE#         1543
  C:2878H         LINE#         1544
  C:287DH         LINE#         1545
  C:287FH         LINE#         1546
  -------         ENDPROC       DEVIATIONREMOVAL
  -------         PROC          _SERVOMOTORINP
  D:0023H         SYMBOL        addressID
  -------         DO            
  D:0004H         SYMBOL        ShowTime1
  -------         ENDDO         
  C:2295H         LINE#         1639
  C:2297H         LINE#         1640
  C:2297H         LINE#         1645
  C:229AH         LINE#         1646
  C:22A1H         LINE#         1647
  C:22A7H         LINE#         1648
  C:22ABH         LINE#         1649
  C:22AFH         LINE#         1650
  C:22B2H         LINE#         1651
  C:22B4H         LINE#         1652
  C:22B8H         LINE#         1653
  C:22BDH         LINE#         1654
  C:22BFH         LINE#         1655
  C:22C6H         LINE#         1656
  C:22D5H         LINE#         1657
  C:22D8H         LINE#         1658
  C:22D8H         LINE#         1659
  C:22DAH         LINE#         1660
  C:22E2H         LINE#         1661
  C:22E9H         LINE#         1662
  C:22E9H         LINE#         1663
  C:22EBH         LINE#         1665
  C:22F0H         LINE#         1666
  C:22F3H         LINE#         1667
  C:22FAH         LINE#         1668
  C:22FAH         LINE#         1669
  C:2301H         LINE#         1670
  C:2301H         LINE#         1671
  C:2308H         LINE#         1672
  C:2308H         LINE#         1673
  C:2308H         LINE#         1674
[...]
  C:0157H         LINE#         2436
  C:015FH         LINE#         2437
  C:0165H         LINE#         2438
  C:016DH         LINE#         2439
  C:0175H         LINE#         2440
  C:017DH         LINE#         2441
  C:0185H         LINE#         2442
  C:018DH         LINE#         2443
  C:018FH         LINE#         2444
  C:0190H         LINE#         2446
  C:0190H         LINE#         2447
  C:019DH         LINE#         2448
  C:019EH         LINE#         2449
BL51 BANKED LINKER/LOCATER V6.22                                                      04/27/2017  17:09:05  PAGE 45


  C:01A4H         LINE#         2450
  C:01A9H         LINE#         2451
  C:01B4H         LINE#         2452
  C:01BCH         LINE#         2453
  C:01C2H         LINE#         2454
  C:01CAH         LINE#         2455
  C:01D2H         LINE#         2456
  C:01DAH         LINE#         2457
  C:01E2H         LINE#         2458
  C:01EAH         LINE#         2459
  C:01ECH         LINE#         2460
  C:01EDH         LINE#         2462
  C:01EDH         LINE#         2463
  C:01FAH         LINE#         2464
  C:01FBH         LINE#         2465
  C:0201H         LINE#         2466
  C:0206H         LINE#         2467
  C:0211H         LINE#         2473
  C:0219H         LINE#         2474
  C:021FH         LINE#         2475
  C:0227H         LINE#         2476
  C:022FH         LINE#         2477
  C:0237H         LINE#         2478
  C:023FH         LINE#         2479
  C:0247H         LINE#         2480
  C:0249H         LINE#         2481
  C:024AH         LINE#         2483
  C:024AH         LINE#         2484
  C:0257H         LINE#         2485
  C:0258H         LINE#         2486
  C:025EH         LINE#         2487
  C:0263H         LINE#         2488
  C:026EH         LINE#         2490
  C:0276H         LINE#         2491
  C:027CH         LINE#         2492
  C:0284H         LINE#         2493
  C:028CH         LINE#         2494
  C:0294H         LINE#         2495
  C:029CH         LINE#         2496
  C:02A4H         LINE#         2497
  C:02A6H         LINE#         2498
  C:02A7H         LINE#         2500
  C:02A7H         LINE#         2501
  C:02B4H         LINE#         2502
  C:02B5H         LINE#         2503
  C:02BBH         LINE#         2504
  C:02C0H         LINE#         2505
  C:02CBH         LINE#         2506
  C:02D3H         LINE#         2507
  C:02D9H         LINE#         2508
  C:02E1H         LINE#         2509
  C:02E9H         LINE#         2510
  C:02F1H         LINE#         2511
  C:02F9H         LINE#         2512
  C:0301H         LINE#         2513
  C:0303H         LINE#         2514
  C:0304H         LINE#         2516
BL51 BANKED LINKER/LOCATER V6.22                                                      04/27/2017  17:09:05  PAGE 46


  C:0304H         LINE#         2517
  C:0311H         LINE#         2518
  C:0312H         LINE#         2519
  C:0318H         LINE#         2520
  C:031DH         LINE#         2521
  C:0328H         LINE#         2522
  C:0330H         LINE#         2523
  C:0336H         LINE#         2524
  C:033EH         LINE#         2525
  C:0346H         LINE#         2526
  C:034EH         LINE#         2527
  C:0356H         LINE#         2528
  C:035EH         LINE#         2529
  C:0360H         LINE#         2530
  C:0361H         LINE#         2532
  C:0361H         LINE#         2533
  C:036EH         LINE#         2534
  C:036FH         LINE#         2535
  C:0375H         LINE#         2536
  C:037AH         LINE#         2537
  C:0385H         LINE#         2541
  C:038DH         LINE#         2542
  C:0393H         LINE#         2543
  C:039BH         LINE#         2544
  C:03A3H         LINE#         2545
  C:03ABH         LINE#         2546
  C:03B3H         LINE#         2547
  C:03BBH         LINE#         2548
  C:03BDH         LINE#         2549
  C:03BEH         LINE#         2551
  C:03BEH         LINE#         2552
  C:03CBH         LINE#         2553
  C:03CCH         LINE#         2554
  C:03D2H         LINE#         2555
  C:03D7H         LINE#         2556
  C:03E2H         LINE#         2558
  C:03EAH         LINE#         2559
  C:03F0H         LINE#         2560
  C:03F8H         LINE#         2561
  C:0400H         LINE#         2562
  C:0408H         LINE#         2563
  C:0410H         LINE#         2564
  C:0418H         LINE#         2565
  C:041AH         LINE#         2566
  C:041BH         LINE#         2568
  C:041BH         LINE#         2569
  C:0428H         LINE#         2570
  C:0429H         LINE#         2571
  C:042FH         LINE#         2572
  C:0434H         LINE#         2573
  C:043FH         LINE#         2574
  C:0447H         LINE#         2575
  C:044DH         LINE#         2576
  C:0455H         LINE#         2577
  C:045DH         LINE#         2578
  C:0465H         LINE#         2579
  C:046DH         LINE#         2580
BL51 BANKED LINKER/LOCATER V6.22                                                      04/27/2017  17:09:05  PAGE 47


  C:0475H         LINE#         2581
  C:0477H         LINE#         2582
  C:0478H         LINE#         2584
  C:0478H         LINE#         2585
  C:0485H         LINE#         2586
  C:0486H         LINE#         2587
  C:048CH         LINE#         2588
  C:0491H         LINE#         2589
  C:049CH         LINE#         2590
  C:04A4H         LINE#         2591
  C:04AAH         LINE#         2592
  C:04B2H         LINE#         2593
  C:04BAH         LINE#         2594
  C:04C2H         LINE#         2595
  C:04CAH         LINE#         2596
  C:04D2H         LINE#         2597
  C:04D4H         LINE#         2598
  C:04D5H         LINE#         2600
  C:04D5H         LINE#         2601
  C:04E2H         LINE#         2602
  C:04E3H         LINE#         2603
  C:04E9H         LINE#         2604
  C:04EEH         LINE#         2605
  C:04F9H         LINE#         2607
  C:0501H         LINE#         2608
  C:0507H         LINE#         2609
  C:050FH         LINE#         2610
  C:0517H         LINE#         2611
  C:051FH         LINE#         2612
  C:0527H         LINE#         2613
  C:052FH         LINE#         2614
  C:0531H         LINE#         2615
  C:0532H         LINE#         2617
  C:0532H         LINE#         2618
  C:053FH         LINE#         2619
  C:0540H         LINE#         2620
  C:0546H         LINE#         2621
  C:054BH         LINE#         2622
  C:0556H         LINE#         2624
  C:055EH         LINE#         2625
  C:0564H         LINE#         2626
  C:056CH         LINE#         2627
  C:0574H         LINE#         2628
  C:057CH         LINE#         2629
  C:0584H         LINE#         2630
  C:058CH         LINE#         2631
  C:058EH         LINE#         2632
  C:058FH         LINE#         2634
  C:058FH         LINE#         2635
  C:059CH         LINE#         2636
  C:059DH         LINE#         2637
  C:05A3H         LINE#         2638
  C:05A8H         LINE#         2639
  C:05B3H         LINE#         2640
  C:05BBH         LINE#         2641
  C:05C1H         LINE#         2642
  C:05C9H         LINE#         2643
BL51 BANKED LINKER/LOCATER V6.22                                                      04/27/2017  17:09:05  PAGE 48


  C:05D1H         LINE#         2644
  C:05D9H         LINE#         2645
  C:05E1H         LINE#         2646
  C:05E9H         LINE#         2647
  C:05EBH         LINE#         2648
  C:05ECH         LINE#         2650
  C:05ECH         LINE#         2651
  C:05F9H         LINE#         2652
  C:05FAH         LINE#         2653
  C:0600H         LINE#         2654
  C:0605H         LINE#         2655
  C:0610H         LINE#         2656
  C:0618H         LINE#         2657
  C:061EH         LINE#         2658
  C:0626H         LINE#         2659
  C:062EH         LINE#         2660
  C:0636H         LINE#         2661
  C:063EH         LINE#         2662
  C:0646H         LINE#         2663
  C:0648H         LINE#         2664
  C:0649H         LINE#         2666
  C:0649H         LINE#         2667
  C:0656H         LINE#         2668
  C:0657H         LINE#         2669
  C:065DH         LINE#         2670
  C:0662H         LINE#         2671
  C:066DH         LINE#         2673
  C:0675H         LINE#         2674
  C:067BH         LINE#         2675
  C:0683H         LINE#         2676
  C:068BH         LINE#         2677
  C:0693H         LINE#         2678
  C:069BH         LINE#         2679
  C:06A3H         LINE#         2680
  C:06A5H         LINE#         2681
  C:06A6H         LINE#         2683
  C:06A6H         LINE#         2684
  C:06B3H         LINE#         2685
  C:06B4H         LINE#         2686
  C:06BAH         LINE#         2687
  C:06BFH         LINE#         2688
  C:06CAH         LINE#         2690
  C:06D2H         LINE#         2691
  C:06D8H         LINE#         2692
  C:06E0H         LINE#         2693
  C:06E8H         LINE#         2694
  C:06F0H         LINE#         2695
  C:06F8H         LINE#         2696
  C:0700H         LINE#         2697
  C:0702H         LINE#         2698
  C:0703H         LINE#         2700
  C:0703H         LINE#         2701
  C:0710H         LINE#         2702
  C:0711H         LINE#         2703
  C:0717H         LINE#         2704
  C:071CH         LINE#         2705
  C:0727H         LINE#         2706
BL51 BANKED LINKER/LOCATER V6.22                                                      04/27/2017  17:09:05  PAGE 49


  C:072FH         LINE#         2707
  C:0735H         LINE#         2708
  C:073DH         LINE#         2709
  C:0745H         LINE#         2710
  C:074DH         LINE#         2711
  C:0755H         LINE#         2712
  C:075DH         LINE#         2713
  C:075FH         LINE#         2714
  C:0760H         LINE#         2716
  C:0760H         LINE#         2717
  C:076DH         LINE#         2718
  C:076EH         LINE#         2719
  C:0774H         LINE#         2720
  C:0779H         LINE#         2721
  C:0784H         LINE#         2722
  C:078CH         LINE#         2723
  C:0792H         LINE#         2724
  C:079AH         LINE#         2725
  C:07A2H         LINE#         2726
  C:07AAH         LINE#         2727
  C:07B2H         LINE#         2728
  C:07BAH         LINE#         2729
  C:07BCH         LINE#         2730
  C:07BDH         LINE#         2732
  C:07BDH         LINE#         2733
  C:07CAH         LINE#         2734
  C:07CBH         LINE#         2735
  C:07D1H         LINE#         2736
  C:07D6H         LINE#         2737
  C:07E1H         LINE#         2739
  C:07E9H         LINE#         2740
  C:07EFH         LINE#         2741
  C:07F7H         LINE#         2742
  C:07FFH         LINE#         2743
  C:0807H         LINE#         2744
  C:080FH         LINE#         2745
  C:0817H         LINE#         2746
  C:0819H         LINE#         2747
  C:081AH         LINE#         2749
  C:081AH         LINE#         2750
  C:0827H         LINE#         2751
  C:0828H         LINE#         2752
  C:082EH         LINE#         2753
  C:0833H         LINE#         2754
  C:083EH         LINE#         2756
  C:0846H         LINE#         2757
  C:084CH         LINE#         2758
  C:0854H         LINE#         2759
  C:085CH         LINE#         2760
  C:0864H         LINE#         2761
  C:086CH         LINE#         2762
  C:0874H         LINE#         2763
  C:0876H         LINE#         2764
  C:0877H         LINE#         2766
  C:0877H         LINE#         2767
  C:0884H         LINE#         2768
  C:0885H         LINE#         2769
BL51 BANKED LINKER/LOCATER V6.22                                                      04/27/2017  17:09:05  PAGE 50


  C:088BH         LINE#         2770
  C:0890H         LINE#         2771
  C:089BH         LINE#         2773
  C:08A3H         LINE#         2774
  C:08A9H         LINE#         2775
  C:08B1H         LINE#         2776
  C:08B9H         LINE#         2777
  C:08C1H         LINE#         2778
  C:08C9H         LINE#         2779
  C:08D1H         LINE#         2780
  C:08D3H         LINE#         2781
  C:08D4H         LINE#         2783
  C:08D4H         LINE#         2784
  C:08E1H         LINE#         2785
  C:08E2H         LINE#         2786
  C:08E8H         LINE#         2787
  C:08EDH         LINE#         2788
  C:08F8H         LINE#         2789
  C:0900H         LINE#         2790
  C:0906H         LINE#         2791
  C:090EH         LINE#         2792
  C:0916H         LINE#         2793
  C:091EH         LINE#         2794
  C:0926H         LINE#         2795
  C:092EH         LINE#         2796
  C:0930H         LINE#         2797
  C:0931H         LINE#         2799
  C:0931H         LINE#         2800
  C:093EH         LINE#         2801
  C:093FH         LINE#         2802
  C:0945H         LINE#         2803
  C:094AH         LINE#         2804
  C:0955H         LINE#         2805
  C:095DH         LINE#         2806
  C:0963H         LINE#         2807
  C:096BH         LINE#         2808
  C:0973H         LINE#         2809
  C:097BH         LINE#         2810
  C:0983H         LINE#         2811
  C:098BH         LINE#         2812
  C:098DH         LINE#         2813
  C:098EH         LINE#         2815
  C:098EH         LINE#         2816
  C:099BH         LINE#         2817
  C:099CH         LINE#         2818
  C:09A2H         LINE#         2819
  C:09A7H         LINE#         2820
  C:09B2H         LINE#         2821
  C:09BAH         LINE#         2822
  C:09C0H         LINE#         2823
  C:09C8H         LINE#         2824
  C:09D0H         LINE#         2825
  C:09D8H         LINE#         2826
  C:09E0H         LINE#         2827
  C:09E8H         LINE#         2828
  C:09EAH         LINE#         2829
  C:09EBH         LINE#         2831
BL51 BANKED LINKER/LOCATER V6.22                                                      04/27/2017  17:09:05  PAGE 51


  C:09EBH         LINE#         2832
  C:09F8H         LINE#         2833
  C:09F9H         LINE#         2834
  C:09FFH         LINE#         2835
  C:0A04H         LINE#         2836
  C:0A0FH         LINE#         2837
  C:0A17H         LINE#         2838
  C:0A1DH         LINE#         2839
  C:0A25H         LINE#         2840
  C:0A2DH         LINE#         2841
  C:0A35H         LINE#         2842
  C:0A3DH         LINE#         2843
  C:0A40H         LINE#         2844
  C:0A41H         LINE#         2845
  C:0A42H         LINE#         2847
  C:0A42H         LINE#         2848
  C:0A4FH         LINE#         2849
  C:0A50H         LINE#         2850
  C:0A56H         LINE#         2851
  C:0A5BH         LINE#         2852
  -------         ENDPROC       TRANFORSATATIONINFOR
  -------         PROC          WRITE_TO_FLASH
  -------         DO            
  D:0006H         SYMBOL        pwrite
  D:0005H         SYMBOL        i
  D:0001H         SYMBOL        SFRPAGE_SAVE
  -------         ENDDO         
  C:25D7H         LINE#         2863
  C:25D7H         LINE#         2864
  C:25D7H         LINE#         2867
  C:25D9H         LINE#         2868
  C:25DBH         LINE#         2869
  C:25DEH         LINE#         2870
  C:25E1H         LINE#         2871
  C:25E4H         LINE#         2872
  C:25E6H         LINE#         2873
  C:25EBH         LINE#         2874
  C:25EEH         LINE#         2875
  C:25EFH         LINE#         2876
  C:25EFH         LINE#         2877
  C:2609H         LINE#         2878
  C:260AH         LINE#         2879
  C:2610H         LINE#         2880
  C:2613H         LINE#         2881
  C:2616H         LINE#         2882
  C:2618H         LINE#         2883
  C:261AH         LINE#         2884
  -------         ENDPROC       WRITE_TO_FLASH
  -------         PROC          READ_FROM_FLASH
  -------         DO            
  D:0004H         SYMBOL        pread
  D:0006H         SYMBOL        i
  D:0007H         SYMBOL        SFRPAGE_SAVE
  -------         ENDDO         
  C:2742H         LINE#         2889
  C:2742H         LINE#         2890
  C:2742H         LINE#         2893
BL51 BANKED LINKER/LOCATER V6.22                                                      04/27/2017  17:09:05  PAGE 52


  C:2744H         LINE#         2894
  C:2746H         LINE#         2895
  C:2749H         LINE#         2896
  C:274CH         LINE#         2897
  C:274EH         LINE#         2898
  C:274FH         LINE#         2899
  C:274FH         LINE#         2900
  C:276AH         LINE#         2901
  C:276BH         LINE#         2902
  C:2771H         LINE#         2903
  C:2774H         LINE#         2904
  C:2776H         LINE#         2905
  C:2778H         LINE#         2906
  -------         ENDPROC       READ_FROM_FLASH
  -------         PROC          INIT_MACHINE
  C:27EAH         LINE#         2908
  C:27EAH         LINE#         2909
  C:27EAH         LINE#         2910
  C:27F0H         LINE#         2911
  C:27F6H         LINE#         2912
  C:27FBH         LINE#         2913
  C:2800H         LINE#         2914
  C:2806H         LINE#         2915
  C:280CH         LINE#         2916
  -------         ENDPROC       INIT_MACHINE
  -------         PROC          _SAMPCBDATAACQUISITION
  D:0023H         SYMBOL        addressID
  C:23E0H         LINE#         2919
  C:23E2H         LINE#         2920
  C:23E2H         LINE#         2924
  C:23E9H         LINE#         2925
  C:23EFH         LINE#         2926
  C:23F1H         LINE#         2927
  C:23F5H         LINE#         2928
  C:23F9H         LINE#         2929
  C:23FDH         LINE#         2930
  C:2400H         LINE#         2931
  C:2404H         LINE#         2932
  C:240FH         LINE#         2933
  C:2411H         LINE#         2934
  C:2418H         LINE#         2935
  C:2427H         LINE#         2936
  C:242AH         LINE#         2937
  C:242AH         LINE#         2939
  C:242CH         LINE#         2940
  C:2434H         LINE#         2941
  C:2442H         LINE#         2942
  C:2444H         LINE#         2943
  C:2444H         LINE#         2944
  C:2446H         LINE#         2945
  -------         ENDPROC       _SAMPCBDATAACQUISITION
  -------         PROC          MAIN
  C:2857H         LINE#         2952
  C:2857H         LINE#         2953
  C:2857H         LINE#         2954
  C:285AH         LINE#         2955
  C:285DH         LINE#         2956
BL51 BANKED LINKER/LOCATER V6.22                                                      04/27/2017  17:09:05  PAGE 53


  C:2860H         LINE#         2958
  C:2860H         LINE#         2959
  C:2860H         LINE#         2960
  C:2863H         LINE#         2961
  C:2866H         LINE#         2962
  C:2869H         LINE#         2971
  C:286CH         LINE#         2972
  -------         ENDPROC       MAIN
  -------         ENDMOD        SUSONGXIAN

  -------         MODULE        ?C?CLDPTR
  C:1AEFH         PUBLIC        ?C?CLDPTR
  -------         ENDMOD        ?C?CLDPTR

  -------         MODULE        ?C?CLDOPTR
  C:1B08H         PUBLIC        ?C?CLDOPTR
  -------         ENDMOD        ?C?CLDOPTR

  -------         MODULE        ?C?CSTOPTR
  C:1B35H         PUBLIC        ?C?CSTOPTR
  -------         ENDMOD        ?C?CSTOPTR

  -------         MODULE        ?C?IMUL
  C:1B57H         PUBLIC        ?C?IMUL
  -------         ENDMOD        ?C?IMUL

  -------         MODULE        ?C?LSHL
  C:1B69H         PUBLIC        ?C?LSHL
  -------         ENDMOD        ?C?LSHL

  -------         MODULE        ?C?LSTXDATA
  C:1B7CH         PUBLIC        ?C?LSTXDATA
  -------         ENDMOD        ?C?LSTXDATA

  -------         MODULE        ?C?LSTKXDATA
  C:1B88H         PUBLIC        ?C?LSTKXDATA
  -------         ENDMOD        ?C?LSTKXDATA

  -------         MODULE        ?C?CCASE
  C:1BB9H         PUBLIC        ?C?CCASE
  -------         ENDMOD        ?C?CCASE

Program Size: data=94.3 xdata=291 code=10388
LINK/LOCATE RUN COMPLETE.  0 WARNING(S),  0 ERROR(S)
