BL51 BANKED LINKER/LOCATER V6.22                                                        04/28/2017  16:37:50  PAGE 1


BL51 BANKED LINKER/LOCATER V6.22, INVOKED BY:
C:\KEIL_C51\C51\BIN\BL51.EXE .\Objects\STARTUP.obj, .\Objects\CAN1.obj, .\Objects\Susongxian.obj TO .\Objects\KEIL PRINT
>>  (.\Listings\KEIL.m51) RAMSIZE (256)


MEMORY MODEL: SMALL


INPUT MODULES INCLUDED:
  .\Objects\STARTUP.obj (?C_STARTUP)
  .\Objects\CAN1.obj (CAN1)
  .\Objects\Susongxian.obj (SUSONGXIAN)
  C:\KEIL_C51\C51\LIB\C51S.LIB (?C_INIT)
  C:\KEIL_C51\C51\LIB\C51S.LIB (?C?CLDPTR)
  C:\KEIL_C51\C51\LIB\C51S.LIB (?C?CLDOPTR)
  C:\KEIL_C51\C51\LIB\C51S.LIB (?C?CSTOPTR)
  C:\KEIL_C51\C51\LIB\C51S.LIB (?C?IMUL)
  C:\KEIL_C51\C51\LIB\C51S.LIB (?C?LSHL)
  C:\KEIL_C51\C51\LIB\C51S.LIB (?C?LSTXDATA)
  C:\KEIL_C51\C51\LIB\C51S.LIB (?C?LSTKXDATA)
  C:\KEIL_C51\C51\LIB\C51S.LIB (?C?CCASE)


LINK MAP OF MODULE:  .\Objects\KEIL (?C_STARTUP)


            TYPE    BASE      LENGTH    RELOCATION   SEGMENT NAME
            -----------------------------------------------------

            * * * * * * *   D A T A   M E M O R Y   * * * * * * *
            REG     0000H     0008H     ABSOLUTE     "REG BANK 0"
            DATA    0008H     000EH     UNIT         ?DT?SUSONGXIAN
                    0016H     000AH                  *** GAP ***
            BIT     0020H.0   0001H.3   UNIT         ?BI?SUSONGXIAN
                    0021H.3   0000H.5                *** GAP ***
            DATA    0022H     0048H     UNIT         _DATA_GROUP_
            IDATA   006AH     0001H     UNIT         ?STACK

            * * * * * * *  X D A T A   M E M O R Y  * * * * * * *
            XDATA   0000H     0119H     UNIT         ?XD?SUSONGXIAN
            XDATA   0119H     000AH     UNIT         ?XD?CAN1

            * * * * * * *   C O D E   M E M O R Y   * * * * * * *
            CODE    0000H     0003H     ABSOLUTE     
            CODE    0003H     0007H     UNIT         ?PR?WATCHDOG_INIT?SUSONGXIAN
                    000AH     0001H                  *** GAP ***
            CODE    000BH     0003H     ABSOLUTE     
            CODE    000EH     0014H     UNIT         ?PR?DCMOTOR_CTL?SUSONGXIAN
                    0022H     0001H                  *** GAP ***
            CODE    0023H     0003H     ABSOLUTE     
            CODE    0026H     0072H     UNIT         ?PR?AUTOTASKASSIGNMENT3?SUSONGXIAN
                    0098H     0003H                  *** GAP ***
            CODE    009BH     0003H     ABSOLUTE     
            CODE    009EH     09C8H     UNIT         ?PR?TRANFORSATATIONINFOR?SUSONGXIAN
            CODE    0A66H     07DAH     UNIT         ?PR?ISRNAME?CAN1
            CODE    1240H     02CEH     UNIT         ?PR?AUTOTASKASSIGNMENT2?SUSONGXIAN
            CODE    150EH     0213H     UNIT         ?PR?_AUTORUNMODE2?SUSONGXIAN
            CODE    1721H     01C3H     UNIT         ?PR?_SERVOMOTORCRTL?SUSONGXIAN
BL51 BANKED LINKER/LOCATER V6.22                                                      04/28/2017  16:37:50  PAGE 2


            CODE    18E4H     012FH     UNIT         ?PR?TIMER0_ISR?SUSONGXIAN
            CODE    1A13H     012AH     UNIT         ?PR?DC_MOTORCTRL?SUSONGXIAN
            CODE    1B3DH     00F0H     UNIT         ?C?LIB_CODE
            CODE    1C2DH     00D2H     UNIT         ?PR?SEND_TO_MOTOR?SUSONGXIAN
            CODE    1CFFH     00C8H     UNIT         ?C_INITSEG
            CODE    1DC7H     00BDH     UNIT         ?PR?_AUTORUNMODE1?SUSONGXIAN
            CODE    1E84H     009BH     UNIT         ?PR?CANSETPRABACK?SUSONGXIAN
            CODE    1F1FH     0097H     UNIT         ?PR?ACTIVECANTRANSFER?SUSONGXIAN
            CODE    1FB6H     0092H     UNIT         ?PR?_UART0SEND?SUSONGXIAN
            CODE    2048H     008FH     UNIT         ?C_C51STARTUP
            CODE    20D7H     008FH     UNIT         ?PR?INIT_PARA?SUSONGXIAN
            CODE    2166H     0089H     UNIT         ?PR?AUTOTASKASSIGNMENT1?SUSONGXIAN
            CODE    21EFH     007FH     UNIT         ?PR?_CAN1_TRANSMIT?CAN1
            CODE    226EH     007BH     UNIT         ?PR?UNACTIVECANTRANSFER?SUSONGXIAN
            CODE    22E9H     0076H     UNIT         ?PR?_SERVOMOTORINP?SUSONGXIAN
            CODE    235FH     006CH     UNIT         ?PR?SYSTEMCONTROL?SUSONGXIAN
            CODE    23CBH     0069H     UNIT         ?PR?_AUTORUNMODE3?SUSONGXIAN
            CODE    2434H     0067H     UNIT         ?PR?_SAMPCBDATAACQUISITION?SUSONGXIAN
            CODE    249BH     005FH     UNIT         ?PR?_CRC_CHK?SUSONGXIAN
            CODE    24FAH     0053H     UNIT         ?PR?_SEND_TO_MOTORDRIVER_CTL?SUSONGXIAN
            CODE    254DH     0051H     UNIT         ?PR?SERIAL_PORT_INTERRUPT?SUSONGXIAN
            CODE    259EH     0048H     UNIT         ?PR?_CAN1_RECEIVE?CAN1
            CODE    25E6H     0045H     UNIT         ?PR?_INIT_MSG_OBJECT_TX?CAN1
            CODE    262BH     0044H     UNIT         ?PR?WRITE_TO_FLASH?SUSONGXIAN
            CODE    266FH     003FH     UNIT         ?PR?START_CAN?CAN1
            CODE    26AEH     003DH     UNIT         ?PR?_INIT_MSG_OBJECT_RX?CAN1
            CODE    26EBH     003CH     UNIT         ?PR?_FZSSXLEFTFZ?SUSONGXIAN
            CODE    2727H     003CH     UNIT         ?PR?_FZSSXRIGHTFZ?SUSONGXIAN
            CODE    2763H     003AH     UNIT         ?PR?PORT_INIT?SUSONGXIAN
            CODE    279DH     0039H     UNIT         ?PR?INITIAL?SUSONGXIAN
            CODE    27D6H     0038H     UNIT         ?PR?INIT_CAN1_1?CAN1
            CODE    280EH     0037H     UNIT         ?PR?READ_FROM_FLASH?SUSONGXIAN
            CODE    2845H     0027H     UNIT         ?PR?_DELAY_MS?SUSONGXIAN
            CODE    286CH     0027H     UNIT         ?PR?TIMER01_INIT?SUSONGXIAN
            CODE    2893H     0023H     UNIT         ?PR?OSCILLATOR_INIT?SUSONGXIAN
            CODE    28B6H     0023H     UNIT         ?PR?INIT_MACHINE?SUSONGXIAN
            CODE    28D9H     0019H     UNIT         ?PR?CLEAR_MSG_OBJECTS?CAN1
            CODE    28F2H     0019H     UNIT         ?PR?RETURNTOPOINT?SUSONGXIAN
            CODE    290BH     0018H     UNIT         ?PR?BOARD_PARAMETER_SETUP?SUSONGXIAN
            CODE    2923H     0017H     UNIT         ?PR?MAIN?SUSONGXIAN
            CODE    293AH     0012H     UNIT         ?PR?DEVIATIONREMOVAL?SUSONGXIAN
            CODE    294CH     000EH     UNIT         ?PR?RUNLEDDIS?SUSONGXIAN
            CODE    295AH     000BH     UNIT         ?PR?_DELAY1?SUSONGXIAN



OVERLAY MAP OF MODULE:   .\Objects\KEIL (?C_STARTUP)


SEGMENT                                           DATA_GROUP 
  +--> CALLED SEGMENT                           START    LENGTH
---------------------------------------------------------------
?C_C51STARTUP                                   -----    -----
  +--> ?PR?MAIN?SUSONGXIAN
  +--> ?C_INITSEG

?PR?MAIN?SUSONGXIAN                             -----    -----
BL51 BANKED LINKER/LOCATER V6.22                                                      04/28/2017  16:37:50  PAGE 3


  +--> ?PR?INITIAL?SUSONGXIAN
  +--> ?PR?INIT_MACHINE?SUSONGXIAN
  +--> ?PR?SYSTEMCONTROL?SUSONGXIAN
  +--> ?PR?UNACTIVECANTRANSFER?SUSONGXIAN
  +--> ?PR?ACTIVECANTRANSFER?SUSONGXIAN
  +--> ?PR?RUNLEDDIS?SUSONGXIAN

?PR?INITIAL?SUSONGXIAN                          -----    -----
  +--> ?PR?OSCILLATOR_INIT?SUSONGXIAN
  +--> ?PR?WATCHDOG_INIT?SUSONGXIAN
  +--> ?PR?PORT_INIT?SUSONGXIAN
  +--> ?PR?TIMER01_INIT?SUSONGXIAN
  +--> ?PR?INIT_PARA?SUSONGXIAN

?PR?INIT_PARA?SUSONGXIAN                        -----    -----
  +--> ?PR?BOARD_PARAMETER_SETUP?SUSONGXIAN
  +--> ?PR?READ_FROM_FLASH?SUSONGXIAN

?PR?BOARD_PARAMETER_SETUP?SUSONGXIAN            -----    -----
  +--> ?PR?INIT_CAN1_1?CAN1

?PR?INIT_CAN1_1?CAN1                            0022H    0001H
  +--> ?PR?CLEAR_MSG_OBJECTS?CAN1
  +--> ?PR?_INIT_MSG_OBJECT_TX?CAN1
  +--> ?PR?_INIT_MSG_OBJECT_RX?CAN1
  +--> ?PR?START_CAN?CAN1

?PR?SYSTEMCONTROL?SUSONGXIAN                    -----    -----
  +--> ?PR?DC_MOTORCTRL?SUSONGXIAN
  +--> ?PR?_SERVOMOTORCRTL?SUSONGXIAN
  +--> ?PR?AUTOTASKASSIGNMENT1?SUSONGXIAN
  +--> ?PR?_AUTORUNMODE1?SUSONGXIAN
  +--> ?PR?AUTOTASKASSIGNMENT3?SUSONGXIAN
  +--> ?PR?_AUTORUNMODE3?SUSONGXIAN
  +--> ?PR?AUTOTASKASSIGNMENT2?SUSONGXIAN
  +--> ?PR?_AUTORUNMODE2?SUSONGXIAN

?PR?DC_MOTORCTRL?SUSONGXIAN                     0022H    0001H
  +--> ?PR?_DELAY_MS?SUSONGXIAN
  +--> ?PR?DCMOTOR_CTL?SUSONGXIAN

?PR?_DELAY_MS?SUSONGXIAN                        005FH    0004H
  +--> ?PR?_DELAY1?SUSONGXIAN

?PR?_SERVOMOTORCRTL?SUSONGXIAN                  0022H    0001H
  +--> ?PR?_SEND_TO_MOTORDRIVER_CTL?SUSONGXIAN
  +--> ?PR?SEND_TO_MOTOR?SUSONGXIAN
  +--> ?PR?RETURNTOPOINT?SUSONGXIAN

?PR?_SEND_TO_MOTORDRIVER_CTL?SUSONGXIAN         0023H    0034H
  +--> ?PR?_UART0SEND?SUSONGXIAN

?PR?_UART0SEND?SUSONGXIAN                       0057H    0008H
  +--> ?PR?_CRC_CHK?SUSONGXIAN
  +--> ?PR?_DELAY_MS?SUSONGXIAN

?PR?_CRC_CHK?SUSONGXIAN                         005FH    0006H
BL51 BANKED LINKER/LOCATER V6.22                                                      04/28/2017  16:37:50  PAGE 4



?PR?SEND_TO_MOTOR?SUSONGXIAN                    -----    -----
  +--> ?PR?_DELAY_MS?SUSONGXIAN
  +--> ?PR?_UART0SEND?SUSONGXIAN

?PR?RETURNTOPOINT?SUSONGXIAN                    -----    -----
  +--> ?PR?_SEND_TO_MOTORDRIVER_CTL?SUSONGXIAN

?PR?AUTOTASKASSIGNMENT1?SUSONGXIAN              0022H    0001H
  +--> ?PR?_SERVOMOTORINP?SUSONGXIAN

?PR?_SERVOMOTORINP?SUSONGXIAN                   0023H    0001H
  +--> ?PR?_DELAY_MS?SUSONGXIAN
  +--> ?PR?_UART0SEND?SUSONGXIAN

?PR?_AUTORUNMODE1?SUSONGXIAN                    -----    -----
  +--> ?PR?_SEND_TO_MOTORDRIVER_CTL?SUSONGXIAN
  +--> ?PR?SEND_TO_MOTOR?SUSONGXIAN

?PR?_AUTORUNMODE3?SUSONGXIAN                    0022H    0001H
  +--> ?PR?DEVIATIONREMOVAL?SUSONGXIAN
  +--> ?PR?_SEND_TO_MOTORDRIVER_CTL?SUSONGXIAN
  +--> ?PR?_DELAY_MS?SUSONGXIAN

?PR?DEVIATIONREMOVAL?SUSONGXIAN                 -----    -----
  +--> ?PR?_SEND_TO_MOTORDRIVER_CTL?SUSONGXIAN

?PR?AUTOTASKASSIGNMENT2?SUSONGXIAN              0022H    0001H
  +--> ?PR?_SERVOMOTORINP?SUSONGXIAN
  +--> ?PR?_INIT_MSG_OBJECT_TX?CAN1
  +--> ?PR?_FZSSXLEFTFZ?SUSONGXIAN
  +--> ?PR?_FZSSXRIGHTFZ?SUSONGXIAN
  +--> ?PR?_SAMPCBDATAACQUISITION?SUSONGXIAN

?PR?_FZSSXLEFTFZ?SUSONGXIAN                     -----    -----
  +--> ?PR?_CAN1_TRANSMIT?CAN1

?PR?_CAN1_TRANSMIT?CAN1                         0023H    0004H

?PR?_FZSSXRIGHTFZ?SUSONGXIAN                    -----    -----
  +--> ?PR?_CAN1_TRANSMIT?CAN1

?PR?_SAMPCBDATAACQUISITION?SUSONGXIAN           0023H    0001H
  +--> ?PR?_DELAY_MS?SUSONGXIAN
  +--> ?PR?_UART0SEND?SUSONGXIAN

?PR?_AUTORUNMODE2?SUSONGXIAN                    0022H    0001H
  +--> ?PR?_DELAY_MS?SUSONGXIAN
  +--> ?PR?_SEND_TO_MOTORDRIVER_CTL?SUSONGXIAN
  +--> ?PR?SEND_TO_MOTOR?SUSONGXIAN

?PR?UNACTIVECANTRANSFER?SUSONGXIAN              -----    -----
  +--> ?PR?CANSETPRABACK?SUSONGXIAN
  +--> ?PR?TRANFORSATATIONINFOR?SUSONGXIAN

?PR?CANSETPRABACK?SUSONGXIAN                    -----    -----
  +--> ?PR?_CAN1_TRANSMIT?CAN1
BL51 BANKED LINKER/LOCATER V6.22                                                      04/28/2017  16:37:50  PAGE 5



?PR?TRANFORSATATIONINFOR?SUSONGXIAN             -----    -----
  +--> ?PR?_CAN1_TRANSMIT?CAN1

?PR?ACTIVECANTRANSFER?SUSONGXIAN                -----    -----
  +--> ?PR?_CAN1_TRANSMIT?CAN1

*** NEW ROOT ***************************************************

?PR?ISRNAME?CAN1                                0065H    0002H
  +--> ?PR?_CAN1_RECEIVE?CAN1
  +--> ?PR?WRITE_TO_FLASH?SUSONGXIAN

?PR?_CAN1_RECEIVE?CAN1                          0067H    0003H



SYMBOL TABLE OF MODULE:  .\Objects\KEIL (?C_STARTUP)

  VALUE           TYPE          NAME
  ----------------------------------

  -------         MODULE        ?C_STARTUP
  C:2048H         SEGMENT       ?C_C51STARTUP
  I:006AH         SEGMENT       ?STACK
  C:0000H         PUBLIC        ?C_STARTUP
  D:00E0H         SYMBOL        ACC
  D:00F0H         SYMBOL        B
  D:0083H         SYMBOL        DPH
  D:0082H         SYMBOL        DPL
  N:0000H         SYMBOL        IBPSTACK
  N:0100H         SYMBOL        IBPSTACKTOP
  N:0080H         SYMBOL        IDATALEN
  C:204EH         SYMBOL        IDATALOOP
  N:0000H         SYMBOL        PBPSTACK
  N:0100H         SYMBOL        PBPSTACKTOP
  D:00D9H         SYMBOL        PCA0MD
  N:0000H         SYMBOL        PDATALEN
  N:0000H         SYMBOL        PDATASTART
  N:0000H         SYMBOL        PPAGE
  N:0000H         SYMBOL        PPAGEENABLE
  D:00A0H         SYMBOL        PPAGE_SFR
  D:0081H         SYMBOL        SP
  C:2048H         SYMBOL        STARTUP1
  N:0000H         SYMBOL        XBPSTACK
  N:0000H         SYMBOL        XBPSTACKTOP
  N:0000H         SYMBOL        XDATALEN
  N:0000H         SYMBOL        XDATASTART
  C:0000H         LINE#         127
  C:2048H         LINE#         134
  C:204BH         LINE#         136
  C:204DH         LINE#         137
  C:204EH         LINE#         138
  C:204FH         LINE#         139
  C:2051H         LINE#         188
  C:2054H         LINE#         199
  -------         ENDMOD        ?C_STARTUP
BL51 BANKED LINKER/LOCATER V6.22                                                      04/28/2017  16:37:50  PAGE 6



  -------         MODULE        CAN1
  C:0000H         SYMBOL        _ICE_DUMMY_
  D:0080H         PUBLIC        P0
  D:0090H         PUBLIC        P1
  D:00A0H         PUBLIC        P2
  C:28D9H         PUBLIC        clear_msg_objects
  D:00B0H         PUBLIC        P3
  D:00C8H         PUBLIC        P4
  D:00D8H         PUBLIC        P5
  B:00A8H.7       PUBLIC        EA
  D:00E7H         PUBLIC        EIE2
  D:00E8H         PUBLIC        ADC0CN
  D:0084H         PUBLIC        SFRPAGE
  C:27D6H         PUBLIC        init_can1_1
  D:00E8H         PUBLIC        ADC2CN
  B:00B0H.4       PUBLIC        LED8
  D:00A8H         PUBLIC        IE
  D:00F7H         PUBLIC        EIP2
  C:0A66H         PUBLIC        ISRname
  D:00F8H         PUBLIC        CAN0CN
  D:00D8H         PUBLIC        PCA0CN
  D:00B8H         PUBLIC        IP
  D:00E4H         PUBLIC        XBR3
  X:0119H         PUBLIC        CANRXBUF_ZKB
  D:00C0H         PUBLIC        SMB0CN
  D:00D9H         PUBLIC        CAN0DATH
  D:00D8H         PUBLIC        CAN0DATL
  D:0088H         PUBLIC        CPT0CN
  D:0088H         PUBLIC        CPT1CN
  D:0088H         PUBLIC        CPT2CN
  C:259EH         PUBLIC        _can1_receive
  D:00F8H         PUBLIC        SPI0CN
  D:0088H         PUBLIC        TCON
  D:00C8H         PUBLIC        TMR2CN
  D:00C8H         PUBLIC        TMR3CN
  D:00C8H         PUBLIC        TMR4CN
  C:21EFH         PUBLIC        _can1_transmit
  C:26AEH         PUBLIC        _init_msg_object_RX
  C:25E6H         PUBLIC        _init_msg_object_TX
  X:0121H         PUBLIC        CANINDEX
  D:00DAH         PUBLIC        CAN0ADR
  D:00D8H         PUBLIC        CAN0DAT
  C:266FH         PUBLIC        start_CAN
  D:0098H         PUBLIC        SCON0
  D:0098H         PUBLIC        SCON1
  D:00C0H         PUBLIC        CAN0STA
  X:0122H         PUBLIC        CANaddress1
  D:00D0H         PUBLIC        PSW
  -------         PROC          INIT_CAN1_1
  -------         DO            
  D:0022H         SYMBOL        SFRPAGE_SAVE
  -------         ENDDO         
  C:27D6H         LINE#         128
  C:27D6H         LINE#         129
  C:27D6H         LINE#         137
  C:27D9H         LINE#         138
BL51 BANKED LINKER/LOCATER V6.22                                                      04/28/2017  16:37:50  PAGE 7


  C:27DCH         LINE#         139
  C:27DFH         LINE#         140
  C:27E1H         LINE#         142
  C:27E4H         LINE#         144
  C:27F3H         LINE#         146
  C:27FFH         LINE#         151
  C:2802H         LINE#         153
  C:2805H         LINE#         155
  C:2808H         LINE#         157
  C:280AH         LINE#         158
  C:280DH         LINE#         159
  -------         ENDPROC       INIT_CAN1_1
  -------         PROC          CLEAR_MSG_OBJECTS
  -------         DO            
  D:0006H         SYMBOL        i
  D:0007H         SYMBOL        SFRPAGE_SAVE
  -------         ENDDO         
  C:28D9H         LINE#         164
  C:28D9H         LINE#         165
  C:28D9H         LINE#         167
  C:28DBH         LINE#         168
  C:28DEH         LINE#         169
  C:28E1H         LINE#         170
  C:28E4H         LINE#         171
  C:28E6H         LINE#         172
  C:28E6H         LINE#         173
  C:28E9H         LINE#         174
  C:28EBH         LINE#         175
  C:28EFH         LINE#         176
  C:28F1H         LINE#         177
  -------         ENDPROC       CLEAR_MSG_OBJECTS
  -------         PROC          _INIT_MSG_OBJECT_RX
  D:0003H         SYMBOL        MsgNum
  D:0004H         SYMBOL        id
  -------         DO            
  D:0006H         SYMBOL        temp
  D:0002H         SYMBOL        SFRPAGE_SAVE
  -------         ENDDO         
  C:26AEH         LINE#         180
  C:26B0H         LINE#         181
  C:26B0H         LINE#         183
  C:26B2H         LINE#         184
  C:26B5H         LINE#         185
  C:26B8H         LINE#         186
  C:26BEH         LINE#         188
  C:26C1H         LINE#         189
  C:26C6H         LINE#         190
  C:26D3H         LINE#         191
  C:26D6H         LINE#         192
  C:26D9H         LINE#         193
  C:26DDH         LINE#         195
  C:26E3H         LINE#         198
  C:26E6H         LINE#         199
  C:26E8H         LINE#         202
  C:26EAH         LINE#         203
  -------         ENDPROC       _INIT_MSG_OBJECT_RX
  -------         PROC          _INIT_MSG_OBJECT_TX
BL51 BANKED LINKER/LOCATER V6.22                                                      04/28/2017  16:37:50  PAGE 8


  D:0003H         SYMBOL        MsgNum
  D:0004H         SYMBOL        id
  -------         DO            
  D:0006H         SYMBOL        temp
  D:0002H         SYMBOL        SFRPAGE_SAVE
  -------         ENDDO         
  C:25E6H         LINE#         206
  C:25E8H         LINE#         207
  C:25E8H         LINE#         209
  C:25EAH         LINE#         210
  C:25EDH         LINE#         211
  C:25F0H         LINE#         212
  C:25F6H         LINE#         213
  C:25F9H         LINE#         214
  C:25FEH         LINE#         215
  C:260BH         LINE#         216
  C:260EH         LINE#         217
  C:2611H         LINE#         218
  C:2615H         LINE#         220
  C:261BH         LINE#         223
  C:261EH         LINE#         224
  C:2628H         LINE#         227
  C:262AH         LINE#         228
  -------         ENDPROC       _INIT_MSG_OBJECT_TX
  -------         PROC          START_CAN
  -------         DO            
  D:0007H         SYMBOL        SFRPAGE_SAVE
  -------         ENDDO         
  C:266FH         LINE#         230
  C:266FH         LINE#         231
  C:266FH         LINE#         273
  C:2671H         LINE#         274
  C:2674H         LINE#         275
  C:2677H         LINE#         276
  C:267AH         LINE#         278
  C:2682H         LINE#         279
  C:2682H         LINE#         280
  C:2688H         LINE#         281
  C:268AH         LINE#         282
  C:268EH         LINE#         283
  C:268EH         LINE#         284
  C:2694H         LINE#         285
  C:2696H         LINE#         286
  C:269AH         LINE#         287
  C:269AH         LINE#         288
  C:26A0H         LINE#         289
  C:26A2H         LINE#         291
  C:26A2H         LINE#         292
  C:26A8H         LINE#         293
  C:26A8H         LINE#         295
  C:26ABH         LINE#         297
  C:26ADH         LINE#         298
  -------         ENDPROC       START_CAN
  -------         PROC          _CAN1_TRANSMIT
  D:0005H         SYMBOL        MsgNum
  D:0023H         SYMBOL        buf
  -------         DO            
BL51 BANKED LINKER/LOCATER V6.22                                                      04/28/2017  16:37:50  PAGE 9


  D:0007H         SYMBOL        i
  D:0026H         SYMBOL        SFRPAGE_SAVE
  -------         ENDDO         
  C:21EFH         LINE#         301
  C:21F7H         LINE#         302
  C:21F7H         LINE#         304
  C:21FAH         LINE#         305
  C:21FDH         LINE#         307
  C:2202H         LINE#         308
  C:2205H         LINE#         309
  C:2223H         LINE#         310
  C:2223H         LINE#         311
  C:222CH         LINE#         312
  C:222DH         LINE#         314
  C:222DH         LINE#         316
  C:222FH         LINE#         317
  C:2232H         LINE#         318
  C:2238H         LINE#         320
  C:223BH         LINE#         321
  C:2243H         LINE#         322
  C:2243H         LINE#         323
  C:2255H         LINE#         324
  C:225FH         LINE#         325
  C:2263H         LINE#         326
  C:2266H         LINE#         327
  C:2268H         LINE#         328
  C:226AH         LINE#         329
  C:226DH         LINE#         330
  -------         ENDPROC       _CAN1_TRANSMIT
  -------         PROC          _CAN1_RECEIVE
  D:0007H         SYMBOL        MsgNum
  D:0067H         SYMBOL        buf
  -------         DO            
  D:0007H         SYMBOL        i
  D:0006H         SYMBOL        SFRPAGE_SAVE
  -------         ENDDO         
  C:259EH         LINE#         334
  C:25A4H         LINE#         335
  C:25A4H         LINE#         337
  C:25A6H         LINE#         338
  C:25A9H         LINE#         339
  C:25ACH         LINE#         340
  C:25AFH         LINE#         341
  C:25B1H         LINE#         342
  C:25B4H         LINE#         343
  C:25B6H         LINE#         346
  C:25B9H         LINE#         347
  C:25C1H         LINE#         348
  C:25C1H         LINE#         349
  C:25D3H         LINE#         350
  C:25DDH         LINE#         351
  C:25E1H         LINE#         352
  C:25E3H         LINE#         353
  C:25E5H         LINE#         354
  -------         ENDPROC       _CAN1_RECEIVE
  -------         PROC          ISRNAME
  -------         DO            
BL51 BANKED LINKER/LOCATER V6.22                                                      04/28/2017  16:37:50  PAGE 10


  D:0065H         SYMBOL        status
  D:0006H         SYMBOL        intstate
  D:0066H         SYMBOL        temp
  -------         ENDDO         
  C:0A66H         LINE#         359
  C:0A83H         LINE#         364
  C:0A86H         LINE#         365
  C:0A89H         LINE#         366
  C:0A8CH         LINE#         367
  C:0A94H         LINE#         368
  C:0A94H         LINE#         369
  C:0A9CH         LINE#         371
  C:0A9FH         LINE#         372
  C:0AA3H         LINE#         373
  C:0AAAH         LINE#         374
  C:0AAAH         LINE#         375
  C:0AB5H         LINE#         376
  C:0B17H         LINE#         377
  C:0B17H         LINE#         378
  C:0B17H         LINE#         379
  C:0B1FH         LINE#         380
  C:0B27H         LINE#         381
  C:0B2FH         LINE#         382
  C:0B3EH         LINE#         383
  C:0B57H         LINE#         384
  C:0B80H         LINE#         385
  C:0B99H         LINE#         386
  C:0BC2H         LINE#         387
  C:0BDBH         LINE#         388
  C:0C01H         LINE#         389
  C:0C01H         LINE#         390
  C:0C01H         LINE#         391
  C:0C04H         LINE#         393
  C:0C04H         LINE#         394
  C:0C0CH         LINE#         395
  C:0C14H         LINE#         396
  C:0C1CH         LINE#         397
  C:0C2BH         LINE#         398
  C:0C44H         LINE#         399
  C:0C6DH         LINE#         400
  C:0C86H         LINE#         401
  C:0CAFH         LINE#         402
  C:0CC8H         LINE#         403
  C:0CF1H         LINE#         404
  C:0CF1H         LINE#         405
  C:0CF1H         LINE#         406
  C:0CF4H         LINE#         408
  C:0CF4H         LINE#         409
  C:0CFCH         LINE#         410
  C:0D04H         LINE#         411
  C:0D0CH         LINE#         412
  C:0D24H         LINE#         413
  C:0D38H         LINE#         414
  C:0D4CH         LINE#         415
  C:0D60H         LINE#         416
  C:0D60H         LINE#         417
  C:0D60H         LINE#         418
BL51 BANKED LINKER/LOCATER V6.22                                                      04/28/2017  16:37:50  PAGE 11


  C:0D63H         LINE#         420
  C:0D63H         LINE#         421
  C:0D6BH         LINE#         422
  C:0D73H         LINE#         423
  C:0D7BH         LINE#         424
  C:0D93H         LINE#         425
  C:0DA7H         LINE#         426
  C:0DBBH         LINE#         427
  C:0DCFH         LINE#         428
  C:0DCFH         LINE#         429
  C:0DCFH         LINE#         430
  C:0DD2H         LINE#         432
  C:0DD2H         LINE#         433
  C:0DDAH         LINE#         434
  C:0DE2H         LINE#         435
  C:0DEAH         LINE#         436
  C:0E02H         LINE#         437
  C:0E16H         LINE#         438
  C:0E2AH         LINE#         439
  C:0E3EH         LINE#         440
  C:0E3EH         LINE#         441
  C:0E3EH         LINE#         442
  C:0E41H         LINE#         444
  C:0E41H         LINE#         445
  C:0E49H         LINE#         446
  C:0E51H         LINE#         447
  C:0E59H         LINE#         448
  C:0E71H         LINE#         449
  C:0E85H         LINE#         450
  C:0E99H         LINE#         451
  C:0EADH         LINE#         452
  C:0EADH         LINE#         453
  C:0EADH         LINE#         454
  C:0EB0H         LINE#         456
  C:0EB0H         LINE#         457
  C:0EB8H         LINE#         458
  C:0EC0H         LINE#         459
  C:0EC8H         LINE#         460
  C:0EE1H         LINE#         461
  C:0EF6H         LINE#         462
  C:0F0BH         LINE#         463
  C:0F20H         LINE#         464
  C:0F20H         LINE#         465
  C:0F20H         LINE#         466
  C:0F23H         LINE#         468
  C:0F23H         LINE#         469
  C:0F2BH         LINE#         470
  C:0F33H         LINE#         471
  C:0F3BH         LINE#         472
  C:0F54H         LINE#         473
  C:0F69H         LINE#         474
  C:0F69H         LINE#         475
  C:0F69H         LINE#         476
  C:0F6BH         LINE#         478
  C:0F6BH         LINE#         479
  C:0F73H         LINE#         480
  C:0F7BH         LINE#         481
BL51 BANKED LINKER/LOCATER V6.22                                                      04/28/2017  16:37:50  PAGE 12


  C:0F83H         LINE#         482
  C:0F9CH         LINE#         483
  C:0FB1H         LINE#         484
  C:0FB1H         LINE#         485
  C:0FB1H         LINE#         486
  C:0FB3H         LINE#         488
  C:0FB3H         LINE#         489
  C:0FBBH         LINE#         490
  C:0FC3H         LINE#         491
  C:0FCBH         LINE#         492
  C:0FE3H         LINE#         493
  C:0FE8H         LINE#         494
  C:0FEAH         LINE#         495
  C:0FEDH         LINE#         497
  C:0FEDH         LINE#         498
  C:0FF5H         LINE#         499
  C:0FFDH         LINE#         500
  C:1005H         LINE#         501
  C:1008H         LINE#         502
  C:1008H         LINE#         503
  C:100AH         LINE#         504
  C:100AH         LINE#         511
  C:100AH         LINE#         515
  C:100AH         LINE#         520
  C:100AH         LINE#         521
  C:100CH         LINE#         523
  C:100CH         LINE#         527
  C:1012H         LINE#         532
  C:1017H         LINE#         533
  C:101AH         LINE#         535
  C:101AH         LINE#         542
  C:101AH         LINE#         549
  C:101AH         LINE#         556
  C:101AH         LINE#         563
  C:101AH         LINE#         570
  C:101AH         LINE#         577
  C:101AH         LINE#         584
  C:101AH         LINE#         585
  C:1022H         LINE#         586
  C:102AH         LINE#         587
  C:1032H         LINE#         588
  C:1032H         LINE#         589
  C:1032H         LINE#         591
  C:1037H         LINE#         596
  C:103AH         LINE#         598
  C:103AH         LINE#         599
  C:1043H         LINE#         600
  C:1043H         LINE#         602
  C:1043H         LINE#         604
  C:1043H         LINE#         605
  C:104BH         LINE#         606
  C:1053H         LINE#         607
  C:105BH         LINE#         609
  C:106AH         LINE#         610
  C:1083H         LINE#         611
  C:10ACH         LINE#         612
  C:10C5H         LINE#         613
BL51 BANKED LINKER/LOCATER V6.22                                                      04/28/2017  16:37:50  PAGE 13


  C:10EEH         LINE#         614
  C:1107H         LINE#         615
  C:1130H         LINE#         617
  C:1130H         LINE#         619
  C:1130H         LINE#         621
  C:1130H         LINE#         622
  C:1130H         LINE#         623
  C:1130H         LINE#         624
  C:1130H         LINE#         625
  C:1132H         LINE#         627
  C:1132H         LINE#         628
  C:113BH         LINE#         629
  C:113BH         LINE#         631
  C:113BH         LINE#         633
  C:113BH         LINE#         634
  C:1143H         LINE#         635
  C:114BH         LINE#         636
  C:1153H         LINE#         637
  C:1159H         LINE#         639
  C:1160H         LINE#         641
  C:1164H         LINE#         642
  C:1164H         LINE#         643
  C:1164H         LINE#         644
  C:1164H         LINE#         645
  C:1166H         LINE#         647
  C:1166H         LINE#         649
  C:116EH         LINE#         651
  C:116EH         LINE#         652
  C:1171H         LINE#         654
  C:1171H         LINE#         656
  C:117AH         LINE#         657
  C:117AH         LINE#         659
  C:117AH         LINE#         661
  C:117AH         LINE#         662
  C:1182H         LINE#         663
  C:118AH         LINE#         664
  C:1192H         LINE#         665
  C:1198H         LINE#         668
  C:119EH         LINE#         669
  C:119EH         LINE#         670
  C:119EH         LINE#         671
  C:11A0H         LINE#         675
  C:11A0H         LINE#         676
  C:11A6H         LINE#         677
  C:11A6H         LINE#         678
  C:11A6H         LINE#         680
  C:11A6H         LINE#         681
  C:11AEH         LINE#         682
  C:11B6H         LINE#         683
  C:11BEH         LINE#         684
  C:11C4H         LINE#         686
  C:11CAH         LINE#         687
  C:11CAH         LINE#         688
  C:11CAH         LINE#         689
  C:11CCH         LINE#         692
  C:11CCH         LINE#         693
  C:11D2H         LINE#         694
BL51 BANKED LINKER/LOCATER V6.22                                                      04/28/2017  16:37:50  PAGE 14


  C:11D2H         LINE#         695
  C:11D2H         LINE#         697
  C:11D2H         LINE#         698
  C:11DAH         LINE#         699
  C:11E2H         LINE#         700
  C:11EAH         LINE#         701
  C:11F0H         LINE#         703
  C:11F6H         LINE#         704
  C:11FCH         LINE#         705
  C:11FCH         LINE#         706
  C:11FCH         LINE#         709
  C:11FCH         LINE#         710
  C:11FCH         LINE#         711
  C:11FCH         LINE#         712
  C:11FCH         LINE#         738
  C:11FEH         LINE#         739
  C:11FEH         LINE#         740
  C:1203H         LINE#         741
  C:1203H         LINE#         742
  C:120BH         LINE#         743
  C:120BH         LINE#         744
  C:1215H         LINE#         745
  C:1215H         LINE#         747
  C:1218H         LINE#         748
  C:121DH         LINE#         749
  C:121DH         LINE#         750
  C:1220H         LINE#         751
  C:1220H         LINE#         753
  C:1222H         LINE#         754
  C:1222H         LINE#         755
  C:1225H         LINE#         756
  -------         ENDPROC       ISRNAME
  -------         ENDMOD        CAN1

  -------         MODULE        SUSONGXIAN
  C:0000H         SYMBOL        _ICE_DUMMY_
  C:1721H         PUBLIC        _ServomotorCRTL
  D:0080H         PUBLIC        P0
  C:000EH         PUBLIC        DCmotor_CTL
  D:0090H         PUBLIC        P1
  D:00FFH         PUBLIC        WDTCN
  D:00A0H         PUBLIC        P2
  D:00B0H         PUBLIC        P3
  C:18E4H         PUBLIC        Timer0_ISR
  C:226EH         PUBLIC        UnactiveCANtransfer
  X:0000H         PUBLIC        repair_flag
  D:00C8H         PUBLIC        P4
  X:0001H         PUBLIC        Servomotor_addtime
  X:0005H         PUBLIC        Servoparadisplace
  D:00D8H         PUBLIC        P5
  C:1C2DH         PUBLIC        send_to_motor
  B:00A8H.7       PUBLIC        EA
  X:0009H         PUBLIC        timer0_cn
  D:00F8H         PUBLIC        P7
  C:009EH         PUBLIC        TRANFORSATATIONINFOR
  B:00A0H.6       PUBLIC        LED2
  D:008FH         PUBLIC        PSCTL
BL51 BANKED LINKER/LOCATER V6.22                                                      04/28/2017  16:37:50  PAGE 15


  B:0090H.0       PUBLIC        LED3
  C:1DC7H         PUBLIC        _AUTORUNMODE1
  B:0090H.2       PUBLIC        LED4
  C:150EH         PUBLIC        _AUTORUNMODE2
  B:0090H.4       PUBLIC        LED5
  D:00E8H         PUBLIC        ADC0CN
  D:0084H         PUBLIC        SFRPAGE
  C:23CBH         PUBLIC        _AUTORUNMODE3
  D:00A4H         PUBLIC        P0MDOUT
  B:0020H.0       PUBLIC        Time_FLAG
  D:00E8H         PUBLIC        ADC2CN
  D:00A5H         PUBLIC        P1MDOUT
  X:000AH         PUBLIC        Alarm_cout
  D:00A8H         PUBLIC        IE
  D:00A6H         PUBLIC        P2MDOUT
  X:000BH         PUBLIC        INDEX_COMAND
  D:00A7H         PUBLIC        P3MDOUT
  D:009CH         PUBLIC        P4MDOUT
  D:009DH         PUBLIC        P5MDOUT
  D:009EH         PUBLIC        P6MDOUT
  D:009FH         PUBLIC        P7MDOUT
  D:00F8H         PUBLIC        CAN0CN
  D:00A3H         PUBLIC        EMI0CF
  C:28F2H         PUBLIC        Returntopoint
  X:000CH         PUBLIC        Servoparaaddtime
  D:00D8H         PUBLIC        PCA0CN
  D:00B8H         PUBLIC        IP
  B:0020H.1       PUBLIC        Step_FLAG
  C:2505H         PUBLIC        _Send_to_Motordriver_CTL
  X:0010H         PUBLIC        RxBuf1
  X:0023H         PUBLIC        strlen
  X:0024H         PUBLIC        T0Counter2
  B:0080H.6       PUBLIC        motor1_ENB
  X:0025H         PUBLIC        T0Counter3
  D:00E1H         PUBLIC        XBR0
  D:00E2H         PUBLIC        XBR1
  C:1F1FH         PUBLIC        ActiveCANtransfer
  X:0026H         PUBLIC        T0Counter5
  D:00E3H         PUBLIC        XBR2
  C:254DH         PUBLIC        Serial_Port_Interrupt
  X:0027H         PUBLIC        T0Counter6
  X:0029H         PUBLIC        AUTOCMD_TIME
  X:002AH         PUBLIC        T0Counter7
  B:0020H.2       PUBLIC        ONCE_FLAG
  X:002CH         PUBLIC        T0Counter8
  D:0008H         PUBLIC        aaa
  C:293AH         PUBLIC        Deviationremoval
  D:00C0H         PUBLIC        SMB0CN
  X:002DH         PUBLIC        Servomotor_subtime
  C:2923H         PUBLIC        main
  C:280EH         PUBLIC        read_from_flash
  X:0031H         PUBLIC        CANTXBUF_ZKB
  D:0088H         PUBLIC        CPT0CN
  D:00ADH         PUBLIC        P1MDIN
  D:0088H         PUBLIC        CPT1CN
  D:00AEH         PUBLIC        P2MDIN
  D:0088H         PUBLIC        CPT2CN
BL51 BANKED LINKER/LOCATER V6.22                                                      04/28/2017  16:37:50  PAGE 16


  C:0003H         PUBLIC        Watchdog_Init
  D:00AFH         PUBLIC        P3MDIN
  D:00F8H         PUBLIC        SPI0CN
  C:22E9H         PUBLIC        _ServomotorINP
  D:0087H         PUBLIC        PCON
  X:0039H         PUBLIC        RecPointer1
  X:003AH         PUBLIC        ShowTime
  D:0089H         PUBLIC        TMOD
  D:0088H         PUBLIC        TCON
  B:0020H.3       PUBLIC        AUTO_FLAG
  X:003CH         PUBLIC        Servoparasubtime
  X:0040H         PUBLIC        nCANcomand
  D:00C8H         PUBLIC        TMR2CN
  X:0041H         PUBLIC        Servopara
  D:00C8H         PUBLIC        TMR3CN
  B:00C8H.3       PUBLIC        DE1
  D:00C8H         PUBLIC        TMR4CN
  X:00ACH         PUBLIC        Servomotor_speed
  B:0020H.4       PUBLIC        Receive_command_finished
  C:20D7H         PUBLIC        init_para
  C:2763H         PUBLIC        PORT_Init
  X:00B0H         PUBLIC        buf
  B:0020H.5       PUBLIC        Time_FLAG1
  B:0020H.6       PUBLIC        SAMPLE_FLAG
  D:0097H         PUBLIC        CLKSEL
  X:00CEH         PUBLIC        system_crtl
  X:00D1H         PUBLIC        Servoparastation
  C:2166H         PUBLIC        AUTOTaskassignment1
  C:295AH         PUBLIC        _delay1
  C:2727H         PUBLIC        _FZSSXRightFZ
  C:1240H         PUBLIC        AUTOTaskassignment2
  C:0026H         PUBLIC        AUTOTaskassignment3
  B:00C8H.1       PUBLIC        RE1
  B:00A8H.4       PUBLIC        ES0
  B:0020H.7       PUBLIC        RecFlag1
  X:00D2H         PUBLIC        Shaft1_Run_mode
  X:00D3H         PUBLIC        CANcomand
  B:00A8H.1       PUBLIC        ET0
  B:0088H.5       PUBLIC        TF0
  B:0098H.0       PUBLIC        RI0
  B:0088H.7       PUBLIC        TF1
  X:00D4H         PUBLIC        Rec1
  D:008CH         PUBLIC        TH0
  B:00D8H.3       PUBLIC        DC_motor1
  B:0098H.1       PUBLIC        TI0
  D:008DH         PUBLIC        TH1
  C:279DH         PUBLIC        Initial
  X:00F2H         PUBLIC        Servoparaspeed
  B:00D8H.1       PUBLIC        DC_motor2
  B:0021H.0       PUBLIC        CANINFOR_FLAG
  C:26EBH         PUBLIC        _FZSSXLeftFZ
  B:00A0H.2       PUBLIC        MONITOR_INPUT1
  B:00D8H.7       PUBLIC        DC_motor3
  B:0021H.1       PUBLIC        START_FINISHFLAG
  X:00F6H         PUBLIC        Shaft1_aim_pulse
  X:00FAH         PUBLIC        AUTOCMD_CHECK
  B:0080H.3       PUBLIC        MONITOR_INPUT2
BL51 BANKED LINKER/LOCATER V6.22                                                      04/28/2017  16:37:50  PAGE 17


  B:00D8H.5       PUBLIC        DC_motor4
  D:008CH         PUBLIC        OSCXCN
  D:008AH         PUBLIC        TL0
  C:249BH         PUBLIC        _crc_chk
  B:0080H.2       PUBLIC        MONITOR_INPUT3
  D:008BH         PUBLIC        TL1
  B:00A0H.0       PUBLIC        MONITOR_INPUT4
  C:1A13H         PUBLIC        DC_motorCTRL
  C:284BH         PUBLIC        _delay_ms
  X:00FBH         PUBLIC        BPSSET
  B:00B8H.1       PUBLIC        PT0
  D:0009H         PUBLIC        sum
  B:00B8H.5       PUBLIC        PT2
  B:0088H.4       PUBLIC        TR0
  B:0088H.6       PUBLIC        TR1
  X:00FCH         PUBLIC        temppage
  C:1FBCH         PUBLIC        _Uart0Send
  C:286CH         PUBLIC        Timer01_Init
  B:0021H.2       PUBLIC        Receive485_command_finished
  X:00FDH         PUBLIC        Runmode
  D:0099H         PUBLIC        SBUF0
  C:262BH         PUBLIC        write_to_flash
  D:0098H         PUBLIC        SCON0
  D:0098H         PUBLIC        SCON1
  C:2434H         PUBLIC        _SAMPCBDataacquisition
  C:290BH         PUBLIC        Board_Parameter_Setup
  D:000AH         PUBLIC        i
  D:00C0H         PUBLIC        CAN0STA
  X:00FEH         PUBLIC        Sampleperiod
  C:294CH         PUBLIC        RunLEDDIS
  C:235FH         PUBLIC        SystemControl
  C:28B6H         PUBLIC        init_machine
  X:00FFH         PUBLIC        Servomotor_displace
  X:0103H         PUBLIC        AUTOCMD_STATE
  X:0104H         PUBLIC        AUTOnCANcomand
  X:0105H         PUBLIC        cmd_chk_cnt
  D:00B7H         PUBLIC        FLSCL
  D:000BH         PUBLIC        tempbuf
  C:2893H         PUBLIC        OSCILLATOR_Init
  X:0107H         PUBLIC        CANTRASTEMINFOR
  C:1E84H         PUBLIC        CANsetpraback
  X:0118H         PUBLIC        IDSET
  D:00D0H         PUBLIC        PSW
  C:2847H         SYMBOL        L?0469
  -------         PROC          L?0468
  -------         ENDPROC       L?0468
  C:2847H         SYMBOL        L?0469
  -------         PROC          _DELAY_MS
  D:005FH         SYMBOL        ms
  -------         DO            
  D:0061H         SYMBOL        us
  -------         ENDDO         
  C:284BH         LINE#         146
  C:284FH         LINE#         147
  C:284FH         LINE#         148
  C:2855H         LINE#         149
  C:2862H         LINE#         150
BL51 BANKED LINKER/LOCATER V6.22                                                      04/28/2017  16:37:50  PAGE 18


  C:2862H         LINE#         151
  C:2869H         LINE#         152
  C:286BH         LINE#         153
  -------         ENDPROC       _DELAY_MS
  -------         PROC          WATCHDOG_INIT
  C:0003H         LINE#         177
  C:0003H         LINE#         178
  C:0003H         LINE#         179
  C:0006H         LINE#         181
  C:0009H         LINE#         182
  -------         ENDPROC       WATCHDOG_INIT
  -------         PROC          INITIAL
  C:279DH         LINE#         187
  C:279DH         LINE#         188
  C:279DH         LINE#         189
  C:27A0H         LINE#         190
  C:27A3H         LINE#         191
  C:27A6H         LINE#         192
  C:27A9H         LINE#         196
  C:27ACH         LINE#         197
  C:27B4H         LINE#         198
  C:27BCH         LINE#         199
  C:27C2H         LINE#         200
  C:27C7H         LINE#         201
  C:27CAH         LINE#         202
  C:27CCH         LINE#         203
  C:27CEH         LINE#         205
  C:27D1H         LINE#         206
  C:27D3H         LINE#         207
  C:27D5H         LINE#         208
  -------         ENDPROC       INITIAL
  -------         PROC          TIMER01_INIT
  -------         DO            
  D:0007H         SYMBOL        SFRPAGE_SAVE
  -------         ENDDO         
  C:286CH         LINE#         209
  C:286CH         LINE#         210
  C:286CH         LINE#         211
  C:286EH         LINE#         212
  C:2871H         LINE#         213
  C:2874H         LINE#         214
  C:2876H         LINE#         215
  C:2879H         LINE#         216
  C:287CH         LINE#         217
  C:287EH         LINE#         218
  C:2880H         LINE#         219
  C:2883H         LINE#         220
  C:2885H         LINE#         221
  C:2887H         LINE#         222
  C:2889H         LINE#         223
  C:288BH         LINE#         224
  C:288EH         LINE#         227
  C:2890H         LINE#         228
  C:2892H         LINE#         229
  -------         ENDPROC       TIMER01_INIT
  -------         PROC          TIMER0_ISR
  -------         DO            
BL51 BANKED LINKER/LOCATER V6.22                                                      04/28/2017  16:37:50  PAGE 19


  D:0006H         SYMBOL        i
  D:0004H         SYMBOL        SFRPAGE_SAVE
  -------         ENDDO         
  C:18E4H         LINE#         235
  C:18F5H         LINE#         238
  C:18F7H         LINE#         242
  C:18FAH         LINE#         243
  C:18FDH         LINE#         245
  C:1903H         LINE#         246
  C:1907H         LINE#         247
  C:190BH         LINE#         248
  C:1919H         LINE#         249
  C:191FH         LINE#         250
  C:192DH         LINE#         251
  C:1933H         LINE#         252
  C:1941H         LINE#         253
  C:194DH         LINE#         254
  C:194DH         LINE#         255
  C:194FH         LINE#         256
  C:1951H         LINE#         257
  C:195DH         LINE#         258
  C:195DH         LINE#         259
  C:1975H         LINE#         260
  C:1981H         LINE#         261
  C:1984H         LINE#         262
  C:198CH         LINE#         263
  C:1991H         LINE#         264
  C:1991H         LINE#         269
  C:1994H         LINE#         270
  C:1997H         LINE#         271
  C:1997H         LINE#         273
  C:1999H         LINE#         274
  C:199BH         LINE#         277
  C:19A2H         LINE#         278
  C:19A4H         LINE#         280
  C:19A4H         LINE#         281
  C:19A6H         LINE#         282
  C:19ADH         LINE#         283
  C:19ADH         LINE#         285
  C:19B0H         LINE#         286
  C:19B3H         LINE#         287
  C:19B3H         LINE#         289
  C:19B5H         LINE#         292
  C:19BCH         LINE#         293
  C:19BEH         LINE#         295
  C:19BEH         LINE#         297
  C:19C5H         LINE#         298
  C:19C5H         LINE#         300
  C:19C8H         LINE#         301
  C:19CBH         LINE#         302
  C:19CBH         LINE#         303
  C:19CDH         LINE#         307
  C:19CFH         LINE#         308
  C:19D6H         LINE#         309
  C:19D8H         LINE#         311
  C:19D8H         LINE#         312
  C:19DAH         LINE#         313
BL51 BANKED LINKER/LOCATER V6.22                                                      04/28/2017  16:37:50  PAGE 20


  C:19E1H         LINE#         314
  C:19E1H         LINE#         316
  C:19E4H         LINE#         317
  C:19E7H         LINE#         318
  C:19E7H         LINE#         319
  C:19E9H         LINE#         323
  C:19F0H         LINE#         324
  C:19F2H         LINE#         326
  C:19F2H         LINE#         327
  C:19F9H         LINE#         328
  C:19F9H         LINE#         331
  C:19FCH         LINE#         332
  C:19FFH         LINE#         333
  C:1A02H         LINE#         334
  C:1A04H         LINE#         335
  -------         ENDPROC       TIMER0_ISR
  -------         PROC          PORT_INIT
  -------         DO            
  D:0007H         SYMBOL        SFRPAGE_SAVE
  -------         ENDDO         
  C:2763H         LINE#         341
  C:2763H         LINE#         342
  C:2763H         LINE#         344
  C:2765H         LINE#         345
  C:2768H         LINE#         348
  C:276BH         LINE#         349
  C:276EH         LINE#         350
  C:2771H         LINE#         351
  C:2774H         LINE#         360
  C:2777H         LINE#         361
  C:277AH         LINE#         362
  C:277DH         LINE#         363
  C:2780H         LINE#         364
  C:2782H         LINE#         366
  C:2785H         LINE#         367
  C:2788H         LINE#         368
  C:278AH         LINE#         369
  C:278CH         LINE#         371
  C:278FH         LINE#         372
  C:2792H         LINE#         373
  C:2795H         LINE#         418
  C:2797H         LINE#         419
  C:279AH         LINE#         420
  C:279CH         LINE#         421
  -------         ENDPROC       PORT_INIT
  -------         PROC          OSCILLATOR_INIT
  -------         DO            
  D:0004H         SYMBOL        i
  D:0007H         SYMBOL        SFRPAGE_SAVE
  -------         ENDDO         
  C:2893H         LINE#         433
  C:2893H         LINE#         434
  C:2893H         LINE#         436
  C:2895H         LINE#         437
  C:2898H         LINE#         438
  C:289BH         LINE#         439
  C:28ABH         LINE#         441
BL51 BANKED LINKER/LOCATER V6.22                                                      04/28/2017  16:37:50  PAGE 21


  C:28B0H         LINE#         443
  C:28B3H         LINE#         446
  C:28B5H         LINE#         447
  -------         ENDPROC       OSCILLATOR_INIT
  -------         PROC          INIT_PARA
  -------         DO            
  D:0007H         SYMBOL        i
  -------         ENDDO         
  C:20D7H         LINE#         452
  C:20D7H         LINE#         453
  C:20D7H         LINE#         455
  C:20D9H         LINE#         456
  C:20D9H         LINE#         457
  C:20E5H         LINE#         458
  C:20F1H         LINE#         459
  C:20F5H         LINE#         460
  C:20F8H         LINE#         461
  C:20FDH         LINE#         462
  C:2103H         LINE#         466
  C:2108H         LINE#         467
  C:2112H         LINE#         468
  C:2114H         LINE#         469
  C:2116H         LINE#         470
  C:211BH         LINE#         471
  C:2125H         LINE#         472
  C:212FH         LINE#         473
  C:2139H         LINE#         474
  C:2143H         LINE#         479
  C:2143H         LINE#         480
  C:2143H         LINE#         481
  C:214DH         LINE#         482
  C:214DH         LINE#         484
  C:214DH         LINE#         485
  C:214DH         LINE#         486
  C:2157H         LINE#         487
  C:2157H         LINE#         488
  C:215AH         LINE#         489
  C:215FH         LINE#         491
  C:2161H         LINE#         492
  C:2163H         LINE#         494
  C:2165H         LINE#         495
  -------         ENDPROC       INIT_PARA
  -------         PROC          BOARD_PARAMETER_SETUP
  C:290BH         LINE#         496
  C:290BH         LINE#         497
  C:290BH         LINE#         498
  C:291DH         LINE#         499
  C:291DH         LINE#         500
  C:291DH         LINE#         501
  C:291DH         LINE#         509
  C:291FH         LINE#         510
  C:291FH         LINE#         513
  C:291FH         LINE#         514
  C:291FH         LINE#         515
  C:291FH         LINE#         516
  C:2922H         LINE#         518
  C:2922H         LINE#         519
BL51 BANKED LINKER/LOCATER V6.22                                                      04/28/2017  16:37:50  PAGE 22


  C:2922H         LINE#         520
  C:2922H         LINE#         521
  C:2922H         LINE#         522
  -------         ENDPROC       BOARD_PARAMETER_SETUP
  -------         PROC          DCMOTOR_CTL
  C:000EH         LINE#         529
  C:000EH         LINE#         530
  C:000EH         LINE#         531
  C:0011H         LINE#         532
  C:0011H         LINE#         533
  C:001EH         LINE#         534
  C:0021H         LINE#         535
  C:0021H         LINE#         536
  -------         ENDPROC       DCMOTOR_CTL
  -------         PROC          SERIAL_PORT_INTERRUPT
  -------         DO            
  D:0007H         SYMBOL        SFRPAGE_SAVE
  D:0006H         SYMBOL        ndate
  -------         ENDDO         
  C:254DH         LINE#         545
  C:255EH         LINE#         547
  C:2560H         LINE#         550
  C:2563H         LINE#         551
  C:256CH         LINE#         552
  C:256FH         LINE#         553
  C:256FH         LINE#         554
  C:2571H         LINE#         555
  C:2573H         LINE#         556
  C:2575H         LINE#         557
  C:2588H         LINE#         558
  C:258DH         LINE#         559
  C:258DH         LINE#         560
  C:258FH         LINE#         562
  -------         ENDPROC       SERIAL_PORT_INTERRUPT
  -------         PROC          L?0470
  -------         ENDPROC       L?0470
  -------         PROC          _UART0SEND
  D:0057H         SYMBOL        buf
  D:005AH         SYMBOL        bufsize
  -------         DO            
  D:005BH         SYMBOL        i
  D:0006H         SYMBOL        k
  D:005CH         SYMBOL        crc_z
  D:005EH         SYMBOL        SFRPAGE_SAVE
  -------         ENDDO         
  C:1FBCH         LINE#         674
  C:1FC4H         LINE#         675
  C:1FC4H         LINE#         676
  C:1FC7H         LINE#         677
  C:1FC9H         LINE#         678
  C:1FCDH         LINE#         679
  C:1FD0H         LINE#         681
  C:1FD3H         LINE#         683
  C:1FD5H         LINE#         684
  C:1FD7H         LINE#         685
  C:1FE6H         LINE#         686
  C:1FE6H         LINE#         688
BL51 BANKED LINKER/LOCATER V6.22                                                      04/28/2017  16:37:50  PAGE 23


  C:1FF6H         LINE#         689
  C:1FF8H         LINE#         690
  C:1FFAH         LINE#         691
  C:1FFDH         LINE#         692
  C:2006H         LINE#         693
  C:2008H         LINE#         694
  C:200BH         LINE#         695
  C:2010H         LINE#         696
  C:2012H         LINE#         697
  C:2015H         LINE#         699
  C:2015H         LINE#         702
  C:2026H         LINE#         703
  C:2029H         LINE#         704
  C:202BH         LINE#         705
  C:202DH         LINE#         706
  C:2034H         LINE#         707
  C:2036H         LINE#         708
  C:2039H         LINE#         709
  C:203BH         LINE#         710
  C:203DH         LINE#         711
  C:2044H         LINE#         713
  C:2047H         LINE#         714
  -------         ENDPROC       _UART0SEND
  -------         PROC          _DELAY1
  D:0006H         SYMBOL        us
  -------         DO            
  D:0006H         SYMBOL        i
  -------         ENDDO         
  C:295AH         LINE#         719
  C:295AH         LINE#         720
  C:295AH         LINE#         721
  C:295AH         LINE#         722
  C:2964H         LINE#         723
  -------         ENDPROC       _DELAY1
  -------         PROC          SEND_TO_MOTOR
  C:1C2DH         LINE#         725
  C:1C2DH         LINE#         726
  C:1C2DH         LINE#         727
  C:1C34H         LINE#         728
  C:1C36H         LINE#         729
  C:1C3CH         LINE#         730
  C:1C40H         LINE#         731
  C:1C44H         LINE#         732
  C:1C47H         LINE#         733
  C:1C49H         LINE#         734
  C:1C4DH         LINE#         735
  C:1C51H         LINE#         736
  C:1C55H         LINE#         737
  C:1C58H         LINE#         738
  C:1C5AH         LINE#         739
  C:1C5CH         LINE#         740
  C:1C64H         LINE#         741
  C:1C6CH         LINE#         742
  C:1C74H         LINE#         743
  C:1C7CH         LINE#         745
  C:1C84H         LINE#         746
  C:1C8CH         LINE#         747
BL51 BANKED LINKER/LOCATER V6.22                                                      04/28/2017  16:37:50  PAGE 24


  C:1C94H         LINE#         748
  C:1C9CH         LINE#         750
  C:1CA4H         LINE#         751
  C:1CACH         LINE#         752
  C:1CB4H         LINE#         753
  C:1CBCH         LINE#         755
  C:1CC4H         LINE#         756
  C:1CCCH         LINE#         757
  C:1CD4H         LINE#         758
  C:1CDCH         LINE#         759
  C:1CE1H         LINE#         760
  C:1CE3H         LINE#         761
  C:1CEAH         LINE#         762
  C:1CF9H         LINE#         763
  C:1CFCH         LINE#         764
  C:1CFCH         LINE#         765
  C:1CFEH         LINE#         766
  C:1CFEH         LINE#         767
  -------         ENDPROC       SEND_TO_MOTOR
  C:24FCH         SYMBOL        L?0467
  -------         PROC          L?0466
  -------         ENDPROC       L?0466
  C:24FCH         SYMBOL        L?0467
  -------         PROC          _SEND_TO_MOTORDRIVER_CTL
  D:0007H         SYMBOL        command
  -------         DO            
  D:0023H         SYMBOL        buf
  D:0055H         SYMBOL        temp
  -------         ENDDO         
  C:2505H         LINE#         775
  C:2505H         LINE#         776
  C:2505H         LINE#         780
  C:250CH         LINE#         782
  C:250FH         LINE#         783
  C:2512H         LINE#         785
  C:2515H         LINE#         786
  C:2517H         LINE#         788
  C:2519H         LINE#         789
  C:251CH         LINE#         791
  C:251FH         LINE#         793
  C:2521H         LINE#         794
  C:2523H         LINE#         797
  C:2525H         LINE#         798
  C:2527H         LINE#         800
  C:2531H         LINE#         802
  C:2538H         LINE#         803
  C:2547H         LINE#         804
  C:254AH         LINE#         805
  C:254AH         LINE#         806
  C:254CH         LINE#         807
  C:254CH         LINE#         808
  -------         ENDPROC       _SEND_TO_MOTORDRIVER_CTL
  -------         PROC          RUNLEDDIS
  C:294CH         LINE#         810
  C:294CH         LINE#         811
  C:294CH         LINE#         812
  C:2955H         LINE#         813
BL51 BANKED LINKER/LOCATER V6.22                                                      04/28/2017  16:37:50  PAGE 25


  C:2955H         LINE#         814
  C:2957H         LINE#         815
  C:2959H         LINE#         816
  C:2959H         LINE#         817
  -------         ENDPROC       RUNLEDDIS
  -------         PROC          DC_MOTORCTRL
  -------         DO            
  D:0022H         SYMBOL        SFRPAGE_SAVE
  -------         ENDDO         
  C:1A13H         LINE#         819
  C:1A13H         LINE#         820
  C:1A13H         LINE#         821
  C:1A16H         LINE#         822
  C:1A31H         LINE#         823
  C:1A31H         LINE#         824
  C:1A31H         LINE#         825
  C:1A3BH         LINE#         826
  C:1A3BH         LINE#         827
  C:1A3BH         LINE#         828
  C:1A3EH         LINE#         829
  C:1A41H         LINE#         830
  C:1A41H         LINE#         831
  C:1A41H         LINE#         832
  C:1A44H         LINE#         833
  C:1A44H         LINE#         834
  C:1A44H         LINE#         835
  C:1A46H         LINE#         837
  C:1A46H         LINE#         838
  C:1A48H         LINE#         839
  C:1A4AH         LINE#         840
  C:1A51H         LINE#         841
  C:1A51H         LINE#         842
  C:1A51H         LINE#         843
  C:1A53H         LINE#         844
  C:1A53H         LINE#         845
  C:1A56H         LINE#         846
  C:1A59H         LINE#         847
  C:1A59H         LINE#         848
  C:1A5BH         LINE#         849
  C:1A5EH         LINE#         850
  C:1A5EH         LINE#         851
  C:1A5EH         LINE#         852
  C:1A60H         LINE#         854
  C:1A60H         LINE#         855
  C:1A62H         LINE#         856
  C:1A64H         LINE#         857
  C:1A6BH         LINE#         858
  C:1A6BH         LINE#         859
  C:1A6EH         LINE#         860
  C:1A6EH         LINE#         862
  C:1A6EH         LINE#         863
  C:1A6EH         LINE#         864
  C:1A6EH         LINE#         865
  C:1A6EH         LINE#         866
  C:1A6EH         LINE#         867
  C:1A6EH         LINE#         868
  C:1A6EH         LINE#         869
BL51 BANKED LINKER/LOCATER V6.22                                                      04/28/2017  16:37:50  PAGE 26


  C:1A6EH         LINE#         870
  C:1A6EH         LINE#         871
  C:1A6EH         LINE#         872
  C:1A70H         LINE#         873
  C:1A70H         LINE#         874
  C:1A7AH         LINE#         875
  C:1A7AH         LINE#         876
  C:1A7AH         LINE#         877
  C:1A7DH         LINE#         878
  C:1A7FH         LINE#         879
  C:1A7FH         LINE#         880
  C:1A7FH         LINE#         881
  C:1A7FH         LINE#         882
  C:1A81H         LINE#         883
  C:1A81H         LINE#         884
  C:1A84H         LINE#         885
  C:1A86H         LINE#         886
  C:1A89H         LINE#         887
  C:1AA0H         LINE#         888
  C:1AA2H         LINE#         889
  C:1AA2H         LINE#         890
  C:1AA2H         LINE#         891
  C:1AA2H         LINE#         892
  C:1AA2H         LINE#         893
  C:1AA2H         LINE#         894
  C:1AA2H         LINE#         895
  C:1AA5H         LINE#         896
  C:1AA5H         LINE#         898
  C:1AAFH         LINE#         899
  C:1AAFH         LINE#         900
  C:1AAFH         LINE#         901
  C:1AB2H         LINE#         902
  C:1AB5H         LINE#         903
  C:1AB5H         LINE#         904
  C:1AB7H         LINE#         905
  C:1ABAH         LINE#         906
  C:1ABAH         LINE#         907
  C:1ABAH         LINE#         908
  C:1ABCH         LINE#         910
  C:1ABCH         LINE#         911
  C:1ABEH         LINE#         912
  C:1AC0H         LINE#         913
  C:1AC7H         LINE#         914
  C:1AC7H         LINE#         915
  C:1AC7H         LINE#         916
  C:1AC9H         LINE#         917
  C:1AC9H         LINE#         918
  C:1ACCH         LINE#         919
  C:1ACFH         LINE#         920
  C:1ACFH         LINE#         921
  C:1AD1H         LINE#         922
  C:1AD4H         LINE#         923
  C:1AD4H         LINE#         924
  C:1AD4H         LINE#         925
  C:1AD6H         LINE#         927
  C:1AD6H         LINE#         928
  C:1AD8H         LINE#         929
BL51 BANKED LINKER/LOCATER V6.22                                                      04/28/2017  16:37:50  PAGE 27


  C:1ADAH         LINE#         930
  C:1AE1H         LINE#         931
  C:1AE1H         LINE#         932
  C:1AE4H         LINE#         933
  C:1AE4H         LINE#         935
  C:1AE4H         LINE#         936
  C:1AE4H         LINE#         937
  C:1AE4H         LINE#         938
  C:1AE6H         LINE#         939
  C:1AEBH         LINE#         940
  C:1AEDH         LINE#         942
  C:1AEFH         LINE#         943
  C:1AF3H         LINE#         944
  C:1AF7H         LINE#         945
  C:1AFDH         LINE#         946
  C:1AFFH         LINE#         947
  C:1AFFH         LINE#         948
  C:1B09H         LINE#         949
  C:1B09H         LINE#         950
  C:1B09H         LINE#         951
  C:1B0CH         LINE#         952
  C:1B0EH         LINE#         953
  C:1B0EH         LINE#         954
  C:1B0EH         LINE#         955
  C:1B0EH         LINE#         956
  C:1B10H         LINE#         957
  C:1B10H         LINE#         958
  C:1B13H         LINE#         959
  C:1B15H         LINE#         960
  C:1B18H         LINE#         961
  C:1B2FH         LINE#         962
  C:1B31H         LINE#         963
  C:1B31H         LINE#         964
  C:1B31H         LINE#         965
  C:1B31H         LINE#         966
  C:1B31H         LINE#         967
  C:1B36H         LINE#         968
  C:1B3AH         LINE#         969
  C:1B3AH         LINE#         970
  C:1B3AH         LINE#         971
  C:1B3AH         LINE#         972
  C:1B3AH         LINE#         973
  -------         ENDPROC       DC_MOTORCTRL
  -------         PROC          _SERVOMOTORCRTL
  D:0007H         SYMBOL        comand
  -------         DO            
  D:0022H         SYMBOL        CALU_m_pra
  -------         ENDDO         
  C:1721H         LINE#         979
  C:1721H         LINE#         980
  C:1721H         LINE#         981
  C:1724H         LINE#         982
  C:172DH         LINE#         984
  C:1746H         LINE#         985
  C:1746H         LINE#         986
  C:1746H         LINE#         987
  C:174BH         LINE#         988
BL51 BANKED LINKER/LOCATER V6.22                                                      04/28/2017  16:37:50  PAGE 28


  C:175FH         LINE#         989
  C:1773H         LINE#         990
  C:177DH         LINE#         991
  C:1787H         LINE#         992
  C:178AH         LINE#         993
  C:178FH         LINE#         994
  C:1794H         LINE#         995
  C:1794H         LINE#         996
  C:1794H         LINE#         997
  C:1797H         LINE#         998
  C:1797H         LINE#         999
  C:1799H         LINE#         1000
  C:1799H         LINE#         1001
  C:1799H         LINE#         1002
  C:179BH         LINE#         1003
  C:179BH         LINE#         1004
  C:17A0H         LINE#         1005
  C:17A5H         LINE#         1006
  C:17A9H         LINE#         1007
  C:17AAH         LINE#         1008
  C:17AAH         LINE#         1010
  C:17ACH         LINE#         1011
  C:17BCH         LINE#         1012
  C:17CCH         LINE#         1013
  C:17DCH         LINE#         1014
  C:17ECH         LINE#         1016
  C:17FCH         LINE#         1017
  C:180CH         LINE#         1018
  C:181CH         LINE#         1019
  C:182CH         LINE#         1021
  C:183CH         LINE#         1022
  C:184CH         LINE#         1023
  C:185CH         LINE#         1024
  C:186CH         LINE#         1026
  C:187CH         LINE#         1027
  C:188CH         LINE#         1028
  C:189CH         LINE#         1029
  C:18ACH         LINE#         1031
  C:18ACH         LINE#         1032
  C:18ACH         LINE#         1033
  C:18AFH         LINE#         1034
  C:18B2H         LINE#         1035
  C:18B7H         LINE#         1036
  C:18BCH         LINE#         1037
  C:18C3H         LINE#         1038
  C:18C7H         LINE#         1039
  C:18CBH         LINE#         1040
  C:18CDH         LINE#         1041
  C:18D4H         LINE#         1042
  C:18D6H         LINE#         1043
  C:18D7H         LINE#         1044
  C:18D7H         LINE#         1045
  C:18DAH         LINE#         1046
  C:18DFH         LINE#         1047
  C:18E3H         LINE#         1048
  C:18E3H         LINE#         1049
  C:18E3H         LINE#         1050
BL51 BANKED LINKER/LOCATER V6.22                                                      04/28/2017  16:37:50  PAGE 29


  C:18E3H         LINE#         1051
  C:18E3H         LINE#         1055
  -------         ENDPROC       _SERVOMOTORCRTL
  -------         PROC          _AUTORUNMODE1
  D:0007H         SYMBOL        comand
  C:1DC7H         LINE#         1059
  C:1DC7H         LINE#         1060
  C:1DC7H         LINE#         1062
  C:1DDAH         LINE#         1063
  C:1DDAH         LINE#         1064
  C:1DDAH         LINE#         1065
  C:1DDAH         LINE#         1066
  C:1DDAH         LINE#         1067
  C:1DDAH         LINE#         1068
  C:1DDDH         LINE#         1069
  C:1DF1H         LINE#         1070
  C:1DFBH         LINE#         1071
  C:1E05H         LINE#         1072
  C:1E0FH         LINE#         1073
  C:1E12H         LINE#         1074
  C:1E17H         LINE#         1075
  C:1E1CH         LINE#         1076
  C:1E23H         LINE#         1077
  C:1E25H         LINE#         1078
  C:1E25H         LINE#         1079
  C:1E25H         LINE#         1080
  C:1E27H         LINE#         1082
  C:1E27H         LINE#         1083
  C:1E27H         LINE#         1084
  C:1E27H         LINE#         1085
  C:1E27H         LINE#         1086
  C:1E2AH         LINE#         1087
  C:1E3EH         LINE#         1088
  C:1E48H         LINE#         1089
  C:1E52H         LINE#         1090
  C:1E5CH         LINE#         1091
  C:1E5FH         LINE#         1092
  C:1E64H         LINE#         1093
  C:1E69H         LINE#         1094
  C:1E70H         LINE#         1095
  C:1E72H         LINE#         1096
  C:1E74H         LINE#         1097
  C:1E7BH         LINE#         1098
  C:1E7DH         LINE#         1099
  C:1E7EH         LINE#         1101
  C:1E7EH         LINE#         1102
  C:1E83H         LINE#         1103
  C:1E83H         LINE#         1105
  C:1E83H         LINE#         1106
  C:1E83H         LINE#         1107
  C:1E83H         LINE#         1111
  -------         ENDPROC       _AUTORUNMODE1
  -------         PROC          _AUTORUNMODE2
  D:0007H         SYMBOL        comand
  -------         DO            
  D:0022H         SYMBOL        SFRPAGE_SAVE
  -------         ENDDO         
BL51 BANKED LINKER/LOCATER V6.22                                                      04/28/2017  16:37:50  PAGE 30


  C:150EH         LINE#         1115
  C:150EH         LINE#         1116
  C:150EH         LINE#         1120
  C:1551H         LINE#         1121
  C:1551H         LINE#         1122
  C:1551H         LINE#         1123
  C:1553H         LINE#         1144
  C:155DH         LINE#         1145
  C:155DH         LINE#         1146
  C:155DH         LINE#         1147
  C:155DH         LINE#         1149
  C:155DH         LINE#         1150
  C:155DH         LINE#         1151
  C:155DH         LINE#         1152
  C:155DH         LINE#         1153
  C:155DH         LINE#         1154
  C:155DH         LINE#         1155
  C:155DH         LINE#         1156
  C:155DH         LINE#         1157
  C:155DH         LINE#         1158
  C:155DH         LINE#         1159
  C:155FH         LINE#         1161
  C:155FH         LINE#         1162
  C:1561H         LINE#         1183
  C:156BH         LINE#         1184
  C:1575H         LINE#         1185
  C:157FH         LINE#         1186
  C:1589H         LINE#         1188
  C:1589H         LINE#         1189
  C:1589H         LINE#         1190
  C:1589H         LINE#         1192
  C:1589H         LINE#         1193
  C:1589H         LINE#         1194
  C:1589H         LINE#         1195
  C:1589H         LINE#         1196
  C:1589H         LINE#         1197
  C:1589H         LINE#         1198
  C:1589H         LINE#         1199
  C:158CH         LINE#         1201
  C:158CH         LINE#         1202
  C:158FH         LINE#         1203
  C:1592H         LINE#         1204
  C:1595H         LINE#         1205
  C:1595H         LINE#         1206
  C:1597H         LINE#         1207
  C:159EH         LINE#         1208
  C:159EH         LINE#         1209
  C:159EH         LINE#         1210
  C:15A0H         LINE#         1212
  C:15A0H         LINE#         1213
  C:15A2H         LINE#         1214
  C:15A4H         LINE#         1215
  C:15ABH         LINE#         1216
  C:15ABH         LINE#         1217
  C:15ABH         LINE#         1218
  C:15AEH         LINE#         1220
  C:15AEH         LINE#         1221
BL51 BANKED LINKER/LOCATER V6.22                                                      04/28/2017  16:37:50  PAGE 31


  C:15B1H         LINE#         1222
  C:15B4H         LINE#         1223
  C:15B7H         LINE#         1224
  C:15B7H         LINE#         1225
  C:15B9H         LINE#         1226
  C:15C0H         LINE#         1227
  C:15C0H         LINE#         1228
  C:15C0H         LINE#         1229
  C:15C2H         LINE#         1231
  C:15C2H         LINE#         1232
  C:15C4H         LINE#         1233
  C:15C6H         LINE#         1234
  C:15CDH         LINE#         1235
  C:15CDH         LINE#         1236
  C:15CDH         LINE#         1237
  C:15D0H         LINE#         1239
  C:15D0H         LINE#         1240
  C:15D2H         LINE#         1261
  C:15DCH         LINE#         1262
  C:15DCH         LINE#         1263
  C:15DCH         LINE#         1264
  C:15DCH         LINE#         1266
  C:15DCH         LINE#         1267
  C:15DCH         LINE#         1268
  C:15DCH         LINE#         1269
  C:15DCH         LINE#         1270
  C:15DCH         LINE#         1271
  C:15DCH         LINE#         1272
  C:15DCH         LINE#         1273
  C:15DCH         LINE#         1274
  C:15DCH         LINE#         1275
  C:15DCH         LINE#         1276
  C:15DCH         LINE#         1277
  C:15DEH         LINE#         1279
  C:15DEH         LINE#         1280
  C:15E0H         LINE#         1301
  C:15EAH         LINE#         1302
  C:15F4H         LINE#         1303
  C:15FEH         LINE#         1304
  C:1608H         LINE#         1306
  C:1608H         LINE#         1307
  C:1608H         LINE#         1308
  C:160BH         LINE#         1309
  C:160EH         LINE#         1310
  C:1613H         LINE#         1311
  C:1618H         LINE#         1312
  C:161FH         LINE#         1313
  C:1621H         LINE#         1314
  C:1623H         LINE#         1315
  C:1623H         LINE#         1316
  C:1623H         LINE#         1317
  C:1626H         LINE#         1319
  C:1626H         LINE#         1320
  C:1629H         LINE#         1321
  C:162CH         LINE#         1322
  C:162FH         LINE#         1323
  C:162FH         LINE#         1324
BL51 BANKED LINKER/LOCATER V6.22                                                      04/28/2017  16:37:50  PAGE 32


  C:1631H         LINE#         1325
  C:1638H         LINE#         1326
  C:1638H         LINE#         1327
  C:1638H         LINE#         1328
  C:163AH         LINE#         1330
  C:163AH         LINE#         1331
  C:163CH         LINE#         1332
  C:163EH         LINE#         1333
  C:1645H         LINE#         1334
  C:1645H         LINE#         1335
  C:1645H         LINE#         1336
  C:1647H         LINE#         1338
  C:1647H         LINE#         1339
  C:164AH         LINE#         1340
  C:164DH         LINE#         1341
  C:1650H         LINE#         1342
  C:1650H         LINE#         1343
  C:1652H         LINE#         1344
  C:1659H         LINE#         1345
  C:1659H         LINE#         1346
  C:1659H         LINE#         1347
  C:165BH         LINE#         1349
  C:165BH         LINE#         1350
  C:165DH         LINE#         1351
  C:165FH         LINE#         1352
  C:1666H         LINE#         1353
  C:1666H         LINE#         1354
  C:1669H         LINE#         1355
  C:166CH         LINE#         1357
  C:166CH         LINE#         1358
  C:166CH         LINE#         1359
  C:166FH         LINE#         1361
  C:166FH         LINE#         1362
  C:166FH         LINE#         1363
  C:166FH         LINE#         1364
  C:166FH         LINE#         1365
  C:166FH         LINE#         1366
  C:166FH         LINE#         1367
  C:166FH         LINE#         1368
  C:166FH         LINE#         1369
  C:1671H         LINE#         1371
  C:1671H         LINE#         1372
  C:1674H         LINE#         1373
  C:1677H         LINE#         1374
  C:1679H         LINE#         1375
  C:167BH         LINE#         1376
  C:167DH         LINE#         1377
  C:167FH         LINE#         1378
  C:1682H         LINE#         1379
  C:1685H         LINE#         1383
  C:1685H         LINE#         1384
  C:1687H         LINE#         1386
  C:1691H         LINE#         1388
  C:169BH         LINE#         1390
  C:16A5H         LINE#         1392
  C:16AFH         LINE#         1394
  C:16AFH         LINE#         1395
BL51 BANKED LINKER/LOCATER V6.22                                                      04/28/2017  16:37:50  PAGE 33


  C:16AFH         LINE#         1396
  C:16B2H         LINE#         1397
  C:16B5H         LINE#         1398
  C:16BAH         LINE#         1399
  C:16BFH         LINE#         1400
  C:16C6H         LINE#         1401
  C:16C8H         LINE#         1402
  C:16C8H         LINE#         1403
  C:16C8H         LINE#         1404
  C:16CAH         LINE#         1406
  C:16CAH         LINE#         1407
  C:16CCH         LINE#         1409
  C:16D6H         LINE#         1411
  C:16E0H         LINE#         1413
  C:16EAH         LINE#         1415
  C:16F4H         LINE#         1417
  C:16F4H         LINE#         1418
  C:16F4H         LINE#         1419
  C:16F7H         LINE#         1420
  C:16FAH         LINE#         1421
  C:16FFH         LINE#         1422
  C:1704H         LINE#         1423
  C:170BH         LINE#         1424
  C:170DH         LINE#         1425
  C:1714H         LINE#         1426
  C:1716H         LINE#         1427
  C:1718H         LINE#         1429
  C:171DH         LINE#         1431
  C:171DH         LINE#         1434
  C:171DH         LINE#         1435
  C:171DH         LINE#         1436
  C:171DH         LINE#         1437
  C:1720H         LINE#         1438
  -------         ENDPROC       _AUTORUNMODE2
  -------         PROC          _AUTORUNMODE3
  D:0007H         SYMBOL        comand
  -------         DO            
  D:0022H         SYMBOL        SFRPAGE_SAVE
  -------         ENDDO         
  C:23CBH         LINE#         1442
  C:23CBH         LINE#         1443
  C:23CBH         LINE#         1446
  C:23D7H         LINE#         1447
  C:23D7H         LINE#         1448
  C:23D7H         LINE#         1449
  C:23DAH         LINE#         1450
  C:23DFH         LINE#         1451
  C:23DFH         LINE#         1453
  C:23DFH         LINE#         1454
  C:23E6H         LINE#         1455
  C:23E6H         LINE#         1456
  C:23E9H         LINE#         1457
  C:23ECH         LINE#         1458
  C:23ECH         LINE#         1459
  C:23ECH         LINE#         1460
  C:23EFH         LINE#         1461
  C:23EFH         LINE#         1462
BL51 BANKED LINKER/LOCATER V6.22                                                      04/28/2017  16:37:50  PAGE 34


  C:23EFH         LINE#         1463
  C:23F1H         LINE#         1465
  C:23F1H         LINE#         1466
  C:23F3H         LINE#         1467
  C:23F5H         LINE#         1468
  C:23FCH         LINE#         1469
  C:23FCH         LINE#         1470
  C:23FFH         LINE#         1471
  C:23FFH         LINE#         1472
  C:2406H         LINE#         1473
  C:2406H         LINE#         1474
  C:2409H         LINE#         1475
  C:240CH         LINE#         1476
  C:240CH         LINE#         1477
  C:240EH         LINE#         1478
  C:2411H         LINE#         1479
  C:2411H         LINE#         1480
  C:2411H         LINE#         1481
  C:2413H         LINE#         1483
  C:2413H         LINE#         1484
  C:2415H         LINE#         1485
  C:2417H         LINE#         1486
  C:241EH         LINE#         1487
  C:241EH         LINE#         1488
  C:2421H         LINE#         1489
  C:2421H         LINE#         1490
  C:2422H         LINE#         1492
  C:2422H         LINE#         1493
  C:2425H         LINE#         1494
  C:2428H         LINE#         1495
  C:242AH         LINE#         1496
  C:242CH         LINE#         1497
  C:242EH         LINE#         1498
  C:2430H         LINE#         1499
  C:2433H         LINE#         1500
  C:2433H         LINE#         1502
  C:2433H         LINE#         1503
  C:2433H         LINE#         1504
  C:2433H         LINE#         1505
  -------         ENDPROC       _AUTORUNMODE3
  -------         PROC          _CRC_CHK
  D:005FH         SYMBOL        puchMsg
  D:0062H         SYMBOL        length
  -------         DO            
  D:0063H         SYMBOL        j
  D:0006H         SYMBOL        crc_reg
  -------         ENDDO         
  C:249BH         LINE#         1507
  C:24A3H         LINE#         1508
  C:24A3H         LINE#         1510
  C:24A7H         LINE#         1511
  C:24AEH         LINE#         1512
  C:24AEH         LINE#         1513
  C:24C2H         LINE#         1514
  C:24D3H         LINE#         1515
  C:24D3H         LINE#         1516
  C:24D7H         LINE#         1517
BL51 BANKED LINKER/LOCATER V6.22                                                      04/28/2017  16:37:50  PAGE 35


  C:24D7H         LINE#         1518
  C:24E6H         LINE#         1519
  C:24E8H         LINE#         1521
  C:24E8H         LINE#         1522
  C:24EFH         LINE#         1523
  C:24EFH         LINE#         1524
  C:24F9H         LINE#         1525
  C:24F9H         LINE#         1526
  C:24F9H         LINE#         1527
  -------         ENDPROC       _CRC_CHK
  -------         PROC          RETURNTOPOINT
  C:28F2H         LINE#         1530
  C:28F2H         LINE#         1531
  C:28F2H         LINE#         1532
  C:28F7H         LINE#         1533
  C:28FCH         LINE#         1534
  C:2901H         LINE#         1535
  C:2903H         LINE#         1536
  C:290AH         LINE#         1537
  -------         ENDPROC       RETURNTOPOINT
  -------         PROC          DEVIATIONREMOVAL
  C:293AH         LINE#         1540
  C:293AH         LINE#         1541
  C:293AH         LINE#         1542
  C:293FH         LINE#         1543
  C:2944H         LINE#         1544
  C:2949H         LINE#         1545
  C:294BH         LINE#         1546
  -------         ENDPROC       DEVIATIONREMOVAL
  -------         PROC          _SERVOMOTORINP
  D:0023H         SYMBOL        addressID
  -------         DO            
  D:0004H         SYMBOL        ShowTime1
  -------         ENDDO         
  C:22E9H         LINE#         1639
  C:22EBH         LINE#         1640
  C:22EBH         LINE#         1645
  C:22EEH         LINE#         1646
  C:22F5H         LINE#         1647
  C:22FBH         LINE#         1648
[...]
  C:028CH         LINE#         2505
  C:0294H         LINE#         2506
  C:029CH         LINE#         2507
  C:02A4H         LINE#         2508
  C:02A6H         LINE#         2509
  C:02A7H         LINE#         2511
  C:02A7H         LINE#         2512
  C:02B4H         LINE#         2513
  C:02B5H         LINE#         2514
  C:02BBH         LINE#         2515
  C:02C0H         LINE#         2516
  C:02CBH         LINE#         2517
  C:02D3H         LINE#         2518
  C:02D9H         LINE#         2519
  C:02E1H         LINE#         2520
  C:02E9H         LINE#         2521
  C:02F1H         LINE#         2522
  C:02F9H         LINE#         2523
  C:0301H         LINE#         2524
  C:0303H         LINE#         2525
  C:0304H         LINE#         2527
  C:0304H         LINE#         2528
  C:0311H         LINE#         2529
  C:0312H         LINE#         2530
  C:0318H         LINE#         2531
  C:031DH         LINE#         2532
  C:0328H         LINE#         2533
  C:0330H         LINE#         2534
  C:0336H         LINE#         2535
  C:033EH         LINE#         2536
  C:0346H         LINE#         2537
  C:034EH         LINE#         2538
  C:0356H         LINE#         2539
  C:035EH         LINE#         2540
  C:0360H         LINE#         2541
  C:0361H         LINE#         2543
  C:0361H         LINE#         2544
  C:036EH         LINE#         2545
  C:036FH         LINE#         2546
  C:0375H         LINE#         2547
  C:037AH         LINE#         2548
  C:0385H         LINE#         2552
  C:038DH         LINE#         2553
  C:0393H         LINE#         2554
  C:039BH         LINE#         2555
  C:03A3H         LINE#         2556
  C:03ABH         LINE#         2557
  C:03B3H         LINE#         2558
  C:03BBH         LINE#         2559
  C:03BDH         LINE#         2560
BL51 BANKED LINKER/LOCATER V6.22                                                      04/28/2017  16:37:50  PAGE 47


  C:03BEH         LINE#         2562
  C:03BEH         LINE#         2563
  C:03CBH         LINE#         2564
  C:03CCH         LINE#         2565
  C:03D2H         LINE#         2566
  C:03D7H         LINE#         2567
  C:03E2H         LINE#         2569
  C:03EAH         LINE#         2570
  C:03F0H         LINE#         2571
  C:03F8H         LINE#         2572
  C:0400H         LINE#         2573
  C:0408H         LINE#         2574
  C:0410H         LINE#         2575
  C:0418H         LINE#         2576
  C:041AH         LINE#         2577
  C:041BH         LINE#         2579
  C:041BH         LINE#         2580
  C:0428H         LINE#         2581
  C:0429H         LINE#         2582
  C:042FH         LINE#         2583
  C:0434H         LINE#         2584
  C:043FH         LINE#         2585
  C:0447H         LINE#         2586
  C:044DH         LINE#         2587
  C:0455H         LINE#         2588
  C:045DH         LINE#         2589
  C:0465H         LINE#         2590
  C:046DH         LINE#         2591
  C:0475H         LINE#         2592
  C:0477H         LINE#         2593
  C:0478H         LINE#         2595
  C:0478H         LINE#         2596
  C:0485H         LINE#         2597
  C:0486H         LINE#         2598
  C:048CH         LINE#         2599
  C:0491H         LINE#         2600
  C:049CH         LINE#         2601
  C:04A4H         LINE#         2602
  C:04AAH         LINE#         2603
  C:04B2H         LINE#         2604
  C:04BAH         LINE#         2605
  C:04C2H         LINE#         2606
  C:04CAH         LINE#         2607
  C:04D2H         LINE#         2608
  C:04D4H         LINE#         2609
  C:04D5H         LINE#         2611
  C:04D5H         LINE#         2612
  C:04E2H         LINE#         2613
  C:04E3H         LINE#         2614
  C:04E9H         LINE#         2615
  C:04EEH         LINE#         2616
  C:04F9H         LINE#         2618
  C:0501H         LINE#         2619
  C:0507H         LINE#         2620
  C:050FH         LINE#         2621
  C:0517H         LINE#         2622
  C:051FH         LINE#         2623
BL51 BANKED LINKER/LOCATER V6.22                                                      04/28/2017  16:37:50  PAGE 48


  C:0527H         LINE#         2624
  C:052FH         LINE#         2625
  C:0531H         LINE#         2626
  C:0532H         LINE#         2628
  C:0532H         LINE#         2629
  C:053FH         LINE#         2630
  C:0540H         LINE#         2631
  C:0546H         LINE#         2632
  C:054BH         LINE#         2633
  C:0556H         LINE#         2635
  C:055EH         LINE#         2636
  C:0564H         LINE#         2637
  C:056CH         LINE#         2638
  C:0574H         LINE#         2639
  C:057CH         LINE#         2640
  C:0584H         LINE#         2641
  C:058CH         LINE#         2642
  C:058EH         LINE#         2643
  C:058FH         LINE#         2645
  C:058FH         LINE#         2646
  C:059CH         LINE#         2647
  C:059DH         LINE#         2648
  C:05A3H         LINE#         2649
  C:05A8H         LINE#         2650
  C:05B3H         LINE#         2651
  C:05BBH         LINE#         2652
  C:05C1H         LINE#         2653
  C:05C9H         LINE#         2654
  C:05D1H         LINE#         2655
  C:05D9H         LINE#         2656
  C:05E1H         LINE#         2657
  C:05E9H         LINE#         2658
  C:05EBH         LINE#         2659
  C:05ECH         LINE#         2661
  C:05ECH         LINE#         2662
  C:05F9H         LINE#         2663
  C:05FAH         LINE#         2664
  C:0600H         LINE#         2665
  C:0605H         LINE#         2666
  C:0610H         LINE#         2667
  C:0618H         LINE#         2668
  C:061EH         LINE#         2669
  C:0626H         LINE#         2670
  C:062EH         LINE#         2671
  C:0636H         LINE#         2672
  C:063EH         LINE#         2673
  C:0646H         LINE#         2674
  C:0648H         LINE#         2675
  C:0649H         LINE#         2677
  C:0649H         LINE#         2678
  C:0656H         LINE#         2679
  C:0657H         LINE#         2680
  C:065DH         LINE#         2681
  C:0662H         LINE#         2682
  C:066DH         LINE#         2684
  C:0675H         LINE#         2685
  C:067BH         LINE#         2686
BL51 BANKED LINKER/LOCATER V6.22                                                      04/28/2017  16:37:50  PAGE 49


  C:0683H         LINE#         2687
  C:068BH         LINE#         2688
  C:0693H         LINE#         2689
  C:069BH         LINE#         2690
  C:06A3H         LINE#         2691
  C:06A5H         LINE#         2692
  C:06A6H         LINE#         2694
  C:06A6H         LINE#         2695
  C:06B3H         LINE#         2696
  C:06B4H         LINE#         2697
  C:06BAH         LINE#         2698
  C:06BFH         LINE#         2699
  C:06CAH         LINE#         2701
  C:06D2H         LINE#         2702
  C:06D8H         LINE#         2703
  C:06E0H         LINE#         2704
  C:06E8H         LINE#         2705
  C:06F0H         LINE#         2706
  C:06F8H         LINE#         2707
  C:0700H         LINE#         2708
  C:0702H         LINE#         2709
  C:0703H         LINE#         2711
  C:0703H         LINE#         2712
  C:0710H         LINE#         2713
  C:0711H         LINE#         2714
  C:0717H         LINE#         2715
  C:071CH         LINE#         2716
  C:0727H         LINE#         2717
  C:072FH         LINE#         2718
  C:0735H         LINE#         2719
  C:073DH         LINE#         2720
  C:0745H         LINE#         2721
  C:074DH         LINE#         2722
  C:0755H         LINE#         2723
  C:075DH         LINE#         2724
  C:075FH         LINE#         2725
  C:0760H         LINE#         2727
  C:0760H         LINE#         2728
  C:076DH         LINE#         2729
  C:076EH         LINE#         2730
  C:0774H         LINE#         2731
  C:0779H         LINE#         2732
  C:0784H         LINE#         2733
  C:078CH         LINE#         2734
  C:0792H         LINE#         2735
  C:079AH         LINE#         2736
  C:07A2H         LINE#         2737
  C:07AAH         LINE#         2738
  C:07B2H         LINE#         2739
  C:07BAH         LINE#         2740
  C:07BCH         LINE#         2741
  C:07BDH         LINE#         2743
  C:07BDH         LINE#         2744
  C:07CAH         LINE#         2745
  C:07CBH         LINE#         2746
  C:07D1H         LINE#         2747
  C:07D6H         LINE#         2748
BL51 BANKED LINKER/LOCATER V6.22                                                      04/28/2017  16:37:50  PAGE 50


  C:07E1H         LINE#         2750
  C:07E9H         LINE#         2751
  C:07EFH         LINE#         2752
  C:07F7H         LINE#         2753
  C:07FFH         LINE#         2754
  C:0807H         LINE#         2755
  C:080FH         LINE#         2756
  C:0817H         LINE#         2757
  C:0819H         LINE#         2758
  C:081AH         LINE#         2760
  C:081AH         LINE#         2761
  C:0827H         LINE#         2762
  C:0828H         LINE#         2763
  C:082EH         LINE#         2764
  C:0833H         LINE#         2765
  C:083EH         LINE#         2767
  C:0846H         LINE#         2768
  C:084CH         LINE#         2769
  C:0854H         LINE#         2770
  C:085CH         LINE#         2771
  C:0864H         LINE#         2772
  C:086CH         LINE#         2773
  C:0874H         LINE#         2774
  C:0876H         LINE#         2775
  C:0877H         LINE#         2777
  C:0877H         LINE#         2778
  C:0884H         LINE#         2779
  C:0885H         LINE#         2780
  C:088BH         LINE#         2781
  C:0890H         LINE#         2782
  C:089BH         LINE#         2784
  C:08A3H         LINE#         2785
  C:08A9H         LINE#         2786
  C:08B1H         LINE#         2787
  C:08B9H         LINE#         2788
  C:08C1H         LINE#         2789
  C:08C9H         LINE#         2790
  C:08D1H         LINE#         2791
  C:08D3H         LINE#         2792
  C:08D4H         LINE#         2794
  C:08D4H         LINE#         2795
  C:08E1H         LINE#         2796
  C:08E2H         LINE#         2797
  C:08E8H         LINE#         2798
  C:08EDH         LINE#         2799
  C:08F8H         LINE#         2800
  C:0900H         LINE#         2801
  C:0906H         LINE#         2802
  C:090EH         LINE#         2803
  C:0916H         LINE#         2804
  C:091EH         LINE#         2805
  C:0926H         LINE#         2806
  C:092EH         LINE#         2807
  C:0930H         LINE#         2808
  C:0931H         LINE#         2810
  C:0931H         LINE#         2811
  C:093EH         LINE#         2812
BL51 BANKED LINKER/LOCATER V6.22                                                      04/28/2017  16:37:50  PAGE 51


  C:093FH         LINE#         2813
  C:0945H         LINE#         2814
  C:094AH         LINE#         2815
  C:0955H         LINE#         2816
  C:095DH         LINE#         2817
  C:0963H         LINE#         2818
  C:096BH         LINE#         2819
  C:0973H         LINE#         2820
  C:097BH         LINE#         2821
  C:0983H         LINE#         2822
  C:098BH         LINE#         2823
  C:098DH         LINE#         2824
  C:098EH         LINE#         2826
  C:098EH         LINE#         2827
  C:099BH         LINE#         2828
  C:099CH         LINE#         2829
  C:09A2H         LINE#         2830
  C:09A7H         LINE#         2831
  C:09B2H         LINE#         2832
  C:09BAH         LINE#         2833
  C:09C0H         LINE#         2834
  C:09C8H         LINE#         2835
  C:09D0H         LINE#         2836
  C:09D8H         LINE#         2837
  C:09E0H         LINE#         2838
  C:09E8H         LINE#         2839
  C:09EAH         LINE#         2840
  C:09EBH         LINE#         2842
  C:09EBH         LINE#         2843
  C:09F8H         LINE#         2844
  C:09F9H         LINE#         2845
  C:09FFH         LINE#         2846
  C:0A04H         LINE#         2847
  C:0A0FH         LINE#         2848
  C:0A17H         LINE#         2849
  C:0A1DH         LINE#         2850
  C:0A25H         LINE#         2851
  C:0A2DH         LINE#         2852
  C:0A35H         LINE#         2853
  C:0A3DH         LINE#         2854
  C:0A40H         LINE#         2855
  C:0A41H         LINE#         2856
  C:0A42H         LINE#         2858
  C:0A42H         LINE#         2859
  C:0A4FH         LINE#         2860
  C:0A50H         LINE#         2861
  C:0A56H         LINE#         2862
  C:0A5BH         LINE#         2863
  -------         ENDPROC       TRANFORSATATIONINFOR
  -------         PROC          WRITE_TO_FLASH
  -------         DO            
  D:0006H         SYMBOL        pwrite
  D:0005H         SYMBOL        i
  D:0001H         SYMBOL        SFRPAGE_SAVE
  -------         ENDDO         
  C:262BH         LINE#         2874
  C:262BH         LINE#         2875
BL51 BANKED LINKER/LOCATER V6.22                                                      04/28/2017  16:37:50  PAGE 52


  C:262BH         LINE#         2878
  C:262DH         LINE#         2879
  C:262FH         LINE#         2880
  C:2632H         LINE#         2881
  C:2635H         LINE#         2882
  C:2638H         LINE#         2883
  C:263AH         LINE#         2884
  C:263FH         LINE#         2885
  C:2642H         LINE#         2886
  C:2643H         LINE#         2887
  C:2643H         LINE#         2888
  C:265DH         LINE#         2889
  C:265EH         LINE#         2890
  C:2664H         LINE#         2891
  C:2667H         LINE#         2892
  C:266AH         LINE#         2893
  C:266CH         LINE#         2894
  C:266EH         LINE#         2895
  -------         ENDPROC       WRITE_TO_FLASH
  -------         PROC          READ_FROM_FLASH
  -------         DO            
  D:0004H         SYMBOL        pread
  D:0006H         SYMBOL        i
  D:0007H         SYMBOL        SFRPAGE_SAVE
  -------         ENDDO         
  C:280EH         LINE#         2900
  C:280EH         LINE#         2901
  C:280EH         LINE#         2904
  C:2810H         LINE#         2905
  C:2812H         LINE#         2906
  C:2815H         LINE#         2907
  C:2818H         LINE#         2908
  C:281AH         LINE#         2909
  C:281BH         LINE#         2910
  C:281BH         LINE#         2911
  C:2836H         LINE#         2912
  C:2837H         LINE#         2913
  C:283DH         LINE#         2914
  C:2840H         LINE#         2915
  C:2842H         LINE#         2916
  C:2844H         LINE#         2917
  -------         ENDPROC       READ_FROM_FLASH
  -------         PROC          INIT_MACHINE
  C:28B6H         LINE#         2919
  C:28B6H         LINE#         2920
  C:28B6H         LINE#         2921
  C:28BCH         LINE#         2922
  C:28C2H         LINE#         2923
  C:28C7H         LINE#         2924
  C:28CCH         LINE#         2925
  C:28D2H         LINE#         2926
  C:28D8H         LINE#         2927
  -------         ENDPROC       INIT_MACHINE
  -------         PROC          _SAMPCBDATAACQUISITION
  D:0023H         SYMBOL        addressID
  C:2434H         LINE#         2930
  C:2436H         LINE#         2931
BL51 BANKED LINKER/LOCATER V6.22                                                      04/28/2017  16:37:50  PAGE 53


  C:2436H         LINE#         2935
  C:243DH         LINE#         2936
  C:2443H         LINE#         2937
  C:2445H         LINE#         2938
  C:2449H         LINE#         2939
  C:244DH         LINE#         2940
  C:2451H         LINE#         2941
  C:2454H         LINE#         2942
  C:2458H         LINE#         2943
  C:2463H         LINE#         2944
  C:2465H         LINE#         2945
  C:246CH         LINE#         2946
  C:247BH         LINE#         2947
  C:247EH         LINE#         2948
  C:247EH         LINE#         2950
  C:2480H         LINE#         2951
  C:2488H         LINE#         2952
  C:2496H         LINE#         2953
  C:2498H         LINE#         2954
  C:2498H         LINE#         2955
  C:249AH         LINE#         2956
  -------         ENDPROC       _SAMPCBDATAACQUISITION
  -------         PROC          _FZSSXLEFTFZ
  D:0007H         SYMBOL        signal
  -------         DO            
  D:0006H         SYMBOL        i
  D:0007H         SYMBOL        sum
  -------         ENDDO         
  C:26EBH         LINE#         2964
  C:26EBH         LINE#         2965
  C:26EBH         LINE#         2969
  C:26F1H         LINE#         2970
  C:26F5H         LINE#         2971
  C:26F8H         LINE#         2972
  C:26FBH         LINE#         2973
  C:26FDH         LINE#         2974
  C:26FFH         LINE#         2975
  C:2701H         LINE#         2976
  C:2702H         LINE#         2977
  C:2703H         LINE#         2979
  C:2703H         LINE#         2980
  C:2710H         LINE#         2981
  C:2711H         LINE#         2982
  C:2717H         LINE#         2983
  C:271CH         LINE#         2984
  -------         ENDPROC       _FZSSXLEFTFZ
  -------         PROC          _FZSSXRIGHTFZ
  D:0007H         SYMBOL        signal
  -------         DO            
  D:0006H         SYMBOL        i
  D:0007H         SYMBOL        sum
  -------         ENDDO         
  C:2727H         LINE#         2990
  C:2727H         LINE#         2991
  C:2727H         LINE#         2995
  C:272DH         LINE#         2996
  C:2731H         LINE#         2997
BL51 BANKED LINKER/LOCATER V6.22                                                      04/28/2017  16:37:50  PAGE 54


  C:2734H         LINE#         2998
  C:2737H         LINE#         2999
  C:2739H         LINE#         3000
  C:273BH         LINE#         3001
  C:273DH         LINE#         3002
  C:273EH         LINE#         3003
  C:273FH         LINE#         3005
  C:273FH         LINE#         3006
  C:274CH         LINE#         3007
  C:274DH         LINE#         3008
  C:2753H         LINE#         3009
  C:2758H         LINE#         3010
  -------         ENDPROC       _FZSSXRIGHTFZ
  -------         PROC          MAIN
  C:2923H         LINE#         3018
  C:2923H         LINE#         3019
  C:2923H         LINE#         3020
  C:2926H         LINE#         3021
  C:2929H         LINE#         3022
  C:292CH         LINE#         3024
  C:292CH         LINE#         3025
  C:292CH         LINE#         3026
  C:292FH         LINE#         3027
  C:2932H         LINE#         3028
  C:2935H         LINE#         3037
  C:2938H         LINE#         3038
  -------         ENDPROC       MAIN
  -------         ENDMOD        SUSONGXIAN

  -------         MODULE        ?C?CLDPTR
  C:1B3DH         PUBLIC        ?C?CLDPTR
  -------         ENDMOD        ?C?CLDPTR

  -------         MODULE        ?C?CLDOPTR
  C:1B56H         PUBLIC        ?C?CLDOPTR
  -------         ENDMOD        ?C?CLDOPTR

  -------         MODULE        ?C?CSTOPTR
  C:1B83H         PUBLIC        ?C?CSTOPTR
  -------         ENDMOD        ?C?CSTOPTR

  -------         MODULE        ?C?IMUL
  C:1BA5H         PUBLIC        ?C?IMUL
  -------         ENDMOD        ?C?IMUL

  -------         MODULE        ?C?LSHL
  C:1BB7H         PUBLIC        ?C?LSHL
  -------         ENDMOD        ?C?LSHL

  -------         MODULE        ?C?LSTXDATA
  C:1BCAH         PUBLIC        ?C?LSTXDATA
  -------         ENDMOD        ?C?LSTXDATA

  -------         MODULE        ?C?LSTKXDATA
  C:1BD6H         PUBLIC        ?C?LSTKXDATA
  -------         ENDMOD        ?C?LSTKXDATA

BL51 BANKED LINKER/LOCATER V6.22                                                      04/28/2017  16:37:50  PAGE 55


  -------         MODULE        ?C?CCASE
  C:1C07H         PUBLIC        ?C?CCASE
  -------         ENDMOD        ?C?CCASE

Program Size: data=96.3 xdata=291 code=10592
LINK/LOCATE RUN COMPLETE.  0 WARNING(S),  0 ERROR(S)
