BL51 BANKED LINKER/LOCATER V6.22                                                        04/28/2017  13:56:57  PAGE 1


BL51 BANKED LINKER/LOCATER V6.22, INVOKED BY:
C:\KEIL_C51\C51\BIN\BL51.EXE .\Objects\STARTUP.obj, .\Objects\CAN1.obj, .\Objects\Yaoping.obj TO .\Objects\keil PRINT (.
>> \Listings\keil.m51) RAMSIZE (256)


MEMORY MODEL: SMALL


INPUT MODULES INCLUDED:
  .\Objects\STARTUP.obj (?C_STARTUP)
  .\Objects\CAN1.obj (CAN1)
  .\Objects\Yaoping.obj (YAOPING)
  C:\KEIL_C51\C51\LIB\C51S.LIB (?C_INIT)
  C:\KEIL_C51\C51\LIB\C51S.LIB (?C?CLDPTR)
  C:\KEIL_C51\C51\LIB\C51S.LIB (?C?CLDOPTR)
  C:\KEIL_C51\C51\LIB\C51S.LIB (?C?CSTOPTR)
  C:\KEIL_C51\C51\LIB\C51S.LIB (?C?IMUL)
  C:\KEIL_C51\C51\LIB\C51S.LIB (?C?LMUL)
  C:\KEIL_C51\C51\LIB\C51S.LIB (?C?SLCMP)
  C:\KEIL_C51\C51\LIB\C51S.LIB (?C?ULCMP)
  C:\KEIL_C51\C51\LIB\C51S.LIB (?C?ULSHR)
  C:\KEIL_C51\C51\LIB\C51S.LIB (?C?LSHL)
  C:\KEIL_C51\C51\LIB\C51S.LIB (?C?LSTXDATA)
  C:\KEIL_C51\C51\LIB\C51S.LIB (?C?LSTKXDATA)
  C:\KEIL_C51\C51\LIB\C51S.LIB (?C?OFFXADD)
  C:\KEIL_C51\C51\LIB\C51S.LIB (?C?CCASE)


LINK MAP OF MODULE:  .\Objects\keil (?C_STARTUP)


            TYPE    BASE      LENGTH    RELOCATION   SEGMENT NAME
            -----------------------------------------------------

            * * * * * * *   D A T A   M E M O R Y   * * * * * * *
            REG     0000H     0008H     ABSOLUTE     "REG BANK 0"
            DATA    0008H     0008H     UNIT         ?DT?YAOPING
            DATA    0010H     0002H     UNIT         ?DT?CANSTEMINFORBACK?YAOPING
            DATA    0012H     0001H     UNIT         ?DT?_SERVOMOTORDATAACQUISITION?YAOPING
                    0013H     000DH                  *** GAP ***
            BIT     0020H.0   0001H.0   UNIT         ?BI?YAOPING
            DATA    0021H     001DH     UNIT         _DATA_GROUP_
            IDATA   003EH     0001H     UNIT         ?STACK

            * * * * * * *  X D A T A   M E M O R Y  * * * * * * *
            XDATA   0000H     0128H     UNIT         ?XD?YAOPING
            XDATA   0128H     000BH     UNIT         ?XD?CAN1
            XDATA   0133H     0003H     UNIT         _XDATA_GROUP_

            * * * * * * *   C O D E   M E M O R Y   * * * * * * *
            CODE    0000H     0003H     ABSOLUTE     
            CODE    0003H     0007H     UNIT         ?PR?WATCHDOG_INIT?YAOPING
                    000AH     0001H                  *** GAP ***
            CODE    000BH     0003H     ABSOLUTE     
            CODE    000EH     000EH     UNIT         ?PR?RUNLEDDIS?YAOPING
            CODE    001CH     0003H     UNIT         ?PR?DIR_FZ?YAOPING
                    001FH     0004H                  *** GAP ***
            CODE    0023H     0003H     ABSOLUTE     
BL51 BANKED LINKER/LOCATER V6.22                                                      04/28/2017  13:56:57  PAGE 2


                    0026H     0005H                  *** GAP ***
            CODE    002BH     0003H     ABSOLUTE     
            CODE    002EH     0064H     UNIT         ?PR?SYSTEMCONTROL?YAOPING
                    0092H     0009H                  *** GAP ***
            CODE    009BH     0003H     ABSOLUTE     
            CODE    009EH     0FA0H     UNIT         ?CO?YAOPING
            CODE    103EH     09C8H     UNIT         ?PR?TRANFORSATATIONINFOR?YAOPING
            CODE    1A06H     0756H     UNIT         ?PR?CAN1_ISR?CAN1
            CODE    215CH     0264H     UNIT         ?PR?STEPPERMOTORCTRL?YAOPING
            CODE    23C0H     01E5H     UNIT         ?PR?_SERVOMOTORCRTL?YAOPING
            CODE    25A5H     01B4H     UNIT         ?PR?ISR_T2?YAOPING
            CODE    2759H     0185H     UNIT         ?C?LIB_CODE
            CODE    28DEH     0139H     UNIT         ?PR?AUTOTASKASSIGNMENT1?YAOPING
            CODE    2A17H     0118H     UNIT         ?PR?_AUTORUNMODE1?YAOPING
            CODE    2B2FH     0101H     UNIT         ?PR?SERIAL_PORT_INTERRUPT?YAOPING
            CODE    2C30H     00FDH     UNIT         ?PR?_RAMP1_1?YAOPING
            CODE    2D2DH     00F1H     UNIT         ?C_INITSEG
            CODE    2E1EH     00E6H     UNIT         ?PR?SEND_TO_MOTOR?YAOPING
            CODE    2F04H     00DDH     UNIT         ?PR?TIMER0_ISR?YAOPING
            CODE    2FE1H     00BCH     UNIT         ?PR?INIT_PARA?YAOPING
            CODE    309DH     00ACH     UNIT         ?PR?CANSTEMINFORBACK?YAOPING
            CODE    3149H     00A0H     UNIT         ?PR?MOTOR1_CTL?YAOPING
            CODE    31E9H     0095H     UNIT         ?PR?_SERVOMOTORINP?YAOPING
            CODE    327EH     0094H     UNIT         ?PR?_UART0SEND?YAOPING
            CODE    3312H     0094H     UNIT         ?PR?CANSETPRABACK?YAOPING
            CODE    33A6H     008FH     UNIT         ?C_C51STARTUP
            CODE    3435H     008FH     UNIT         ?PR?DCMOTORCTRL?YAOPING
            CODE    34C4H     008EH     UNIT         ?PR?ACTIVECANTRANSFER?YAOPING
            CODE    3552H     008BH     UNIT         ?PR?_CAN1_TRANSMIT?CAN1
            CODE    35DDH     0089H     UNIT         ?PR?_SERVOMOTORDATAACQUISITION?YAOPING
            CODE    3666H     0088H     UNIT         ?PR?UNACTIVECANTRANSFER?YAOPING
            CODE    36EEH     007AH     UNIT         ?PR?SHAFT1_CTL?YAOPING
            CODE    3768H     005FH     UNIT         ?PR?_CRC_CHK?YAOPING
            CODE    37C7H     005FH     UNIT         ?PR?AUTOTASKASSIGNMENT0?YAOPING
            CODE    3826H     0058H     UNIT         ?PR?CURRENTCOLLECTION?YAOPING
            CODE    387EH     0057H     UNIT         ?PR?_SEND_TO_MOTORDRIVER_CTL?YAOPING
            CODE    38D5H     0048H     UNIT         ?PR?_CAN1_RECEIVE?CAN1
            CODE    391DH     0047H     UNIT         ?PR?BOARD_PARAMETER_SETUP?YAOPING
            CODE    3964H     0045H     UNIT         ?PR?_INIT_MSG_OBJECT_TX?CAN1
            CODE    39A9H     0044H     UNIT         ?PR?WRITE_TO_FLASH?YAOPING
            CODE    39EDH     0041H     UNIT         ?PR?DATAACQUISITION?YAOPING
            CODE    3A2EH     003FH     UNIT         ?PR?START_CAN?CAN1
            CODE    3A6DH     003DH     UNIT         ?PR?_INIT_MSG_OBJECT_RX?CAN1
            CODE    3AAAH     003CH     UNIT         ?PR?_FZSSXRIGHTFZ?YAOPING
            CODE    3AE6H     0039H     UNIT         ?PR?PORT_INIT?YAOPING
            CODE    3B1FH     0038H     UNIT         ?PR?INIT_CAN1_1?CAN1
            CODE    3B57H     0037H     UNIT         ?PR?READ_FROM_FLASH?YAOPING
            CODE    3B8EH     0035H     UNIT         ?PR?INITIAL?YAOPING
            CODE    3BC3H     002AH     UNIT         ?PR?_DELAY_MS?YAOPING
            CODE    3BEDH     0027H     UNIT         ?PR?TIMER01_INIT?YAOPING
            CODE    3C14H     0023H     UNIT         ?PR?OSCILLATOR_INIT?YAOPING
            CODE    3C37H     0023H     UNIT         ?PR?INIT_MACHINE?YAOPING
            CODE    3C5AH     0020H     UNIT         ?PR?_AUTORUNMODE0?YAOPING
            CODE    3C7AH     001EH     UNIT         ?PR?MAIN?YAOPING
            CODE    3C98H     0019H     UNIT         ?PR?CLEAR_MSG_OBJECTS?CAN1
            CODE    3CB1H     0016H     UNIT         ?PR?RETURNTOPOINT?YAOPING
            CODE    3CC7H     000BH     UNIT         ?PR?DIR_ZZ?YAOPING
BL51 BANKED LINKER/LOCATER V6.22                                                      04/28/2017  13:56:57  PAGE 3


            CODE    3CD2H     000BH     UNIT         ?PR?_DELAY1?YAOPING



OVERLAY MAP OF MODULE:   .\Objects\keil (?C_STARTUP)


SEGMENT                                          DATA_GROUP          XDATA_GROUP
  +--> CALLED SEGMENT                          START    LENGTH     START    LENGTH
----------------------------------------------------------------------------------
?C_C51STARTUP                                  -----    -----      -----    -----
  +--> ?PR?MAIN?YAOPING
  +--> ?C_INITSEG

?PR?MAIN?YAOPING                               -----    -----      -----    -----
  +--> ?PR?INITIAL?YAOPING
  +--> ?PR?_DELAY_MS?YAOPING
  +--> ?PR?INIT_MACHINE?YAOPING
  +--> ?PR?SYSTEMCONTROL?YAOPING
  +--> ?PR?UNACTIVECANTRANSFER?YAOPING
  +--> ?PR?ACTIVECANTRANSFER?YAOPING
  +--> ?PR?RUNLEDDIS?YAOPING

?PR?INITIAL?YAOPING                            -----    -----      -----    -----
  +--> ?PR?OSCILLATOR_INIT?YAOPING
  +--> ?PR?WATCHDOG_INIT?YAOPING
  +--> ?PR?PORT_INIT?YAOPING
  +--> ?PR?TIMER01_INIT?YAOPING
  +--> ?PR?INIT_PARA?YAOPING

?PR?INIT_PARA?YAOPING                          -----    -----      -----    -----
  +--> ?PR?BOARD_PARAMETER_SETUP?YAOPING
  +--> ?PR?READ_FROM_FLASH?YAOPING

?PR?BOARD_PARAMETER_SETUP?YAOPING              -----    -----      -----    -----
  +--> ?PR?INIT_CAN1_1?CAN1

?PR?INIT_CAN1_1?CAN1                           0021H    0001H      -----    -----
  +--> ?PR?CLEAR_MSG_OBJECTS?CAN1
  +--> ?PR?_INIT_MSG_OBJECT_TX?CAN1
  +--> ?PR?_INIT_MSG_OBJECT_RX?CAN1
  +--> ?PR?START_CAN?CAN1

?PR?_DELAY_MS?YAOPING                          002CH    0004H      -----    -----
  +--> ?PR?_DELAY1?YAOPING

?PR?SYSTEMCONTROL?YAOPING                      -----    -----      -----    -----
  +--> ?PR?STEPPERMOTORCTRL?YAOPING
  +--> ?PR?DCMOTORCTRL?YAOPING
  +--> ?PR?_SERVOMOTORCRTL?YAOPING
  +--> ?PR?AUTOTASKASSIGNMENT0?YAOPING
  +--> ?PR?_AUTORUNMODE0?YAOPING
  +--> ?PR?AUTOTASKASSIGNMENT1?YAOPING
  +--> ?PR?_AUTORUNMODE1?YAOPING

?PR?STEPPERMOTORCTRL?YAOPING                   -----    -----      -----    -----
  +--> ?PR?SHAFT1_CTL?YAOPING
BL51 BANKED LINKER/LOCATER V6.22                                                      04/28/2017  13:56:57  PAGE 4



?PR?_SERVOMOTORCRTL?YAOPING                    0021H    0001H      -----    -----
  +--> ?PR?_SEND_TO_MOTORDRIVER_CTL?YAOPING
  +--> ?PR?SEND_TO_MOTOR?YAOPING
  +--> ?PR?RETURNTOPOINT?YAOPING

?PR?_SEND_TO_MOTORDRIVER_CTL?YAOPING           0022H    0002H      -----    -----
  +--> ?PR?_UART0SEND?YAOPING
  +--> ?PR?_DELAY_MS?YAOPING

?PR?_UART0SEND?YAOPING                         0024H    0008H      -----    -----
  +--> ?PR?_CRC_CHK?YAOPING
  +--> ?PR?_DELAY_MS?YAOPING

?PR?_CRC_CHK?YAOPING                           002CH    0006H      -----    -----

?PR?SEND_TO_MOTOR?YAOPING                      -----    -----      -----    -----
  +--> ?PR?_DELAY_MS?YAOPING
  +--> ?PR?_UART0SEND?YAOPING

?PR?RETURNTOPOINT?YAOPING                      -----    -----      -----    -----
  +--> ?PR?_SEND_TO_MOTORDRIVER_CTL?YAOPING

?PR?AUTOTASKASSIGNMENT0?YAOPING                0021H    0001H      -----    -----
  +--> ?PR?_SERVOMOTORINP?YAOPING

?PR?_SERVOMOTORINP?YAOPING                     0023H    0001H      -----    -----
  +--> ?PR?_DELAY_MS?YAOPING
  +--> ?PR?_UART0SEND?YAOPING

?PR?_AUTORUNMODE0?YAOPING                      0021H    0001H      -----    -----
  +--> ?PR?RETURNTOPOINT?YAOPING
  +--> ?PR?_SEND_TO_MOTORDRIVER_CTL?YAOPING

?PR?AUTOTASKASSIGNMENT1?YAOPING                0021H    0002H      -----    -----
  +--> ?PR?_SERVOMOTORINP?YAOPING
  +--> ?PR?DIR_ZZ?YAOPING

?PR?_AUTORUNMODE1?YAOPING                      0021H    0001H      -----    -----
  +--> ?PR?_SEND_TO_MOTORDRIVER_CTL?YAOPING
  +--> ?PR?SEND_TO_MOTOR?YAOPING
  +--> ?PR?DIR_ZZ?YAOPING
  +--> ?PR?RETURNTOPOINT?YAOPING
  +--> ?PR?DIR_FZ?YAOPING

?PR?UNACTIVECANTRANSFER?YAOPING                -----    -----      -----    -----
  +--> ?PR?CANSETPRABACK?YAOPING
  +--> ?PR?TRANFORSATATIONINFOR?YAOPING

?PR?CANSETPRABACK?YAOPING                      -----    -----      -----    -----
  +--> ?PR?_CAN1_TRANSMIT?CAN1

?PR?_CAN1_TRANSMIT?CAN1                        0021H    0005H      -----    -----
  +--> ?PR?_DELAY_MS?YAOPING

?PR?TRANFORSATATIONINFOR?YAOPING               -----    -----      -----    -----
  +--> ?PR?_CAN1_TRANSMIT?CAN1
BL51 BANKED LINKER/LOCATER V6.22                                                      04/28/2017  13:56:57  PAGE 5



?PR?ACTIVECANTRANSFER?YAOPING                  -----    -----      -----    -----
  +--> ?PR?_CAN1_TRANSMIT?CAN1

*** NEW ROOT ***************************************************

?PR?CAN1_ISR?CAN1                              0032H    0004H      -----    -----
  +--> ?PR?_CAN1_RECEIVE?CAN1
  +--> ?PR?WRITE_TO_FLASH?YAOPING

?PR?_CAN1_RECEIVE?CAN1                         0036H    0003H      -----    -----

*** NEW ROOT ***************************************************

?PR?SERIAL_PORT_INTERRUPT?YAOPING              -----    -----      0133H    0003H

*** NEW ROOT ***************************************************

?PR?ISR_T2?YAOPING                             0039H    0001H      -----    -----
  +--> ?PR?_RAMP1_1?YAOPING
  +--> ?PR?MOTOR1_CTL?YAOPING

?PR?_RAMP1_1?YAOPING                           003AH    0004H      -----    -----

?PR?MOTOR1_CTL?YAOPING                         -----    -----      -----    -----
  +--> ?CO?YAOPING



SYMBOL TABLE OF MODULE:  .\Objects\keil (?C_STARTUP)

  VALUE           TYPE          NAME
  ----------------------------------

  -------         MODULE        ?C_STARTUP
  C:33A6H         SEGMENT       ?C_C51STARTUP
  I:003EH         SEGMENT       ?STACK
  C:0000H         PUBLIC        ?C_STARTUP
  D:00E0H         SYMBOL        ACC
  D:00F0H         SYMBOL        B
  D:0083H         SYMBOL        DPH
  D:0082H         SYMBOL        DPL
  N:0000H         SYMBOL        IBPSTACK
  N:0100H         SYMBOL        IBPSTACKTOP
  N:0080H         SYMBOL        IDATALEN
  C:33ACH         SYMBOL        IDATALOOP
  D:00A8H         SYMBOL        IE
  N:0000H         SYMBOL        PBPSTACK
  N:0100H         SYMBOL        PBPSTACKTOP
  D:00D9H         SYMBOL        PCA0MD
  N:0000H         SYMBOL        PDATALEN
  N:0000H         SYMBOL        PDATASTART
  N:0000H         SYMBOL        PPAGE
  N:0000H         SYMBOL        PPAGEENABLE
  D:00A0H         SYMBOL        PPAGE_SFR
  D:0084H         SYMBOL        SFRPAGE
  D:0081H         SYMBOL        SP
BL51 BANKED LINKER/LOCATER V6.22                                                      04/28/2017  13:56:57  PAGE 6


  C:33A6H         SYMBOL        STARTUP1
  D:00FFH         SYMBOL        WDTCN
  N:0000H         SYMBOL        XBPSTACK
  N:0000H         SYMBOL        XBPSTACKTOP
  N:0000H         SYMBOL        XDATALEN
  N:0000H         SYMBOL        XDATASTART
  C:0000H         LINE#         129
  C:33A6H         LINE#         136
  C:33A9H         LINE#         137
  C:33ABH         LINE#         138
  C:33ACH         LINE#         139
  C:33ADH         LINE#         140
  C:33AFH         LINE#         189
  C:33B2H         LINE#         200
  -------         ENDMOD        ?C_STARTUP

  -------         MODULE        CAN1
  C:0000H         SYMBOL        _ICE_DUMMY_
  D:0080H         PUBLIC        P0
  D:0090H         PUBLIC        P1
  D:00FFH         PUBLIC        WDTCN
  D:00A0H         PUBLIC        P2
  C:3C98H         PUBLIC        clear_msg_objects
  D:00B0H         PUBLIC        P3
  D:00C8H         PUBLIC        P4
  D:00D8H         PUBLIC        P5
  B:00A8H.7       PUBLIC        EA
  D:00E7H         PUBLIC        EIE2
  D:00E8H         PUBLIC        ADC0CN
  D:0084H         PUBLIC        SFRPAGE
  C:3B1FH         PUBLIC        init_can1_1
  D:00E8H         PUBLIC        ADC2CN
  B:00B0H.4       PUBLIC        LED8
  D:00A8H         PUBLIC        IE
  D:00F7H         PUBLIC        EIP2
  D:00F8H         PUBLIC        CAN0CN
  D:00D8H         PUBLIC        PCA0CN
  D:00B8H         PUBLIC        IP
  D:00E4H         PUBLIC        XBR3
  X:0128H         PUBLIC        CANRXBUF_ZKB
  D:00C0H         PUBLIC        SMB0CN
  D:00D9H         PUBLIC        CAN0DATH
  D:00D8H         PUBLIC        CAN0DATL
  D:0088H         PUBLIC        CPT0CN
  D:0088H         PUBLIC        CPT1CN
  D:0088H         PUBLIC        CPT2CN
  C:38D5H         PUBLIC        _can1_receive
  D:00F8H         PUBLIC        SPI0CN
  D:0088H         PUBLIC        TCON
  D:00C8H         PUBLIC        TMR2CN
  D:00C8H         PUBLIC        TMR3CN
  D:00C8H         PUBLIC        TMR4CN
  C:3552H         PUBLIC        _can1_transmit
  C:3A6DH         PUBLIC        _init_msg_object_RX
  C:3964H         PUBLIC        _init_msg_object_TX
  X:0130H         PUBLIC        CANINDEX
  C:1A06H         PUBLIC        CAN1_ISR
BL51 BANKED LINKER/LOCATER V6.22                                                      04/28/2017  13:56:57  PAGE 7


  D:00DAH         PUBLIC        CAN0ADR
  D:00D8H         PUBLIC        CAN0DAT
  C:3A2EH         PUBLIC        start_CAN
  D:0098H         PUBLIC        SCON0
  D:0098H         PUBLIC        SCON1
  X:0131H         PUBLIC        CAN1FaultCounter
  D:00C0H         PUBLIC        CAN0STA
  X:0132H         PUBLIC        CANaddress1
  D:00D0H         PUBLIC        PSW
  -------         PROC          INIT_CAN1_1
  -------         DO            
  D:0021H         SYMBOL        SFRPAGE_SAVE
  -------         ENDDO         
  C:3B1FH         LINE#         72
  C:3B1FH         LINE#         73
  C:3B1FH         LINE#         81
  C:3B22H         LINE#         82
  C:3B25H         LINE#         83
  C:3B28H         LINE#         84
  C:3B2AH         LINE#         86
  C:3B2DH         LINE#         88
  C:3B3CH         LINE#         90
  C:3B48H         LINE#         95
  C:3B4BH         LINE#         97
  C:3B4EH         LINE#         99
  C:3B51H         LINE#         101
  C:3B53H         LINE#         102
  C:3B56H         LINE#         103
  -------         ENDPROC       INIT_CAN1_1
  -------         PROC          CLEAR_MSG_OBJECTS
  -------         DO            
  D:0006H         SYMBOL        i
  D:0007H         SYMBOL        SFRPAGE_SAVE
  -------         ENDDO         
  C:3C98H         LINE#         108
  C:3C98H         LINE#         109
  C:3C98H         LINE#         111
  C:3C9AH         LINE#         112
  C:3C9DH         LINE#         113
  C:3CA0H         LINE#         114
  C:3CA3H         LINE#         115
  C:3CA5H         LINE#         116
  C:3CA5H         LINE#         117
  C:3CA8H         LINE#         118
  C:3CAAH         LINE#         119
  C:3CAEH         LINE#         120
  C:3CB0H         LINE#         121
  -------         ENDPROC       CLEAR_MSG_OBJECTS
  -------         PROC          _INIT_MSG_OBJECT_RX
  D:0003H         SYMBOL        MsgNum
  D:0004H         SYMBOL        id
  -------         DO            
  D:0006H         SYMBOL        temp
  D:0002H         SYMBOL        SFRPAGE_SAVE
  -------         ENDDO         
  C:3A6DH         LINE#         124
  C:3A6FH         LINE#         125
BL51 BANKED LINKER/LOCATER V6.22                                                      04/28/2017  13:56:57  PAGE 8


  C:3A6FH         LINE#         127
  C:3A71H         LINE#         128
  C:3A74H         LINE#         129
  C:3A77H         LINE#         130
  C:3A7DH         LINE#         132
  C:3A80H         LINE#         133
  C:3A85H         LINE#         134
  C:3A92H         LINE#         135
  C:3A95H         LINE#         136
  C:3A98H         LINE#         137
  C:3A9CH         LINE#         139
  C:3AA2H         LINE#         142
  C:3AA5H         LINE#         143
  C:3AA7H         LINE#         146
  C:3AA9H         LINE#         147
  -------         ENDPROC       _INIT_MSG_OBJECT_RX
  -------         PROC          _INIT_MSG_OBJECT_TX
  D:0003H         SYMBOL        MsgNum
  D:0004H         SYMBOL        id
  -------         DO            
  D:0006H         SYMBOL        temp
  D:0002H         SYMBOL        SFRPAGE_SAVE
  -------         ENDDO         
  C:3964H         LINE#         150
  C:3966H         LINE#         151
  C:3966H         LINE#         153
  C:3968H         LINE#         154
  C:396BH         LINE#         155
  C:396EH         LINE#         156
  C:3974H         LINE#         157
  C:3977H         LINE#         158
  C:397CH         LINE#         159
  C:3989H         LINE#         160
  C:398CH         LINE#         161
  C:398FH         LINE#         162
  C:3993H         LINE#         164
  C:3999H         LINE#         167
  C:399CH         LINE#         168
  C:39A6H         LINE#         171
  C:39A8H         LINE#         172
  -------         ENDPROC       _INIT_MSG_OBJECT_TX
  -------         PROC          START_CAN
  -------         DO            
  D:0007H         SYMBOL        SFRPAGE_SAVE
  -------         ENDDO         
  C:3A2EH         LINE#         174
  C:3A2EH         LINE#         175
  C:3A2EH         LINE#         217
  C:3A30H         LINE#         218
  C:3A33H         LINE#         219
  C:3A36H         LINE#         220
  C:3A39H         LINE#         222
  C:3A41H         LINE#         223
  C:3A41H         LINE#         224
  C:3A47H         LINE#         225
  C:3A49H         LINE#         226
  C:3A4DH         LINE#         227
BL51 BANKED LINKER/LOCATER V6.22                                                      04/28/2017  13:56:57  PAGE 9


  C:3A4DH         LINE#         228
  C:3A53H         LINE#         229
  C:3A55H         LINE#         230
  C:3A59H         LINE#         231
  C:3A59H         LINE#         232
  C:3A5FH         LINE#         233
  C:3A61H         LINE#         235
  C:3A61H         LINE#         236
  C:3A67H         LINE#         237
  C:3A67H         LINE#         239
  C:3A6AH         LINE#         241
  C:3A6CH         LINE#         242
  -------         ENDPROC       START_CAN
  -------         PROC          _CAN1_TRANSMIT
  D:0021H         SYMBOL        MsgNum
  D:0022H         SYMBOL        buf
  -------         DO            
  D:0007H         SYMBOL        i
  D:0025H         SYMBOL        SFRPAGE_SAVE
  -------         ENDDO         
  C:3552H         LINE#         245
  C:355AH         LINE#         246
  C:355AH         LINE#         248
  C:355DH         LINE#         249
  C:3560H         LINE#         250
  C:3562H         LINE#         251
  C:3565H         LINE#         252
  C:3568H         LINE#         253
  C:356EH         LINE#         255
  C:3571H         LINE#         256
  C:3579H         LINE#         257
  C:3579H         LINE#         258
  C:358BH         LINE#         259
  C:3595H         LINE#         260
  C:3598H         LINE#         261
  C:359CH         LINE#         262
  C:359FH         LINE#         263
  C:35A2H         LINE#         265
  C:35A5H         LINE#         266
  C:35ACH         LINE#         267
  C:35CBH         LINE#         268
  C:35CBH         LINE#         269
  C:35D1H         LINE#         270
  C:35D4H         LINE#         271
  C:35D7H         LINE#         273
  C:35D7H         LINE#         274
  C:35D9H         LINE#         275
  C:35DCH         LINE#         276
  -------         ENDPROC       _CAN1_TRANSMIT
  -------         PROC          _CAN1_RECEIVE
  D:0007H         SYMBOL        MsgNum
  D:0036H         SYMBOL        buf
  -------         DO            
  D:0007H         SYMBOL        i
  D:0006H         SYMBOL        SFRPAGE_SAVE
  -------         ENDDO         
  C:38D5H         LINE#         280
BL51 BANKED LINKER/LOCATER V6.22                                                      04/28/2017  13:56:57  PAGE 10


  C:38DBH         LINE#         281
  C:38DBH         LINE#         283
  C:38DDH         LINE#         284
  C:38E0H         LINE#         285
  C:38E3H         LINE#         286
  C:38E6H         LINE#         287
  C:38E8H         LINE#         288
  C:38EBH         LINE#         289
  C:38EDH         LINE#         292
  C:38F0H         LINE#         293
  C:38F8H         LINE#         294
  C:38F8H         LINE#         295
  C:390AH         LINE#         296
  C:3914H         LINE#         297
  C:3918H         LINE#         298
  C:391AH         LINE#         299
  C:391CH         LINE#         300
  -------         ENDPROC       _CAN1_RECEIVE
  -------         PROC          CAN1_ISR
  -------         DO            
  D:0032H         SYMBOL        status
  D:0006H         SYMBOL        intstate
  D:0033H         SYMBOL        temp
  D:0034H         SYMBOL        isum
  D:0035H         SYMBOL        sum
  -------         ENDDO         
  C:1A06H         LINE#         305
  C:1A23H         LINE#         310
  C:1A26H         LINE#         311
  C:1A29H         LINE#         313
  C:1A2CH         LINE#         314
  C:1A2FH         LINE#         315
  C:1A32H         LINE#         316
  C:1A35H         LINE#         318
  C:1A3DH         LINE#         319
  C:1A3DH         LINE#         320
  C:1A45H         LINE#         322
  C:1A48H         LINE#         323
  C:1A4CH         LINE#         324
  C:1A53H         LINE#         325
  C:1A53H         LINE#         326
  C:1A56H         LINE#         327
  C:1A61H         LINE#         328
  C:1AC0H         LINE#         329
  C:1AC0H         LINE#         330
  C:1AC0H         LINE#         331
  C:1AC8H         LINE#         332
  C:1AD0H         LINE#         333
  C:1AD8H         LINE#         334
  C:1AE7H         LINE#         335
  C:1B00H         LINE#         336
  C:1B29H         LINE#         337
  C:1B42H         LINE#         338
  C:1B6BH         LINE#         339
  C:1B84H         LINE#         340
  C:1BAAH         LINE#         341
  C:1BAAH         LINE#         342
BL51 BANKED LINKER/LOCATER V6.22                                                      04/28/2017  13:56:57  PAGE 11


  C:1BAAH         LINE#         343
  C:1BADH         LINE#         345
  C:1BADH         LINE#         346
  C:1BB5H         LINE#         347
  C:1BBDH         LINE#         348
  C:1BC5H         LINE#         349
  C:1BD4H         LINE#         350
  C:1BEDH         LINE#         351
  C:1C16H         LINE#         352
  C:1C2FH         LINE#         353
  C:1C58H         LINE#         354
  C:1C71H         LINE#         355
  C:1C9AH         LINE#         356
  C:1C9AH         LINE#         357
  C:1C9AH         LINE#         358
  C:1C9DH         LINE#         360
  C:1C9DH         LINE#         361
  C:1CA5H         LINE#         362
  C:1CADH         LINE#         363
  C:1CB5H         LINE#         364
  C:1CCCH         LINE#         365
  C:1CE3H         LINE#         366
  C:1CFAH         LINE#         367
  C:1D11H         LINE#         368
  C:1D11H         LINE#         369
  C:1D11H         LINE#         370
  C:1D14H         LINE#         372
  C:1D14H         LINE#         373
  C:1D1CH         LINE#         374
  C:1D24H         LINE#         375
  C:1D2CH         LINE#         376
  C:1D43H         LINE#         377
  C:1D5AH         LINE#         378
  C:1D71H         LINE#         379
  C:1D88H         LINE#         380
  C:1D88H         LINE#         381
  C:1D88H         LINE#         382
  C:1D8BH         LINE#         384
  C:1D8BH         LINE#         385
  C:1D93H         LINE#         386
  C:1D9BH         LINE#         387
  C:1DA3H         LINE#         388
  C:1DBAH         LINE#         389
  C:1DD1H         LINE#         390
  C:1DE8H         LINE#         391
  C:1DFFH         LINE#         392
  C:1DFFH         LINE#         393
  C:1DFFH         LINE#         394
  C:1E02H         LINE#         396
  C:1E02H         LINE#         397
  C:1E0AH         LINE#         398
  C:1E12H         LINE#         399
  C:1E1AH         LINE#         400
  C:1E31H         LINE#         401
  C:1E48H         LINE#         402
  C:1E5FH         LINE#         403
  C:1E76H         LINE#         404
BL51 BANKED LINKER/LOCATER V6.22                                                      04/28/2017  13:56:57  PAGE 12


  C:1E76H         LINE#         405
  C:1E76H         LINE#         406
  C:1E79H         LINE#         408
  C:1E79H         LINE#         409
  C:1E81H         LINE#         410
  C:1E89H         LINE#         411
  C:1E91H         LINE#         412
  C:1EA9H         LINE#         413
  C:1EC1H         LINE#         414
  C:1ED9H         LINE#         415
  C:1EF1H         LINE#         416
  C:1EF1H         LINE#         417
  C:1EF1H         LINE#         418
  C:1EF4H         LINE#         420
  C:1EF4H         LINE#         421
  C:1EFCH         LINE#         422
  C:1F04H         LINE#         423
  C:1F0CH         LINE#         424
  C:1F24H         LINE#         425
  C:1F3CH         LINE#         426
  C:1F3CH         LINE#         427
  C:1F3CH         LINE#         428
  C:1F3EH         LINE#         430
  C:1F3EH         LINE#         431
  C:1F46H         LINE#         432
  C:1F4EH         LINE#         433
  C:1F56H         LINE#         434
  C:1F6EH         LINE#         435
  C:1F86H         LINE#         436
  C:1F86H         LINE#         437
  C:1F86H         LINE#         438
  C:1F88H         LINE#         440
  C:1F88H         LINE#         441
  C:1F90H         LINE#         442
  C:1F98H         LINE#         443
  C:1FA0H         LINE#         444
  C:1FB8H         LINE#         445
  C:1FBDH         LINE#         446
  C:1FBFH         LINE#         447
  C:1FC2H         LINE#         449
  C:1FC2H         LINE#         450
  C:1FCAH         LINE#         451
  C:1FD2H         LINE#         452
  C:1FDAH         LINE#         453
  C:1FDDH         LINE#         454
  C:1FDDH         LINE#         455
  C:1FDFH         LINE#         457
  C:1FDFH         LINE#         464
  C:1FDFH         LINE#         471
  C:1FDFH         LINE#         478
  C:1FDFH         LINE#         485
  C:1FDFH         LINE#         492
  C:1FDFH         LINE#         499
  C:1FDFH         LINE#         506
  C:1FDFH         LINE#         514
  C:1FDFH         LINE#         521
  C:1FDFH         LINE#         528
BL51 BANKED LINKER/LOCATER V6.22                                                      04/28/2017  13:56:57  PAGE 13


  C:1FDFH         LINE#         529
  C:1FE7H         LINE#         530
  C:1FEFH         LINE#         531
  C:1FF7H         LINE#         532
  C:1FF7H         LINE#         533
  C:1FF7H         LINE#         535
  C:1FFCH         LINE#         540
  C:1FFFH         LINE#         543
  C:1FFFH         LINE#         544
  C:2002H         LINE#         545
  C:2005H         LINE#         546
  C:2005H         LINE#         547
  C:2015H         LINE#         548
  C:201CH         LINE#         549
  C:2027H         LINE#         550
  C:2027H         LINE#         551
  C:2030H         LINE#         552
  C:2030H         LINE#         554
  C:2030H         LINE#         556
  C:2030H         LINE#         557
  C:2038H         LINE#         558
  C:2040H         LINE#         559
  C:2048H         LINE#         560
  C:204EH         LINE#         561
  C:2051H         LINE#         563
  C:2051H         LINE#         564
  C:2051H         LINE#         565
  C:2051H         LINE#         566
  C:2051H         LINE#         567
  C:2054H         LINE#         572
  C:2054H         LINE#         573
  C:2057H         LINE#         574
  C:205AH         LINE#         575
  C:205AH         LINE#         576
  C:206AH         LINE#         577
  C:2071H         LINE#         578
  C:207CH         LINE#         579
  C:207CH         LINE#         580
  C:2085H         LINE#         581
  C:2085H         LINE#         583
  C:2085H         LINE#         585
  C:2085H         LINE#         586
  C:208DH         LINE#         587
  C:2095H         LINE#         588
  C:209DH         LINE#         589
  C:20A3H         LINE#         590
  C:20A8H         LINE#         592
  C:20A8H         LINE#         593
  C:20A8H         LINE#         594
  C:20A8H         LINE#         595
  C:20A8H         LINE#         596
  C:20AAH         LINE#         600
  C:20AAH         LINE#         604
  C:20B0H         LINE#         609
  C:20B5H         LINE#         610
  C:20B7H         LINE#         612
  C:20B7H         LINE#         614
BL51 BANKED LINKER/LOCATER V6.22                                                      04/28/2017  13:56:57  PAGE 14


  C:20BAH         LINE#         615
  C:20BDH         LINE#         616
  C:20BDH         LINE#         617
  C:20CDH         LINE#         618
  C:20D4H         LINE#         619
  C:20DCH         LINE#         620
  C:20DCH         LINE#         621
  C:20E3H         LINE#         623
  C:20E3H         LINE#         624
  C:20E3H         LINE#         625
  C:20E5H         LINE#         627
  C:20E5H         LINE#         629
  C:20EBH         LINE#         630
  C:20EBH         LINE#         632
  C:20EBH         LINE#         634
  C:20EBH         LINE#         635
  C:20F3H         LINE#         636
  C:20FBH         LINE#         637
  C:2103H         LINE#         638
  C:2109H         LINE#         641
  C:210FH         LINE#         642
  C:2115H         LINE#         643
  C:2115H         LINE#         644
  C:2115H         LINE#         646
  C:2115H         LINE#         647
  C:2115H         LINE#         648
  C:2115H         LINE#         649
  C:2115H         LINE#         650
  C:2118H         LINE#         675
  C:211AH         LINE#         676
  C:211AH         LINE#         677
  C:211FH         LINE#         678
  C:211FH         LINE#         679
  C:2127H         LINE#         680
  C:2127H         LINE#         681
  C:2131H         LINE#         682
  C:2131H         LINE#         684
  C:2134H         LINE#         685
  C:2139H         LINE#         686
  C:2139H         LINE#         687
  C:213CH         LINE#         688
  C:213CH         LINE#         689
  C:213EH         LINE#         690
  C:213EH         LINE#         691
  C:2141H         LINE#         692
  -------         ENDPROC       CAN1_ISR
  -------         ENDMOD        CAN1

  -------         MODULE        YAOPING
  C:0000H         SYMBOL        _ICE_DUMMY_
  C:23C0H         PUBLIC        _ServomotorCRTL
  D:0080H         PUBLIC        P0
  D:0090H         PUBLIC        P1
  D:00FFH         PUBLIC        WDTCN
  D:00A0H         PUBLIC        P2
  X:0000H         PUBLIC        Servomotor_original
  D:00B0H         PUBLIC        P3
BL51 BANKED LINKER/LOCATER V6.22                                                      04/28/2017  13:56:57  PAGE 15


  C:2F04H         PUBLIC        Timer0_ISR
  C:3666H         PUBLIC        UnactiveCANtransfer
  X:0001H         PUBLIC        repair_flag
  D:00C8H         PUBLIC        P4
  X:0002H         PUBLIC        Servomotor_addtime
  X:0006H         PUBLIC        Servoparadisplace
  X:000AH         PUBLIC        AUTOCANcomand
  D:00D8H         PUBLIC        P5
  C:2E1EH         PUBLIC        send_to_motor
  B:00A8H.7       PUBLIC        EA
  B:0080H.5       PUBLIC        motor1_dir
  D:00F8H         PUBLIC        P7
  C:103EH         PUBLIC        TRANFORSATATIONINFOR
  B:00A0H.6       PUBLIC        LED2
  D:008FH         PUBLIC        PSCTL
  C:3C5AH         PUBLIC        _AUTORUNMODE0
  B:0090H.0       PUBLIC        LED3
  C:2A17H         PUBLIC        _AUTORUNMODE1
  C:3149H         PUBLIC        Motor1_CTL
  D:00E8H         PUBLIC        ADC0CN
  D:0084H         PUBLIC        SFRPAGE
  D:00A4H         PUBLIC        P0MDOUT
  B:0020H.0       PUBLIC        Time_FLAG
  D:00E8H         PUBLIC        ADC2CN
  D:00A5H         PUBLIC        P1MDOUT
  D:00A8H         PUBLIC        IE
  D:00A6H         PUBLIC        P2MDOUT
  D:00A7H         PUBLIC        P3MDOUT
  D:009CH         PUBLIC        P4MDOUT
  D:009DH         PUBLIC        P5MDOUT
  D:009EH         PUBLIC        P6MDOUT
  D:009FH         PUBLIC        P7MDOUT
  C:009EH         PUBLIC        Speedvalue
  X:000BH         PUBLIC        speed_value
  D:00F8H         PUBLIC        CAN0CN
  D:00A3H         PUBLIC        EMI0CF
  C:3CB1H         PUBLIC        Returntopoint
  X:000FH         PUBLIC        Servoparaaddtime
  D:00D8H         PUBLIC        PCA0CN
  D:00B8H         PUBLIC        IP
  X:0013H         PUBLIC        Shaft1_SUB_Speed_Time_Base
  B:0020H.1       PUBLIC        Step_FLAG
  C:3887H         PUBLIC        _Send_to_Motordriver_CTL
  X:0014H         PUBLIC        T0Counter2
  X:0015H         PUBLIC        T0Counter3
  D:00E1H         PUBLIC        XBR0
  X:0016H         PUBLIC        T0Counter4
  D:00E2H         PUBLIC        XBR1
  C:34C4H         PUBLIC        ActiveCANtransfer
  X:0017H         PUBLIC        T0Counter5
  D:00E3H         PUBLIC        XBR2
  C:2B2FH         PUBLIC        Serial_Port_Interrupt
  X:0018H         PUBLIC        motor1_out
  X:001CH         PUBLIC        T0Counter6
  C:001CH         PUBLIC        Dir_FZ
  X:001EH         PUBLIC        AUTOCMD_TIME
  X:001FH         PUBLIC        T0Counter8
BL51 BANKED LINKER/LOCATER V6.22                                                      04/28/2017  13:56:57  PAGE 16


  B:0020H.2       PUBLIC        ONCE_FLAG
  D:00CBH         PUBLIC        RCAP2H
  X:0020H         PUBLIC        T0Counter9
  D:00C0H         PUBLIC        SMB0CN
  X:0022H         PUBLIC        Servomotor_subtime
  X:0026H         PUBLIC        GAOKONG_COUT
  D:00CAH         PUBLIC        RCAP2L
  C:3C7AH         PUBLIC        main
  C:3B57H         PUBLIC        read_from_flash
  X:0027H         PUBLIC        Shaft1_Speed_max
  X:0029H         PUBLIC        CANTXBUF_ZKB
  D:0088H         PUBLIC        CPT0CN
  D:00ADH         PUBLIC        P1MDIN
  D:0088H         PUBLIC        CPT1CN
  D:00AEH         PUBLIC        P2MDIN
  D:0088H         PUBLIC        CPT2CN
  C:0003H         PUBLIC        Watchdog_Init
  D:00AFH         PUBLIC        P3MDIN
  C:39EDH         PUBLIC        Dataacquisition
  D:00F8H         PUBLIC        SPI0CN
  C:31E9H         PUBLIC        _ServomotorINP
  D:0087H         PUBLIC        PCON
  X:0031H         PUBLIC        RecPointer1
  C:3CCFH         PUBLIC        Dir_ZZ
  X:0032H         PUBLIC        ShowTime
  D:0089H         PUBLIC        TMOD
  D:0088H         PUBLIC        TCON
  B:0020H.3       PUBLIC        AUTO_FLAG
  B:00D8H.3       PUBLIC        Motor1_Power
  X:0036H         PUBLIC        Servoparasubtime
  X:003AH         PUBLIC        nCANcomand
  D:00C8H         PUBLIC        TMR2CN
  X:003BH         PUBLIC        Servopara
  D:00C8H         PUBLIC        TMR3CN
  B:00C8H.3       PUBLIC        DE1
  D:00C8H         PUBLIC        TMR4CN
  X:00A6H         PUBLIC        Servomotor_speed
  B:0020H.4       PUBLIC        Receive_command_finished
  C:2FE1H         PUBLIC        init_para
  C:3AE6H         PUBLIC        PORT_Init
  X:00AAH         PUBLIC        Shaft1_Base_Speed_Value
  X:00ABH         PUBLIC        Pulse1
  X:00ADH         PUBLIC        buf
  B:0020H.5       PUBLIC        Time_FLAG1
  D:0097H         PUBLIC        CLKSEL
  X:00CBH         PUBLIC        system_crtl
  C:37C7H         PUBLIC        AUTOTaskassignment0
  C:3AAAH         PUBLIC        _FZSSXRightFZ
  C:28DEH         PUBLIC        AUTOTaskassignment1
  C:3CD2H         PUBLIC        _delay1
  X:00CDH         PUBLIC        Pulse1_Cnt
  C:309DH         PUBLIC        CANsteminforback
  B:00D8H.5       PUBLIC        Motor1_Dir
  B:00D8H.1       PUBLIC        Motor2
  B:00C8H.1       PUBLIC        RE1
  B:00A8H.4       PUBLIC        ES0
  X:00D1H         PUBLIC        Shaft1_Run_mode
BL51 BANKED LINKER/LOCATER V6.22                                                      04/28/2017  13:56:57  PAGE 17


  X:00D2H         PUBLIC        CANcomand
  B:00A8H.1       PUBLIC        ET0
  B:0088H.5       PUBLIC        TF0
  X:00D3H         PUBLIC        T0Counter10
  B:0098H.0       PUBLIC        RI0
  B:0088H.7       PUBLIC        TF1
  X:00D5H         PUBLIC        Rec1
  B:00C8H.7       PUBLIC        TF2
  D:008CH         PUBLIC        TH0
  B:0098H.1       PUBLIC        TI0
  D:008DH         PUBLIC        TH1
  C:3B8EH         PUBLIC        Initial
  X:00F3H         PUBLIC        Servoparaspeed
  B:0020H.6       PUBLIC        CANINFOR_FLAG
  B:0080H.2       PUBLIC        MONITOR_INPUT1
  X:00F7H         PUBLIC        Shaft1_aim_pulse
  X:00FBH         PUBLIC        AUTOCMD_CHECK
  B:0080H.3       PUBLIC        MONITOR_INPUT2
  D:008CH         PUBLIC        OSCXCN
  D:008AH         PUBLIC        TL0
  C:3768H         PUBLIC        _crc_chk
  D:008BH         PUBLIC        TL1
  C:3BC9H         PUBLIC        _delay_ms
  X:00FCH         PUBLIC        BPSSET
  C:215CH         PUBLIC        SteppermotorCTRL
  B:00B8H.1       PUBLIC        PT0
  C:25A5H         PUBLIC        ISR_T2
  B:0088H.4       PUBLIC        TR0
  B:0088H.6       PUBLIC        TR1
  X:00FDH         PUBLIC        temppage
  B:00C8H.2       PUBLIC        TR2
  X:00FEH         PUBLIC        Vel1
  C:3286H         PUBLIC        _Uart0Send
  C:3BEDH         PUBLIC        Timer01_Init
  X:0102H         PUBLIC        Runmode
  B:0020H.7       PUBLIC        Receive485_command_finished
  D:0099H         PUBLIC        SBUF0
  C:39A9H         PUBLIC        write_to_flash
  D:0098H         PUBLIC        SCON0
  D:0098H         PUBLIC        SCON1
  X:0103H         PUBLIC        ShowTime1
  C:391DH         PUBLIC        Board_Parameter_Setup
  X:0105H         PUBLIC        Shaft1_Add_Speed
  D:00C0H         PUBLIC        CAN0STA
  X:0107H         PUBLIC        Sampleperiod
  C:000EH         PUBLIC        RunLEDDIS
  C:36EEH         PUBLIC        Shaft1_CTL
  X:0108H         PUBLIC        Shaft1_Velocity_Subsection_Parameter
  C:002EH         PUBLIC        SystemControl
  C:3C37H         PUBLIC        init_machine
  X:010CH         PUBLIC        YAOPINGTISH_COUT
  X:010DH         PUBLIC        Servomotor_displace
  C:3435H         PUBLIC        DCmotorCTRL
  X:0111H         PUBLIC        AUTOCMD_STATE
  C:2C5FH         PUBLIC        _ramp1_1
  D:00B7H         PUBLIC        FLSCL
  C:35DDH         PUBLIC        _ServomotorDataacquisition
BL51 BANKED LINKER/LOCATER V6.22                                                      04/28/2017  13:56:57  PAGE 18


  C:3C14H         PUBLIC        OSCILLATOR_Init
  X:0112H         PUBLIC        CANTRASTEMINFOR
  X:0126H         PUBLIC        Shaft1_ADD_Speed_Time_Base
  C:3312H         PUBLIC        CANsetpraback
  X:0127H         PUBLIC        IDSET
  D:00D0H         PUBLIC        PSW
  C:3826H         PUBLIC        CurrentCollection
  D:0008H         PUBLIC        buffer
  C:3CCAH         SYMBOL        L?0447
  -------         PROC          L?0446
  -------         ENDPROC       L?0446
  C:3CCAH         SYMBOL        L?0447
  -------         PROC          DIR_ZZ
  C:3CCFH         LINE#         97
  C:3CCFH         LINE#         98
  C:3CCFH         LINE#         99
  C:3CD1H         LINE#         100
  -------         ENDPROC       DIR_ZZ
  -------         PROC          DIR_FZ
  C:001CH         LINE#         101
  C:001CH         LINE#         102
  C:001CH         LINE#         103
  C:001EH         LINE#         104
  -------         ENDPROC       DIR_FZ
  C:3BC5H         SYMBOL        L?0445
  -------         PROC          L?0444
  -------         ENDPROC       L?0444
  C:3BC5H         SYMBOL        L?0445
  -------         PROC          _DELAY_MS
  D:002CH         SYMBOL        ms
  -------         DO            
  D:002EH         SYMBOL        us
  -------         ENDDO         
  C:3BC9H         LINE#         107
  C:3BCDH         LINE#         108
  C:3BCDH         LINE#         109
  C:3BD3H         LINE#         110
  C:3BE0H         LINE#         111
  C:3BE0H         LINE#         112
  C:3BE3H         LINE#         113
  C:3BEAH         LINE#         114
  C:3BECH         LINE#         115
  -------         ENDPROC       _DELAY_MS
  -------         PROC          WATCHDOG_INIT
  C:0003H         LINE#         117
  C:0003H         LINE#         118
  C:0003H         LINE#         119
  C:0006H         LINE#         121
  C:0009H         LINE#         122
  -------         ENDPROC       WATCHDOG_INIT
  -------         PROC          INITIAL
  C:3B8EH         LINE#         127
  C:3B8EH         LINE#         128
  C:3B8EH         LINE#         129
  C:3B91H         LINE#         130
  C:3B94H         LINE#         131
  C:3B97H         LINE#         132
BL51 BANKED LINKER/LOCATER V6.22                                                      04/28/2017  13:56:57  PAGE 19


  C:3B9AH         LINE#         136
  C:3B9DH         LINE#         138
  C:3BA5H         LINE#         140
  C:3BADH         LINE#         141
  C:3BB3H         LINE#         142
  C:3BB8H         LINE#         143
  C:3BBBH         LINE#         145
  C:3BBDH         LINE#         147
  C:3BC0H         LINE#         148
  C:3BC2H         LINE#         150
  -------         ENDPROC       INITIAL
  -------         PROC          TIMER01_INIT
  -------         DO            
  D:0007H         SYMBOL        SFRPAGE_SAVE
  -------         ENDDO         
  C:3BEDH         LINE#         151
  C:3BEDH         LINE#         152
  C:3BEDH         LINE#         153
  C:3BEFH         LINE#         154
  C:3BF2H         LINE#         155
  C:3BF5H         LINE#         156
  C:3BF7H         LINE#         157
  C:3BFAH         LINE#         158
  C:3BFDH         LINE#         159
  C:3BFFH         LINE#         160
  C:3C01H         LINE#         161
  C:3C04H         LINE#         162
  C:3C06H         LINE#         163
  C:3C08H         LINE#         164
  C:3C0AH         LINE#         165
  C:3C0CH         LINE#         166
  C:3C0FH         LINE#         169
  C:3C11H         LINE#         170
  C:3C13H         LINE#         171
  -------         ENDPROC       TIMER01_INIT
  -------         PROC          TIMER0_ISR
  -------         DO            
  D:0005H         SYMBOL        SFRPAGE_SAVE
  -------         ENDDO         
  C:2F04H         LINE#         179
  C:2F11H         LINE#         181
  C:2F13H         LINE#         183
  C:2F16H         LINE#         185
  C:2F1CH         LINE#         186
  C:2F20H         LINE#         187
  C:2F24H         LINE#         188
  C:2F28H         LINE#         189
  C:2F36H         LINE#         190
  C:2F3CH         LINE#         191
  C:2F4AH         LINE#         192
  C:2F58H         LINE#         193
  C:2F5BH         LINE#         196
  C:2F6AH         LINE#         197
  C:2F6AH         LINE#         198
  C:2F6DH         LINE#         199
  C:2F6DH         LINE#         200
  C:2F74H         LINE#         201
BL51 BANKED LINKER/LOCATER V6.22                                                      04/28/2017  13:56:57  PAGE 20


  C:2F74H         LINE#         202
  C:2F7BH         LINE#         203
  C:2F81H         LINE#         204
  C:2F87H         LINE#         205
  C:2F87H         LINE#         206
  C:2F89H         LINE#         207
  C:2F8FH         LINE#         208
  C:2F95H         LINE#         209
  C:2F9AH         LINE#         210
  C:2F9AH         LINE#         211
  C:2F9CH         LINE#         213
  C:2F9CH         LINE#         214
  C:2F9EH         LINE#         215
  C:2F9EH         LINE#         216
  C:2F9EH         LINE#         217
  C:2F9EH         LINE#         218
  C:2FA0H         LINE#         220
  C:2FA0H         LINE#         221
  C:2FA7H         LINE#         222
  C:2FABH         LINE#         223
  C:2FABH         LINE#         224
  C:2FABH         LINE#         226
  C:2FB2H         LINE#         227
  C:2FB2H         LINE#         231
  C:2FB5H         LINE#         232
  C:2FB7H         LINE#         234
  C:2FB7H         LINE#         235
  C:2FBAH         LINE#         236
  C:2FBAH         LINE#         238
  C:2FC1H         LINE#         239
  C:2FC1H         LINE#         243
  C:2FC4H         LINE#         244
  C:2FC6H         LINE#         246
  C:2FC6H         LINE#         247
  C:2FC9H         LINE#         248
  C:2FC9H         LINE#         250
  C:2FCBH         LINE#         252
  C:2FCEH         LINE#         253
  C:2FD1H         LINE#         254
  C:2FD4H         LINE#         255
  C:2FD6H         LINE#         257
  -------         ENDPROC       TIMER0_ISR
  -------         PROC          PORT_INIT
  -------         DO            
  D:0007H         SYMBOL        SFRPAGE_SAVE
  -------         ENDDO         
  C:3AE6H         LINE#         263
  C:3AE6H         LINE#         264
  C:3AE6H         LINE#         266
  C:3AE8H         LINE#         267
  C:3AEBH         LINE#         270
  C:3AEEH         LINE#         271
  C:3AF1H         LINE#         272
  C:3AF4H         LINE#         273
  C:3AF7H         LINE#         282
  C:3AFAH         LINE#         283
  C:3AFDH         LINE#         284
BL51 BANKED LINKER/LOCATER V6.22                                                      04/28/2017  13:56:57  PAGE 21


  C:3B00H         LINE#         285
  C:3B02H         LINE#         286
  C:3B04H         LINE#         288
  C:3B07H         LINE#         289
  C:3B0AH         LINE#         290
  C:3B0CH         LINE#         291
  C:3B0EH         LINE#         293
  C:3B11H         LINE#         294
  C:3B14H         LINE#         295
  C:3B17H         LINE#         340
  C:3B19H         LINE#         341
  C:3B1CH         LINE#         342
  C:3B1EH         LINE#         343
  -------         ENDPROC       PORT_INIT
  -------         PROC          OSCILLATOR_INIT
  -------         DO            
  D:0004H         SYMBOL        i
  D:0007H         SYMBOL        SFRPAGE_SAVE
  -------         ENDDO         
  C:3C14H         LINE#         355
  C:3C14H         LINE#         356
  C:3C14H         LINE#         358
  C:3C16H         LINE#         359
  C:3C19H         LINE#         360
  C:3C1CH         LINE#         361
  C:3C2CH         LINE#         363
  C:3C31H         LINE#         365
  C:3C34H         LINE#         368
  C:3C36H         LINE#         369
  -------         ENDPROC       OSCILLATOR_INIT
  -------         PROC          INIT_PARA
  -------         DO            
  D:0007H         SYMBOL        i
  -------         ENDDO         
  C:2FE1H         LINE#         374
  C:2FE1H         LINE#         375
  C:2FE1H         LINE#         377
  C:2FE3H         LINE#         378
  C:2FE3H         LINE#         379
  C:2FEFH         LINE#         380
  C:2FF3H         LINE#         381
  C:2FF3H         LINE#         382
  C:2FF3H         LINE#         383
  C:2FFDH         LINE#         384
  C:2FFDH         LINE#         385
  C:2FFFH         LINE#         386
  C:2FFFH         LINE#         387
  C:300BH         LINE#         388
  C:3017H         LINE#         389
  C:3023H         LINE#         390
  C:302FH         LINE#         391
  C:3033H         LINE#         392
  C:3036H         LINE#         393
  C:303BH         LINE#         394
  C:3041H         LINE#         398
  C:3046H         LINE#         399
  C:3050H         LINE#         400
BL51 BANKED LINKER/LOCATER V6.22                                                      04/28/2017  13:56:57  PAGE 22


  C:3052H         LINE#         401
  C:3054H         LINE#         402
  C:305EH         LINE#         403
  C:3068H         LINE#         404
  C:3072H         LINE#         405
  C:307CH         LINE#         410
  C:307CH         LINE#         411
  C:307CH         LINE#         412
  C:3086H         LINE#         413
  C:3086H         LINE#         415
  C:3086H         LINE#         416
  C:3086H         LINE#         417
  C:3090H         LINE#         418
  C:3090H         LINE#         419
  C:3093H         LINE#         420
  C:3098H         LINE#         421
  C:309AH         LINE#         425
  C:309CH         LINE#         426
  -------         ENDPROC       INIT_PARA
  -------         PROC          BOARD_PARAMETER_SETUP
  C:391DH         LINE#         427
  C:391DH         LINE#         428
  C:391DH         LINE#         429
  C:392FH         LINE#         430
  C:392FH         LINE#         431
  C:392FH         LINE#         432
  C:3932H         LINE#         435
  C:3938H         LINE#         436
  C:393CH         LINE#         437
  C:3942H         LINE#         438
  C:394CH         LINE#         439
  C:3955H         LINE#         440
  C:395FH         LINE#         441
  C:3960H         LINE#         442
  C:3960H         LINE#         445
  C:3960H         LINE#         446
  C:3960H         LINE#         447
  C:3960H         LINE#         448
  C:3963H         LINE#         450
  C:3963H         LINE#         451
  C:3963H         LINE#         452
  C:3963H         LINE#         453
  C:3963H         LINE#         454
  -------         ENDPROC       BOARD_PARAMETER_SETUP
  -------         PROC          SHAFT1_CTL
  C:36EEH         LINE#         460
  C:36EEH         LINE#         461
  C:36EEH         LINE#         464
  C:36F1H         LINE#         465
  C:36F1H         LINE#         466
  C:36FFH         LINE#         467
  C:3701H         LINE#         468
  C:3714H         LINE#         469
  C:3714H         LINE#         470
  C:371EH         LINE#         471
  C:3728H         LINE#         472
  C:3732H         LINE#         473
BL51 BANKED LINKER/LOCATER V6.22                                                      04/28/2017  13:56:57  PAGE 23


  C:3737H         LINE#         474
  C:373EH         LINE#         475
  C:3743H         LINE#         477
  C:375AH         LINE#         478
  C:3767H         LINE#         479
  C:3767H         LINE#         481
  C:3767H         LINE#         482
  -------         ENDPROC       SHAFT1_CTL
  C:2C30H         SYMBOL        L?0440
  -------         PROC          L?0439
  -------         ENDPROC       L?0439
  C:2C30H         SYMBOL        L?0440
  -------         PROC          _RAMP1_1
  D:003AH         SYMBOL        max
  C:2C5FH         LINE#         488
  C:2C67H         LINE#         489
  C:2C67H         LINE#         497
  C:2C93H         LINE#         498
  C:2C93H         LINE#         500
  C:2CC0H         LINE#         501
  C:2CC2H         LINE#         502
  C:2CF1H         LINE#         503
  C:2CF1H         LINE#         504
  C:2CFEH         LINE#         505
  C:2CFEH         LINE#         506
  C:2D00H         LINE#         507
  C:2D1CH         LINE#         508
  C:2D1CH         LINE#         509
  C:2D1EH         LINE#         510
  C:2D1EH         LINE#         511
  C:2D2CH         LINE#         512
  C:2D2CH         LINE#         515
  -------         ENDPROC       _RAMP1_1
  -------         PROC          SERIAL_PORT_INTERRUPT
  -------         DO            
  X:0133H         SYMBOL        K
  X:0135H         SYMBOL        j
  D:0007H         SYMBOL        SFRPAGE_SAVE
  C:2C1DH         SYMBOL        END_ISR
  -------         ENDDO         
  C:2B2FH         LINE#         523
  C:2B3EH         LINE#         527
  C:2B45H         LINE#         528
  C:2B47H         LINE#         529
  C:2B49H         LINE#         531
  C:2B4BH         LINE#         532
  C:2B51H         LINE#         533
  C:2B54H         LINE#         535
  C:2B56H         LINE#         536
  C:2B66H         LINE#         539
  C:2B6CH         LINE#         540
  C:2B73H         LINE#         542
  C:2B76H         LINE#         543
  C:2B76H         LINE#         544
  C:2B84H         LINE#         545
  C:2B87H         LINE#         546
  C:2B96H         LINE#         547
BL51 BANKED LINKER/LOCATER V6.22                                                      04/28/2017  13:56:57  PAGE 24


  C:2B99H         LINE#         549
  C:2B9BH         LINE#         550
  C:2BABH         LINE#         554
  C:2BB1H         LINE#         573
  C:2BBFH         LINE#         574
  C:2BBFH         LINE#         590
  C:2BBFH         LINE#         591
  C:2BCCH         LINE#         592
  C:2BCCH         LINE#         593
  C:2BD5H         LINE#         594
  C:2BD5H         LINE#         595
  C:2BDCH         LINE#         596
  C:2BDFH         LINE#         597
  C:2BDFH         LINE#         598
  C:2BEDH         LINE#         599
  C:2BF0H         LINE#         600
  C:2BFFH         LINE#         601
  C:2BFFH         LINE#         603
  C:2C01H         LINE#         604
  C:2C01H         LINE#         606
  C:2C03H         LINE#         607
  C:2C13H         LINE#         609
  C:2C1BH         LINE#         611
  C:2C1BH         LINE#         613
  C:2C1BH         LINE#         615
  C:2C1BH         LINE#         616
  C:2C1DH         LINE#         617
  C:2C1DH         LINE#         618
  C:2C1FH         LINE#         619
  C:2C21H         LINE#         620
  C:2C23H         LINE#         622
  -------         ENDPROC       SERIAL_PORT_INTERRUPT
  -------         PROC          ISR_T2
  -------         DO            
  D:0039H         SYMBOL        temp
  -------         ENDDO         
  C:25A5H         LINE#         738
  C:25C2H         LINE#         741
  C:25C5H         LINE#         742
  C:25C8H         LINE#         743
  C:25CAH         LINE#         744
  C:25D8H         LINE#         745
  C:25EAH         LINE#         746
  C:25EAH         LINE#         747
  C:25EEH         LINE#         748
  C:260DH         LINE#         750
  C:2622H         LINE#         751
  C:2622H         LINE#         752
  C:2622H         LINE#         753
  C:2647H         LINE#         754
  C:2647H         LINE#         755
  C:264AH         LINE#         756
  C:2671H         LINE#         758
  C:2673H         LINE#         759
  C:2673H         LINE#         760
  C:2673H         LINE#         761
  C:2673H         LINE#         762
BL51 BANKED LINKER/LOCATER V6.22                                                      04/28/2017  13:56:57  PAGE 25


  C:2676H         LINE#         764
  C:2676H         LINE#         765
  C:269BH         LINE#         766
  C:269BH         LINE#         767
  C:269EH         LINE#         768
  C:26C5H         LINE#         769
  C:26C7H         LINE#         770
  C:26C7H         LINE#         771
  C:26C7H         LINE#         772
  C:26C7H         LINE#         773
  C:26CAH         LINE#         775
  C:26CAH         LINE#         776
  C:26ECH         LINE#         777
  C:26ECH         LINE#         778
  C:26EFH         LINE#         779
  C:2716H         LINE#         780
  C:2718H         LINE#         781
  C:272CH         LINE#         782
  C:272FH         LINE#         783
  C:272FH         LINE#         784
  C:2731H         LINE#         786
  C:2731H         LINE#         787
  C:273BH         LINE#         788
  C:273BH         LINE#         789
  C:273BH         LINE#         790
  C:273BH         LINE#         791
  C:273EH         LINE#         792
  -------         ENDPROC       ISR_T2
  -------         PROC          MOTOR1_CTL
  -------         DO            
  D:0006H         SYMBOL        temp1
  -------         ENDDO         
  C:3149H         LINE#         808
  C:3149H         LINE#         809
  C:3149H         LINE#         814
  C:3166H         LINE#         815
  C:3166H         LINE#         816
  C:3174H         LINE#         817
  C:3176H         LINE#         818
  C:3178H         LINE#         819
  C:318FH         LINE#         821
  C:318FH         LINE#         822
  C:318FH         LINE#         823
  C:31AEH         LINE#         824
  C:31BFH         LINE#         826
  C:31DFH         LINE#         827
  C:31E2H         LINE#         828
  C:31E5H         LINE#         829
  C:31E6H         LINE#         830
  C:31E8H         LINE#         832
  C:31E8H         LINE#         836
  -------         ENDPROC       MOTOR1_CTL
  -------         PROC          L?0441
  -------         ENDPROC       L?0441
  -------         PROC          _UART0SEND
  D:0024H         SYMBOL        buf
  D:0027H         SYMBOL        bufsize
BL51 BANKED LINKER/LOCATER V6.22                                                      04/28/2017  13:56:57  PAGE 26


  -------         DO            
  D:0028H         SYMBOL        i
  D:0006H         SYMBOL        k
  D:0029H         SYMBOL        crc_z
  D:002BH         SYMBOL        SFRPAGE_SAVE
  -------         ENDDO         
  C:3286H         LINE#         838
  C:328EH         LINE#         839
  C:328EH         LINE#         840
  C:3291H         LINE#         841
  C:3293H         LINE#         842
  C:3297H         LINE#         843
  C:329AH         LINE#         845
  C:329DH         LINE#         847
  C:329FH         LINE#         848
  C:32A1H         LINE#         849
  C:32B0H         LINE#         850
  C:32B0H         LINE#         852
  C:32C0H         LINE#         853
  C:32C2H         LINE#         854
  C:32C4H         LINE#         855
  C:32C7H         LINE#         856
  C:32D0H         LINE#         857
  C:32D2H         LINE#         858
  C:32D5H         LINE#         859
  C:32DAH         LINE#         860
  C:32DCH         LINE#         861
  C:32DFH         LINE#         863
  C:32DFH         LINE#         866
  C:32F0H         LINE#         867
  C:32F3H         LINE#         868
  C:32F5H         LINE#         869
  C:32F7H         LINE#         870
  C:32FEH         LINE#         871
  C:3300H         LINE#         872
  C:3303H         LINE#         873
  C:3305H         LINE#         874
  C:3307H         LINE#         875
  C:330EH         LINE#         877
  C:3311H         LINE#         878
  -------         ENDPROC       _UART0SEND
  -------         PROC          _DELAY1
  D:0006H         SYMBOL        us
  -------         DO            
  D:0006H         SYMBOL        i
  -------         ENDDO         
  C:3CD2H         LINE#         886
  C:3CD2H         LINE#         887
  C:3CD2H         LINE#         888
  C:3CD2H         LINE#         889
  C:3CDCH         LINE#         890
  -------         ENDPROC       _DELAY1
  -------         PROC          SEND_TO_MOTOR
  -------         DO            
  D:0007H         SYMBOL        i
  -------         ENDDO         
  C:2E1EH         LINE#         896
BL51 BANKED LINKER/LOCATER V6.22                                                      04/28/2017  13:56:57  PAGE 27


  C:2E1EH         LINE#         897
  C:2E1EH         LINE#         900
  C:2E25H         LINE#         901
  C:2E28H         LINE#         902
  C:2E2AH         LINE#         903
  C:2E30H         LINE#         904
  C:2E34H         LINE#         905
  C:2E38H         LINE#         906
  C:2E3BH         LINE#         907
  C:2E3DH         LINE#         908
  C:2E41H         LINE#         909
  C:2E45H         LINE#         912
  C:2E4CH         LINE#         913
  C:2E4CH         LINE#         914
  C:2E51H         LINE#         915
  C:2E53H         LINE#         917
  C:2E53H         LINE#         918
  C:2E59H         LINE#         919
  C:2E59H         LINE#         920
  C:2E5EH         LINE#         921
  C:2E60H         LINE#         922
  C:2E62H         LINE#         924
  C:2E6AH         LINE#         925
  C:2E72H         LINE#         926
  C:2E7AH         LINE#         927
  C:2E82H         LINE#         929
  C:2E8AH         LINE#         930
  C:2E92H         LINE#         931
  C:2E9AH         LINE#         932
  C:2EA2H         LINE#         934
  C:2EAAH         LINE#         935
  C:2EB2H         LINE#         936
  C:2EBAH         LINE#         937
  C:2EC2H         LINE#         939
  C:2ECAH         LINE#         940
  C:2ED2H         LINE#         941
  C:2EDAH         LINE#         942
  C:2EE2H         LINE#         944
  C:2EE2H         LINE#         945
  C:2EE2H         LINE#         946
  C:2EECH         LINE#         947
  C:2EEEH         LINE#         948
  C:2EF9H         LINE#         949
  C:2EFBH         LINE#         950
  C:2EFEH         LINE#         951
  C:2F01H         LINE#         952
  C:2F01H         LINE#         953
  C:2F03H         LINE#         954
  C:2F03H         LINE#         955
  -------         ENDPROC       SEND_TO_MOTOR
  C:387EH         SYMBOL        L?0443
  -------         PROC          L?0442
  -------         ENDPROC       L?0442
  C:387EH         SYMBOL        L?0443
  -------         PROC          _SEND_TO_MOTORDRIVER_CTL
  D:0007H         SYMBOL        command
  -------         DO            
BL51 BANKED LINKER/LOCATER V6.22                                                      04/28/2017  13:56:57  PAGE 28


  D:0022H         SYMBOL        temp
  D:0007H         SYMBOL        i
  -------         ENDDO         
  C:3887H         LINE#         963
  C:3887H         LINE#         964
  C:3887H         LINE#         968
  C:388CH         LINE#         969
  C:388FH         LINE#         970
  C:3895H         LINE#         971
  C:3899H         LINE#         973
  C:389CH         LINE#         974
  C:389EH         LINE#         976
  C:38A0H         LINE#         977
  C:38A4H         LINE#         979
  C:38A8H         LINE#         981
  C:38ABH         LINE#         982
  C:38ADH         LINE#         983
  C:38B1H         LINE#         984
  C:38B5H         LINE#         985
  C:38B5H         LINE#         986
  C:38B5H         LINE#         987
  C:38BFH         LINE#         988
  C:38C1H         LINE#         989
  C:38CCH         LINE#         990
  C:38CFH         LINE#         991
  C:38D2H         LINE#         992
  C:38D2H         LINE#         993
  C:38D4H         LINE#         994
  C:38D4H         LINE#         995
  -------         ENDPROC       _SEND_TO_MOTORDRIVER_CTL
  -------         PROC          RUNLEDDIS
  C:000EH         LINE#         998
  C:000EH         LINE#         999
  C:000EH         LINE#         1000
  C:0017H         LINE#         1001
  C:0017H         LINE#         1002
  C:0019H         LINE#         1003
  C:001BH         LINE#         1004
  C:001BH         LINE#         1005
  -------         ENDPROC       RUNLEDDIS
  -------         PROC          DCMOTORCTRL
  -------         DO            
  D:0007H         SYMBOL        SFRPAGE_SAVE
  -------         ENDDO         
  C:3435H         LINE#         1008
  C:3435H         LINE#         1009
  C:3435H         LINE#         1010
  C:3437H         LINE#         1012
  C:3449H         LINE#         1013
  C:3449H         LINE#         1015
  C:3449H         LINE#         1016
  C:344CH         LINE#         1017
  C:344EH         LINE#         1018
  C:3450H         LINE#         1019
  C:3452H         LINE#         1021
  C:3457H         LINE#         1022
  C:3459H         LINE#         1023
BL51 BANKED LINKER/LOCATER V6.22                                                      04/28/2017  13:56:57  PAGE 29


  C:345BH         LINE#         1024
  C:345FH         LINE#         1025
  C:3463H         LINE#         1026
  C:3469H         LINE#         1027
  C:346CH         LINE#         1028
  C:346EH         LINE#         1030
  C:346EH         LINE#         1031
  C:3471H         LINE#         1032
  C:3473H         LINE#         1033
  C:3475H         LINE#         1034
  C:3477H         LINE#         1036
  C:347CH         LINE#         1037
  C:347EH         LINE#         1038
  C:3480H         LINE#         1039
  C:3484H         LINE#         1040
  C:3488H         LINE#         1041
  C:348BH         LINE#         1042
  C:348DH         LINE#         1046
  C:348DH         LINE#         1047
  C:3493H         LINE#         1048
  C:3493H         LINE#         1049
  C:3493H         LINE#         1050
  C:3496H         LINE#         1051
  C:3498H         LINE#         1052
  C:349AH         LINE#         1053
  C:349CH         LINE#         1054
  C:349CH         LINE#         1056
  C:349CH         LINE#         1057
  C:349CH         LINE#         1058
  C:349CH         LINE#         1059
  C:349EH         LINE#         1060
  C:34A3H         LINE#         1061
  C:34A5H         LINE#         1062
  C:34A7H         LINE#         1063
  C:34ABH         LINE#         1064
  C:34AFH         LINE#         1065
  C:34B5H         LINE#         1066
  C:34B6H         LINE#         1068
  C:34B6H         LINE#         1069
  C:34B8H         LINE#         1070
  C:34BAH         LINE#         1071
  C:34BFH         LINE#         1072
  C:34C3H         LINE#         1073
  C:34C3H         LINE#         1076
  C:34C3H         LINE#         1077
  C:34C3H         LINE#         1078
  C:34C3H         LINE#         1079
  -------         ENDPROC       DCMOTORCTRL
  -------         PROC          STEPPERMOTORCTRL
  C:215CH         LINE#         1085
  C:215CH         LINE#         1086
  C:215CH         LINE#         1087
  C:216EH         LINE#         1088
  C:216EH         LINE#         1089
  C:216EH         LINE#         1090
  C:218BH         LINE#         1091
  C:21A4H         LINE#         1092
BL51 BANKED LINKER/LOCATER V6.22                                                      04/28/2017  13:56:57  PAGE 30


  C:21DBH         LINE#         1093
  C:21F4H         LINE#         1094
  C:222BH         LINE#         1095
  C:2244H         LINE#         1096
  C:227BH         LINE#         1097
  C:2297H         LINE#         1098
  C:22A0H         LINE#         1099
  C:22BDH         LINE#         1100
  C:22D8H         LINE#         1101
  C:22E1H         LINE#         1102
  C:22FEH         LINE#         1103
  C:2315H         LINE#         1104
  C:2320H         LINE#         1105
  C:2320H         LINE#         1106
  C:2320H         LINE#         1107
  C:2326H         LINE#         1108
  C:2328H         LINE#         1109
  C:2328H         LINE#         1110
  C:232EH         LINE#         1111
  C:2330H         LINE#         1112
  C:2330H         LINE#         1113
  C:2336H         LINE#         1114
  C:2338H         LINE#         1115
  C:2338H         LINE#         1116
  C:233DH         LINE#         1117
  C:233DH         LINE#         1118
  C:233DH         LINE#         1119
  C:233FH         LINE#         1120
  C:2349H         LINE#         1121
  C:2353H         LINE#         1122
  C:2361H         LINE#         1124
  C:2366H         LINE#         1125
  C:2368H         LINE#         1126
  C:236AH         LINE#         1127
  C:236EH         LINE#         1128
  C:2372H         LINE#         1129
  C:2378H         LINE#         1130
  C:237EH         LINE#         1131
  C:2380H         LINE#         1133
  C:2380H         LINE#         1134
  C:238EH         LINE#         1135
  C:2398H         LINE#         1136
  C:23A2H         LINE#         1137
  C:23ACH         LINE#         1138
  C:23B1H         LINE#         1139
  C:23B5H         LINE#         1140
  C:23B9H         LINE#         1141
  C:23BDH         LINE#         1142
  C:23BDH         LINE#         1144
  C:23BDH         LINE#         1145
  C:23BDH         LINE#         1146
  C:23BDH         LINE#         1147
  -------         ENDPROC       STEPPERMOTORCTRL
  -------         PROC          _SERVOMOTORCRTL
  D:0007H         SYMBOL        comand
  -------         DO            
  D:0021H         SYMBOL        CALU_m_pra
BL51 BANKED LINKER/LOCATER V6.22                                                      04/28/2017  13:56:57  PAGE 31


  -------         ENDDO         
  C:23C0H         LINE#         1153
  C:23C0H         LINE#         1154
  C:23C0H         LINE#         1155
  C:23C3H         LINE#         1157
  C:23CCH         LINE#         1158
  C:23E8H         LINE#         1159
  C:23E8H         LINE#         1160
  C:23E8H         LINE#         1161
  C:23EAH         LINE#         1162
  C:23EDH         LINE#         1163
  C:23F2H         LINE#         1164
  C:2406H         LINE#         1165
  C:241AH         LINE#         1166
  C:2424H         LINE#         1167
  C:242EH         LINE#         1168
  C:2431H         LINE#         1169
  C:2436H         LINE#         1170
  C:243BH         LINE#         1171
  C:243BH         LINE#         1172
  C:243BH         LINE#         1173
  C:243BH         LINE#         1174
  C:243EH         LINE#         1176
  C:243EH         LINE#         1177
  C:2440H         LINE#         1178
  C:2443H         LINE#         1179
  C:2445H         LINE#         1180
  C:2445H         LINE#         1181
  C:2445H         LINE#         1182
  C:2445H         LINE#         1183
  C:2447H         LINE#         1185
  C:2447H         LINE#         1186
  C:2449H         LINE#         1187
  C:244CH         LINE#         1188
  C:2451H         LINE#         1189
  C:2456H         LINE#         1190
  C:245AH         LINE#         1191
  C:245CH         LINE#         1192
  C:245DH         LINE#         1194
  C:245DH         LINE#         1195
  C:245FH         LINE#         1196
  C:2462H         LINE#         1197
  C:2464H         LINE#         1199
  C:2474H         LINE#         1200
  C:2484H         LINE#         1201
  C:2494H         LINE#         1202
  C:24A4H         LINE#         1204
  C:24B4H         LINE#         1205
  C:24C4H         LINE#         1206
  C:24D4H         LINE#         1207
  C:24E4H         LINE#         1209
  C:24F4H         LINE#         1210
  C:2504H         LINE#         1211
  C:2514H         LINE#         1212
  C:2524H         LINE#         1214
  C:2534H         LINE#         1215
  C:2544H         LINE#         1216
BL51 BANKED LINKER/LOCATER V6.22                                                      04/28/2017  13:56:57  PAGE 32


  C:2554H         LINE#         1217
  C:2564H         LINE#         1219
  C:2564H         LINE#         1220
  C:2564H         LINE#         1221
  C:2567H         LINE#         1222
  C:256AH         LINE#         1223
  C:256FH         LINE#         1224
  C:2574H         LINE#         1225
  C:257BH         LINE#         1226
  C:257FH         LINE#         1227
  C:2583H         LINE#         1228
  C:2585H         LINE#         1229
  C:258CH         LINE#         1230
  C:258EH         LINE#         1231
  C:2590H         LINE#         1232
  C:2591H         LINE#         1234
  C:2591H         LINE#         1235
  C:2593H         LINE#         1236
  C:2596H         LINE#         1237
  C:2599H         LINE#         1238
  C:259EH         LINE#         1239
  C:25A2H         LINE#         1240
  C:25A4H         LINE#         1241
  C:25A4H         LINE#         1243
  C:25A4H         LINE#         1244
  C:25A4H         LINE#         1245
  C:25A4H         LINE#         1247
  -------         ENDPROC       _SERVOMOTORCRTL
  -------         PROC          _AUTORUNMODE0
  D:0007H         SYMBOL        comand
  -------         DO            
  D:0021H         SYMBOL        SFRPAGE_SAVE
  -------         ENDDO         
  C:3C5AH         LINE#         1251
  C:3C5AH         LINE#         1252
  C:3C5AH         LINE#         1253
  C:3C5DH         LINE#         1255
  C:3C65H         LINE#         1256
  C:3C65H         LINE#         1257
  C:3C65H         LINE#         1258
  C:3C68H         LINE#         1259
  C:3C6AH         LINE#         1261
  C:3C6AH         LINE#         1280
  C:3C6DH         LINE#         1281
  C:3C6FH         LINE#         1282
  C:3C74H         LINE#         1283
  C:3C76H         LINE#         1284
  C:3C76H         LINE#         1286
  C:3C76H         LINE#         1287
  C:3C76H         LINE#         1288
  C:3C76H         LINE#         1289
  C:3C79H         LINE#         1290
  -------         ENDPROC       _AUTORUNMODE0
  -------         PROC          _AUTORUNMODE1
  D:0007H         SYMBOL        comand
  -------         DO            
  D:0006H         SYMBOL        CALU_m_pra
BL51 BANKED LINKER/LOCATER V6.22                                                      04/28/2017  13:56:57  PAGE 33


  D:0021H         SYMBOL        SFRPAGE_SAVE
  -------         ENDDO         
  C:2A17H         LINE#         1295
  C:2A17H         LINE#         1296
  C:2A17H         LINE#         1297
  C:2A17H         LINE#         1298
  C:2A1AH         LINE#         1300
  C:2A23H         LINE#         1301
  C:2A29H         LINE#         1302
  C:2A2CH         LINE#         1303
  C:2A2CH         LINE#         1304
  C:2A5DH         LINE#         1305
  C:2A5DH         LINE#         1306
  C:2A5DH         LINE#         1307
  C:2A5FH         LINE#         1308
  C:2A62H         LINE#         1314
  C:2A64H         LINE#         1315
  C:2A6EH         LINE#         1316
  C:2A78H         LINE#         1317
  C:2A82H         LINE#         1318
  C:2A8CH         LINE#         1349
  C:2A8CH         LINE#         1350
  C:2A8CH         LINE#         1351
  C:2A8FH         LINE#         1352
  C:2A92H         LINE#         1353
  C:2A97H         LINE#         1354
  C:2A9CH         LINE#         1355
  C:2AA3H         LINE#         1356
  C:2AA5H         LINE#         1357
  C:2AA9H         LINE#         1358
  C:2AA9H         LINE#         1359
  C:2AA9H         LINE#         1360
  C:2AA9H         LINE#         1361
  C:2AABH         LINE#         1363
  C:2AABH         LINE#         1364
  C:2AAEH         LINE#         1365
  C:2AB1H         LINE#         1366
  C:2AB3H         LINE#         1367
  C:2AB6H         LINE#         1380
  C:2ABDH         LINE#         1381
  C:2AC1H         LINE#         1382
  C:2AC1H         LINE#         1383
  C:2AC3H         LINE#         1385
  C:2AC3H         LINE#         1386
  C:2AC3H         LINE#         1387
  C:2AC3H         LINE#         1388
  C:2AC3H         LINE#         1389
  C:2AC6H         LINE#         1403
  C:2AC8H         LINE#         1404
  C:2ACBH         LINE#         1405
  C:2ACDH         LINE#         1406
  C:2AD7H         LINE#         1407
  C:2AD7H         LINE#         1408
  C:2AD7H         LINE#         1409
  C:2ADAH         LINE#         1410
  C:2ADDH         LINE#         1411
  C:2AE2H         LINE#         1412
BL51 BANKED LINKER/LOCATER V6.22                                                      04/28/2017  13:56:57  PAGE 34


  C:2AE7H         LINE#         1413
  C:2AEEH         LINE#         1414
  C:2AF0H         LINE#         1415
  C:2AF7H         LINE#         1416
  C:2AF9H         LINE#         1417
  C:2AFBH         LINE#         1418
  C:2AFDH         LINE#         1420
  C:2AFDH         LINE#         1421
  C:2B00H         LINE#         1422
  C:2B02H         LINE#         1423
  C:2B07H         LINE#         1424
  C:2B09H         LINE#         1425
  C:2B0BH         LINE#         1427
  C:2B0BH         LINE#         1428
  C:2B0EH         LINE#         1429
  C:2B11H         LINE#         1431
  C:2B11H         LINE#         1432
  C:2B13H         LINE#         1434
  C:2B13H         LINE#         1435
  C:2B16H         LINE#         1436
  C:2B18H         LINE#         1439
  C:2B18H         LINE#         1440
  C:2B1BH         LINE#         1441
  C:2B1EH         LINE#         1442
  C:2B20H         LINE#         1443
  C:2B23H         LINE#         1444
  C:2B23H         LINE#         1445
  C:2B25H         LINE#         1447
  C:2B25H         LINE#         1448
  C:2B25H         LINE#         1449
  C:2B25H         LINE#         1450
  C:2B25H         LINE#         1451
  C:2B28H         LINE#         1452
  C:2B2BH         LINE#         1453
  C:2B2BH         LINE#         1456
  C:2B2BH         LINE#         1457
  C:2B2BH         LINE#         1458
  C:2B2BH         LINE#         1460
  C:2B2EH         LINE#         1461
  -------         ENDPROC       _AUTORUNMODE1
  -------         PROC          _CRC_CHK
  D:002CH         SYMBOL        puchMsg
  D:002FH         SYMBOL        length
  -------         DO            
  D:0030H         SYMBOL        j
  D:0006H         SYMBOL        crc_reg
  -------         ENDDO         
  C:3768H         LINE#         1462
  C:3770H         LINE#         1463
  C:3770H         LINE#         1465
  C:3774H         LINE#         1466
  C:377BH         LINE#         1467
  C:377BH         LINE#         1468
  C:378FH         LINE#         1471
  C:37A0H         LINE#         1472
  C:37A0H         LINE#         1473
  C:37A4H         LINE#         1474
BL51 BANKED LINKER/LOCATER V6.22                                                      04/28/2017  13:56:57  PAGE 35


  C:37A4H         LINE#         1475
  C:37B3H         LINE#         1476
  C:37B5H         LINE#         1478
  C:37B5H         LINE#         1479
  C:37BCH         LINE#         1480
  C:37BCH         LINE#         1481
  C:37C6H         LINE#         1482
  C:37C6H         LINE#         1483
  C:37C6H         LINE#         1484
  -------         ENDPROC       _CRC_CHK
  -------         PROC          RETURNTOPOINT
  C:3CB1H         LINE#         1487
  C:3CB1H         LINE#         1488
  C:3CB1H         LINE#         1489
  C:3CB3H         LINE#         1490
  C:3CB6H         LINE#         1492
  C:3CBBH         LINE#         1494
  C:3CBDH         LINE#         1495
[...]
  C:118DH         LINE#         2169
  C:118DH         LINE#         2170
  C:119AH         LINE#         2171
  C:119BH         LINE#         2172
  C:11A1H         LINE#         2173
  C:11A6H         LINE#         2174
  C:11B1H         LINE#         2180
  C:11B9H         LINE#         2181
  C:11BFH         LINE#         2182
  C:11C7H         LINE#         2183
  C:11CFH         LINE#         2184
  C:11D7H         LINE#         2185
  C:11DFH         LINE#         2186
  C:11E7H         LINE#         2187
  C:11E9H         LINE#         2188
  C:11EAH         LINE#         2190
  C:11EAH         LINE#         2191
  C:11F7H         LINE#         2192
  C:11F8H         LINE#         2193
  C:11FEH         LINE#         2194
  C:1203H         LINE#         2195
  C:120EH         LINE#         2197
  C:1216H         LINE#         2198
  C:121CH         LINE#         2199
  C:1224H         LINE#         2200
  C:122CH         LINE#         2201
  C:1234H         LINE#         2202
  C:123CH         LINE#         2203
  C:1244H         LINE#         2204
  C:1246H         LINE#         2205
  C:1247H         LINE#         2207
  C:1247H         LINE#         2208
  C:1254H         LINE#         2209
  C:1255H         LINE#         2210
  C:125BH         LINE#         2211
  C:1260H         LINE#         2212
  C:126BH         LINE#         2213
  C:1273H         LINE#         2214
  C:1279H         LINE#         2215
  C:1281H         LINE#         2216
  C:1289H         LINE#         2217
  C:1291H         LINE#         2218
  C:1299H         LINE#         2219
  C:12A1H         LINE#         2220
  C:12A3H         LINE#         2221
  C:12A4H         LINE#         2223
  C:12A4H         LINE#         2224
  C:12B1H         LINE#         2225
  C:12B2H         LINE#         2226
  C:12B8H         LINE#         2227
  C:12BDH         LINE#         2228
  C:12C8H         LINE#         2229
  C:12D0H         LINE#         2230
  C:12D6H         LINE#         2231
  C:12DEH         LINE#         2232
  C:12E6H         LINE#         2233
BL51 BANKED LINKER/LOCATER V6.22                                                      04/28/2017  13:56:57  PAGE 46


  C:12EEH         LINE#         2234
  C:12F6H         LINE#         2235
  C:12FEH         LINE#         2236
  C:1300H         LINE#         2237
  C:1301H         LINE#         2239
  C:1301H         LINE#         2240
  C:130EH         LINE#         2241
  C:130FH         LINE#         2242
  C:1315H         LINE#         2243
  C:131AH         LINE#         2244
  C:1325H         LINE#         2248
  C:132DH         LINE#         2249
  C:1333H         LINE#         2250
  C:133BH         LINE#         2251
  C:1343H         LINE#         2252
  C:134BH         LINE#         2253
  C:1353H         LINE#         2254
  C:135BH         LINE#         2255
  C:135DH         LINE#         2256
  C:135EH         LINE#         2258
  C:135EH         LINE#         2259
  C:136BH         LINE#         2260
  C:136CH         LINE#         2261
  C:1372H         LINE#         2262
  C:1377H         LINE#         2263
  C:1382H         LINE#         2265
  C:138AH         LINE#         2266
  C:1390H         LINE#         2267
  C:1398H         LINE#         2268
  C:13A0H         LINE#         2269
  C:13A8H         LINE#         2270
  C:13B0H         LINE#         2271
  C:13B8H         LINE#         2272
  C:13BAH         LINE#         2273
  C:13BBH         LINE#         2275
  C:13BBH         LINE#         2276
  C:13C8H         LINE#         2277
  C:13C9H         LINE#         2278
  C:13CFH         LINE#         2279
  C:13D4H         LINE#         2280
  C:13DFH         LINE#         2281
  C:13E7H         LINE#         2282
  C:13EDH         LINE#         2283
  C:13F5H         LINE#         2284
  C:13FDH         LINE#         2285
  C:1405H         LINE#         2286
  C:140DH         LINE#         2287
  C:1415H         LINE#         2288
  C:1417H         LINE#         2289
  C:1418H         LINE#         2291
  C:1418H         LINE#         2292
  C:1425H         LINE#         2293
  C:1426H         LINE#         2294
  C:142CH         LINE#         2295
  C:1431H         LINE#         2296
  C:143CH         LINE#         2297
  C:1444H         LINE#         2298
BL51 BANKED LINKER/LOCATER V6.22                                                      04/28/2017  13:56:57  PAGE 47


  C:144AH         LINE#         2299
  C:1452H         LINE#         2300
  C:145AH         LINE#         2301
  C:1462H         LINE#         2302
  C:146AH         LINE#         2303
  C:1472H         LINE#         2304
  C:1474H         LINE#         2305
  C:1475H         LINE#         2307
  C:1475H         LINE#         2308
  C:1482H         LINE#         2309
  C:1483H         LINE#         2310
  C:1489H         LINE#         2311
  C:148EH         LINE#         2312
  C:1499H         LINE#         2314
  C:14A1H         LINE#         2315
  C:14A7H         LINE#         2316
  C:14AFH         LINE#         2317
  C:14B7H         LINE#         2318
  C:14BFH         LINE#         2319
  C:14C7H         LINE#         2320
  C:14CFH         LINE#         2321
  C:14D1H         LINE#         2322
  C:14D2H         LINE#         2324
  C:14D2H         LINE#         2325
  C:14DFH         LINE#         2326
  C:14E0H         LINE#         2327
  C:14E6H         LINE#         2328
  C:14EBH         LINE#         2329
  C:14F6H         LINE#         2331
  C:14FEH         LINE#         2332
  C:1504H         LINE#         2333
  C:150CH         LINE#         2334
  C:1514H         LINE#         2335
  C:151CH         LINE#         2336
  C:1524H         LINE#         2337
  C:152CH         LINE#         2338
  C:152EH         LINE#         2339
  C:152FH         LINE#         2341
  C:152FH         LINE#         2342
  C:153CH         LINE#         2343
  C:153DH         LINE#         2344
  C:1543H         LINE#         2345
  C:1548H         LINE#         2346
  C:1553H         LINE#         2347
  C:155BH         LINE#         2348
  C:1561H         LINE#         2349
  C:1569H         LINE#         2350
  C:1571H         LINE#         2351
  C:1579H         LINE#         2352
  C:1581H         LINE#         2353
  C:1589H         LINE#         2354
  C:158BH         LINE#         2355
  C:158CH         LINE#         2357
  C:158CH         LINE#         2358
  C:1599H         LINE#         2359
  C:159AH         LINE#         2360
  C:15A0H         LINE#         2361
BL51 BANKED LINKER/LOCATER V6.22                                                      04/28/2017  13:56:57  PAGE 48


  C:15A5H         LINE#         2362
  C:15B0H         LINE#         2363
  C:15B8H         LINE#         2364
  C:15BEH         LINE#         2365
  C:15C6H         LINE#         2366
  C:15CEH         LINE#         2367
  C:15D6H         LINE#         2368
  C:15DEH         LINE#         2369
  C:15E6H         LINE#         2370
  C:15E8H         LINE#         2371
  C:15E9H         LINE#         2373
  C:15E9H         LINE#         2374
  C:15F6H         LINE#         2375
  C:15F7H         LINE#         2376
  C:15FDH         LINE#         2377
  C:1602H         LINE#         2378
  C:160DH         LINE#         2380
  C:1615H         LINE#         2381
  C:161BH         LINE#         2382
  C:1623H         LINE#         2383
  C:162BH         LINE#         2384
  C:1633H         LINE#         2385
  C:163BH         LINE#         2386
  C:1643H         LINE#         2387
  C:1645H         LINE#         2388
  C:1646H         LINE#         2390
  C:1646H         LINE#         2391
  C:1653H         LINE#         2392
  C:1654H         LINE#         2393
  C:165AH         LINE#         2394
  C:165FH         LINE#         2395
  C:166AH         LINE#         2397
  C:1672H         LINE#         2398
  C:1678H         LINE#         2399
  C:1680H         LINE#         2400
  C:1688H         LINE#         2401
  C:1690H         LINE#         2402
  C:1698H         LINE#         2403
  C:16A0H         LINE#         2404
  C:16A2H         LINE#         2405
  C:16A3H         LINE#         2407
  C:16A3H         LINE#         2408
  C:16B0H         LINE#         2409
  C:16B1H         LINE#         2410
  C:16B7H         LINE#         2411
  C:16BCH         LINE#         2412
  C:16C7H         LINE#         2413
  C:16CFH         LINE#         2414
  C:16D5H         LINE#         2415
  C:16DDH         LINE#         2416
  C:16E5H         LINE#         2417
  C:16EDH         LINE#         2418
  C:16F5H         LINE#         2419
  C:16FDH         LINE#         2420
  C:16FFH         LINE#         2421
  C:1700H         LINE#         2423
  C:1700H         LINE#         2424
BL51 BANKED LINKER/LOCATER V6.22                                                      04/28/2017  13:56:57  PAGE 49


  C:170DH         LINE#         2425
  C:170EH         LINE#         2426
  C:1714H         LINE#         2427
  C:1719H         LINE#         2428
  C:1724H         LINE#         2429
  C:172CH         LINE#         2430
  C:1732H         LINE#         2431
  C:173AH         LINE#         2432
  C:1742H         LINE#         2433
  C:174AH         LINE#         2434
  C:1752H         LINE#         2435
  C:175AH         LINE#         2436
  C:175CH         LINE#         2437
  C:175DH         LINE#         2439
  C:175DH         LINE#         2440
  C:176AH         LINE#         2441
  C:176BH         LINE#         2442
  C:1771H         LINE#         2443
  C:1776H         LINE#         2444
  C:1781H         LINE#         2446
  C:1789H         LINE#         2447
  C:178FH         LINE#         2448
  C:1797H         LINE#         2449
  C:179FH         LINE#         2450
  C:17A7H         LINE#         2451
  C:17AFH         LINE#         2452
  C:17B7H         LINE#         2453
  C:17B9H         LINE#         2454
  C:17BAH         LINE#         2456
  C:17BAH         LINE#         2457
  C:17C7H         LINE#         2458
  C:17C8H         LINE#         2459
  C:17CEH         LINE#         2460
  C:17D3H         LINE#         2461
  C:17DEH         LINE#         2463
  C:17E6H         LINE#         2464
  C:17ECH         LINE#         2465
  C:17F4H         LINE#         2466
  C:17FCH         LINE#         2467
  C:1804H         LINE#         2468
  C:180CH         LINE#         2469
  C:1814H         LINE#         2470
  C:1816H         LINE#         2471
  C:1817H         LINE#         2473
  C:1817H         LINE#         2474
  C:1824H         LINE#         2475
  C:1825H         LINE#         2476
  C:182BH         LINE#         2477
  C:1830H         LINE#         2478
  C:183BH         LINE#         2480
  C:1843H         LINE#         2481
  C:1849H         LINE#         2482
  C:1851H         LINE#         2483
  C:1859H         LINE#         2484
  C:1861H         LINE#         2485
  C:1869H         LINE#         2486
  C:1871H         LINE#         2487
BL51 BANKED LINKER/LOCATER V6.22                                                      04/28/2017  13:56:57  PAGE 50


  C:1873H         LINE#         2488
  C:1874H         LINE#         2490
  C:1874H         LINE#         2491
  C:1881H         LINE#         2492
  C:1882H         LINE#         2493
  C:1888H         LINE#         2494
  C:188DH         LINE#         2495
  C:1898H         LINE#         2496
  C:18A0H         LINE#         2497
  C:18A6H         LINE#         2498
  C:18AEH         LINE#         2499
  C:18B6H         LINE#         2500
  C:18BEH         LINE#         2501
  C:18C6H         LINE#         2502
  C:18CEH         LINE#         2503
  C:18D0H         LINE#         2504
  C:18D1H         LINE#         2506
  C:18D1H         LINE#         2507
  C:18DEH         LINE#         2508
  C:18DFH         LINE#         2509
  C:18E5H         LINE#         2510
  C:18EAH         LINE#         2511
  C:18F5H         LINE#         2512
  C:18FDH         LINE#         2513
  C:1903H         LINE#         2514
  C:190BH         LINE#         2515
  C:1913H         LINE#         2516
  C:191BH         LINE#         2517
  C:1923H         LINE#         2518
  C:192BH         LINE#         2519
  C:192DH         LINE#         2520
  C:192EH         LINE#         2522
  C:192EH         LINE#         2523
  C:193BH         LINE#         2524
  C:193CH         LINE#         2525
  C:1942H         LINE#         2526
  C:1947H         LINE#         2527
  C:1952H         LINE#         2528
  C:195AH         LINE#         2529
  C:1960H         LINE#         2530
  C:1968H         LINE#         2531
  C:1970H         LINE#         2532
  C:1978H         LINE#         2533
  C:1980H         LINE#         2534
  C:1988H         LINE#         2535
  C:198AH         LINE#         2536
  C:198BH         LINE#         2538
  C:198BH         LINE#         2539
  C:1998H         LINE#         2540
  C:1999H         LINE#         2541
  C:199FH         LINE#         2542
  C:19A4H         LINE#         2543
  C:19AFH         LINE#         2544
  C:19B7H         LINE#         2545
  C:19BDH         LINE#         2546
  C:19C5H         LINE#         2547
  C:19CDH         LINE#         2548
BL51 BANKED LINKER/LOCATER V6.22                                                      04/28/2017  13:56:57  PAGE 51


  C:19D5H         LINE#         2549
  C:19DDH         LINE#         2550
  C:19E0H         LINE#         2551
  C:19E1H         LINE#         2552
  C:19E2H         LINE#         2554
  C:19E2H         LINE#         2555
  C:19EFH         LINE#         2556
  C:19F0H         LINE#         2557
  C:19F6H         LINE#         2558
  C:19FBH         LINE#         2559
  -------         ENDPROC       TRANFORSATATIONINFOR
  -------         PROC          WRITE_TO_FLASH
  -------         DO            
  D:0006H         SYMBOL        pwrite
  D:0005H         SYMBOL        i
  D:0001H         SYMBOL        SFRPAGE_SAVE
  -------         ENDDO         
  C:39A9H         LINE#         2564
  C:39A9H         LINE#         2565
  C:39A9H         LINE#         2568
  C:39ABH         LINE#         2569
  C:39ADH         LINE#         2570
  C:39B0H         LINE#         2571
  C:39B3H         LINE#         2572
  C:39B6H         LINE#         2573
  C:39B8H         LINE#         2574
  C:39BDH         LINE#         2575
  C:39C0H         LINE#         2576
  C:39C1H         LINE#         2577
  C:39C1H         LINE#         2578
  C:39DBH         LINE#         2579
  C:39DCH         LINE#         2580
  C:39E2H         LINE#         2581
  C:39E5H         LINE#         2582
  C:39E8H         LINE#         2583
  C:39EAH         LINE#         2584
  C:39ECH         LINE#         2585
  -------         ENDPROC       WRITE_TO_FLASH
  -------         PROC          READ_FROM_FLASH
  -------         DO            
  D:0004H         SYMBOL        pread
  D:0006H         SYMBOL        i
  D:0007H         SYMBOL        SFRPAGE_SAVE
  -------         ENDDO         
  C:3B57H         LINE#         2590
  C:3B57H         LINE#         2591
  C:3B57H         LINE#         2594
  C:3B59H         LINE#         2595
  C:3B5BH         LINE#         2596
  C:3B5EH         LINE#         2597
  C:3B61H         LINE#         2598
  C:3B63H         LINE#         2599
  C:3B64H         LINE#         2600
  C:3B64H         LINE#         2601
  C:3B7FH         LINE#         2602
  C:3B80H         LINE#         2603
  C:3B86H         LINE#         2604
BL51 BANKED LINKER/LOCATER V6.22                                                      04/28/2017  13:56:57  PAGE 52


  C:3B89H         LINE#         2605
  C:3B8BH         LINE#         2606
  C:3B8DH         LINE#         2607
  -------         ENDPROC       READ_FROM_FLASH
  -------         PROC          INIT_MACHINE
  C:3C37H         LINE#         2618
  C:3C37H         LINE#         2619
  C:3C37H         LINE#         2620
  C:3C3DH         LINE#         2621
  C:3C43H         LINE#         2622
  C:3C48H         LINE#         2623
  C:3C4DH         LINE#         2624
  C:3C53H         LINE#         2625
  C:3C59H         LINE#         2626
  -------         ENDPROC       INIT_MACHINE
  -------         PROC          _FZSSXRIGHTFZ
  D:0007H         SYMBOL        signal
  -------         DO            
  D:0006H         SYMBOL        i
  D:0007H         SYMBOL        sum
  -------         ENDDO         
  C:3AAAH         LINE#         2635
  C:3AAAH         LINE#         2636
  C:3AAAH         LINE#         2640
  C:3AB0H         LINE#         2641
  C:3AB4H         LINE#         2642
  C:3AB7H         LINE#         2643
  C:3ABAH         LINE#         2644
  C:3ABCH         LINE#         2645
  C:3ABEH         LINE#         2646
  C:3AC0H         LINE#         2647
  C:3AC1H         LINE#         2648
  C:3AC2H         LINE#         2650
  C:3AC2H         LINE#         2651
  C:3ACFH         LINE#         2652
  C:3AD0H         LINE#         2653
  C:3AD6H         LINE#         2654
  C:3ADBH         LINE#         2655
  -------         ENDPROC       _FZSSXRIGHTFZ
  -------         PROC          MAIN
  C:3C7AH         LINE#         2658
  C:3C7AH         LINE#         2659
  C:3C7AH         LINE#         2660
  C:3C7DH         LINE#         2661
  C:3C80H         LINE#         2662
  C:3C87H         LINE#         2663
  C:3C8AH         LINE#         2665
  C:3C8AH         LINE#         2666
  C:3C8AH         LINE#         2668
  C:3C8DH         LINE#         2669
  C:3C90H         LINE#         2670
  C:3C93H         LINE#         2680
  C:3C96H         LINE#         2681
  -------         ENDPROC       MAIN
  -------         ENDMOD        YAOPING

  -------         MODULE        ?C?CLDPTR
BL51 BANKED LINKER/LOCATER V6.22                                                      04/28/2017  13:56:57  PAGE 53


  C:2759H         PUBLIC        ?C?CLDPTR
  -------         ENDMOD        ?C?CLDPTR

  -------         MODULE        ?C?CLDOPTR
  C:2772H         PUBLIC        ?C?CLDOPTR
  -------         ENDMOD        ?C?CLDOPTR

  -------         MODULE        ?C?CSTOPTR
  C:279FH         PUBLIC        ?C?CSTOPTR
  -------         ENDMOD        ?C?CSTOPTR

  -------         MODULE        ?C?IMUL
  C:27C1H         PUBLIC        ?C?IMUL
  -------         ENDMOD        ?C?IMUL

  -------         MODULE        ?C?LMUL
  C:27D3H         PUBLIC        ?C?LMUL
  -------         ENDMOD        ?C?LMUL

  -------         MODULE        ?C?SLCMP
  C:2822H         PUBLIC        ?C?SLCMP
  -------         ENDMOD        ?C?SLCMP

  -------         MODULE        ?C?ULCMP
  C:2838H         PUBLIC        ?C?ULCMP
  -------         ENDMOD        ?C?ULCMP

  -------         MODULE        ?C?ULSHR
  C:2849H         PUBLIC        ?C?ULSHR
  -------         ENDMOD        ?C?ULSHR

  -------         MODULE        ?C?LSHL
  C:285CH         PUBLIC        ?C?LSHL
  -------         ENDMOD        ?C?LSHL

  -------         MODULE        ?C?LSTXDATA
  C:286FH         PUBLIC        ?C?LSTXDATA
  -------         ENDMOD        ?C?LSTXDATA

  -------         MODULE        ?C?LSTKXDATA
  C:287BH         PUBLIC        ?C?LSTKXDATA
  -------         ENDMOD        ?C?LSTKXDATA

  -------         MODULE        ?C?OFFXADD
  C:28ACH         PUBLIC        ?C?OFFXADD
  -------         ENDMOD        ?C?OFFXADD

  -------         MODULE        ?C?CCASE
  C:28B8H         PUBLIC        ?C?CCASE
  -------         ENDMOD        ?C?CCASE

*** WARNING L16: UNCALLED SEGMENT, IGNORED FOR OVERLAY PROCESS
    SEGMENT: ?PR?DATAACQUISITION?YAOPING

*** WARNING L16: UNCALLED SEGMENT, IGNORED FOR OVERLAY PROCESS
    SEGMENT: ?PR?CANSTEMINFORBACK?YAOPING

BL51 BANKED LINKER/LOCATER V6.22                                                      04/28/2017  13:56:57  PAGE 54


*** WARNING L16: UNCALLED SEGMENT, IGNORED FOR OVERLAY PROCESS
    SEGMENT: ?PR?_FZSSXRIGHTFZ?YAOPING

Program Size: data=50.0 xdata=310 code=15562
LINK/LOCATE RUN COMPLETE.  3 WARNING(S),  0 ERROR(S)
