BL51 BANKED LINKER/LOCATER V6.22                                                        04/27/2017  11:17:28  PAGE 1


BL51 BANKED LINKER/LOCATER V6.22, INVOKED BY:
C:\KEIL_C51\C51\BIN\BL51.EXE .\Objects\STARTUP.obj, .\Objects\CAN2.obj, .\Objects\CAN3.obj, .\Objects\myconfig.obj, .\Ob
>> jects\zk.obj, .\Objects\UART1.obj TO .\Objects\keil PRINT (.\Listings\keil.m51) RAMSIZE (256)


MEMORY MODEL: SMALL WITH FLOATING POINT ARITHMETIC


INPUT MODULES INCLUDED:
  .\Objects\STARTUP.obj (?C_STARTUP)
  .\Objects\CAN2.obj (CAN2)
  .\Objects\CAN3.obj (CAN3)
  .\Objects\myconfig.obj (MYCONFIG)
  .\Objects\zk.obj (ZK)
  .\Objects\UART1.obj (UART1)
  C:\KEIL_C51\C51\LIB\C51FPS.LIB (?C?FPADD)
  C:\KEIL_C51\C51\LIB\C51FPS.LIB (?C?FPMUL)
  C:\KEIL_C51\C51\LIB\C51FPS.LIB (?C?FCAST)
  C:\KEIL_C51\C51\LIB\C51FPS.LIB (?C?CASTF)
  C:\KEIL_C51\C51\LIB\C51FPS.LIB (?C?FPGETOPN)
  C:\KEIL_C51\C51\LIB\C51S.LIB (?C_INIT)
  C:\KEIL_C51\C51\LIB\C51S.LIB (?C?CLDPTR)
  C:\KEIL_C51\C51\LIB\C51S.LIB (?C?CLDOPTR)
  C:\KEIL_C51\C51\LIB\C51S.LIB (?C?CSTPTR)
  C:\KEIL_C51\C51\LIB\C51S.LIB (?C?CSTOPTR)
  C:\KEIL_C51\C51\LIB\C51S.LIB (?C?SIDIV)
  C:\KEIL_C51\C51\LIB\C51S.LIB (?C?LNEG)
  C:\KEIL_C51\C51\LIB\C51S.LIB (?C?LSTXDATA)
  C:\KEIL_C51\C51\LIB\C51S.LIB (?C?LSTKXDATA)
  C:\KEIL_C51\C51\LIB\C51S.LIB (?C?UIDIV)


LINK MAP OF MODULE:  .\Objects\keil (?C_STARTUP)


            TYPE    BASE      LENGTH    RELOCATION   SEGMENT NAME
            -----------------------------------------------------

            * * * * * * *   D A T A   M E M O R Y   * * * * * * *
            REG     0000H     0008H     ABSOLUTE     "REG BANK 0"
            DATA    0008H     0010H     UNIT         ?DT?UART1
            DATA    0018H     0001H     UNIT         ?DT?CAN2
            DATA    0019H     0001H     UNIT         ?DT?CAN3
                    001AH     0006H                  *** GAP ***
            BIT     0020H.0   0001H.7   UNIT         ?BI?ZK
            BIT     0021H.7   0000H.3   UNIT         ?BI?CAN2
            BIT     0022H.2   0000H.3   UNIT         ?BI?UART1
            BIT     0022H.5   0000H.1   UNIT         ?BI?CAN3
            BIT     0022H.6   0000H.1   UNIT         _BIT_GROUP_
                    0022H.7   0000H.1                *** GAP ***
            DATA    0023H     0025H     UNIT         ?DT?ZK
            DATA    0048H     000EH     UNIT         _DATA_GROUP_
            IDATA   0056H     0001H     UNIT         ?STACK

            * * * * * * *  X D A T A   M E M O R Y  * * * * * * *
            XDATA   0000H     0058H     UNIT         ?XD?ZK
            XDATA   0058H     0028H     UNIT         ?XD?CAN2
            XDATA   0080H     0010H     UNIT         ?XD?CAN3
BL51 BANKED LINKER/LOCATER V6.22                                                      04/27/2017  11:17:28  PAGE 2


            XDATA   0090H     0009H     UNIT         ?XD?UART1
                    0099H     FA67H                  *** GAP ***
            XDATA   FB00H     0001H     ABSOLUTE     
                    FB01H     01FFH                  *** GAP ***
            XDATA   FD00H     0001H     ABSOLUTE     
            XDATA   FD01H     0001H     ABSOLUTE     
            XDATA   FD02H     0001H     ABSOLUTE     
            XDATA   FD03H     0001H     ABSOLUTE     
            XDATA   FD04H     0001H     ABSOLUTE     
            XDATA   FD05H     0001H     ABSOLUTE     
            XDATA   FD06H     0001H     ABSOLUTE     
            XDATA   FD07H     0001H     ABSOLUTE     
            XDATA   FD08H     0001H     ABSOLUTE     
                    FD09H     0002H                  *** GAP ***
            XDATA   FD0BH     0001H     ABSOLUTE     
            XDATA   FD0CH     0001H     ABSOLUTE     
            XDATA   FD0DH     0001H     ABSOLUTE     
            XDATA   FD0EH     0001H     ABSOLUTE     
            XDATA   FD0FH     0001H     ABSOLUTE     
            XDATA   FD10H     0001H     ABSOLUTE     
            XDATA   FD11H     0001H     ABSOLUTE     
            XDATA   FD12H     0001H     ABSOLUTE     
            XDATA   FD13H     0001H     ABSOLUTE     
            XDATA   FD14H     0001H     ABSOLUTE     
            XDATA   FD15H     0001H     ABSOLUTE     
            XDATA   FD16H     0001H     ABSOLUTE     
            XDATA   FD17H     0001H     ABSOLUTE     
            XDATA   FD18H     0001H     ABSOLUTE     
            XDATA   FD19H     0001H     ABSOLUTE     
            XDATA   FD1AH     0001H     ABSOLUTE     
                    FD1BH     0003H                  *** GAP ***
            XDATA   FD1EH     0001H     ABSOLUTE     
            XDATA   FD1FH     0001H     ABSOLUTE     
                    FD20H     00E0H                  *** GAP ***
            XDATA   FE00H     0001H     ABSOLUTE     
            XDATA   FE01H     0001H     ABSOLUTE     
            XDATA   FE02H     0001H     ABSOLUTE     
            XDATA   FE03H     0001H     ABSOLUTE     
            XDATA   FE04H     0001H     ABSOLUTE     
            XDATA   FE05H     0001H     ABSOLUTE     
            XDATA   FE06H     0001H     ABSOLUTE     
            XDATA   FE07H     0001H     ABSOLUTE     
            XDATA   FE08H     0001H     ABSOLUTE     
                    FE09H     0002H                  *** GAP ***
            XDATA   FE0BH     0001H     ABSOLUTE     
            XDATA   FE0CH     0001H     ABSOLUTE     
            XDATA   FE0DH     0001H     ABSOLUTE     
            XDATA   FE0EH     0001H     ABSOLUTE     
            XDATA   FE0FH     0001H     ABSOLUTE     
            XDATA   FE10H     0001H     ABSOLUTE     
            XDATA   FE11H     0001H     ABSOLUTE     
            XDATA   FE12H     0001H     ABSOLUTE     
            XDATA   FE13H     0001H     ABSOLUTE     
            XDATA   FE14H     0001H     ABSOLUTE     
            XDATA   FE15H     0001H     ABSOLUTE     
            XDATA   FE16H     0001H     ABSOLUTE     
            XDATA   FE17H     0001H     ABSOLUTE     
BL51 BANKED LINKER/LOCATER V6.22                                                      04/27/2017  11:17:28  PAGE 3


            XDATA   FE18H     0001H     ABSOLUTE     
            XDATA   FE19H     0001H     ABSOLUTE     
            XDATA   FE1AH     0001H     ABSOLUTE     
                    FE1BH     0003H                  *** GAP ***
            XDATA   FE1EH     0001H     ABSOLUTE     
            XDATA   FE1FH     0001H     ABSOLUTE     

            * * * * * * *   C O D E   M E M O R Y   * * * * * * *
            CODE    0000H     0003H     ABSOLUTE     
            CODE    0003H     0003H     ABSOLUTE     
                    0006H     0005H                  *** GAP ***
            CODE    000BH     0003H     ABSOLUTE     
                    000EH     0005H                  *** GAP ***
            CODE    0013H     0003H     ABSOLUTE     
            CODE    0016H     0072H     UNIT         ?PR?CAN_RX_FROM_SWJ_ZIJIAN_COMMAND?ZK
            CODE    0088H     001BH     UNIT         ?PR?CAN_AUTO_RESET?ZK
            CODE    00A3H     0003H     ABSOLUTE     
            CODE    00A6H     0480H     UNIT         ?PR?MAIN?ZK
            CODE    0526H     040DH     UNIT         ?C?LIB_CODE
            CODE    0933H     025DH     UNIT         ?PR?MEDICA_AUTO_TRANSPORTATION_PROGRAMME?ZK
            CODE    0B90H     0183H     UNIT         ?PR?CAN_RX_FROM_SWJ_ACTION_COMMAND?ZK
            CODE    0D13H     016EH     UNIT         ?PR?CONFIG?MYCONFIG
            CODE    0E81H     014BH     UNIT         ?PR?INT1_ISR?CAN3
            CODE    0FCCH     0106H     UNIT         ?PR?CAN2_DATA_COLLECT_PROCESS_PROGRAMME?ZK
            CODE    10D2H     00FEH     UNIT         ?C_INITSEG
            CODE    11D0H     00F9H     UNIT         ?PR?INIT_MACHINE?ZK
            CODE    12C9H     00F5H     UNIT         ?PR?INT0_ISR?CAN2
            CODE    13BEH     00BBH     UNIT         ?PR?INIT_PARA?ZK
            CODE    1479H     00BAH     UNIT         ?PR?TIME0_ISR?ZK
            CODE    1533H     00BAH     UNIT         ?PR?UART1_ISR?UART1
            CODE    15EDH     0096H     UNIT         ?PR?_CAN2_TRANSMIT?CAN2
            CODE    1683H     0096H     UNIT         ?PR?_CAN3_TRANSMIT?CAN3
            CODE    1719H     008FH     UNIT         ?C_C51STARTUP
            CODE    17A8H     005DH     UNIT         ?PR?INIT_CAN3?CAN3
            CODE    1805H     0059H     UNIT         ?PR?INIT_CAN2?CAN2
            CODE    185EH     0058H     UNIT         ?PR?_CAN_RX_FROM_DCT_BITE_FEEDBACK?ZK
            CODE    18B6H     0051H     UNIT         ?PR?COMUNICATION_BITE_TO_SWJ?ZK
            CODE    1907H     004DH     UNIT         ?PR?_CAN2_RECEIVE?CAN2
            CODE    1954H     004DH     UNIT         ?PR?_CAN3_RECEIVE?CAN3
            CODE    19A1H     004AH     UNIT         ?PR?_SET_DCT_INPUT_STATE?ZK
            CODE    19EBH     004AH     UNIT         ?PR?_SET_DCT_OK_RESULT?ZK
            CODE    1A35H     004AH     UNIT         ?PR?_SET_DCT_OK_ACTION?ZK
            CODE    1A7FH     0047H     UNIT         ?PR?CONVEYINGLINEMOVEMENT?ZK
            CODE    1AC6H     0044H     UNIT         ?PR?CONVEYINGRIGHTLINEMOVEMENT?ZK
            CODE    1B0AH     0043H     UNIT         ?PR?_LEDBLINK?ZK
            CODE    1B4DH     0043H     UNIT         ?PR?YAOPINGTISHENGLEFT?ZK
            CODE    1B90H     0043H     UNIT         ?PR?YAOPINGTISHENG?ZK
            CODE    1BD3H     003FH     UNIT         ?PR?ELECTROMAGNETCRTL?ZK
            CODE    1C12H     003FH     UNIT         ?PR?YAOLANSTEPRUN?ZK
            CODE    1C51H     003FH     UNIT         ?PR?SUSONGXIANGTUIYAO?ZK
            CODE    1C90H     003FH     UNIT         ?PR?SUSONGXIANGRIGHTTUIYAO?ZK
            CODE    1CCFH     003EH     UNIT         ?PR?_CONVEYINGLONGSLOW_START?ZK
            CODE    1D0DH     003EH     UNIT         ?PR?_FZSSXRIGHTFZ?ZK
            CODE    1D4BH     003EH     UNIT         ?PR?_FZSSXLEFTFZ?ZK
            CODE    1D89H     003DH     UNIT         ?PR?INIT_INDEX_PARA?ZK
            CODE    1DC6H     003DH     UNIT         ?PR?YAOLANTISHENG?ZK
            CODE    1E03H     003DH     UNIT         ?PR?CONVEYINGLONGSLOW_STOP?ZK
BL51 BANKED LINKER/LOCATER V6.22                                                      04/27/2017  11:17:28  PAGE 4


            CODE    1E40H     003CH     UNIT         ?PR?_CAN_CHECKINFOR?ZK
            CODE    1E7CH     0038H     UNIT         ?PR?_CAN_RX_FROM_DCT_AMOUNT_FEEDBACK?ZK
            CODE    1EB4H     0031H     UNIT         ?PR?_GET_DCT_INPUT_STATE?ZK
            CODE    1EE5H     002DH     UNIT         ?PR?UART1SEND?UART1
            CODE    1F12H     0029H     UNIT         ?PR?_LAN_BACKALARM?ZK
            CODE    1F3BH     0025H     UNIT         ?PR?SEND_CO_BEGIN_PROGRAMME?ZK
            CODE    1F60H     0024H     UNIT         ?PR?_LAN_BACKINFOR?ZK
            CODE    1F84H     0023H     UNIT         ?PR?GET_TEMP?ZK
            CODE    1FA7H     0022H     UNIT         ?PR?_DELAY_MS?ZK
            CODE    1FC9H     0011H     UNIT         ?PR?_GET_AD_VALUE?ZK
            CODE    1FDAH     0010H     UNIT         ?PR?INIT_AD?ZK
            CODE    1FEAH     000FH     UNIT         ?PR?INITIALIZE?ZK
            CODE    1FF9H     000BH     UNIT         ?PR?_DELAY1?ZK



OVERLAY MAP OF MODULE:   .\Objects\keil (?C_STARTUP)


SEGMENT                                             BIT_GROUP          DATA_GROUP 
  +--> CALLED SEGMENT                            START    LENGTH     START    LENGTH
------------------------------------------------------------------------------------
?C_C51STARTUP                                    -----    -----      -----    -----
  +--> ?PR?MAIN?ZK
  +--> ?C_INITSEG

?PR?MAIN?ZK                                      -----    -----      0048H    0002H
  +--> ?PR?INITIALIZE?ZK
  +--> ?PR?_DELAY_MS?ZK
  +--> ?PR?INIT_MACHINE?ZK
  +--> ?PR?_LEDBLINK?ZK
  +--> ?PR?CAN_RX_FROM_SWJ_ZIJIAN_COMMAND?ZK
  +--> ?PR?SEND_CO_BEGIN_PROGRAMME?ZK
  +--> ?PR?CAN_RX_FROM_SWJ_ACTION_COMMAND?ZK
  +--> ?PR?COMUNICATION_BITE_TO_SWJ?ZK
  +--> ?PR?UART1SEND?UART1
  +--> ?PR?CAN2_DATA_COLLECT_PROCESS_PROGRAM...
  +--> ?PR?_LAN_BACKALARM?ZK
  +--> ?PR?MEDICA_AUTO_TRANSPORTATION_PROGRA...
  +--> ?PR?CAN_AUTO_RESET?ZK

?PR?INITIALIZE?ZK                                -----    -----      -----    -----
  +--> ?PR?CONFIG?MYCONFIG
  +--> ?PR?INIT_AD?ZK
  +--> ?PR?INIT_CAN2?CAN2
  +--> ?PR?INIT_CAN3?CAN3
  +--> ?PR?INIT_PARA?ZK

?PR?_DELAY_MS?ZK                                 -----    -----      -----    -----
  +--> ?PR?_DELAY1?ZK

?PR?INIT_MACHINE?ZK                              -----    -----      -----    -----
  +--> ?PR?_CAN_CHECKINFOR?ZK
  +--> ?PR?_DELAY_MS?ZK
  +--> ?PR?_LAN_BACKALARM?ZK

?PR?_CAN_CHECKINFOR?ZK                           -----    -----      -----    -----
BL51 BANKED LINKER/LOCATER V6.22                                                      04/27/2017  11:17:28  PAGE 5


  +--> ?PR?_CAN3_TRANSMIT?CAN3

?PR?_CAN3_TRANSMIT?CAN3                          -----    -----      004DH    0002H

?PR?_LAN_BACKALARM?ZK                            -----    -----      -----    -----
  +--> ?PR?UART1SEND?UART1

?PR?CAN_RX_FROM_SWJ_ZIJIAN_COMMAND?ZK            -----    -----      -----    -----
  +--> ?PR?UART1SEND?UART1
  +--> ?PR?_CAN2_TRANSMIT?CAN2

?PR?_CAN2_TRANSMIT?CAN2                          -----    -----      004DH    0002H

?PR?SEND_CO_BEGIN_PROGRAMME?ZK                   -----    -----      -----    -----
  +--> ?PR?_LAN_BACKINFOR?ZK

?PR?_LAN_BACKINFOR?ZK                            -----    -----      -----    -----
  +--> ?PR?UART1SEND?UART1

?PR?CAN_RX_FROM_SWJ_ACTION_COMMAND?ZK            -----    -----      004AH    0003H
  +--> ?PR?INIT_INDEX_PARA?ZK
  +--> ?PR?UART1SEND?UART1
  +--> ?PR?_CAN2_TRANSMIT?CAN2
  +--> ?PR?_CONVEYINGLONGSLOW_START?ZK
  +--> ?PR?CONVEYINGLONGSLOW_STOP?ZK
  +--> ?PR?_SET_DCT_INPUT_STATE?ZK

?PR?_CONVEYINGLONGSLOW_START?ZK                  -----    -----      -----    -----
  +--> ?PR?_CAN3_TRANSMIT?CAN3

?PR?CONVEYINGLONGSLOW_STOP?ZK                    -----    -----      -----    -----
  +--> ?PR?_CAN3_TRANSMIT?CAN3

?PR?_SET_DCT_INPUT_STATE?ZK                      0022H.6  0000H.1    -----    -----

?PR?COMUNICATION_BITE_TO_SWJ?ZK                  -----    -----      004AH    0003H
  +--> ?PR?UART1SEND?UART1

?PR?CAN2_DATA_COLLECT_PROCESS_PROGRAM...         -----    -----      004AH    0002H
  +--> ?PR?_CAN_RX_FROM_DCT_AMOUNT_FEEDBACK?ZK
  +--> ?PR?_CAN_RX_FROM_DCT_BITE_FEEDBACK?ZK

?PR?_CAN_RX_FROM_DCT_AMOUNT_FEEDBACK?ZK          -----    -----      -----    -----
  +--> ?PR?UART1SEND?UART1

?PR?_CAN_RX_FROM_DCT_BITE_FEEDBACK?ZK            -----    -----      004CH    0001H
  +--> ?PR?_GET_DCT_INPUT_STATE?ZK
  +--> ?PR?_SET_DCT_OK_RESULT?ZK
  +--> ?PR?_SET_DCT_OK_ACTION?ZK

?PR?_SET_DCT_OK_RESULT?ZK                        0022H.6  0000H.1    -----    -----

?PR?_SET_DCT_OK_ACTION?ZK                        0022H.6  0000H.1    -----    -----

?PR?MEDICA_AUTO_TRANSPORTATION_PROGRA...         -----    -----      -----    -----
  +--> ?PR?CONVEYINGLINEMOVEMENT?ZK
  +--> ?PR?_FZSSXLEFTFZ?ZK
BL51 BANKED LINKER/LOCATER V6.22                                                      04/27/2017  11:17:28  PAGE 6


  +--> ?PR?SUSONGXIANGTUIYAO?ZK
  +--> ?PR?YAOPINGTISHENGLEFT?ZK
  +--> ?PR?CONVEYINGRIGHTLINEMOVEMENT?ZK
  +--> ?PR?_FZSSXRIGHTFZ?ZK
  +--> ?PR?SUSONGXIANGRIGHTTUIYAO?ZK
  +--> ?PR?YAOPINGTISHENG?ZK

?PR?CONVEYINGLINEMOVEMENT?ZK                     -----    -----      -----    -----
  +--> ?PR?_CAN3_TRANSMIT?CAN3

?PR?_FZSSXLEFTFZ?ZK                              -----    -----      -----    -----
  +--> ?PR?_CAN3_TRANSMIT?CAN3

?PR?SUSONGXIANGTUIYAO?ZK                         -----    -----      -----    -----
  +--> ?PR?_CAN3_TRANSMIT?CAN3

?PR?YAOPINGTISHENGLEFT?ZK                        -----    -----      -----    -----
  +--> ?PR?_CAN3_TRANSMIT?CAN3

?PR?CONVEYINGRIGHTLINEMOVEMENT?ZK                -----    -----      -----    -----
  +--> ?PR?_CAN3_TRANSMIT?CAN3

?PR?_FZSSXRIGHTFZ?ZK                             -----    -----      -----    -----
  +--> ?PR?_CAN3_TRANSMIT?CAN3

?PR?SUSONGXIANGRIGHTTUIYAO?ZK                    -----    -----      -----    -----
  +--> ?PR?_CAN3_TRANSMIT?CAN3

?PR?YAOPINGTISHENG?ZK                            -----    -----      -----    -----
  +--> ?PR?_CAN3_TRANSMIT?CAN3

?PR?CAN_AUTO_RESET?ZK                            -----    -----      -----    -----
  +--> ?PR?INIT_CAN2?CAN2
  +--> ?PR?INIT_CAN3?CAN3

*** NEW ROOT ***************************************************

?PR?INT0_ISR?CAN2                                -----    -----      004FH    0003H
  +--> ?PR?_CAN2_RECEIVE?CAN2
  +--> ?PR?_LEDBLINK?ZK

*** NEW ROOT ***************************************************

?PR?INT1_ISR?CAN3                                -----    -----      0052H    0003H
  +--> ?PR?_CAN3_RECEIVE?CAN3
  +--> ?PR?_LEDBLINK?ZK

*** NEW ROOT ***************************************************

?PR?UART1_ISR?UART1                              -----    -----      0055H    0001H
  +--> ?PR?_LEDBLINK?ZK



SYMBOL TABLE OF MODULE:  .\Objects\keil (?C_STARTUP)

  VALUE           TYPE          NAME
BL51 BANKED LINKER/LOCATER V6.22                                                      04/27/2017  11:17:28  PAGE 7


  ----------------------------------

  -------         MODULE        ?C_STARTUP
  C:1719H         SEGMENT       ?C_C51STARTUP
  I:0056H         SEGMENT       ?STACK
  C:0000H         PUBLIC        ?C_STARTUP
  D:00E0H         SYMBOL        ACC
  D:00F0H         SYMBOL        B
  D:0083H         SYMBOL        DPH
  D:0082H         SYMBOL        DPL
  N:0000H         SYMBOL        IBPSTACK
  N:0100H         SYMBOL        IBPSTACKTOP
  N:0080H         SYMBOL        IDATALEN
  C:171FH         SYMBOL        IDATALOOP
  D:00A8H         SYMBOL        IE
  N:0000H         SYMBOL        PBPSTACK
  N:0100H         SYMBOL        PBPSTACKTOP
  D:00D9H         SYMBOL        PCA0MD
  N:0000H         SYMBOL        PDATALEN
  N:0000H         SYMBOL        PDATASTART
  N:0000H         SYMBOL        PPAGE
  N:0000H         SYMBOL        PPAGEENABLE
  D:00A0H         SYMBOL        PPAGE_SFR
  D:0084H         SYMBOL        SFRPAGE
  D:0081H         SYMBOL        SP
  C:1719H         SYMBOL        STARTUP1
  D:00FFH         SYMBOL        WDTCN
  N:0000H         SYMBOL        XBPSTACK
  N:0000H         SYMBOL        XBPSTACKTOP
  N:0000H         SYMBOL        XDATALEN
  N:0000H         SYMBOL        XDATASTART
  C:0000H         LINE#         130
  C:1719H         LINE#         137
  C:171CH         LINE#         138
  C:171EH         LINE#         139
  C:171FH         LINE#         140
  C:1720H         LINE#         141
  C:1722H         LINE#         190
  C:1725H         LINE#         201
  -------         ENDMOD        ?C_STARTUP

  -------         MODULE        CAN2
  C:0000H         SYMBOL        _ICE_DUMMY_
  D:0080H         PUBLIC        P0
  D:0090H         PUBLIC        P1
  D:00A0H         PUBLIC        P2
  D:00B0H         PUBLIC        P3
  D:00C8H         PUBLIC        P4
  D:00D8H         PUBLIC        P5
  B:00A8H.7       PUBLIC        EA
  X:FE14H         PUBLIC        FIFO20
  X:FE15H         PUBLIC        FIFO21
  X:FE16H         PUBLIC        FIFO22
  X:FE17H         PUBLIC        FIFO23
  D:00E8H         PUBLIC        ADC0CN
  D:0084H         PUBLIC        SFRPAGE
  X:FE18H         PUBLIC        FIFO24
BL51 BANKED LINKER/LOCATER V6.22                                                      04/27/2017  11:17:28  PAGE 8


  X:FE19H         PUBLIC        FIFO25
  X:FE10H         PUBLIC        FIFO16
  X:FE1FH         PUBLIC        CAN_CDR
  D:00E8H         PUBLIC        ADC2CN
  X:FE1AH         PUBLIC        FIFO26
  X:FE11H         PUBLIC        FIFO17
  D:00A8H         PUBLIC        IE
  X:FE12H         PUBLIC        FIFO18
  X:FE13H         PUBLIC        FIFO19
  X:FE05H         PUBLIC        CAN_AMR
  X:FE0EH         PUBLIC        RXERR
  D:00F8H         PUBLIC        CAN0CN
  X:FE01H         PUBLIC        CAN_CMR
  X:FE0FH         PUBLIC        TXERR
  D:00D8H         PUBLIC        PCA0CN
  X:FE08H         PUBLIC        CAN_OCR
  D:00B8H         PUBLIC        IP
  D:00E2H         PUBLIC        XBR1
  B:0021H.7       PUBLIC        Can2NewData1
  B:0022H.0       PUBLIC        Can2NewData2
  B:0022H.1       PUBLIC        Can2NewData3
  D:00C0H         PUBLIC        SMB0CN
  X:FE1EH         PUBLIC        RBSA
  D:0088H         PUBLIC        CPT0CN
  D:0088H         PUBLIC        CPT1CN
  D:0088H         PUBLIC        CPT2CN
  C:1907H         PUBLIC        _can2_receive
  D:00F8H         PUBLIC        SPI0CN
  D:0088H         PUBLIC        TCON
  D:00C8H         PUBLIC        TMR2CN
  D:00C8H         PUBLIC        TMR3CN
  D:00C8H         PUBLIC        TMR4CN
  C:15EDH         PUBLIC        _can2_transmit
  B:0088H.1       PUBLIC        IE0
  X:FE0CH         PUBLIC        ECC
  X:FE06H         PUBLIC        CAN_BTR0
  X:FE07H         PUBLIC        CAN_BTR1
  B:00A8H.0       PUBLIC        EX0
  B:0088H.0       PUBLIC        IT0
  X:FE03H         PUBLIC        CAN_IR
  X:FE0BH         PUBLIC        ALC
  X:FE02H         PUBLIC        CAN_SR
  B:00B8H.0       PUBLIC        PX0
  X:FE00H         PUBLIC        CAN_MODE
  X:0058H         PUBLIC        CAN2RXbuffer1
  X:0060H         PUBLIC        CAN2RXbuffer2
  X:FE04H         PUBLIC        CAN_IREN
  X:0068H         PUBLIC        CAN2TXbuffer1
  X:0070H         PUBLIC        CAN2RXbuffer3
  X:0078H         PUBLIC        CAN2TXbuffer2
  D:0098H         PUBLIC        SCON0
  D:0098H         PUBLIC        SCON1
  D:0018H         PUBLIC        CAN2FaultCounter
  X:FE0DH         PUBLIC        ERRLIMIT
  C:12C9H         PUBLIC        INT0_ISR
  D:00C0H         PUBLIC        CAN0STA
  D:00D0H         PUBLIC        PSW
BL51 BANKED LINKER/LOCATER V6.22                                                      04/27/2017  11:17:28  PAGE 9


  C:1805H         PUBLIC        init_can2
  -------         PROC          INIT_CAN2
  C:1805H         LINE#         54
  C:1805H         LINE#         55
  C:1805H         LINE#         56
  C:1808H         LINE#         57
  C:180BH         LINE#         58
  C:180EH         LINE#         59
  C:1810H         LINE#         60
  C:1812H         LINE#         61
  C:1814H         LINE#         62
  C:1816H         LINE#         64
  C:181BH         LINE#         65
  C:1821H         LINE#         66
  C:1827H         LINE#         70
  C:182DH         LINE#         71
  C:182FH         LINE#         72
  C:1831H         LINE#         73
  C:1833H         LINE#         75
  C:1838H         LINE#         76
  C:183AH         LINE#         77
  C:183CH         LINE#         78
  C:183EH         LINE#         95
  C:1844H         LINE#         99
  C:1848H         LINE#         101
  C:184CH         LINE#         102
  C:1851H         LINE#         103
  C:1855H         LINE#         104
  C:185BH         LINE#         105
  C:185DH         LINE#         106
  -------         ENDPROC       INIT_CAN2
  -------         PROC          _CAN2_TRANSMIT
  D:0006H         SYMBOL        id
  D:0001H         SYMBOL        buf
  -------         DO            
  D:004DH         SYMBOL        temp
  D:0005H         SYMBOL        r
  -------         ENDDO         
  C:15EDH         LINE#         108
  C:15EDH         LINE#         109
  C:15EDH         LINE#         112
  C:15F0H         LINE#         114
  C:15F0H         LINE#         115
  C:15F5H         LINE#         116
  C:15FCH         LINE#         117
  C:15FCH         LINE#         118
  C:15FFH         LINE#         120
  C:15FFH         LINE#         121
  C:1606H         LINE#         123
  C:1608H         LINE#         124
  C:160EH         LINE#         126
  C:161CH         LINE#         128
  C:1622H         LINE#         129
  C:162AH         LINE#         131
  C:1631H         LINE#         132
  C:163BH         LINE#         133
  C:1645H         LINE#         134
BL51 BANKED LINKER/LOCATER V6.22                                                      04/27/2017  11:17:28  PAGE 10


  C:164FH         LINE#         135
  C:1659H         LINE#         136
  C:1663H         LINE#         137
  C:166DH         LINE#         138
  C:1677H         LINE#         139
  C:167DH         LINE#         140
  C:167FH         LINE#         141
  C:1682H         LINE#         142
  -------         ENDPROC       _CAN2_TRANSMIT
  -------         PROC          _CAN2_RECEIVE
  D:0001H         SYMBOL        buf
  C:1907H         LINE#         144
  C:1907H         LINE#         145
  C:1907H         LINE#         146
  C:190EH         LINE#         147
  C:1918H         LINE#         148
  C:1922H         LINE#         149
  C:192CH         LINE#         150
  C:1936H         LINE#         151
  C:1940H         LINE#         152
  C:194AH         LINE#         153
  -------         ENDPROC       _CAN2_RECEIVE
  -------         PROC          INT0_ISR
  -------         DO            
  D:0007H         SYMBOL        temp
  D:004FH         SYMBOL        ir_state
  D:0050H         SYMBOL        address
  -------         ENDDO         
  C:12C9H         LINE#         157
  C:12E6H         LINE#         162
  C:12ECH         LINE#         164
  C:12F4H         LINE#         165
  C:12F4H         LINE#         166
  C:12FAH         LINE#         167
  C:12FEH         LINE#         168
  C:1313H         LINE#         169
  C:1322H         LINE#         170
  C:1322H         LINE#         171
  C:132BH         LINE#         172
  C:132DH         LINE#         173
  C:132DH         LINE#         175
  C:133CH         LINE#         176
  C:133CH         LINE#         177
  C:1345H         LINE#         178
  C:1347H         LINE#         179
  C:1347H         LINE#         181
  C:1356H         LINE#         182
  C:1356H         LINE#         183
  C:135FH         LINE#         184
  C:1361H         LINE#         185
  C:1361H         LINE#         186
  C:136AH         LINE#         187
  C:1372H         LINE#         189
  C:1378H         LINE#         190
  C:137BH         LINE#         191
  C:137BH         LINE#         193
  C:1380H         LINE#         194
BL51 BANKED LINKER/LOCATER V6.22                                                      04/27/2017  11:17:28  PAGE 11


  C:1380H         LINE#         195
  C:1386H         LINE#         196
  C:1386H         LINE#         197
  C:138BH         LINE#         198
  C:138BH         LINE#         199
  C:1392H         LINE#         200
  C:1392H         LINE#         201
  C:1398H         LINE#         202
  C:1398H         LINE#         203
  C:13A1H         LINE#         204
  C:13A1H         LINE#         205
  C:13A1H         LINE#         206
  C:13A1H         LINE#         207
  C:13A3H         LINE#         208
  -------         ENDPROC       INT0_ISR
  -------         ENDMOD        CAN2

  -------         MODULE        CAN3
  C:0000H         SYMBOL        _ICE_DUMMY_
  X:FD06H         PUBLIC        CAN3_BTR0
  D:0080H         PUBLIC        P0
  X:FD07H         PUBLIC        CAN3_BTR1
  D:0090H         PUBLIC        P1
  X:FD03H         PUBLIC        CAN3_IR
  D:00A0H         PUBLIC        P2
  D:00B0H         PUBLIC        P3
  D:00C8H         PUBLIC        P4
  D:00D8H         PUBLIC        P5
  B:00A8H.7       PUBLIC        EA
  D:00E8H         PUBLIC        ADC0CN
  D:0084H         PUBLIC        SFRPAGE
  X:FD02H         PUBLIC        CAN3_SR
  X:FD00H         PUBLIC        CAN3_MODE
  D:00E8H         PUBLIC        ADC2CN
  D:00A8H         PUBLIC        IE
  X:FD1EH         PUBLIC        CAN3_RBSA
  D:00F8H         PUBLIC        CAN0CN
  X:FD04H         PUBLIC        CAN3_IREN
  D:00D8H         PUBLIC        PCA0CN
  D:00B8H         PUBLIC        IP
  D:00E2H         PUBLIC        XBR1
  B:0022H.5       PUBLIC        Can3NewData1
  D:00C0H         PUBLIC        SMB0CN
  D:0088H         PUBLIC        CPT0CN
  D:0088H         PUBLIC        CPT1CN
  D:0088H         PUBLIC        CPT2CN
  C:1954H         PUBLIC        _can3_receive
  D:00F8H         PUBLIC        SPI0CN
  X:FD0CH         PUBLIC        CAN3_ECC
  D:0088H         PUBLIC        TCON
  X:FD0BH         PUBLIC        CAN3_ALC
  D:00C8H         PUBLIC        TMR2CN
  D:00C8H         PUBLIC        TMR3CN
  D:00C8H         PUBLIC        TMR4CN
  C:1683H         PUBLIC        _can3_transmit
  B:0088H.3       PUBLIC        IE1
  X:FD1FH         PUBLIC        CAN3_CDR
BL51 BANKED LINKER/LOCATER V6.22                                                      04/27/2017  11:17:28  PAGE 12


  X:FD05H         PUBLIC        CAN3_AMR
  X:FD01H         PUBLIC        CAN3_CMR
  X:FD08H         PUBLIC        CAN3_OCR
  B:00A8H.2       PUBLIC        EX1
  B:0088H.2       PUBLIC        IT1
  X:FD0DH         PUBLIC        CAN3_ERRLIMIT
  B:00B8H.2       PUBLIC        PX1
  X:0080H         PUBLIC        CAN3RXbuffer1
  X:0088H         PUBLIC        CAN3TXbuffer1
  D:0098H         PUBLIC        SCON0
  D:0098H         PUBLIC        SCON1
  D:0019H         PUBLIC        CAN3FaultCounter
  C:0E81H         PUBLIC        INT1_ISR
  D:00C0H         PUBLIC        CAN0STA
  X:FD14H         PUBLIC        CAN3_FIFO20
  X:FD15H         PUBLIC        CAN3_FIFO21
  X:FD16H         PUBLIC        CAN3_FIFO22
  X:FD17H         PUBLIC        CAN3_FIFO23
  X:FD18H         PUBLIC        CAN3_FIFO24
  X:FD19H         PUBLIC        CAN3_FIFO25
  X:FD10H         PUBLIC        CAN3_FIFO16
  X:FD1AH         PUBLIC        CAN3_FIFO26
  X:FD11H         PUBLIC        CAN3_FIFO17
  X:FD12H         PUBLIC        CAN3_FIFO18
  X:FD13H         PUBLIC        CAN3_FIFO19
  D:00D0H         PUBLIC        PSW
  X:FD0EH         PUBLIC        CAN3_RXERR
  X:FD0FH         PUBLIC        CAN3_TXERR
  C:17A8H         PUBLIC        init_can3
  -------         PROC          INIT_CAN3
  C:17A8H         LINE#         50
  C:17A8H         LINE#         51
  C:17A8H         LINE#         53
  C:17ABH         LINE#         54
  C:17AEH         LINE#         55
  C:17B1H         LINE#         56
  C:17B3H         LINE#         57
  C:17B5H         LINE#         58
  C:17B7H         LINE#         59
  C:17B9H         LINE#         61
  C:17BEH         LINE#         62
  C:17C4H         LINE#         63
  C:17CAH         LINE#         67
  C:17D0H         LINE#         68
  C:17D4H         LINE#         69
  C:17D8H         LINE#         70
  C:17DAH         LINE#         72
  C:17DFH         LINE#         73
  C:17E1H         LINE#         74
  C:17E3H         LINE#         75
  C:17E5H         LINE#         91
  C:17EBH         LINE#         94
  C:17EFH         LINE#         96
  C:17F3H         LINE#         97
  C:17F8H         LINE#         98
  C:17FCH         LINE#         99
  C:1802H         LINE#         100
BL51 BANKED LINKER/LOCATER V6.22                                                      04/27/2017  11:17:28  PAGE 13


  C:1804H         LINE#         101
  -------         ENDPROC       INIT_CAN3
  -------         PROC          _CAN3_TRANSMIT
  D:0006H         SYMBOL        id
  D:0001H         SYMBOL        buf
  -------         DO            
  D:004DH         SYMBOL        temp
  D:0005H         SYMBOL        r
  -------         ENDDO         
  C:1683H         LINE#         103
  C:1683H         LINE#         104
  C:1683H         LINE#         107
  C:1686H         LINE#         108
  C:1686H         LINE#         109
  C:168BH         LINE#         110
  C:1692H         LINE#         111
  C:1692H         LINE#         112
  C:1695H         LINE#         114
  C:1695H         LINE#         115
  C:169CH         LINE#         117
  C:169EH         LINE#         118
  C:16A4H         LINE#         120
  C:16B2H         LINE#         122
  C:16B8H         LINE#         123
  C:16C0H         LINE#         125
  C:16C7H         LINE#         126
  C:16D1H         LINE#         127
  C:16DBH         LINE#         128
  C:16E5H         LINE#         129
  C:16EFH         LINE#         130
  C:16F9H         LINE#         131
  C:1703H         LINE#         132
  C:170DH         LINE#         135
  C:1713H         LINE#         136
  C:1715H         LINE#         137
  C:1718H         LINE#         138
  -------         ENDPROC       _CAN3_TRANSMIT
  -------         PROC          _CAN3_RECEIVE
  D:0001H         SYMBOL        buf
  C:1954H         LINE#         140
  C:1954H         LINE#         141
  C:1954H         LINE#         142
  C:195BH         LINE#         143
  C:1965H         LINE#         144
  C:196FH         LINE#         145
  C:1979H         LINE#         146
  C:1983H         LINE#         147
  C:198DH         LINE#         148
  C:1997H         LINE#         149
  -------         ENDPROC       _CAN3_RECEIVE
  -------         PROC          INT1_ISR
  -------         DO            
  D:0007H         SYMBOL        temp
  D:0052H         SYMBOL        ir_state
  D:0053H         SYMBOL        address
  -------         ENDDO         
  C:0E81H         LINE#         153
BL51 BANKED LINKER/LOCATER V6.22                                                      04/27/2017  11:17:28  PAGE 14


  C:0E9EH         LINE#         158
  C:0EA4H         LINE#         159
  C:0EACH         LINE#         160
  C:0EACH         LINE#         161
  C:0EB2H         LINE#         162
  C:0EB6H         LINE#         163
  C:0ECBH         LINE#         164
  C:0EDAH         LINE#         165
  C:0EDAH         LINE#         166
  C:0EE3H         LINE#         167
  C:0EEAH         LINE#         168
  C:0EEAH         LINE#         169
  C:0EEDH         LINE#         170
  C:0EEDH         LINE#         171
  C:0EF3H         LINE#         173
  C:0EF5H         LINE#         174
  C:0EF5H         LINE#         175
  C:0F04H         LINE#         176
  C:0F04H         LINE#         177
  C:0F0DH         LINE#         178
  C:0F14H         LINE#         179
  C:0F14H         LINE#         182
  C:0F1DH         LINE#         183
  C:0F1DH         LINE#         184
  C:0F1DH         LINE#         193
  C:0F20H         LINE#         194
  C:0F22H         LINE#         195
  C:0F22H         LINE#         196
  C:0F25H         LINE#         197
  C:0F25H         LINE#         198
  C:0F25H         LINE#         199
  C:0F25H         LINE#         200
  C:0F25H         LINE#         201
  C:0F25H         LINE#         202
  C:0F2CH         LINE#         203
  C:0F2CH         LINE#         204
  C:0F35H         LINE#         205
  C:0F35H         LINE#         206
  C:0F35H         LINE#         209
  C:0F38H         LINE#         210
  C:0F3AH         LINE#         211
  C:0F3AH         LINE#         212
  C:0F3DH         LINE#         213
  C:0F3DH         LINE#         214
  C:0F3DH         LINE#         215
  C:0F3DH         LINE#         216
  C:0F3DH         LINE#         217
  C:0F3DH         LINE#         218
  C:0F43H         LINE#         219
  C:0F45H         LINE#         220
  C:0F45H         LINE#         222
  C:0F54H         LINE#         223
  C:0F54H         LINE#         224
  C:0F5DH         LINE#         225
  C:0F64H         LINE#         226
  C:0F64H         LINE#         227
  C:0F67H         LINE#         228
BL51 BANKED LINKER/LOCATER V6.22                                                      04/27/2017  11:17:28  PAGE 15


  C:0F67H         LINE#         229
  C:0F6DH         LINE#         231
  C:0F6FH         LINE#         232
  C:0F6FH         LINE#         276
  C:0F75H         LINE#         277
  C:0F7EH         LINE#         278
  C:0F86H         LINE#         279
  C:0F89H         LINE#         280
  C:0F89H         LINE#         282
  C:0F8EH         LINE#         283
  C:0F8EH         LINE#         284
  C:0F94H         LINE#         285
  C:0F94H         LINE#         286
  C:0F99H         LINE#         287
  C:0F99H         LINE#         289
  C:0FA0H         LINE#         290
  C:0FA0H         LINE#         291
  C:0FA6H         LINE#         292
  C:0FA6H         LINE#         293
  C:0FAFH         LINE#         294
  C:0FAFH         LINE#         295
  C:0FAFH         LINE#         296
  C:0FAFH         LINE#         297
  C:0FB1H         LINE#         298
  -------         ENDPROC       INT1_ISR
  -------         ENDMOD        CAN3

  -------         MODULE        MYCONFIG
  C:0000H         SYMBOL        _ICE_DUMMY_
  D:009DH         PUBLIC        SPI0CKR
  D:00FFH         PUBLIC        WDTCN
  D:00BCH         PUBLIC        ADC0CF
  D:00E6H         PUBLIC        EIE1
  D:00BCH         PUBLIC        ADC2CF
  D:00E7H         PUBLIC        EIE2
  D:00E8H         PUBLIC        ADC0CN
  D:00D4H         PUBLIC        DAC0CN
  D:0084H         PUBLIC        SFRPAGE
  D:00D4H         PUBLIC        DAC1CN
  D:00A4H         PUBLIC        P0MDOUT
  D:00E8H         PUBLIC        ADC2CN
  D:00A5H         PUBLIC        P1MDOUT
  D:00A8H         PUBLIC        IE
  D:00A6H         PUBLIC        P2MDOUT
  D:00BDH         PUBLIC        AMX0PRT
  D:00A7H         PUBLIC        P3MDOUT
  D:00F6H         PUBLIC        EIP1
  D:009CH         PUBLIC        P4MDOUT
  D:00F7H         PUBLIC        EIP2
  D:009DH         PUBLIC        P5MDOUT
  D:00FCH         PUBLIC        PCA0CPH0
  D:009EH         PUBLIC        P6MDOUT
  D:00FEH         PUBLIC        PCA0CPH1
  D:009FH         PUBLIC        P7MDOUT
  D:00EAH         PUBLIC        PCA0CPH2
  D:00F8H         PUBLIC        CAN0CN
  D:00ECH         PUBLIC        PCA0CPH3
BL51 BANKED LINKER/LOCATER V6.22                                                      04/27/2017  11:17:28  PAGE 16


  D:00FBH         PUBLIC        PCA0CPL0
  D:00EEH         PUBLIC        PCA0CPH4
  D:00A3H         PUBLIC        EMI0CF
  D:00FDH         PUBLIC        PCA0CPL1
  D:00E2H         PUBLIC        PCA0CPH5
  D:00DAH         PUBLIC        PCA0CPM0
  D:00D9H         PUBLIC        PCA0MD
  D:00D8H         PUBLIC        PCA0CN
  D:00C4H         PUBLIC        ADC2GT
  D:00E9H         PUBLIC        PCA0CPL2
  D:00DBH         PUBLIC        PCA0CPM1
  D:00EBH         PUBLIC        PCA0CPL3
  D:00DCH         PUBLIC        PCA0CPM2
  D:00B8H         PUBLIC        IP
  D:00EDH         PUBLIC        PCA0CPL4
  D:00DDH         PUBLIC        PCA0CPM3
  D:00E1H         PUBLIC        PCA0CPL5
  D:00DEH         PUBLIC        PCA0CPM4
  D:00DFH         PUBLIC        PCA0CPM5
  D:00C6H         PUBLIC        ADC2LT
  D:00E1H         PUBLIC        XBR0
  D:00B9H         PUBLIC        SADEN0
  D:00E2H         PUBLIC        XBR1
  D:00E3H         PUBLIC        XBR2
  D:00E4H         PUBLIC        XBR3
  D:00D1H         PUBLIC        REF0CN
  D:00A9H         PUBLIC        SADDR0
  D:00BAH         PUBLIC        AMX0CF
  D:00D6H         PUBLIC        HVA0CN
  D:00CBH         PUBLIC        RCAP2H
  D:00CBH         PUBLIC        RCAP3H
  D:00BAH         PUBLIC        AMX2CF
  D:00CBH         PUBLIC        RCAP4H
  D:00C0H         PUBLIC        SMB0CN
  D:00CAH         PUBLIC        RCAP2L
  D:00CAH         PUBLIC        RCAP3L
  D:00CAH         PUBLIC        RCAP4L
  D:00CFH         PUBLIC        SMB0CR
  D:0089H         PUBLIC        CPT0MD
  D:0088H         PUBLIC        CPT0CN
  D:00ADH         PUBLIC        P1MDIN
  D:0089H         PUBLIC        CPT1MD
  D:0088H         PUBLIC        CPT1CN
  D:00AEH         PUBLIC        P2MDIN
  D:0089H         PUBLIC        CPT2MD
  D:0088H         PUBLIC        CPT2CN
  D:00AFH         PUBLIC        P3MDIN
  D:00F8H         PUBLIC        SPI0CN
  D:00C9H         PUBLIC        TMR2CF
  D:00C9H         PUBLIC        TMR3CF
  D:0087H         PUBLIC        PCON
  D:00C9H         PUBLIC        TMR4CF
  D:0089H         PUBLIC        TMOD
  D:0088H         PUBLIC        TCON
  D:00BBH         PUBLIC        AMX0SL
  D:00C8H         PUBLIC        TMR2CN
  D:00C8H         PUBLIC        TMR3CN
BL51 BANKED LINKER/LOCATER V6.22                                                      04/27/2017  11:17:28  PAGE 17


  D:00BBH         PUBLIC        AMX2SL
  D:00C8H         PUBLIC        TMR4CN
  D:0097H         PUBLIC        CLKSEL
  D:00D3H         PUBLIC        DAC0H
  D:00BFH         PUBLIC        ADC0H
  D:008AH         PUBLIC        OSCICN
  D:00D3H         PUBLIC        DAC1H
  D:00D2H         PUBLIC        DAC0L
  D:00BEH         PUBLIC        ADC0L
  D:00D2H         PUBLIC        DAC1L
  D:008CH         PUBLIC        TH0
  D:00FAH         PUBLIC        PCA0H
  D:008DH         PUBLIC        TH1
  D:008CH         PUBLIC        OSCXCN
  D:008AH         PUBLIC        TL0
  D:00F9H         PUBLIC        PCA0L
  D:008BH         PUBLIC        TL1
  D:00C5H         PUBLIC        ADC0GTH
  D:00C4H         PUBLIC        ADC0GTL
  D:00C7H         PUBLIC        ADC0LTH
  D:00EFH         PUBLIC        RSTSRC
  D:0098H         PUBLIC        SCON0
  D:0098H         PUBLIC        SCON1
  D:00C6H         PUBLIC        ADC0LTL
  D:00C3H         PUBLIC        SMB0ADR
  D:00C0H         PUBLIC        CAN0STA
  D:0091H         PUBLIC        SSTA0
  D:00CDH         PUBLIC        TMR2H
  D:009AH         PUBLIC        SPI0CFG
  D:00CDH         PUBLIC        TMR3H
  D:008EH         PUBLIC        CKCON
  D:00CDH         PUBLIC        TMR4H
  D:00CCH         PUBLIC        TMR2L
  D:00CCH         PUBLIC        TMR3L
  D:00CCH         PUBLIC        TMR4L
  C:0D13H         PUBLIC        config
  D:00D0H         PUBLIC        PSW
  -------         PROC          CONFIG
  -------         DO            
  D:0006H         SYMBOL        n
  -------         ENDDO         
  C:0D13H         LINE#         29
  C:0D13H         LINE#         32
  C:0D16H         LINE#         60
  C:0D19H         LINE#         61
  C:0D1CH         LINE#         62
  C:0D1FH         LINE#         77
  C:0D22H         LINE#         78
  C:0D25H         LINE#         79
  C:0D28H         LINE#         80
  C:0D2BH         LINE#         81
  C:0D2DH         LINE#         89
  C:0D30H         LINE#         91
  C:0D33H         LINE#         92
  C:0D35H         LINE#         93
  C:0D37H         LINE#         94
  C:0D3AH         LINE#         96
BL51 BANKED LINKER/LOCATER V6.22                                                      04/27/2017  11:17:28  PAGE 18


  C:0D3DH         LINE#         97
  C:0D40H         LINE#         99
  C:0D43H         LINE#         100
  C:0D46H         LINE#         102
  C:0D49H         LINE#         103
  C:0D4CH         LINE#         104
  C:0D4FH         LINE#         150
  C:0D51H         LINE#         151
  C:0D54H         LINE#         171
  C:0D57H         LINE#         172
  C:0D59H         LINE#         173
  C:0D5BH         LINE#         179
  C:0D5EH         LINE#         180
  C:0D60H         LINE#         181
  C:0D62H         LINE#         187
  C:0D65H         LINE#         188
  C:0D67H         LINE#         189
  C:0D69H         LINE#         195
  C:0D6CH         LINE#         196
  C:0D6FH         LINE#         197
  C:0D79H         LINE#         198
  C:0D7EH         LINE#         199
  C:0D81H         LINE#         200
  C:0D84H         LINE#         207
  C:0D87H         LINE#         208
  C:0D89H         LINE#         214
  C:0D8BH         LINE#         215
  C:0D8EH         LINE#         216
  C:0D90H         LINE#         217
  C:0D93H         LINE#         218
  C:0D96H         LINE#         219
  C:0D98H         LINE#         221
  C:0D9AH         LINE#         222
  C:0D9CH         LINE#         223
  C:0D9EH         LINE#         224
  C:0DA0H         LINE#         225
  C:0DA3H         LINE#         226
  C:0DA6H         LINE#         232
  C:0DA9H         LINE#         233
  C:0DABH         LINE#         234
  C:0DADH         LINE#         235
  C:0DB0H         LINE#         236
  C:0DB3H         LINE#         237
  C:0DB6H         LINE#         238
  C:0DB8H         LINE#         240
  C:0DBAH         LINE#         241
  C:0DBCH         LINE#         247
  C:0DBEH         LINE#         248
  C:0DC0H         LINE#         249
  C:0DC2H         LINE#         250
  C:0DC4H         LINE#         252
  C:0DC7H         LINE#         253
  C:0DC9H         LINE#         254
  C:0DCBH         LINE#         255
  C:0DCDH         LINE#         261
  C:0DCFH         LINE#         262
  C:0DD1H         LINE#         263
BL51 BANKED LINKER/LOCATER V6.22                                                      04/27/2017  11:17:28  PAGE 19


  C:0DD3H         LINE#         264
  C:0DD5H         LINE#         270
  C:0DD7H         LINE#         271
  C:0DD9H         LINE#         272
  C:0DDBH         LINE#         273
  C:0DDEH         LINE#         274
  C:0DE1H         LINE#         275
  C:0DE4H         LINE#         278
  C:0DE6H         LINE#         284
  C:0DE9H         LINE#         285
  C:0DECH         LINE#         286
  C:0DEFH         LINE#         292
  C:0DF1H         LINE#         293
  C:0DF3H         LINE#         294
  C:0DF5H         LINE#         295
  C:0DF7H         LINE#         302
  C:0DF9H         LINE#         303
  C:0DFBH         LINE#         304
  C:0DFDH         LINE#         305
  C:0DFFH         LINE#         306
  C:0E01H         LINE#         310
  C:0E03H         LINE#         311
  C:0E05H         LINE#         312
  C:0E07H         LINE#         315
  C:0E09H         LINE#         316
  C:0E0BH         LINE#         317
  C:0E0DH         LINE#         320
  C:0E0FH         LINE#         321
  C:0E11H         LINE#         322
  C:0E13H         LINE#         325
  C:0E15H         LINE#         326
  C:0E17H         LINE#         327
  C:0E19H         LINE#         330
  C:0E1BH         LINE#         331
  C:0E1DH         LINE#         332
  C:0E1FH         LINE#         335
  C:0E21H         LINE#         336
  C:0E23H         LINE#         337
  C:0E25H         LINE#         342
  C:0E27H         LINE#         344
  C:0E29H         LINE#         345
  C:0E2CH         LINE#         346
  C:0E2FH         LINE#         347
  C:0E32H         LINE#         348
  C:0E35H         LINE#         349
  C:0E38H         LINE#         351
  C:0E3BH         LINE#         354
  C:0E3EH         LINE#         355
  C:0E41H         LINE#         356
  C:0E44H         LINE#         357
  C:0E47H         LINE#         358
  C:0E4AH         LINE#         359
  C:0E4DH         LINE#         361
  C:0E50H         LINE#         362
  C:0E52H         LINE#         363
  C:0E54H         LINE#         364
  C:0E56H         LINE#         365
BL51 BANKED LINKER/LOCATER V6.22                                                      04/27/2017  11:17:28  PAGE 20


  C:0E58H         LINE#         366
  C:0E5AH         LINE#         367
  C:0E5CH         LINE#         395
  C:0E5FH         LINE#         396
  C:0E62H         LINE#         397
  C:0E64H         LINE#         398
  C:0E66H         LINE#         399
  C:0E68H         LINE#         400
  C:0E6AH         LINE#         401
  C:0E6CH         LINE#         422
  C:0E6EH         LINE#         423
  C:0E71H         LINE#         429
  C:0E74H         LINE#         430
  C:0E77H         LINE#         431
  C:0E79H         LINE#         432
  C:0E7CH         LINE#         433
  C:0E7EH         LINE#         434
  C:0E80H         LINE#         439
  -------         ENDPROC       CONFIG
  -------         ENDMOD        MYCONFIG

  -------         MODULE        ZK
  C:0000H         SYMBOL        _ICE_DUMMY_
  B:0020H.0       PUBLIC        Alarm_stepflagR
  D:0025H         PUBLIC        Run_modeFayaoL
  B:0020H.1       PUBLIC        Command_Begin_Sign
  D:0080H         PUBLIC        P0
  X:FB00H         PUBLIC        LED_Address
  D:0090H         PUBLIC        P1
  C:1B4DH         PUBLIC        Yaopingtishengleft
  D:00FFH         PUBLIC        WDTCN
  D:00A0H         PUBLIC        P2
  D:0026H         PUBLIC        MAINRUNSTATUSL1
  D:00BCH         PUBLIC        ADC0CF
  D:00B0H         PUBLIC        P3
  D:00C8H         PUBLIC        P4
  D:0027H         PUBLIC        Run_modeFayaoR
  D:00D8H         PUBLIC        P5
  X:0000H         PUBLIC        Mode_ALARM1
  X:0001H         PUBLIC        Mode_ALARM2
  X:0002H         PUBLIC        Mode_ALARM3
  C:1B0AH         PUBLIC        _LedBlink
  X:0003H         PUBLIC        Mode_ALARM4
  D:0028H         PUBLIC        ALL_Action_OK_Sign
  C:1BD3H         PUBLIC        ElectromagnetCRTL
  D:00E8H         PUBLIC        ADC0CN
  D:0084H         PUBLIC        SFRPAGE
  D:00E8H         PUBLIC        ADC2CN
  D:00A8H         PUBLIC        IE
  D:0029H         PUBLIC        RUNSTATUS1
  B:0020H.2       PUBLIC        Active_Data_Begin_Sign_last
  D:002AH         PUBLIC        RUNSTATUS2
  C:18B6H         PUBLIC        Comunication_BITE_to_SWJ
  X:0004H         PUBLIC        LED_BUF
  C:1A7FH         PUBLIC        ConveyingLineMovement
  D:00F8H         PUBLIC        CAN0CN
  D:00D8H         PUBLIC        PCA0CN
BL51 BANKED LINKER/LOCATER V6.22                                                      04/27/2017  11:17:28  PAGE 21


  B:00B0H.2       PUBLIC        NET_CFG
  D:00B8H         PUBLIC        IP
  D:002BH         PUBLIC        T0Counter1
  D:002CH         PUBLIC        T0Counter2
  C:1FDAH         PUBLIC        init_AD
  D:002DH         PUBLIC        T0Counter3
  D:002FH         PUBLIC        T0Counter4
  X:0005H         PUBLIC        Mode_adress1
  D:0030H         PUBLIC        communication_step
  X:0006H         PUBLIC        Mode_adress2
  D:00D1H         PUBLIC        REF0CN
  X:0007H         PUBLIC        Mode_adress3
  C:1F18H         PUBLIC        _Lan_backalarm
  X:0008H         PUBLIC        Mode_adress4
  D:0031H         PUBLIC        ALL_Action_OK_Sign_last
  B:00E8H.5       PUBLIC        AD0INT
  B:0090H.3       PUBLIC        OUTPUT1
  D:00C0H         PUBLIC        SMB0CN
  B:0090H.2       PUBLIC        OUTPUT2
  C:00A6H         PUBLIC        main
  C:0933H         PUBLIC        Medica_Auto_Transportation_Programme
  C:1A35H         PUBLIC        _Set_DCT_OK_Action
  B:0090H.0       PUBLIC        OUTPUT3
  B:0090H.1       PUBLIC        OUTPUT4
  D:0088H         PUBLIC        CPT0CN
  D:0088H         PUBLIC        CPT1CN
  D:0032H         PUBLIC        ALL_Result_OK_Sign
  D:0088H         PUBLIC        CPT2CN
  X:0009H         PUBLIC        strat_flag
  B:0020H.3       PUBLIC        Answer_ok
  D:00F8H         PUBLIC        SPI0CN
  D:0033H         PUBLIC        SNSORSTATUS1
  C:1479H         PUBLIC        TIME0_ISR
  D:0034H         PUBLIC        SNSORSTATUS2
  C:1F60H         PUBLIC        _Lan_backinfor
  B:0020H.4       PUBLIC        Tansflag
  D:0088H         PUBLIC        TCON
  C:1EB4H         PUBLIC        _Get_DCT_Input_State
  X:000AH         PUBLIC        Run_ALARM1
  C:1AC6H         PUBLIC        ConveyingrightLineMovement
  D:00BBH         PUBLIC        AMX0SL
  X:000BH         PUBLIC        Run_ALARM2
  D:00C8H         PUBLIC        TMR2CN
  C:1D89H         PUBLIC        init_index_para
  C:1FEAH         PUBLIC        initialize
  D:00C8H         PUBLIC        TMR3CN
  D:00C8H         PUBLIC        TMR4CN
  B:00B0H.0       PUBLIC        RS485_EN
  X:000CH         PUBLIC        SysData
  C:13BEH         PUBLIC        init_para
  D:0035H         PUBLIC        Run_mode
  C:1C51H         PUBLIC        Susongxiangtuiyao
  C:1C12H         PUBLIC        YaolanStepRun
  X:0038H         PUBLIC        Run_REAFY1
  X:0039H         PUBLIC        Run_REAFY2
  B:0020H.5       PUBLIC        ONCEFLAG
  C:19A1H         PUBLIC        _Set_DCT_Input_State
BL51 BANKED LINKER/LOCATER V6.22                                                      04/27/2017  11:17:28  PAGE 22


  B:00B0H.3       PUBLIC        NET_RST
  C:1D0DH         PUBLIC        _FZSSXRightFZ
  C:1FF9H         PUBLIC        _delay1
  X:003AH         PUBLIC        AUTO_countimerL
  X:003CH         PUBLIC        m_floatServodisplace
  D:0036H         PUBLIC        Group_index_DCT
  C:19EBH         PUBLIC        _Set_DCT_OK_Result
  X:0040H         PUBLIC        AUTO_countimerR
  D:0037H         PUBLIC        FAYAOinput_pra
  D:008CH         PUBLIC        TH0
  X:0042H         PUBLIC        T0Counter12
  X:0043H         PUBLIC        CAN_index
  B:0020H.6       PUBLIC        Servo_Begin_Sign
  X:0044H         PUBLIC        T0Counter13
  X:0045H         PUBLIC        T0Counter14
  C:1D4BH         PUBLIC        _FZSSXLeftFZ
  B:0020H.7       PUBLIC        Servo_right_Begin_Sign
  X:0047H         PUBLIC        T0Counter15
  D:008AH         PUBLIC        TL0
  D:003BH         PUBLIC        MAINRUNSTATUSL
  C:0B90H         PUBLIC        can_rx_from_SWJ_Action_Command
  C:1B90H         PUBLIC        Yaopingtisheng
  C:1FABH         PUBLIC        _delay_ms
  C:0088H         PUBLIC        CAN_AUTO_RESET
  C:1E7CH         PUBLIC        _can_rx_from_DCT_amount_feedback
  D:003CH         PUBLIC        Board_ID
  D:003DH         PUBLIC        temppage
  C:1F3BH         PUBLIC        Send_CO_Begin_Programme
  C:0016H         PUBLIC        can_rx_from_SWJ_Zijian_Command
  D:003EH         PUBLIC        Runbiaoji1
  C:1F84H         PUBLIC        get_temp
  D:003FH         PUBLIC        Runbiaoji2
  X:0049H         PUBLIC        databuf
  B:0021H.0       PUBLIC        Servo_left_Begin_Sign
  D:0040H         PUBLIC        Runbiaoji3
  D:0041H         PUBLIC        Zijian_Sign
  X:0051H         PUBLIC        Servodisplace
  D:0042H         PUBLIC        Runbiaoji4
  D:0043H         PUBLIC        Procession1
  B:0021H.1       PUBLIC        ALARM_ONCEFLAGL
  C:1DC6H         PUBLIC        Yaolantisheng
  C:1C90H         PUBLIC        Susongxiangrighttuiyao
  C:0FCCH         PUBLIC        CAN2_Data_Collect_Process_Programme
  D:0044H         PUBLIC        Board_Address_Number
  B:0021H.2       PUBLIC        ALARM_ONCEFLAGR
  C:185EH         PUBLIC        _can_rx_from_DCT_bite_feedback
  D:0098H         PUBLIC        SCON0
  C:1CCFH         PUBLIC        _ConveyingLongSlow_Start
  D:0098H         PUBLIC        SCON1
  D:0045H         PUBLIC        Proce_Count
  C:1FC9H         PUBLIC        _get_ad_value
  D:00C0H         PUBLIC        CAN0STA
  C:11D0H         PUBLIC        init_machine
  B:0021H.3       PUBLIC        FaYao_Prosetion_Sign
  D:0047H         PUBLIC        OK_Sign_TX_Amount
  C:1E40H         PUBLIC        _Can_CHECKinfor
  D:00BEH         PUBLIC        ADC0
BL51 BANKED LINKER/LOCATER V6.22                                                      04/27/2017  11:17:28  PAGE 23


  X:0055H         PUBLIC        m_intServodisplace
  B:0021H.4       PUBLIC        Active_Data_Begin_Sign
  B:0021H.5       PUBLIC        Alarm_stepflagL
  B:00E8H.4       PUBLIC        AD0BUSY
  D:00D0H         PUBLIC        PSW
  X:0057H         PUBLIC        Basket_stat
  B:0021H.6       PUBLIC        Command_Finish_Sign
  C:1E03H         PUBLIC        ConveyingLongSlow_Stop
  -------         PROC          _GET_DCT_INPUT_STATE
  D:0007H         SYMBOL        number
  C:1EB4H         LINE#         136
  C:1EB4H         LINE#         137
  C:1EB4H         LINE#         138
  C:1EE4H         LINE#         139
  -------         ENDPROC       _GET_DCT_INPUT_STATE
  -------         PROC          _SET_DCT_INPUT_STATE
  D:0007H         SYMBOL        number
  B:0022H.6       SYMBOL        state
  C:19A1H         LINE#         146
  C:19A1H         LINE#         147
  C:19A1H         LINE#         148
  C:19A4H         LINE#         149
  C:19C7H         LINE#         151
  C:19EAH         LINE#         152
  -------         ENDPROC       _SET_DCT_INPUT_STATE
  -------         PROC          _SET_DCT_OK_RESULT
  D:0007H         SYMBOL        number
  B:0022H.6       SYMBOL        state
  C:19EBH         LINE#         160
  C:19EBH         LINE#         161
  C:19EBH         LINE#         162
  C:19EEH         LINE#         163
  C:1A11H         LINE#         165
  C:1A34H         LINE#         166
  -------         ENDPROC       _SET_DCT_OK_RESULT
  -------         PROC          _SET_DCT_OK_ACTION
  D:0007H         SYMBOL        number
  B:0022H.6       SYMBOL        state
  C:1A35H         LINE#         174
  C:1A35H         LINE#         175
  C:1A35H         LINE#         176
  C:1A38H         LINE#         177
  C:1A5BH         LINE#         179
  C:1A7EH         LINE#         180
  -------         ENDPROC       _SET_DCT_OK_ACTION
  -------         PROC          TIME0_ISR
  -------         DO            
  D:0006H         SYMBOL        i
  D:0007H         SYMBOL        tempsfr
  -------         ENDDO         
  C:1479H         LINE#         186
  C:1488H         LINE#         190
  C:148AH         LINE#         191
  C:148DH         LINE#         196
  C:1490H         LINE#         197
  C:1493H         LINE#         199
  C:1496H         LINE#         201
BL51 BANKED LINKER/LOCATER V6.22                                                      04/27/2017  11:17:28  PAGE 24


  C:1498H         LINE#         202
  C:149AH         LINE#         203
  C:14A2H         LINE#         204
  C:14A4H         LINE#         205
  C:14AAH         LINE#         206
  C:14B0H         LINE#         207
  C:14BEH         LINE#         208
  C:14CCH         LINE#         210
  C:14CEH         LINE#         211
  C:14CEH         LINE#         212
  C:14EBH         LINE#         213
  C:14EFH         LINE#         215
  C:14F5H         LINE#         216
  C:14F5H         LINE#         217
  C:1501H         LINE#         218
  C:1501H         LINE#         219
  C:1504H         LINE#         221
  C:150CH         LINE#         222
  C:150CH         LINE#         223
  C:150FH         LINE#         224
  C:150FH         LINE#         225
  C:1516H         LINE#         226
  C:1518H         LINE#         227
  C:1518H         LINE#         228
  C:1518H         LINE#         229
  C:151CH         LINE#         231
  C:1524H         LINE#         232
  C:1526H         LINE#         233
  -------         ENDPROC       TIME0_ISR
  -------         PROC          CAN_AUTO_RESET
  C:0088H         LINE#         236
  C:0088H         LINE#         237
  C:0088H         LINE#         244
  C:008FH         LINE#         245
  C:008FH         LINE#         246
  C:0092H         LINE#         247
  C:0095H         LINE#         248
  C:0095H         LINE#         250
  C:009CH         LINE#         251
  C:009CH         LINE#         252
  C:009FH         LINE#         253
  C:00A2H         LINE#         254
  C:00A2H         LINE#         255
  -------         ENDPROC       CAN_AUTO_RESET
  -------         PROC          _CAN_RX_FROM_DCT_AMOUNT_FEEDBACK
  D:0001H         SYMBOL        buf
  C:1E7CH         LINE#         262
  C:1E7CH         LINE#         263
  C:1E7CH         LINE#         265
  C:1E81H         LINE#         266
  C:1E89H         LINE#         267
  C:1E91H         LINE#         268
  C:1E99H         LINE#         269
  C:1EA1H         LINE#         270
  C:1EA9H         LINE#         271
  C:1EB1H         LINE#         272
  -------         ENDPROC       _CAN_RX_FROM_DCT_AMOUNT_FEEDBACK
BL51 BANKED LINKER/LOCATER V6.22                                                      04/27/2017  11:17:28  PAGE 25


  -------         PROC          _CAN_RX_FROM_DCT_BITE_FEEDBACK
  D:0001H         SYMBOL        buf
  -------         DO            
  D:004CH         SYMBOL        Number_amout_1
  -------         ENDDO         
  C:185EH         LINE#         279
  C:185EH         LINE#         280
  C:185EH         LINE#         284
  C:1877H         LINE#         287
  C:187AH         LINE#         288
  C:187AH         LINE#         289
  C:188AH         LINE#         290
  C:188AH         LINE#         291
  C:1891H         LINE#         292
  C:1891H         LINE#         294
  C:18A1H         LINE#         295
  C:18A1H         LINE#         296
  C:18A8H         LINE#         297
  C:18A8H         LINE#         298
  C:18A8H         LINE#         299
  C:18B5H         LINE#         300
  -------         ENDPROC       _CAN_RX_FROM_DCT_BITE_FEEDBACK
  -------         PROC          CAN_RX_FROM_SWJ_ZIJIAN_COMMAND
  -------         DO            
  D:0006H         SYMBOL        i
  D:0007H         SYMBOL        sum
  -------         ENDDO         
  C:0016H         LINE#         303
  C:0016H         LINE#         304
  C:0016H         LINE#         308
  C:0019H         LINE#         309
  C:001CH         LINE#         310
  C:001FH         LINE#         311
  C:0022H         LINE#         312
  C:0024H         LINE#         313
  C:0026H         LINE#         314
  C:0029H         LINE#         316
  C:0033H         LINE#         319
  C:0033H         LINE#         320
  C:0036H         LINE#         321
  C:0038H         LINE#         322
  C:0042H         LINE#         325
  C:0042H         LINE#         326
  C:0042H         LINE#         327
  C:0044H         LINE#         329
  C:0047H         LINE#         332
  C:004DH         LINE#         333
  C:0051H         LINE#         334
  C:0055H         LINE#         335
  C:0059H         LINE#         336
  C:005CH         LINE#         337
  C:005EH         LINE#         338
  C:0060H         LINE#         340
  C:0061H         LINE#         341
  C:0062H         LINE#         343
  C:0062H         LINE#         344
  C:006FH         LINE#         345
BL51 BANKED LINKER/LOCATER V6.22                                                      04/27/2017  11:17:28  PAGE 26


  C:0070H         LINE#         346
  C:0076H         LINE#         347
  C:007BH         LINE#         348
  -------         ENDPROC       CAN_RX_FROM_SWJ_ZIJIAN_COMMAND
  -------         PROC          CAN_RX_FROM_SWJ_ACTION_COMMAND
  -------         DO            
  D:004AH         SYMBOL        i
  D:004BH         SYMBOL        sum
  D:004CH         SYMBOL        Number_amout_2
  -------         ENDDO         
  C:0B90H         LINE#         352
  C:0B90H         LINE#         353
  C:0B90H         LINE#         356
  C:0B9CH         LINE#         359
  C:0B9CH         LINE#         360
  C:0B9FH         LINE#         361
  C:0BA1H         LINE#         362
  C:0BA3H         LINE#         365
  C:0BA6H         LINE#         366
  C:0BA9H         LINE#         367
  C:0BACH         LINE#         368
  C:0BAFH         LINE#         369
  C:0BB2H         LINE#         370
  C:0BB5H         LINE#         371
  C:0BB7H         LINE#         372
  C:0BB9H         LINE#         373
  C:0BBCH         LINE#         375
  C:0BC2H         LINE#         376
  C:0BC6H         LINE#         377
  C:0BCAH         LINE#         378
  C:0BCEH         LINE#         379
  C:0BD1H         LINE#         380
  C:0BD3H         LINE#         381
  C:0BD5H         LINE#         383
  C:0BD7H         LINE#         384
  C:0BD9H         LINE#         386
  C:0BD9H         LINE#         387
  C:0BE9H         LINE#         388
  C:0BEBH         LINE#         389
  C:0BF2H         LINE#         390
  C:0BF8H         LINE#         391
  C:0C05H         LINE#         398
  C:0C0AH         LINE#         401
  C:0C0AH         LINE#         402
  C:0C19H         LINE#         403
  C:0C19H         LINE#         404
  C:0C1BH         LINE#         406
  C:0C1EH         LINE#         407
  C:0C21H         LINE#         408
  C:0C24H         LINE#         409
  C:0C27H         LINE#         410
  C:0C2AH         LINE#         411
  C:0C2CH         LINE#         412
  C:0C2EH         LINE#         413
  C:0C30H         LINE#         414
  C:0C33H         LINE#         416
  C:0C39H         LINE#         417
BL51 BANKED LINKER/LOCATER V6.22                                                      04/27/2017  11:17:28  PAGE 27


  C:0C3DH         LINE#         418
  C:0C41H         LINE#         419
  C:0C45H         LINE#         420
  C:0C48H         LINE#         421
  C:0C4AH         LINE#         422
  C:0C4CH         LINE#         424
  C:0C4EH         LINE#         425
  C:0C50H         LINE#         427
  C:0C50H         LINE#         428
  C:0C60H         LINE#         429
  C:0C62H         LINE#         430
  C:0C69H         LINE#         431
  C:0C6FH         LINE#         432
  C:0C7CH         LINE#         436
  C:0C7FH         LINE#         440
  C:0C88H         LINE#         441
  C:0C88H         LINE#         442
  C:0C88H         LINE#         443
  C:0C8BH         LINE#         444
  C:0C8DH         LINE#         445
  C:0C8DH         LINE#         446
  C:0C90H         LINE#         447
  C:0C90H         LINE#         448
  C:0C90H         LINE#         452
  C:0C90H         LINE#         453
  C:0C90H         LINE#         454
  C:0C93H         LINE#         455
  C:0C94H         LINE#         457
  C:0CA2H         LINE#         458
  C:0CA2H         LINE#         459
  C:0CB7H         LINE#         462
  C:0CBDH         LINE#         464
  C:0CC1H         LINE#         465
  C:0CC5H         LINE#         467
  C:0CC9H         LINE#         469
  C:0CCDH         LINE#         470
  C:0CD1H         LINE#         471
  C:0CD5H         LINE#         473
  C:0CD8H         LINE#         474
  C:0CDAH         LINE#         476
  C:0CDAH         LINE#         477
  C:0CEAH         LINE#         478
  C:0CECH         LINE#         479
  C:0CF3H         LINE#         481
  C:0CF9H         LINE#         482
  C:0D09H         LINE#         484
  C:0D10H         LINE#         485
  C:0D12H         LINE#         486
  C:0D12H         LINE#         488
  C:0D12H         LINE#         490
  C:0D12H         LINE#         493
  -------         ENDPROC       CAN_RX_FROM_SWJ_ACTION_COMMAND
  -------         PROC          COMUNICATION_BITE_TO_SWJ
  -------         DO            
  D:0023H         SYMBOL        Number_amout
  D:004AH         SYMBOL        i
  D:004BH         SYMBOL        sum
BL51 BANKED LINKER/LOCATER V6.22                                                      04/27/2017  11:17:28  PAGE 28


  D:004CH         SYMBOL        bite_value
  D:0007H         SYMBOL        address_value
  -------         ENDDO         
  C:18B6H         LINE#         499
  C:18B6H         LINE#         500
  C:18B6H         LINE#         504
  C:18C0H         LINE#         505
  C:18C7H         LINE#         506
  C:18D6H         LINE#         508
  C:18E7H         LINE#         509
  C:18ECH         LINE#         510
  C:18EFH         LINE#         512
  C:18F2H         LINE#         513
  C:18F5H         LINE#         514
  C:18F7H         LINE#         515
  C:18FAH         LINE#         516
  C:18FDH         LINE#         517
  C:18FFH         LINE#         518
  C:1901H         LINE#         519
  C:1904H         LINE#         521
  C:1906H         LINE#         522
  -------         ENDPROC       COMUNICATION_BITE_TO_SWJ
  -------         PROC          CAN2_DATA_COLLECT_PROCESS_PROGRAMME
  -------         DO            
  D:004AH         SYMBOL        i
  D:004BH         SYMBOL        sum
  -------         ENDDO         
  C:0FCCH         LINE#         524
  C:0FCCH         LINE#         525
  C:0FCCH         LINE#         531
  C:0FCFH         LINE#         532
  C:0FCFH         LINE#         533
  C:0FD2H         LINE#         534
  C:0FD4H         LINE#         536
  C:0FD4H         LINE#         537
  C:0FE4H         LINE#         538
  C:0FE6H         LINE#         539
  C:0FEDH         LINE#         541
  C:0FFEH         LINE#         543
  C:0FFEH         LINE#         544
  C:1007H         LINE#         545
  C:1007H         LINE#         547
  C:1018H         LINE#         549
  C:1018H         LINE#         550
  C:1021H         LINE#         551
  C:1021H         LINE#         553
  C:1023H         LINE#         554
  C:1023H         LINE#         559
  C:1026H         LINE#         560
  C:1026H         LINE#         561
  C:1029H         LINE#         562
  C:102BH         LINE#         564
  C:102BH         LINE#         565
  C:103BH         LINE#         566
  C:103DH         LINE#         567
  C:1044H         LINE#         569
  C:1055H         LINE#         571
BL51 BANKED LINKER/LOCATER V6.22                                                      04/27/2017  11:17:28  PAGE 29


  C:1055H         LINE#         572
  C:105EH         LINE#         573
  C:105EH         LINE#         575
  C:106FH         LINE#         577
  C:106FH         LINE#         578
  C:1078H         LINE#         579
  C:1078H         LINE#         581
  C:107AH         LINE#         582
  C:107AH         LINE#         587
  C:107DH         LINE#         588
  C:107DH         LINE#         589
  C:1080H         LINE#         590
  C:1082H         LINE#         592
  C:1082H         LINE#         593
  C:1092H         LINE#         594
  C:1094H         LINE#         595
  C:109BH         LINE#         597
  C:10ACH         LINE#         599
  C:10ACH         LINE#         600
  C:10B5H         LINE#         601
  C:10B5H         LINE#         603
  C:10C6H         LINE#         605
  C:10C6H         LINE#         606
  C:10CFH         LINE#         607
  C:10CFH         LINE#         609
  C:10D1H         LINE#         610
  C:10D1H         LINE#         611
  -------         ENDPROC       CAN2_DATA_COLLECT_PROCESS_PROGRAMME
  -------         PROC          INIT_MACHINE
  C:11D0H         LINE#         614
  C:11D0H         LINE#         615
  C:11D0H         LINE#         617
  C:11D7H         LINE#         618
  C:11DAH         LINE#         619
  C:11E5H         LINE#         620
  C:11E5H         LINE#         621
  C:11F2H         LINE#         622
  C:11F2H         LINE#         623
  C:11F8H         LINE#         624
  C:11F8H         LINE#         625
  C:1201H         LINE#         626
  C:1207H         LINE#         627
  C:1207H         LINE#         628
  C:120DH         LINE#         629
  C:120DH         LINE#         630
  C:1216H         LINE#         631
  C:121CH         LINE#         632
  C:121CH         LINE#         633
  C:1222H         LINE#         634
  C:1222H         LINE#         635
  C:122BH         LINE#         636
  C:1231H         LINE#         637
  C:1231H         LINE#         638
  C:1231H         LINE#         639
  C:1233H         LINE#         640
  C:1238H         LINE#         641
  C:1238H         LINE#         643
BL51 BANKED LINKER/LOCATER V6.22                                                      04/27/2017  11:17:28  PAGE 30


  C:123FH         LINE#         644
  C:1242H         LINE#         645
  C:124DH         LINE#         646
  C:124DH         LINE#         647
  C:124FH         LINE#         648
  C:1250H         LINE#         649
  C:125CH         LINE#         650
  C:125CH         LINE#         657
  C:1263H         LINE#         658
  C:1263H         LINE#         659
  C:126CH         LINE#         660
  C:1272H         LINE#         661
  C:1272H         LINE#         672
  C:1272H         LINE#         673
  C:1272H         LINE#         675
  C:1279H         LINE#         676
  C:127CH         LINE#         677
  C:1287H         LINE#         678
  C:1287H         LINE#         679
  C:1294H         LINE#         680
  C:1294H         LINE#         681
  C:129AH         LINE#         682
  C:129AH         LINE#         683
  C:129DH         LINE#         684
  C:12A3H         LINE#         685
  C:12A3H         LINE#         686
  C:12A9H         LINE#         687
  C:12A9H         LINE#         688
  C:12ACH         LINE#         689
  C:12B2H         LINE#         690
  C:12B2H         LINE#         691
  C:12B8H         LINE#         692
  C:12B8H         LINE#         693
  C:12BBH         LINE#         694
  C:12C1H         LINE#         695
  C:12C1H         LINE#         697
  C:12C1H         LINE#         698
  C:12C3H         LINE#         699
  C:12C8H         LINE#         700
  C:12C8H         LINE#         701
  -------         ENDPROC       INIT_MACHINE
  -------         PROC          SEND_CO_BEGIN_PROGRAMME
  C:1F3BH         LINE#         705
  C:1F3BH         LINE#         706
  C:1F3BH         LINE#         708
  C:1F45H         LINE#         709
  C:1F45H         LINE#         710
  C:1F4BH         LINE#         711
  C:1F4BH         LINE#         712
  C:1F52H         LINE#         713
  C:1F52H         LINE#         714
  C:1F58H         LINE#         715
  C:1F58H         LINE#         716
  C:1F5FH         LINE#         717
  C:1F5FH         LINE#         719
  C:1F5FH         LINE#         721
  -------         ENDPROC       SEND_CO_BEGIN_PROGRAMME
BL51 BANKED LINKER/LOCATER V6.22                                                      04/27/2017  11:17:28  PAGE 31


  -------         PROC          MEDICA_AUTO_TRANSPORTATION_PROGRAMME
  C:0933H         LINE#         725
  C:0933H         LINE#         726
  C:0933H         LINE#         727
  C:093DH         LINE#         728
  C:093DH         LINE#         729
  C:0940H         LINE#         730
  C:0940H         LINE#         731
  C:0942H         LINE#         744
  C:0942H         LINE#         745
  C:0942H         LINE#         749
  C:094BH         LINE#         750
  C:094BH         LINE#         751
  C:0954H         LINE#         752
  C:0954H         LINE#         755
  C:0963H         LINE#         756
  C:0963H         LINE#         757
  C:0966H         LINE#         758
  C:0969H         LINE#         759
  C:096CH         LINE#         760
  C:0973H         LINE#         761
  C:0975H         LINE#         762
  C:0975H         LINE#         763
  C:097AH         LINE#         764
  C:097AH         LINE#         765
  C:097DH         LINE#         766
  C:0982H         LINE#         767
  C:0984H         LINE#         769
  C:0984H         LINE#         770
  C:0992H         LINE#         771
  C:09A1H         LINE#         772
  C:09A1H         LINE#         773
  C:09A7H         LINE#         774
  C:09A7H         LINE#         775
  C:09A7H         LINE#         776
  C:09A7H         LINE#         779
  C:09AFH         LINE#         780
  C:09AFH         LINE#         782
  C:09BCH         LINE#         783
  C:09BCH         LINE#         784
  C:09BEH         LINE#         785
  C:09C1H         LINE#         786
  C:09C4H         LINE#         789
  C:09C9H         LINE#         791
  C:09CCH         LINE#         792
  C:09CCH         LINE#         793
  C:09D9H         LINE#         794
  C:09D9H         LINE#         795
  C:09DCH         LINE#         796
  C:09DFH         LINE#         797
  C:09E2H         LINE#         798
  C:09E5H         LINE#         799
  C:09E7H         LINE#         800
  C:09EAH         LINE#         801
  C:09EDH         LINE#         802
  C:09EDH         LINE#         803
  C:09F3H         LINE#         804
BL51 BANKED LINKER/LOCATER V6.22                                                      04/27/2017  11:17:28  PAGE 32


  C:09F3H         LINE#         805
  C:09F5H         LINE#         806
  C:09F9H         LINE#         807
  C:09FBH         LINE#         808
  C:09FEH         LINE#         809
  C:0A01H         LINE#         810
  C:0A04H         LINE#         811
  C:0A04H         LINE#         812
  C:0A04H         LINE#         813
  C:0A06H         LINE#         815
  C:0A06H         LINE#         816
  C:0A08H         LINE#         817
  C:0A0BH         LINE#         818
  C:0A0FH         LINE#         819
  C:0A12H         LINE#         820
  C:0A15H         LINE#         821
  C:0A18H         LINE#         822
  C:0A1BH         LINE#         823
  C:0A1EH         LINE#         824
  C:0A20H         LINE#         825
  C:0A20H         LINE#         831
  C:0A20H         LINE#         832
  C:0A20H         LINE#         833
  C:0A29H         LINE#         834
  C:0A29H         LINE#         837
  C:0A38H         LINE#         838
  C:0A38H         LINE#         839
  C:0A3BH         LINE#         840
  C:0A3EH         LINE#         841
  C:0A41H         LINE#         842
  C:0A48H         LINE#         843
  C:0A4AH         LINE#         844
  C:0A4AH         LINE#         845
  C:0A4FH         LINE#         846
  C:0A4FH         LINE#         847
  C:0A52H         LINE#         848
  C:0A58H         LINE#         849
  C:0A5AH         LINE#         851
  C:0A5AH         LINE#         852
  C:0A68H         LINE#         853
  C:0A77H         LINE#         854
  C:0A77H         LINE#         855
  C:0A7DH         LINE#         856
  C:0A7DH         LINE#         857
  C:0A7DH         LINE#         858
  C:0A7DH         LINE#         861
  C:0A85H         LINE#         862
  C:0A85H         LINE#         864
  C:0A92H         LINE#         865
  C:0A92H         LINE#         866
  C:0A94H         LINE#         867
  C:0A97H         LINE#         868
  C:0A9AH         LINE#         870
  C:0A9FH         LINE#         872
  C:0AA2H         LINE#         873
  C:0AA2H         LINE#         874
  C:0AAFH         LINE#         875
BL51 BANKED LINKER/LOCATER V6.22                                                      04/27/2017  11:17:28  PAGE 33


  C:0AAFH         LINE#         876
  C:0AB2H         LINE#         877
  C:0AB5H         LINE#         878
  C:0AB8H         LINE#         879
  C:0ABBH         LINE#         880
  C:0ABDH         LINE#         881
  C:0AC0H         LINE#         882
  C:0AC3H         LINE#         883
  C:0AC3H         LINE#         884
  C:0AC8H         LINE#         885
  C:0AC8H         LINE#         886
  C:0ACBH         LINE#         887
  C:0ACFH         LINE#         888
  C:0AD2H         LINE#         889
  C:0AD8H         LINE#         890
  C:0ADBH         LINE#         891
  C:0ADEH         LINE#         892
  C:0ADEH         LINE#         893
  C:0ADEH         LINE#         894
  C:0ADEH         LINE#         896
  C:0ADEH         LINE#         897
  C:0ADEH         LINE#         898
  C:0ADEH         LINE#         899
  C:0ADEH         LINE#         900
  C:0ADEH         LINE#         901
  C:0ADEH         LINE#         902
  C:0ADEH         LINE#         903
  C:0ADEH         LINE#         904
  C:0ADEH         LINE#         905
  C:0ADEH         LINE#         906
  C:0ADEH         LINE#         910
  C:0AE9H         LINE#         911
  C:0AE9H         LINE#         914
  C:0AEBH         LINE#         915
  C:0AEEH         LINE#         916
  C:0AEEH         LINE#         917
  C:0AF0H         LINE#         918
  C:0AF4H         LINE#         919
  C:0AF4H         LINE#         920
  C:0AFEH         LINE#         921
  C:0B15H         LINE#         922
  C:0B2CH         LINE#         923
  C:0B32H         LINE#         924
  C:0B36H         LINE#         925
  C:0B3AH         LINE#         926
  C:0B3EH         LINE#         927
  C:0B41H         LINE#         928
  C:0B41H         LINE#         930
  C:0B41H         LINE#         932
  C:0B41H         LINE#         933
  C:0B41H         LINE#         934
  C:0B41H         LINE#         936
  C:0B4CH         LINE#         937
  C:0B4CH         LINE#         940
  C:0B4EH         LINE#         941
  C:0B51H         LINE#         942
  C:0B51H         LINE#         943
BL51 BANKED LINKER/LOCATER V6.22                                                      04/27/2017  11:17:28  PAGE 34


  C:0B53H         LINE#         944
  C:0B59H         LINE#         945
  C:0B59H         LINE#         946
  C:0B63H         LINE#         947
  C:0B7AH         LINE#         948
  C:0B80H         LINE#         949
  C:0B84H         LINE#         950
  C:0B88H         LINE#         951
  C:0B8CH         LINE#         952
  C:0B8FH         LINE#         953
  C:0B8FH         LINE#         955
  C:0B8FH         LINE#         957
  C:0B8FH         LINE#         958
  C:0B8FH         LINE#         959
  C:0B8FH         LINE#         960
  -------         ENDPROC       MEDICA_AUTO_TRANSPORTATION_PROGRAMME
  -------         PROC          INIT_PARA
  -------         DO            
  D:0007H         SYMBOL        i
  -------         ENDDO         
  C:13BEH         LINE#         966
  C:13BEH         LINE#         967
  C:13BEH         LINE#         970
  C:13C0H         LINE#         971
  C:13C0H         LINE#         972
  C:13C6H         LINE#         973
  C:13D2H         LINE#         974
  C:13DEH         LINE#         975
  C:13E2H         LINE#         976
  C:13E4H         LINE#         977
  C:13E4H         LINE#         978
[...]
BL51 BANKED LINKER/LOCATER V6.22                                                      04/27/2017  11:17:28  PAGE 44


  C:1FBCH         LINE#         1560
  C:1FBFH         LINE#         1561
  C:1FC6H         LINE#         1562
  C:1FC8H         LINE#         1563
  -------         ENDPROC       _DELAY_MS
  -------         PROC          MAIN
  -------         DO            
  D:0048H         SYMBOL        i
  D:0049H         SYMBOL        sum
  D:0007H         SYMBOL        Action_OK_Num
  -------         ENDDO         
  C:00A6H         LINE#         1569
  C:00A6H         LINE#         1570
  C:00A6H         LINE#         1572
  C:00A9H         LINE#         1573
  C:00B0H         LINE#         1574
  C:00B3H         LINE#         1579
  C:00B3H         LINE#         1580
  C:00B3H         LINE#         1582
  C:00BAH         LINE#         1583
  C:00BAH         LINE#         1584
  C:00BDH         LINE#         1585
  C:00C6H         LINE#         1586
  C:00C6H         LINE#         1597
  C:00CCH         LINE#         1598
  C:00CCH         LINE#         1599
  C:00CFH         LINE#         1600
  C:00D1H         LINE#         1602
  C:00D1H         LINE#         1603
  C:00DBH         LINE#         1604
  C:00DDH         LINE#         1605
  C:00E4H         LINE#         1607
  C:00EDH         LINE#         1608
  C:00EDH         LINE#         1610
  C:00F5H         LINE#         1611
  C:00F5H         LINE#         1612
  C:00F8H         LINE#         1613
  C:00FAH         LINE#         1614
  C:0102H         LINE#         1615
  C:0102H         LINE#         1616
  C:010CH         LINE#         1617
  C:010CH         LINE#         1618
  C:010FH         LINE#         1619
  C:010FH         LINE#         1621
  C:010FH         LINE#         1622
  C:010FH         LINE#         1623
  C:010FH         LINE#         1626
  C:0115H         LINE#         1627
  C:0115H         LINE#         1628
  C:0117H         LINE#         1633
  C:011AH         LINE#         1634
  C:011CH         LINE#         1636
  C:011FH         LINE#         1639
  C:0127H         LINE#         1640
  C:0127H         LINE#         1641
  C:012AH         LINE#         1642
  C:012DH         LINE#         1643
BL51 BANKED LINKER/LOCATER V6.22                                                      04/27/2017  11:17:28  PAGE 45


  C:0138H         LINE#         1644
  C:0138H         LINE#         1646
  C:0141H         LINE#         1647
  C:0141H         LINE#         1648
  C:0141H         LINE#         1649
  C:0144H         LINE#         1650
  C:0146H         LINE#         1651
  C:0146H         LINE#         1652
  C:0149H         LINE#         1653
  C:0149H         LINE#         1654
  C:0149H         LINE#         1655
  C:0149H         LINE#         1656
  C:0149H         LINE#         1657
  C:014EH         LINE#         1658
  C:014EH         LINE#         1659
  C:0161H         LINE#         1660
  C:0161H         LINE#         1661
  C:0161H         LINE#         1662
  C:0166H         LINE#         1663
  C:0168H         LINE#         1664
  C:0168H         LINE#         1665
  C:016EH         LINE#         1666
  C:0170H         LINE#         1667
  C:0170H         LINE#         1668
  C:0176H         LINE#         1669
  C:0178H         LINE#         1670
  C:0178H         LINE#         1671
  C:017EH         LINE#         1672
  C:0180H         LINE#         1673
  C:0180H         LINE#         1674
  C:0180H         LINE#         1675
  C:0182H         LINE#         1676
  C:0182H         LINE#         1677
  C:0188H         LINE#         1678
  C:0188H         LINE#         1679
  C:0188H         LINE#         1680
  C:0188H         LINE#         1681
  C:018DH         LINE#         1682
  C:018FH         LINE#         1683
  C:0191H         LINE#         1684
  C:0193H         LINE#         1686
  C:019AH         LINE#         1687
  C:01A3H         LINE#         1688
  C:01B0H         LINE#         1689
  C:01D3H         LINE#         1690
  C:01EAH         LINE#         1692
  C:01F3H         LINE#         1693
  C:01F3H         LINE#         1694
  C:01F3H         LINE#         1695
  C:01F3H         LINE#         1696
  C:01F3H         LINE#         1697
  C:01F3H         LINE#         1698
  C:01F3H         LINE#         1699
  C:01F5H         LINE#         1700
  C:01F5H         LINE#         1701
  C:020CH         LINE#         1702
  C:0212H         LINE#         1703
BL51 BANKED LINKER/LOCATER V6.22                                                      04/27/2017  11:17:28  PAGE 46


  C:0216H         LINE#         1704
  C:021AH         LINE#         1705
  C:021EH         LINE#         1706
  C:021EH         LINE#         1707
  C:021EH         LINE#         1708
  C:021EH         LINE#         1709
  C:021EH         LINE#         1710
  C:0221H         LINE#         1711
  C:0221H         LINE#         1713
  C:0221H         LINE#         1714
  C:0221H         LINE#         1716
  C:0221H         LINE#         1717
  C:0223H         LINE#         1718
  C:0223H         LINE#         1724
  C:022EH         LINE#         1725
  C:022EH         LINE#         1726
  C:0233H         LINE#         1727
  C:0238H         LINE#         1728
  C:0238H         LINE#         1729
  C:023BH         LINE#         1730
  C:023BH         LINE#         1732
  C:023BH         LINE#         1734
  C:023BH         LINE#         1735
  C:023BH         LINE#         1741
  C:0245H         LINE#         1742
  C:0245H         LINE#         1743
  C:0248H         LINE#         1748
  C:024BH         LINE#         1749
  C:024BH         LINE#         1750
  C:024CH         LINE#         1751
  C:024EH         LINE#         1752
  C:024EH         LINE#         1753
  C:026AH         LINE#         1754
  C:026DH         LINE#         1755
  C:026DH         LINE#         1756
  C:0274H         LINE#         1757
  C:027CH         LINE#         1758
  C:027FH         LINE#         1761
  C:0281H         LINE#         1762
  C:0283H         LINE#         1763
  C:0283H         LINE#         1764
  C:029FH         LINE#         1765
  C:02A2H         LINE#         1766
  C:02A2H         LINE#         1767
  C:02A9H         LINE#         1768
  C:02B1H         LINE#         1769
  C:02B4H         LINE#         1770
  C:02B4H         LINE#         1772
  C:02C6H         LINE#         1775
  C:02C6H         LINE#         1776
  C:02CAH         LINE#         1777
  C:02CDH         LINE#         1778
  C:02D0H         LINE#         1779
  C:02D2H         LINE#         1780
  C:02D2H         LINE#         1782
  C:02D7H         LINE#         1785
  C:02D7H         LINE#         1787
BL51 BANKED LINKER/LOCATER V6.22                                                      04/27/2017  11:17:28  PAGE 47


  C:02D9H         LINE#         1788
  C:02DBH         LINE#         1789
  C:02DBH         LINE#         1790
  C:02DBH         LINE#         1794
  C:02E7H         LINE#         1795
  C:02E7H         LINE#         1796
  C:02EAH         LINE#         1797
  C:02EDH         LINE#         1798
  C:02F0H         LINE#         1799
  C:02F2H         LINE#         1800
  C:02F5H         LINE#         1801
  C:02F8H         LINE#         1802
  C:02FAH         LINE#         1803
  C:02FDH         LINE#         1804
  C:02FFH         LINE#         1805
  C:02FFH         LINE#         1806
  C:02FFH         LINE#         1814
  C:0302H         LINE#         1827
  C:0308H         LINE#         1828
  C:0308H         LINE#         1829
  C:030BH         LINE#         1830
  C:030DH         LINE#         1832
  C:030DH         LINE#         1833
  C:031DH         LINE#         1834
  C:031FH         LINE#         1835
  C:0326H         LINE#         1837
  C:0334H         LINE#         1840
  C:0334H         LINE#         1841
  C:0336H         LINE#         1842
  C:0336H         LINE#         1895
  C:0341H         LINE#         1896
  C:0341H         LINE#         1897
  C:0342H         LINE#         1898
  C:034FH         LINE#         1899
  C:034FH         LINE#         1900
  C:0356H         LINE#         1901
  C:0358H         LINE#         1902
  C:0358H         LINE#         1904
  C:035FH         LINE#         1905
  C:035FH         LINE#         1906
  C:0368H         LINE#         1907
  C:036EH         LINE#         1909
  C:036EH         LINE#         1910
  C:0375H         LINE#         1911
  C:0375H         LINE#         1912
  C:037EH         LINE#         1913
  C:0384H         LINE#         1914
  C:0384H         LINE#         1915
  C:038BH         LINE#         1916
  C:038BH         LINE#         1917
  C:0397H         LINE#         1918
  C:039DH         LINE#         1919
  C:039DH         LINE#         1920
  C:03AEH         LINE#         1921
  C:03AEH         LINE#         1922
  C:03B2H         LINE#         1923
  C:03B2H         LINE#         1925
BL51 BANKED LINKER/LOCATER V6.22                                                      04/27/2017  11:17:28  PAGE 48


  C:03B2H         LINE#         1926
  C:03B9H         LINE#         1927
  C:03B9H         LINE#         1928
  C:03C3H         LINE#         1929
  C:03C9H         LINE#         1930
  C:03C9H         LINE#         1931
  C:03D0H         LINE#         1932
  C:03D0H         LINE#         1933
  C:03DAH         LINE#         1934
  C:03E0H         LINE#         1935
  C:03E0H         LINE#         1936
  C:03E8H         LINE#         1937
  C:03E8H         LINE#         1938
  C:03EFH         LINE#         1939
  C:03EFH         LINE#         1940
  C:03F8H         LINE#         1941
  C:03F8H         LINE#         1942
  C:03FFH         LINE#         1943
  C:03FFH         LINE#         1944
  C:0408H         LINE#         1945
  C:0408H         LINE#         1946
  C:0408H         LINE#         1947
  C:0408H         LINE#         1948
  C:0413H         LINE#         1949
  C:0413H         LINE#         1950
  C:041AH         LINE#         1951
  C:041AH         LINE#         1952
  C:0423H         LINE#         1953
  C:0429H         LINE#         1954
  C:0429H         LINE#         1955
  C:0430H         LINE#         1956
  C:0430H         LINE#         1957
  C:0437H         LINE#         1958
  C:0437H         LINE#         1959
  C:0440H         LINE#         1960
  C:0446H         LINE#         1961
  C:0446H         LINE#         1962
  C:0446H         LINE#         1964
  C:0453H         LINE#         1965
  C:0453H         LINE#         1967
  C:045AH         LINE#         1968
  C:045CH         LINE#         1969
  C:045CH         LINE#         1970
  C:0462H         LINE#         1971
  C:0462H         LINE#         1972
  C:0467H         LINE#         1973
  C:046DH         LINE#         1974
  C:046DH         LINE#         1975
  C:0473H         LINE#         1976
  C:0473H         LINE#         1977
  C:047CH         LINE#         1978
  C:0482H         LINE#         1979
  C:0482H         LINE#         1980
  C:0488H         LINE#         1981
  C:0488H         LINE#         1982
  C:0491H         LINE#         1983
  C:0497H         LINE#         1984
BL51 BANKED LINKER/LOCATER V6.22                                                      04/27/2017  11:17:28  PAGE 49


  C:0497H         LINE#         1985
  C:04AFH         LINE#         1986
  C:04AFH         LINE#         1987
  C:04B4H         LINE#         1988
  C:04B6H         LINE#         1989
  C:04B6H         LINE#         1992
  C:04B6H         LINE#         1993
  C:04BDH         LINE#         1994
  C:04BDH         LINE#         1995
  C:04C3H         LINE#         1996
  C:04C3H         LINE#         1998
  C:04C8H         LINE#         1999
  C:04C8H         LINE#         2000
  C:04CAH         LINE#         2001
  C:04CAH         LINE#         2007
  C:04D9H         LINE#         2008
  C:04D9H         LINE#         2009
  C:04DFH         LINE#         2010
  C:04E1H         LINE#         2012
  C:04E1H         LINE#         2013
  C:04E6H         LINE#         2014
  C:04E6H         LINE#         2015
  C:04F9H         LINE#         2016
  C:04F9H         LINE#         2017
  C:04FFH         LINE#         2018
  C:0501H         LINE#         2020
  C:0501H         LINE#         2021
  C:0506H         LINE#         2022
  C:0506H         LINE#         2025
  C:0509H         LINE#         2026
  C:0509H         LINE#         2028
  C:050EH         LINE#         2029
  C:050EH         LINE#         2030
  C:0510H         LINE#         2031
  C:0510H         LINE#         2032
  C:0515H         LINE#         2033
  C:0515H         LINE#         2034
  C:0517H         LINE#         2035
  C:0517H         LINE#         2036
  C:0517H         LINE#         2038
  C:0517H         LINE#         2040
  C:0517H         LINE#         2042
  C:051DH         LINE#         2043
  C:051DH         LINE#         2044
  C:0520H         LINE#         2045
  C:0520H         LINE#         2050
  C:0523H         LINE#         2051
  -------         ENDPROC       MAIN
  -------         ENDMOD        ZK

  -------         MODULE        UART1
  C:0000H         SYMBOL        _ICE_DUMMY_
  D:0080H         PUBLIC        P0
  D:0090H         PUBLIC        P1
  D:00A0H         PUBLIC        P2
  D:00B0H         PUBLIC        P3
  D:00C8H         PUBLIC        P4
BL51 BANKED LINKER/LOCATER V6.22                                                      04/27/2017  11:17:28  PAGE 50


  D:00D8H         PUBLIC        P5
  D:00E8H         PUBLIC        ADC0CN
  D:0084H         PUBLIC        SFRPAGE
  D:00E8H         PUBLIC        ADC2CN
  D:00A8H         PUBLIC        IE
  D:00F8H         PUBLIC        CAN0CN
  D:00D8H         PUBLIC        PCA0CN
  D:00B8H         PUBLIC        IP
  B:0022H.2       PUBLIC        UART1_Refresh
  D:00C0H         PUBLIC        SMB0CN
  D:0088H         PUBLIC        CPT0CN
  D:0088H         PUBLIC        CPT1CN
  D:0088H         PUBLIC        CPT2CN
  D:00F8H         PUBLIC        SPI0CN
  X:0090H         PUBLIC        RecPointer1
  D:0088H         PUBLIC        TCON
  D:00C8H         PUBLIC        TMR2CN
  D:00C8H         PUBLIC        TMR3CN
  D:00C8H         PUBLIC        TMR4CN
  C:1533H         PUBLIC        UART1_ISR
  B:0022H.3       PUBLIC        RecFlag1
  B:0022H.4       PUBLIC        TI1Flag
  X:0091H         PUBLIC        Rec1
  B:0098H.0       PUBLIC        RI1
  B:0098H.1       PUBLIC        TI1
  D:0008H         PUBLIC        TransBuf1
  D:0099H         PUBLIC        SBUF1
  D:0098H         PUBLIC        SCON0
  D:0098H         PUBLIC        SCON1
  D:0010H         PUBLIC        RecBuf1
  D:00C0H         PUBLIC        CAN0STA
  D:00D0H         PUBLIC        PSW
  C:1EE5H         PUBLIC        UART1Send
  -------         PROC          UART1_ISR
  -------         DO            
  D:0007H         SYMBOL        n
  D:0006H         SYMBOL        i
  D:0007H         SYMBOL        sum
  D:0055H         SYMBOL        temp
  -------         ENDDO         
  C:1533H         LINE#         28
  C:1550H         LINE#         35
  C:1553H         LINE#         36
  C:1556H         LINE#         37
  C:1559H         LINE#         38
  C:1559H         LINE#         39
  C:155BH         LINE#         40
  C:155DH         LINE#         41
  C:1560H         LINE#         42
  C:1560H         LINE#         43
  C:1562H         LINE#         44
  C:1562H         LINE#         45
  C:1565H         LINE#         46
  C:1565H         LINE#         47
  C:1578H         LINE#         48
  C:1580H         LINE#         49
  C:1580H         LINE#         50
BL51 BANKED LINKER/LOCATER V6.22                                                      04/27/2017  11:17:28  PAGE 51


  C:1581H         LINE#         51
  C:1582H         LINE#         53
  C:1582H         LINE#         54
  C:158FH         LINE#         55
  C:1590H         LINE#         56
  C:1596H         LINE#         57
  C:159DH         LINE#         58
  C:159DH         LINE#         59
  C:159EH         LINE#         60
  C:159EH         LINE#         61
  C:15B0H         LINE#         62
  C:15B4H         LINE#         63
  C:15B6H         LINE#         64
  C:15BFH         LINE#         65
  C:15BFH         LINE#         66
  C:15C4H         LINE#         67
  C:15C6H         LINE#         68
  C:15C6H         LINE#         69
  C:15C6H         LINE#         70
  C:15C8H         LINE#         71
  C:15CBH         LINE#         72
  C:15CBH         LINE#         73
  C:15CDH         LINE#         74
  C:15CFH         LINE#         75
  C:15CFH         LINE#         76
  C:15D2H         LINE#         77
  -------         ENDPROC       UART1_ISR
  -------         PROC          UART1SEND
  -------         DO            
  D:0007H         SYMBOL        i
  -------         ENDDO         
  C:1EE5H         LINE#         84
  C:1EE5H         LINE#         85
  C:1EE5H         LINE#         86
  C:1EE7H         LINE#         88
  C:1EE9H         LINE#         90
  C:1EE9H         LINE#         91
  C:1EF2H         LINE#         92
  C:1EF3H         LINE#         93
  C:1EF9H         LINE#         95
  C:1EFBH         LINE#         97
  C:1EFBH         LINE#         98
  C:1EFEH         LINE#         99
  C:1F05H         LINE#         100
  C:1F08H         LINE#         101
  C:1F0AH         LINE#         102
  C:1F0BH         LINE#         103
  C:1F11H         LINE#         104
  -------         ENDPROC       UART1SEND
  -------         ENDMOD        UART1

  -------         MODULE        ?C?FPADD
  C:052DH         PUBLIC        ?C?FPADD
  C:0529H         PUBLIC        ?C?FPSUB
  -------         ENDMOD        ?C?FPADD

  -------         MODULE        ?C?FPMUL
BL51 BANKED LINKER/LOCATER V6.22                                                      04/27/2017  11:17:28  PAGE 52


  C:061EH         PUBLIC        ?C?FPMUL
  -------         ENDMOD        ?C?FPMUL

  -------         MODULE        ?C?FCAST
  C:072EH         PUBLIC        ?C?FCASTC
  C:0729H         PUBLIC        ?C?FCASTI
  C:0724H         PUBLIC        ?C?FCASTL
  -------         ENDMOD        ?C?FCAST

  -------         MODULE        ?C?CASTF
  C:0762H         PUBLIC        ?C?CASTF
  -------         ENDMOD        ?C?CASTF

  -------         MODULE        ?C?CLDPTR
  C:07E3H         PUBLIC        ?C?CLDPTR
  -------         ENDMOD        ?C?CLDPTR

  -------         MODULE        ?C?CLDOPTR
  C:07FCH         PUBLIC        ?C?CLDOPTR
  -------         ENDMOD        ?C?CLDOPTR

  -------         MODULE        ?C?CSTPTR
  C:0829H         PUBLIC        ?C?CSTPTR
  -------         ENDMOD        ?C?CSTPTR

  -------         MODULE        ?C?CSTOPTR
  C:083BH         PUBLIC        ?C?CSTOPTR
  -------         ENDMOD        ?C?CSTOPTR

  -------         MODULE        ?C?SIDIV
  C:085DH         PUBLIC        ?C?SIDIV
  -------         ENDMOD        ?C?SIDIV

  -------         MODULE        ?C?LNEG
  C:0893H         PUBLIC        ?C?LNEG
  -------         ENDMOD        ?C?LNEG

  -------         MODULE        ?C?LSTXDATA
  C:08A1H         PUBLIC        ?C?LSTXDATA
  -------         ENDMOD        ?C?LSTXDATA

  -------         MODULE        ?C?LSTKXDATA
  C:08ADH         PUBLIC        ?C?LSTKXDATA
  -------         ENDMOD        ?C?LSTKXDATA

  -------         MODULE        ?C?UIDIV
  C:08DEH         PUBLIC        ?C?UIDIV
  -------         ENDMOD        ?C?UIDIV

*** WARNING L16: UNCALLED SEGMENT, IGNORED FOR OVERLAY PROCESS
    SEGMENT: ?PR?GET_TEMP?ZK

*** WARNING L16: UNCALLED SEGMENT, IGNORED FOR OVERLAY PROCESS
    SEGMENT: ?PR?ELECTROMAGNETCRTL?ZK

*** WARNING L16: UNCALLED SEGMENT, IGNORED FOR OVERLAY PROCESS
    SEGMENT: ?PR?YAOLANSTEPRUN?ZK
BL51 BANKED LINKER/LOCATER V6.22                                                      04/27/2017  11:17:28  PAGE 53



*** WARNING L16: UNCALLED SEGMENT, IGNORED FOR OVERLAY PROCESS
    SEGMENT: ?PR?YAOLANTISHENG?ZK

Program Size: data=80.7 xdata=208 code=8186
LINK/LOCATE RUN COMPLETE.  4 WARNING(S),  0 ERROR(S)
