BL51 BANKED LINKER/LOCATER V6.22                                                        04/28/2017  16:37:19  PAGE 1


BL51 BANKED LINKER/LOCATER V6.22, INVOKED BY:
C:\KEIL_C51\C51\BIN\BL51.EXE .\Objects\STARTUP.obj, .\Objects\CAN2.obj, .\Objects\CAN3.obj, .\Objects\myconfig.obj, .\Ob
>> jects\zk.obj, .\Objects\UART1.obj TO .\Objects\keil PRINT (.\Listings\keil.m51) RAMSIZE (256)


MEMORY MODEL: SMALL WITH FLOATING POINT ARITHMETIC


INPUT MODULES INCLUDED:
  .\Objects\STARTUP.obj (?C_STARTUP)
  .\Objects\CAN2.obj (CAN2)
  .\Objects\CAN3.obj (CAN3)
  .\Objects\myconfig.obj (MYCONFIG)
  .\Objects\zk.obj (ZK)
  .\Objects\UART1.obj (UART1)
  C:\KEIL_C51\C51\LIB\C51FPS.LIB (?C?FPADD)
  C:\KEIL_C51\C51\LIB\C51FPS.LIB (?C?FPMUL)
  C:\KEIL_C51\C51\LIB\C51FPS.LIB (?C?FCAST)
  C:\KEIL_C51\C51\LIB\C51FPS.LIB (?C?CASTF)
  C:\KEIL_C51\C51\LIB\C51FPS.LIB (?C?FPGETOPN)
  C:\KEIL_C51\C51\LIB\C51S.LIB (?C_INIT)
  C:\KEIL_C51\C51\LIB\C51S.LIB (?C?CLDPTR)
  C:\KEIL_C51\C51\LIB\C51S.LIB (?C?CLDOPTR)
  C:\KEIL_C51\C51\LIB\C51S.LIB (?C?CSTPTR)
  C:\KEIL_C51\C51\LIB\C51S.LIB (?C?CSTOPTR)
  C:\KEIL_C51\C51\LIB\C51S.LIB (?C?SIDIV)
  C:\KEIL_C51\C51\LIB\C51S.LIB (?C?LNEG)
  C:\KEIL_C51\C51\LIB\C51S.LIB (?C?LSTXDATA)
  C:\KEIL_C51\C51\LIB\C51S.LIB (?C?LSTKXDATA)
  C:\KEIL_C51\C51\LIB\C51S.LIB (?C?UIDIV)


LINK MAP OF MODULE:  .\Objects\keil (?C_STARTUP)


            TYPE    BASE      LENGTH    RELOCATION   SEGMENT NAME
            -----------------------------------------------------

            * * * * * * *   D A T A   M E M O R Y   * * * * * * *
            REG     0000H     0008H     ABSOLUTE     "REG BANK 0"
            DATA    0008H     0010H     UNIT         ?DT?UART1
            DATA    0018H     0001H     UNIT         ?DT?CAN2
            DATA    0019H     0001H     UNIT         ?DT?CAN3
                    001AH     0006H                  *** GAP ***
            BIT     0020H.0   0001H.7   UNIT         ?BI?ZK
            BIT     0021H.7   0000H.3   UNIT         ?BI?CAN2
            BIT     0022H.2   0000H.3   UNIT         ?BI?UART1
            BIT     0022H.5   0000H.1   UNIT         ?BI?CAN3
            BIT     0022H.6   0000H.1   UNIT         _BIT_GROUP_
                    0022H.7   0000H.1                *** GAP ***
            DATA    0023H     0025H     UNIT         ?DT?ZK
            DATA    0048H     000EH     UNIT         _DATA_GROUP_
            IDATA   0056H     0001H     UNIT         ?STACK

            * * * * * * *  X D A T A   M E M O R Y  * * * * * * *
            XDATA   0000H     0058H     UNIT         ?XD?ZK
            XDATA   0058H     0028H     UNIT         ?XD?CAN2
            XDATA   0080H     0010H     UNIT         ?XD?CAN3
BL51 BANKED LINKER/LOCATER V6.22                                                      04/28/2017  16:37:19  PAGE 2


            XDATA   0090H     0009H     UNIT         ?XD?UART1
                    0099H     FA67H                  *** GAP ***
            XDATA   FB00H     0001H     ABSOLUTE     
                    FB01H     01FFH                  *** GAP ***
            XDATA   FD00H     0001H     ABSOLUTE     
            XDATA   FD01H     0001H     ABSOLUTE     
            XDATA   FD02H     0001H     ABSOLUTE     
            XDATA   FD03H     0001H     ABSOLUTE     
            XDATA   FD04H     0001H     ABSOLUTE     
            XDATA   FD05H     0001H     ABSOLUTE     
            XDATA   FD06H     0001H     ABSOLUTE     
            XDATA   FD07H     0001H     ABSOLUTE     
            XDATA   FD08H     0001H     ABSOLUTE     
                    FD09H     0002H                  *** GAP ***
            XDATA   FD0BH     0001H     ABSOLUTE     
            XDATA   FD0CH     0001H     ABSOLUTE     
            XDATA   FD0DH     0001H     ABSOLUTE     
            XDATA   FD0EH     0001H     ABSOLUTE     
            XDATA   FD0FH     0001H     ABSOLUTE     
            XDATA   FD10H     0001H     ABSOLUTE     
            XDATA   FD11H     0001H     ABSOLUTE     
            XDATA   FD12H     0001H     ABSOLUTE     
            XDATA   FD13H     0001H     ABSOLUTE     
            XDATA   FD14H     0001H     ABSOLUTE     
            XDATA   FD15H     0001H     ABSOLUTE     
            XDATA   FD16H     0001H     ABSOLUTE     
            XDATA   FD17H     0001H     ABSOLUTE     
            XDATA   FD18H     0001H     ABSOLUTE     
            XDATA   FD19H     0001H     ABSOLUTE     
            XDATA   FD1AH     0001H     ABSOLUTE     
                    FD1BH     0003H                  *** GAP ***
            XDATA   FD1EH     0001H     ABSOLUTE     
            XDATA   FD1FH     0001H     ABSOLUTE     
                    FD20H     00E0H                  *** GAP ***
            XDATA   FE00H     0001H     ABSOLUTE     
            XDATA   FE01H     0001H     ABSOLUTE     
            XDATA   FE02H     0001H     ABSOLUTE     
            XDATA   FE03H     0001H     ABSOLUTE     
            XDATA   FE04H     0001H     ABSOLUTE     
            XDATA   FE05H     0001H     ABSOLUTE     
            XDATA   FE06H     0001H     ABSOLUTE     
            XDATA   FE07H     0001H     ABSOLUTE     
            XDATA   FE08H     0001H     ABSOLUTE     
                    FE09H     0002H                  *** GAP ***
            XDATA   FE0BH     0001H     ABSOLUTE     
            XDATA   FE0CH     0001H     ABSOLUTE     
            XDATA   FE0DH     0001H     ABSOLUTE     
            XDATA   FE0EH     0001H     ABSOLUTE     
            XDATA   FE0FH     0001H     ABSOLUTE     
            XDATA   FE10H     0001H     ABSOLUTE     
            XDATA   FE11H     0001H     ABSOLUTE     
            XDATA   FE12H     0001H     ABSOLUTE     
            XDATA   FE13H     0001H     ABSOLUTE     
            XDATA   FE14H     0001H     ABSOLUTE     
            XDATA   FE15H     0001H     ABSOLUTE     
            XDATA   FE16H     0001H     ABSOLUTE     
            XDATA   FE17H     0001H     ABSOLUTE     
BL51 BANKED LINKER/LOCATER V6.22                                                      04/28/2017  16:37:19  PAGE 3


            XDATA   FE18H     0001H     ABSOLUTE     
            XDATA   FE19H     0001H     ABSOLUTE     
            XDATA   FE1AH     0001H     ABSOLUTE     
                    FE1BH     0003H                  *** GAP ***
            XDATA   FE1EH     0001H     ABSOLUTE     
            XDATA   FE1FH     0001H     ABSOLUTE     

            * * * * * * *   C O D E   M E M O R Y   * * * * * * *
            CODE    0000H     0003H     ABSOLUTE     
            CODE    0003H     0003H     ABSOLUTE     
                    0006H     0005H                  *** GAP ***
            CODE    000BH     0003H     ABSOLUTE     
                    000EH     0005H                  *** GAP ***
            CODE    0013H     0003H     ABSOLUTE     
            CODE    0016H     0072H     UNIT         ?PR?CAN_RX_FROM_SWJ_ZIJIAN_COMMAND?ZK
            CODE    0088H     001BH     UNIT         ?PR?CAN_AUTO_RESET?ZK
            CODE    00A3H     0003H     ABSOLUTE     
            CODE    00A6H     048CH     UNIT         ?PR?MAIN?ZK
            CODE    0532H     040DH     UNIT         ?C?LIB_CODE
            CODE    093FH     0270H     UNIT         ?PR?MEDICA_AUTO_TRANSPORTATION_PROGRAMME?ZK
            CODE    0BAFH     0183H     UNIT         ?PR?CAN_RX_FROM_SWJ_ACTION_COMMAND?ZK
            CODE    0D32H     016EH     UNIT         ?PR?CONFIG?MYCONFIG
            CODE    0EA0H     014BH     UNIT         ?PR?INT1_ISR?CAN3
            CODE    0FEBH     0106H     UNIT         ?PR?CAN2_DATA_COLLECT_PROCESS_PROGRAMME?ZK
            CODE    10F1H     00FEH     UNIT         ?C_INITSEG
            CODE    11EFH     00F9H     UNIT         ?PR?INIT_MACHINE?ZK
            CODE    12E8H     00F5H     UNIT         ?PR?INT0_ISR?CAN2
            CODE    13DDH     00BBH     UNIT         ?PR?INIT_PARA?ZK
            CODE    1498H     00BAH     UNIT         ?PR?TIME0_ISR?ZK
            CODE    1552H     00BAH     UNIT         ?PR?UART1_ISR?UART1
            CODE    160CH     0096H     UNIT         ?PR?_CAN2_TRANSMIT?CAN2
            CODE    16A2H     0096H     UNIT         ?PR?_CAN3_TRANSMIT?CAN3
            CODE    1738H     008FH     UNIT         ?C_C51STARTUP
            CODE    17C7H     005DH     UNIT         ?PR?INIT_CAN3?CAN3
            CODE    1824H     0059H     UNIT         ?PR?INIT_CAN2?CAN2
            CODE    187DH     0058H     UNIT         ?PR?_CAN_RX_FROM_DCT_BITE_FEEDBACK?ZK
            CODE    18D5H     0051H     UNIT         ?PR?COMUNICATION_BITE_TO_SWJ?ZK
            CODE    1926H     004DH     UNIT         ?PR?_CAN2_RECEIVE?CAN2
            CODE    1973H     004DH     UNIT         ?PR?_CAN3_RECEIVE?CAN3
            CODE    19C0H     004AH     UNIT         ?PR?_SET_DCT_INPUT_STATE?ZK
            CODE    1A0AH     004AH     UNIT         ?PR?_SET_DCT_OK_RESULT?ZK
            CODE    1A54H     004AH     UNIT         ?PR?_SET_DCT_OK_ACTION?ZK
            CODE    1A9EH     0047H     UNIT         ?PR?CONVEYINGLINEMOVEMENT?ZK
            CODE    1AE5H     0044H     UNIT         ?PR?CONVEYINGRIGHTLINEMOVEMENT?ZK
            CODE    1B29H     0043H     UNIT         ?PR?_LEDBLINK?ZK
            CODE    1B6CH     0043H     UNIT         ?PR?YAOPINGTISHENGLEFT?ZK
            CODE    1BAFH     0043H     UNIT         ?PR?YAOPINGTISHENG?ZK
            CODE    1BF2H     003FH     UNIT         ?PR?ELECTROMAGNETCRTL?ZK
            CODE    1C31H     003FH     UNIT         ?PR?YAOLANSTEPRUN?ZK
            CODE    1C70H     003FH     UNIT         ?PR?SUSONGXIANGTUIYAO?ZK
            CODE    1CAFH     003FH     UNIT         ?PR?SUSONGXIANGRIGHTTUIYAO?ZK
            CODE    1CEEH     003EH     UNIT         ?PR?_CONVEYINGLONGSLOW_START?ZK
            CODE    1D2CH     003EH     UNIT         ?PR?_FZSSXRIGHTFZ?ZK
            CODE    1D6AH     003EH     UNIT         ?PR?_FZSSXLEFTFZ?ZK
            CODE    1DA8H     003DH     UNIT         ?PR?INIT_INDEX_PARA?ZK
            CODE    1DE5H     003DH     UNIT         ?PR?YAOLANTISHENG?ZK
            CODE    1E22H     003DH     UNIT         ?PR?CONVEYINGLONGSLOW_STOP?ZK
BL51 BANKED LINKER/LOCATER V6.22                                                      04/28/2017  16:37:19  PAGE 4


            CODE    1E5FH     003CH     UNIT         ?PR?_CAN_CHECKINFOR?ZK
            CODE    1E9BH     0038H     UNIT         ?PR?_CAN_RX_FROM_DCT_AMOUNT_FEEDBACK?ZK
            CODE    1ED3H     0031H     UNIT         ?PR?_GET_DCT_INPUT_STATE?ZK
            CODE    1F04H     002DH     UNIT         ?PR?UART1SEND?UART1
            CODE    1F31H     0029H     UNIT         ?PR?_LAN_BACKALARM?ZK
            CODE    1F5AH     0025H     UNIT         ?PR?SEND_CO_BEGIN_PROGRAMME?ZK
            CODE    1F7FH     0024H     UNIT         ?PR?_LAN_BACKINFOR?ZK
            CODE    1FA3H     0023H     UNIT         ?PR?GET_TEMP?ZK
            CODE    1FC6H     0022H     UNIT         ?PR?_DELAY_MS?ZK
            CODE    1FE8H     0011H     UNIT         ?PR?_GET_AD_VALUE?ZK
            CODE    1FF9H     0010H     UNIT         ?PR?INIT_AD?ZK
            CODE    2009H     000FH     UNIT         ?PR?INITIALIZE?ZK
            CODE    2018H     000BH     UNIT         ?PR?_DELAY1?ZK



OVERLAY MAP OF MODULE:   .\Objects\keil (?C_STARTUP)


SEGMENT                                             BIT_GROUP          DATA_GROUP 
  +--> CALLED SEGMENT                            START    LENGTH     START    LENGTH
------------------------------------------------------------------------------------
?C_C51STARTUP                                    -----    -----      -----    -----
  +--> ?PR?MAIN?ZK
  +--> ?C_INITSEG

?PR?MAIN?ZK                                      -----    -----      0048H    0002H
  +--> ?PR?INITIALIZE?ZK
  +--> ?PR?_DELAY_MS?ZK
  +--> ?PR?INIT_MACHINE?ZK
  +--> ?PR?_LEDBLINK?ZK
  +--> ?PR?CAN_RX_FROM_SWJ_ZIJIAN_COMMAND?ZK
  +--> ?PR?SEND_CO_BEGIN_PROGRAMME?ZK
  +--> ?PR?CAN_RX_FROM_SWJ_ACTION_COMMAND?ZK
  +--> ?PR?COMUNICATION_BITE_TO_SWJ?ZK
  +--> ?PR?UART1SEND?UART1
  +--> ?PR?CAN2_DATA_COLLECT_PROCESS_PROGRAM...
  +--> ?PR?_LAN_BACKALARM?ZK
  +--> ?PR?MEDICA_AUTO_TRANSPORTATION_PROGRA...
  +--> ?PR?CAN_AUTO_RESET?ZK

?PR?INITIALIZE?ZK                                -----    -----      -----    -----
  +--> ?PR?CONFIG?MYCONFIG
  +--> ?PR?INIT_AD?ZK
  +--> ?PR?INIT_CAN2?CAN2
  +--> ?PR?INIT_CAN3?CAN3
  +--> ?PR?INIT_PARA?ZK

?PR?_DELAY_MS?ZK                                 -----    -----      -----    -----
  +--> ?PR?_DELAY1?ZK

?PR?INIT_MACHINE?ZK                              -----    -----      -----    -----
  +--> ?PR?_CAN_CHECKINFOR?ZK
  +--> ?PR?_DELAY_MS?ZK
  +--> ?PR?_LAN_BACKALARM?ZK

?PR?_CAN_CHECKINFOR?ZK                           -----    -----      -----    -----
BL51 BANKED LINKER/LOCATER V6.22                                                      04/28/2017  16:37:19  PAGE 5


  +--> ?PR?_CAN3_TRANSMIT?CAN3

?PR?_CAN3_TRANSMIT?CAN3                          -----    -----      004DH    0002H

?PR?_LAN_BACKALARM?ZK                            -----    -----      -----    -----
  +--> ?PR?UART1SEND?UART1

?PR?CAN_RX_FROM_SWJ_ZIJIAN_COMMAND?ZK            -----    -----      -----    -----
  +--> ?PR?UART1SEND?UART1
  +--> ?PR?_CAN2_TRANSMIT?CAN2

?PR?_CAN2_TRANSMIT?CAN2                          -----    -----      004DH    0002H

?PR?SEND_CO_BEGIN_PROGRAMME?ZK                   -----    -----      -----    -----
  +--> ?PR?_LAN_BACKINFOR?ZK

?PR?_LAN_BACKINFOR?ZK                            -----    -----      -----    -----
  +--> ?PR?UART1SEND?UART1

?PR?CAN_RX_FROM_SWJ_ACTION_COMMAND?ZK            -----    -----      004AH    0003H
  +--> ?PR?INIT_INDEX_PARA?ZK
  +--> ?PR?UART1SEND?UART1
  +--> ?PR?_CAN2_TRANSMIT?CAN2
  +--> ?PR?_CONVEYINGLONGSLOW_START?ZK
  +--> ?PR?CONVEYINGLONGSLOW_STOP?ZK
  +--> ?PR?_SET_DCT_INPUT_STATE?ZK

?PR?_CONVEYINGLONGSLOW_START?ZK                  -----    -----      -----    -----
  +--> ?PR?_CAN3_TRANSMIT?CAN3

?PR?CONVEYINGLONGSLOW_STOP?ZK                    -----    -----      -----    -----
  +--> ?PR?_CAN3_TRANSMIT?CAN3

?PR?_SET_DCT_INPUT_STATE?ZK                      0022H.6  0000H.1    -----    -----

?PR?COMUNICATION_BITE_TO_SWJ?ZK                  -----    -----      004AH    0003H
  +--> ?PR?UART1SEND?UART1

?PR?CAN2_DATA_COLLECT_PROCESS_PROGRAM...         -----    -----      004AH    0002H
  +--> ?PR?_CAN_RX_FROM_DCT_AMOUNT_FEEDBACK?ZK
  +--> ?PR?_CAN_RX_FROM_DCT_BITE_FEEDBACK?ZK

?PR?_CAN_RX_FROM_DCT_AMOUNT_FEEDBACK?ZK          -----    -----      -----    -----
  +--> ?PR?UART1SEND?UART1

?PR?_CAN_RX_FROM_DCT_BITE_FEEDBACK?ZK            -----    -----      004CH    0001H
  +--> ?PR?_GET_DCT_INPUT_STATE?ZK
  +--> ?PR?_SET_DCT_OK_RESULT?ZK
  +--> ?PR?_SET_DCT_OK_ACTION?ZK

?PR?_SET_DCT_OK_RESULT?ZK                        0022H.6  0000H.1    -----    -----

?PR?_SET_DCT_OK_ACTION?ZK                        0022H.6  0000H.1    -----    -----

?PR?MEDICA_AUTO_TRANSPORTATION_PROGRA...         -----    -----      -----    -----
  +--> ?PR?SUSONGXIANGTUIYAO?ZK
  +--> ?PR?YAOPINGTISHENGLEFT?ZK
BL51 BANKED LINKER/LOCATER V6.22                                                      04/28/2017  16:37:19  PAGE 6


  +--> ?PR?SUSONGXIANGRIGHTTUIYAO?ZK
  +--> ?PR?YAOPINGTISHENG?ZK

?PR?SUSONGXIANGTUIYAO?ZK                         -----    -----      -----    -----
  +--> ?PR?_CAN3_TRANSMIT?CAN3

?PR?YAOPINGTISHENGLEFT?ZK                        -----    -----      -----    -----
  +--> ?PR?_CAN3_TRANSMIT?CAN3

?PR?SUSONGXIANGRIGHTTUIYAO?ZK                    -----    -----      -----    -----
  +--> ?PR?_CAN3_TRANSMIT?CAN3

?PR?YAOPINGTISHENG?ZK                            -----    -----      -----    -----
  +--> ?PR?_CAN3_TRANSMIT?CAN3

?PR?CAN_AUTO_RESET?ZK                            -----    -----      -----    -----
  +--> ?PR?INIT_CAN2?CAN2
  +--> ?PR?INIT_CAN3?CAN3

*** NEW ROOT ***************************************************

?PR?INT0_ISR?CAN2                                -----    -----      004FH    0003H
  +--> ?PR?_CAN2_RECEIVE?CAN2
  +--> ?PR?_LEDBLINK?ZK

*** NEW ROOT ***************************************************

?PR?INT1_ISR?CAN3                                -----    -----      0052H    0003H
  +--> ?PR?_CAN3_RECEIVE?CAN3
  +--> ?PR?_LEDBLINK?ZK

*** NEW ROOT ***************************************************

?PR?UART1_ISR?UART1                              -----    -----      0055H    0001H
  +--> ?PR?_LEDBLINK?ZK



SYMBOL TABLE OF MODULE:  .\Objects\keil (?C_STARTUP)

  VALUE           TYPE          NAME
  ----------------------------------

  -------         MODULE        ?C_STARTUP
  C:1738H         SEGMENT       ?C_C51STARTUP
  I:0056H         SEGMENT       ?STACK
  C:0000H         PUBLIC        ?C_STARTUP
  D:00E0H         SYMBOL        ACC
  D:00F0H         SYMBOL        B
  D:0083H         SYMBOL        DPH
  D:0082H         SYMBOL        DPL
  N:0000H         SYMBOL        IBPSTACK
  N:0100H         SYMBOL        IBPSTACKTOP
  N:0080H         SYMBOL        IDATALEN
  C:173EH         SYMBOL        IDATALOOP
  D:00A8H         SYMBOL        IE
  N:0000H         SYMBOL        PBPSTACK
BL51 BANKED LINKER/LOCATER V6.22                                                      04/28/2017  16:37:19  PAGE 7


  N:0100H         SYMBOL        PBPSTACKTOP
  D:00D9H         SYMBOL        PCA0MD
  N:0000H         SYMBOL        PDATALEN
  N:0000H         SYMBOL        PDATASTART
  N:0000H         SYMBOL        PPAGE
  N:0000H         SYMBOL        PPAGEENABLE
  D:00A0H         SYMBOL        PPAGE_SFR
  D:0084H         SYMBOL        SFRPAGE
  D:0081H         SYMBOL        SP
  C:1738H         SYMBOL        STARTUP1
  D:00FFH         SYMBOL        WDTCN
  N:0000H         SYMBOL        XBPSTACK
  N:0000H         SYMBOL        XBPSTACKTOP
  N:0000H         SYMBOL        XDATALEN
  N:0000H         SYMBOL        XDATASTART
  C:0000H         LINE#         130
  C:1738H         LINE#         137
  C:173BH         LINE#         138
  C:173DH         LINE#         139
  C:173EH         LINE#         140
  C:173FH         LINE#         141
  C:1741H         LINE#         190
  C:1744H         LINE#         201
  -------         ENDMOD        ?C_STARTUP

  -------         MODULE        CAN2
  C:0000H         SYMBOL        _ICE_DUMMY_
  D:0080H         PUBLIC        P0
  D:0090H         PUBLIC        P1
  D:00A0H         PUBLIC        P2
  D:00B0H         PUBLIC        P3
  D:00C8H         PUBLIC        P4
  D:00D8H         PUBLIC        P5
  B:00A8H.7       PUBLIC        EA
  X:FE14H         PUBLIC        FIFO20
  X:FE15H         PUBLIC        FIFO21
  X:FE16H         PUBLIC        FIFO22
  X:FE17H         PUBLIC        FIFO23
  D:00E8H         PUBLIC        ADC0CN
  D:0084H         PUBLIC        SFRPAGE
  X:FE18H         PUBLIC        FIFO24
  X:FE19H         PUBLIC        FIFO25
  X:FE10H         PUBLIC        FIFO16
  X:FE1FH         PUBLIC        CAN_CDR
  D:00E8H         PUBLIC        ADC2CN
  X:FE1AH         PUBLIC        FIFO26
  X:FE11H         PUBLIC        FIFO17
  D:00A8H         PUBLIC        IE
  X:FE12H         PUBLIC        FIFO18
  X:FE13H         PUBLIC        FIFO19
  X:FE05H         PUBLIC        CAN_AMR
  X:FE0EH         PUBLIC        RXERR
  D:00F8H         PUBLIC        CAN0CN
  X:FE01H         PUBLIC        CAN_CMR
  X:FE0FH         PUBLIC        TXERR
  D:00D8H         PUBLIC        PCA0CN
  X:FE08H         PUBLIC        CAN_OCR
BL51 BANKED LINKER/LOCATER V6.22                                                      04/28/2017  16:37:19  PAGE 8


  D:00B8H         PUBLIC        IP
  D:00E2H         PUBLIC        XBR1
  B:0021H.7       PUBLIC        Can2NewData1
  B:0022H.0       PUBLIC        Can2NewData2
  B:0022H.1       PUBLIC        Can2NewData3
  D:00C0H         PUBLIC        SMB0CN
  X:FE1EH         PUBLIC        RBSA
  D:0088H         PUBLIC        CPT0CN
  D:0088H         PUBLIC        CPT1CN
  D:0088H         PUBLIC        CPT2CN
  C:1926H         PUBLIC        _can2_receive
  D:00F8H         PUBLIC        SPI0CN
  D:0088H         PUBLIC        TCON
  D:00C8H         PUBLIC        TMR2CN
  D:00C8H         PUBLIC        TMR3CN
  D:00C8H         PUBLIC        TMR4CN
  C:160CH         PUBLIC        _can2_transmit
  B:0088H.1       PUBLIC        IE0
  X:FE0CH         PUBLIC        ECC
  X:FE06H         PUBLIC        CAN_BTR0
  X:FE07H         PUBLIC        CAN_BTR1
  B:00A8H.0       PUBLIC        EX0
  B:0088H.0       PUBLIC        IT0
  X:FE03H         PUBLIC        CAN_IR
  X:FE0BH         PUBLIC        ALC
  X:FE02H         PUBLIC        CAN_SR
  B:00B8H.0       PUBLIC        PX0
  X:FE00H         PUBLIC        CAN_MODE
  X:0058H         PUBLIC        CAN2RXbuffer1
  X:0060H         PUBLIC        CAN2RXbuffer2
  X:FE04H         PUBLIC        CAN_IREN
  X:0068H         PUBLIC        CAN2TXbuffer1
  X:0070H         PUBLIC        CAN2RXbuffer3
  X:0078H         PUBLIC        CAN2TXbuffer2
  D:0098H         PUBLIC        SCON0
  D:0098H         PUBLIC        SCON1
  D:0018H         PUBLIC        CAN2FaultCounter
  X:FE0DH         PUBLIC        ERRLIMIT
  C:12E8H         PUBLIC        INT0_ISR
  D:00C0H         PUBLIC        CAN0STA
  D:00D0H         PUBLIC        PSW
  C:1824H         PUBLIC        init_can2
  -------         PROC          INIT_CAN2
  C:1824H         LINE#         54
  C:1824H         LINE#         55
  C:1824H         LINE#         56
  C:1827H         LINE#         57
  C:182AH         LINE#         58
  C:182DH         LINE#         59
  C:182FH         LINE#         60
  C:1831H         LINE#         61
  C:1833H         LINE#         62
  C:1835H         LINE#         64
  C:183AH         LINE#         65
  C:1840H         LINE#         66
  C:1846H         LINE#         70
  C:184CH         LINE#         71
BL51 BANKED LINKER/LOCATER V6.22                                                      04/28/2017  16:37:19  PAGE 9


  C:184EH         LINE#         72
  C:1850H         LINE#         73
  C:1852H         LINE#         75
  C:1857H         LINE#         76
  C:1859H         LINE#         77
  C:185BH         LINE#         78
  C:185DH         LINE#         95
  C:1863H         LINE#         99
  C:1867H         LINE#         101
  C:186BH         LINE#         102
  C:1870H         LINE#         103
  C:1874H         LINE#         104
  C:187AH         LINE#         105
  C:187CH         LINE#         106
  -------         ENDPROC       INIT_CAN2
  -------         PROC          _CAN2_TRANSMIT
  D:0006H         SYMBOL        id
  D:0001H         SYMBOL        buf
  -------         DO            
  D:004DH         SYMBOL        temp
  D:0005H         SYMBOL        r
  -------         ENDDO         
  C:160CH         LINE#         108
  C:160CH         LINE#         109
  C:160CH         LINE#         112
  C:160FH         LINE#         114
  C:160FH         LINE#         115
  C:1614H         LINE#         116
  C:161BH         LINE#         117
  C:161BH         LINE#         118
  C:161EH         LINE#         120
  C:161EH         LINE#         121
  C:1625H         LINE#         123
  C:1627H         LINE#         124
  C:162DH         LINE#         126
  C:163BH         LINE#         128
  C:1641H         LINE#         129
  C:1649H         LINE#         131
  C:1650H         LINE#         132
  C:165AH         LINE#         133
  C:1664H         LINE#         134
  C:166EH         LINE#         135
  C:1678H         LINE#         136
  C:1682H         LINE#         137
  C:168CH         LINE#         138
  C:1696H         LINE#         139
  C:169CH         LINE#         140
  C:169EH         LINE#         141
  C:16A1H         LINE#         142
  -------         ENDPROC       _CAN2_TRANSMIT
  -------         PROC          _CAN2_RECEIVE
  D:0001H         SYMBOL        buf
  C:1926H         LINE#         144
  C:1926H         LINE#         145
  C:1926H         LINE#         146
  C:192DH         LINE#         147
  C:1937H         LINE#         148
BL51 BANKED LINKER/LOCATER V6.22                                                      04/28/2017  16:37:19  PAGE 10


  C:1941H         LINE#         149
  C:194BH         LINE#         150
  C:1955H         LINE#         151
  C:195FH         LINE#         152
  C:1969H         LINE#         153
  -------         ENDPROC       _CAN2_RECEIVE
  -------         PROC          INT0_ISR
  -------         DO            
  D:0007H         SYMBOL        temp
  D:004FH         SYMBOL        ir_state
  D:0050H         SYMBOL        address
  -------         ENDDO         
  C:12E8H         LINE#         157
  C:1305H         LINE#         162
  C:130BH         LINE#         164
  C:1313H         LINE#         165
  C:1313H         LINE#         166
  C:1319H         LINE#         167
  C:131DH         LINE#         168
  C:1332H         LINE#         169
  C:1341H         LINE#         170
  C:1341H         LINE#         171
  C:134AH         LINE#         172
  C:134CH         LINE#         173
  C:134CH         LINE#         175
  C:135BH         LINE#         176
  C:135BH         LINE#         177
  C:1364H         LINE#         178
  C:1366H         LINE#         179
  C:1366H         LINE#         181
  C:1375H         LINE#         182
  C:1375H         LINE#         183
  C:137EH         LINE#         184
  C:1380H         LINE#         185
  C:1380H         LINE#         186
  C:1389H         LINE#         187
  C:1391H         LINE#         189
  C:1397H         LINE#         190
  C:139AH         LINE#         191
  C:139AH         LINE#         193
  C:139FH         LINE#         194
  C:139FH         LINE#         195
  C:13A5H         LINE#         196
  C:13A5H         LINE#         197
  C:13AAH         LINE#         198
  C:13AAH         LINE#         199
  C:13B1H         LINE#         200
  C:13B1H         LINE#         201
  C:13B7H         LINE#         202
  C:13B7H         LINE#         203
  C:13C0H         LINE#         204
  C:13C0H         LINE#         205
  C:13C0H         LINE#         206
  C:13C0H         LINE#         207
  C:13C2H         LINE#         208
  -------         ENDPROC       INT0_ISR
  -------         ENDMOD        CAN2
BL51 BANKED LINKER/LOCATER V6.22                                                      04/28/2017  16:37:19  PAGE 11



  -------         MODULE        CAN3
  C:0000H         SYMBOL        _ICE_DUMMY_
  X:FD06H         PUBLIC        CAN3_BTR0
  D:0080H         PUBLIC        P0
  X:FD07H         PUBLIC        CAN3_BTR1
  D:0090H         PUBLIC        P1
  X:FD03H         PUBLIC        CAN3_IR
  D:00A0H         PUBLIC        P2
  D:00B0H         PUBLIC        P3
  D:00C8H         PUBLIC        P4
  D:00D8H         PUBLIC        P5
  B:00A8H.7       PUBLIC        EA
  D:00E8H         PUBLIC        ADC0CN
  D:0084H         PUBLIC        SFRPAGE
  X:FD02H         PUBLIC        CAN3_SR
  X:FD00H         PUBLIC        CAN3_MODE
  D:00E8H         PUBLIC        ADC2CN
  D:00A8H         PUBLIC        IE
  X:FD1EH         PUBLIC        CAN3_RBSA
  D:00F8H         PUBLIC        CAN0CN
  X:FD04H         PUBLIC        CAN3_IREN
  D:00D8H         PUBLIC        PCA0CN
  D:00B8H         PUBLIC        IP
  D:00E2H         PUBLIC        XBR1
  B:0022H.5       PUBLIC        Can3NewData1
  D:00C0H         PUBLIC        SMB0CN
  D:0088H         PUBLIC        CPT0CN
  D:0088H         PUBLIC        CPT1CN
  D:0088H         PUBLIC        CPT2CN
  C:1973H         PUBLIC        _can3_receive
  D:00F8H         PUBLIC        SPI0CN
  X:FD0CH         PUBLIC        CAN3_ECC
  D:0088H         PUBLIC        TCON
  X:FD0BH         PUBLIC        CAN3_ALC
  D:00C8H         PUBLIC        TMR2CN
  D:00C8H         PUBLIC        TMR3CN
  D:00C8H         PUBLIC        TMR4CN
  C:16A2H         PUBLIC        _can3_transmit
  B:0088H.3       PUBLIC        IE1
  X:FD1FH         PUBLIC        CAN3_CDR
  X:FD05H         PUBLIC        CAN3_AMR
  X:FD01H         PUBLIC        CAN3_CMR
  X:FD08H         PUBLIC        CAN3_OCR
  B:00A8H.2       PUBLIC        EX1
  B:0088H.2       PUBLIC        IT1
  X:FD0DH         PUBLIC        CAN3_ERRLIMIT
  B:00B8H.2       PUBLIC        PX1
  X:0080H         PUBLIC        CAN3RXbuffer1
  X:0088H         PUBLIC        CAN3TXbuffer1
  D:0098H         PUBLIC        SCON0
  D:0098H         PUBLIC        SCON1
  D:0019H         PUBLIC        CAN3FaultCounter
  C:0EA0H         PUBLIC        INT1_ISR
  D:00C0H         PUBLIC        CAN0STA
  X:FD14H         PUBLIC        CAN3_FIFO20
  X:FD15H         PUBLIC        CAN3_FIFO21
BL51 BANKED LINKER/LOCATER V6.22                                                      04/28/2017  16:37:19  PAGE 12


  X:FD16H         PUBLIC        CAN3_FIFO22
  X:FD17H         PUBLIC        CAN3_FIFO23
  X:FD18H         PUBLIC        CAN3_FIFO24
  X:FD19H         PUBLIC        CAN3_FIFO25
  X:FD10H         PUBLIC        CAN3_FIFO16
  X:FD1AH         PUBLIC        CAN3_FIFO26
  X:FD11H         PUBLIC        CAN3_FIFO17
  X:FD12H         PUBLIC        CAN3_FIFO18
  X:FD13H         PUBLIC        CAN3_FIFO19
  D:00D0H         PUBLIC        PSW
  X:FD0EH         PUBLIC        CAN3_RXERR
  X:FD0FH         PUBLIC        CAN3_TXERR
  C:17C7H         PUBLIC        init_can3
  -------         PROC          INIT_CAN3
  C:17C7H         LINE#         50
  C:17C7H         LINE#         51
  C:17C7H         LINE#         53
  C:17CAH         LINE#         54
  C:17CDH         LINE#         55
  C:17D0H         LINE#         56
  C:17D2H         LINE#         57
  C:17D4H         LINE#         58
  C:17D6H         LINE#         59
  C:17D8H         LINE#         61
  C:17DDH         LINE#         62
  C:17E3H         LINE#         63
  C:17E9H         LINE#         67
  C:17EFH         LINE#         68
  C:17F3H         LINE#         69
  C:17F7H         LINE#         70
  C:17F9H         LINE#         72
  C:17FEH         LINE#         73
  C:1800H         LINE#         74
  C:1802H         LINE#         75
  C:1804H         LINE#         91
  C:180AH         LINE#         94
  C:180EH         LINE#         96
  C:1812H         LINE#         97
  C:1817H         LINE#         98
  C:181BH         LINE#         99
  C:1821H         LINE#         100
  C:1823H         LINE#         101
  -------         ENDPROC       INIT_CAN3
  -------         PROC          _CAN3_TRANSMIT
  D:0006H         SYMBOL        id
  D:0001H         SYMBOL        buf
  -------         DO            
  D:004DH         SYMBOL        temp
  D:0005H         SYMBOL        r
  -------         ENDDO         
  C:16A2H         LINE#         103
  C:16A2H         LINE#         104
  C:16A2H         LINE#         107
  C:16A5H         LINE#         108
  C:16A5H         LINE#         109
  C:16AAH         LINE#         110
  C:16B1H         LINE#         111
BL51 BANKED LINKER/LOCATER V6.22                                                      04/28/2017  16:37:19  PAGE 13


  C:16B1H         LINE#         112
  C:16B4H         LINE#         114
  C:16B4H         LINE#         115
  C:16BBH         LINE#         117
  C:16BDH         LINE#         118
  C:16C3H         LINE#         120
  C:16D1H         LINE#         122
  C:16D7H         LINE#         123
  C:16DFH         LINE#         125
  C:16E6H         LINE#         126
  C:16F0H         LINE#         127
  C:16FAH         LINE#         128
  C:1704H         LINE#         129
  C:170EH         LINE#         130
  C:1718H         LINE#         131
  C:1722H         LINE#         132
  C:172CH         LINE#         135
  C:1732H         LINE#         136
  C:1734H         LINE#         137
  C:1737H         LINE#         138
  -------         ENDPROC       _CAN3_TRANSMIT
  -------         PROC          _CAN3_RECEIVE
  D:0001H         SYMBOL        buf
  C:1973H         LINE#         140
  C:1973H         LINE#         141
  C:1973H         LINE#         142
  C:197AH         LINE#         143
  C:1984H         LINE#         144
  C:198EH         LINE#         145
  C:1998H         LINE#         146
  C:19A2H         LINE#         147
  C:19ACH         LINE#         148
  C:19B6H         LINE#         149
  -------         ENDPROC       _CAN3_RECEIVE
  -------         PROC          INT1_ISR
  -------         DO            
  D:0007H         SYMBOL        temp
  D:0052H         SYMBOL        ir_state
  D:0053H         SYMBOL        address
  -------         ENDDO         
  C:0EA0H         LINE#         153
  C:0EBDH         LINE#         158
  C:0EC3H         LINE#         159
  C:0ECBH         LINE#         160
  C:0ECBH         LINE#         161
  C:0ED1H         LINE#         162
  C:0ED5H         LINE#         163
  C:0EEAH         LINE#         164
  C:0EF9H         LINE#         165
  C:0EF9H         LINE#         166
  C:0F02H         LINE#         167
  C:0F09H         LINE#         168
  C:0F09H         LINE#         169
  C:0F0CH         LINE#         170
  C:0F0CH         LINE#         171
  C:0F12H         LINE#         173
  C:0F14H         LINE#         174
BL51 BANKED LINKER/LOCATER V6.22                                                      04/28/2017  16:37:19  PAGE 14


  C:0F14H         LINE#         175
  C:0F23H         LINE#         176
  C:0F23H         LINE#         177
  C:0F2CH         LINE#         178
  C:0F33H         LINE#         179
  C:0F33H         LINE#         182
  C:0F3CH         LINE#         183
  C:0F3CH         LINE#         184
  C:0F3CH         LINE#         193
  C:0F3FH         LINE#         194
  C:0F41H         LINE#         195
  C:0F41H         LINE#         196
  C:0F44H         LINE#         197
  C:0F44H         LINE#         198
  C:0F44H         LINE#         199
  C:0F44H         LINE#         200
  C:0F44H         LINE#         201
  C:0F44H         LINE#         202
  C:0F4BH         LINE#         203
  C:0F4BH         LINE#         204
  C:0F54H         LINE#         205
  C:0F54H         LINE#         206
  C:0F54H         LINE#         209
  C:0F57H         LINE#         210
  C:0F59H         LINE#         211
  C:0F59H         LINE#         212
  C:0F5CH         LINE#         213
  C:0F5CH         LINE#         214
  C:0F5CH         LINE#         215
  C:0F5CH         LINE#         216
  C:0F5CH         LINE#         217
  C:0F5CH         LINE#         218
  C:0F62H         LINE#         219
  C:0F64H         LINE#         220
  C:0F64H         LINE#         222
  C:0F73H         LINE#         223
  C:0F73H         LINE#         224
  C:0F7CH         LINE#         225
  C:0F83H         LINE#         226
  C:0F83H         LINE#         227
  C:0F86H         LINE#         228
  C:0F86H         LINE#         229
  C:0F8CH         LINE#         231
  C:0F8EH         LINE#         232
  C:0F8EH         LINE#         276
  C:0F94H         LINE#         277
  C:0F9DH         LINE#         278
  C:0FA5H         LINE#         279
  C:0FA8H         LINE#         280
  C:0FA8H         LINE#         282
  C:0FADH         LINE#         283
  C:0FADH         LINE#         284
  C:0FB3H         LINE#         285
  C:0FB3H         LINE#         286
  C:0FB8H         LINE#         287
  C:0FB8H         LINE#         289
  C:0FBFH         LINE#         290
BL51 BANKED LINKER/LOCATER V6.22                                                      04/28/2017  16:37:19  PAGE 15


  C:0FBFH         LINE#         291
  C:0FC5H         LINE#         292
  C:0FC5H         LINE#         293
  C:0FCEH         LINE#         294
  C:0FCEH         LINE#         295
  C:0FCEH         LINE#         296
  C:0FCEH         LINE#         297
  C:0FD0H         LINE#         298
  -------         ENDPROC       INT1_ISR
  -------         ENDMOD        CAN3

  -------         MODULE        MYCONFIG
  C:0000H         SYMBOL        _ICE_DUMMY_
  D:009DH         PUBLIC        SPI0CKR
  D:00FFH         PUBLIC        WDTCN
  D:00BCH         PUBLIC        ADC0CF
  D:00E6H         PUBLIC        EIE1
  D:00BCH         PUBLIC        ADC2CF
  D:00E7H         PUBLIC        EIE2
  D:00E8H         PUBLIC        ADC0CN
  D:00D4H         PUBLIC        DAC0CN
  D:0084H         PUBLIC        SFRPAGE
  D:00D4H         PUBLIC        DAC1CN
  D:00A4H         PUBLIC        P0MDOUT
  D:00E8H         PUBLIC        ADC2CN
  D:00A5H         PUBLIC        P1MDOUT
  D:00A8H         PUBLIC        IE
  D:00A6H         PUBLIC        P2MDOUT
  D:00BDH         PUBLIC        AMX0PRT
  D:00A7H         PUBLIC        P3MDOUT
  D:00F6H         PUBLIC        EIP1
  D:009CH         PUBLIC        P4MDOUT
  D:00F7H         PUBLIC        EIP2
  D:009DH         PUBLIC        P5MDOUT
  D:00FCH         PUBLIC        PCA0CPH0
  D:009EH         PUBLIC        P6MDOUT
  D:00FEH         PUBLIC        PCA0CPH1
  D:009FH         PUBLIC        P7MDOUT
  D:00EAH         PUBLIC        PCA0CPH2
  D:00F8H         PUBLIC        CAN0CN
  D:00ECH         PUBLIC        PCA0CPH3
  D:00FBH         PUBLIC        PCA0CPL0
  D:00EEH         PUBLIC        PCA0CPH4
  D:00A3H         PUBLIC        EMI0CF
  D:00FDH         PUBLIC        PCA0CPL1
  D:00E2H         PUBLIC        PCA0CPH5
  D:00DAH         PUBLIC        PCA0CPM0
  D:00D9H         PUBLIC        PCA0MD
  D:00D8H         PUBLIC        PCA0CN
  D:00C4H         PUBLIC        ADC2GT
  D:00E9H         PUBLIC        PCA0CPL2
  D:00DBH         PUBLIC        PCA0CPM1
  D:00EBH         PUBLIC        PCA0CPL3
  D:00DCH         PUBLIC        PCA0CPM2
  D:00B8H         PUBLIC        IP
  D:00EDH         PUBLIC        PCA0CPL4
  D:00DDH         PUBLIC        PCA0CPM3
BL51 BANKED LINKER/LOCATER V6.22                                                      04/28/2017  16:37:19  PAGE 16


  D:00E1H         PUBLIC        PCA0CPL5
  D:00DEH         PUBLIC        PCA0CPM4
  D:00DFH         PUBLIC        PCA0CPM5
  D:00C6H         PUBLIC        ADC2LT
  D:00E1H         PUBLIC        XBR0
  D:00B9H         PUBLIC        SADEN0
  D:00E2H         PUBLIC        XBR1
  D:00E3H         PUBLIC        XBR2
  D:00E4H         PUBLIC        XBR3
  D:00D1H         PUBLIC        REF0CN
  D:00A9H         PUBLIC        SADDR0
  D:00BAH         PUBLIC        AMX0CF
  D:00D6H         PUBLIC        HVA0CN
  D:00CBH         PUBLIC        RCAP2H
  D:00CBH         PUBLIC        RCAP3H
  D:00BAH         PUBLIC        AMX2CF
  D:00CBH         PUBLIC        RCAP4H
  D:00C0H         PUBLIC        SMB0CN
  D:00CAH         PUBLIC        RCAP2L
  D:00CAH         PUBLIC        RCAP3L
  D:00CAH         PUBLIC        RCAP4L
  D:00CFH         PUBLIC        SMB0CR
  D:0089H         PUBLIC        CPT0MD
  D:0088H         PUBLIC        CPT0CN
  D:00ADH         PUBLIC        P1MDIN
  D:0089H         PUBLIC        CPT1MD
  D:0088H         PUBLIC        CPT1CN
  D:00AEH         PUBLIC        P2MDIN
  D:0089H         PUBLIC        CPT2MD
  D:0088H         PUBLIC        CPT2CN
  D:00AFH         PUBLIC        P3MDIN
  D:00F8H         PUBLIC        SPI0CN
  D:00C9H         PUBLIC        TMR2CF
  D:00C9H         PUBLIC        TMR3CF
  D:0087H         PUBLIC        PCON
  D:00C9H         PUBLIC        TMR4CF
  D:0089H         PUBLIC        TMOD
  D:0088H         PUBLIC        TCON
  D:00BBH         PUBLIC        AMX0SL
  D:00C8H         PUBLIC        TMR2CN
  D:00C8H         PUBLIC        TMR3CN
  D:00BBH         PUBLIC        AMX2SL
  D:00C8H         PUBLIC        TMR4CN
  D:0097H         PUBLIC        CLKSEL
  D:00D3H         PUBLIC        DAC0H
  D:00BFH         PUBLIC        ADC0H
  D:008AH         PUBLIC        OSCICN
  D:00D3H         PUBLIC        DAC1H
  D:00D2H         PUBLIC        DAC0L
  D:00BEH         PUBLIC        ADC0L
  D:00D2H         PUBLIC        DAC1L
  D:008CH         PUBLIC        TH0
  D:00FAH         PUBLIC        PCA0H
  D:008DH         PUBLIC        TH1
  D:008CH         PUBLIC        OSCXCN
  D:008AH         PUBLIC        TL0
  D:00F9H         PUBLIC        PCA0L
BL51 BANKED LINKER/LOCATER V6.22                                                      04/28/2017  16:37:19  PAGE 17


  D:008BH         PUBLIC        TL1
  D:00C5H         PUBLIC        ADC0GTH
  D:00C4H         PUBLIC        ADC0GTL
  D:00C7H         PUBLIC        ADC0LTH
  D:00EFH         PUBLIC        RSTSRC
  D:0098H         PUBLIC        SCON0
  D:0098H         PUBLIC        SCON1
  D:00C6H         PUBLIC        ADC0LTL
  D:00C3H         PUBLIC        SMB0ADR
  D:00C0H         PUBLIC        CAN0STA
  D:0091H         PUBLIC        SSTA0
  D:00CDH         PUBLIC        TMR2H
  D:009AH         PUBLIC        SPI0CFG
  D:00CDH         PUBLIC        TMR3H
  D:008EH         PUBLIC        CKCON
  D:00CDH         PUBLIC        TMR4H
  D:00CCH         PUBLIC        TMR2L
  D:00CCH         PUBLIC        TMR3L
  D:00CCH         PUBLIC        TMR4L
  C:0D32H         PUBLIC        config
  D:00D0H         PUBLIC        PSW
  -------         PROC          CONFIG
  -------         DO            
  D:0006H         SYMBOL        n
  -------         ENDDO         
  C:0D32H         LINE#         29
  C:0D32H         LINE#         32
  C:0D35H         LINE#         60
  C:0D38H         LINE#         61
  C:0D3BH         LINE#         62
  C:0D3EH         LINE#         77
  C:0D41H         LINE#         78
  C:0D44H         LINE#         79
  C:0D47H         LINE#         80
  C:0D4AH         LINE#         81
  C:0D4CH         LINE#         89
  C:0D4FH         LINE#         91
  C:0D52H         LINE#         92
  C:0D54H         LINE#         93
  C:0D56H         LINE#         94
  C:0D59H         LINE#         96
  C:0D5CH         LINE#         97
  C:0D5FH         LINE#         99
  C:0D62H         LINE#         100
  C:0D65H         LINE#         102
  C:0D68H         LINE#         103
  C:0D6BH         LINE#         104
  C:0D6EH         LINE#         150
  C:0D70H         LINE#         151
  C:0D73H         LINE#         171
  C:0D76H         LINE#         172
  C:0D78H         LINE#         173
  C:0D7AH         LINE#         179
  C:0D7DH         LINE#         180
  C:0D7FH         LINE#         181
  C:0D81H         LINE#         187
  C:0D84H         LINE#         188
BL51 BANKED LINKER/LOCATER V6.22                                                      04/28/2017  16:37:19  PAGE 18


  C:0D86H         LINE#         189
  C:0D88H         LINE#         195
  C:0D8BH         LINE#         196
  C:0D8EH         LINE#         197
  C:0D98H         LINE#         198
  C:0D9DH         LINE#         199
  C:0DA0H         LINE#         200
  C:0DA3H         LINE#         207
  C:0DA6H         LINE#         208
  C:0DA8H         LINE#         214
  C:0DAAH         LINE#         215
  C:0DADH         LINE#         216
  C:0DAFH         LINE#         217
  C:0DB2H         LINE#         218
  C:0DB5H         LINE#         219
  C:0DB7H         LINE#         221
  C:0DB9H         LINE#         222
  C:0DBBH         LINE#         223
  C:0DBDH         LINE#         224
  C:0DBFH         LINE#         225
  C:0DC2H         LINE#         226
  C:0DC5H         LINE#         232
  C:0DC8H         LINE#         233
  C:0DCAH         LINE#         234
  C:0DCCH         LINE#         235
  C:0DCFH         LINE#         236
  C:0DD2H         LINE#         237
  C:0DD5H         LINE#         238
  C:0DD7H         LINE#         240
  C:0DD9H         LINE#         241
  C:0DDBH         LINE#         247
  C:0DDDH         LINE#         248
  C:0DDFH         LINE#         249
  C:0DE1H         LINE#         250
  C:0DE3H         LINE#         252
  C:0DE6H         LINE#         253
  C:0DE8H         LINE#         254
  C:0DEAH         LINE#         255
  C:0DECH         LINE#         261
  C:0DEEH         LINE#         262
  C:0DF0H         LINE#         263
  C:0DF2H         LINE#         264
  C:0DF4H         LINE#         270
  C:0DF6H         LINE#         271
  C:0DF8H         LINE#         272
  C:0DFAH         LINE#         273
  C:0DFDH         LINE#         274
  C:0E00H         LINE#         275
  C:0E03H         LINE#         278
  C:0E05H         LINE#         284
  C:0E08H         LINE#         285
  C:0E0BH         LINE#         286
  C:0E0EH         LINE#         292
  C:0E10H         LINE#         293
  C:0E12H         LINE#         294
  C:0E14H         LINE#         295
  C:0E16H         LINE#         302
BL51 BANKED LINKER/LOCATER V6.22                                                      04/28/2017  16:37:19  PAGE 19


  C:0E18H         LINE#         303
  C:0E1AH         LINE#         304
  C:0E1CH         LINE#         305
  C:0E1EH         LINE#         306
  C:0E20H         LINE#         310
  C:0E22H         LINE#         311
  C:0E24H         LINE#         312
  C:0E26H         LINE#         315
  C:0E28H         LINE#         316
  C:0E2AH         LINE#         317
  C:0E2CH         LINE#         320
  C:0E2EH         LINE#         321
  C:0E30H         LINE#         322
  C:0E32H         LINE#         325
  C:0E34H         LINE#         326
  C:0E36H         LINE#         327
  C:0E38H         LINE#         330
  C:0E3AH         LINE#         331
  C:0E3CH         LINE#         332
  C:0E3EH         LINE#         335
  C:0E40H         LINE#         336
  C:0E42H         LINE#         337
  C:0E44H         LINE#         342
  C:0E46H         LINE#         344
  C:0E48H         LINE#         345
  C:0E4BH         LINE#         346
  C:0E4EH         LINE#         347
  C:0E51H         LINE#         348
  C:0E54H         LINE#         349
  C:0E57H         LINE#         351
  C:0E5AH         LINE#         354
  C:0E5DH         LINE#         355
  C:0E60H         LINE#         356
  C:0E63H         LINE#         357
  C:0E66H         LINE#         358
  C:0E69H         LINE#         359
  C:0E6CH         LINE#         361
  C:0E6FH         LINE#         362
  C:0E71H         LINE#         363
  C:0E73H         LINE#         364
  C:0E75H         LINE#         365
  C:0E77H         LINE#         366
  C:0E79H         LINE#         367
  C:0E7BH         LINE#         395
  C:0E7EH         LINE#         396
  C:0E81H         LINE#         397
  C:0E83H         LINE#         398
  C:0E85H         LINE#         399
  C:0E87H         LINE#         400
  C:0E89H         LINE#         401
  C:0E8BH         LINE#         422
  C:0E8DH         LINE#         423
  C:0E90H         LINE#         429
  C:0E93H         LINE#         430
  C:0E96H         LINE#         431
  C:0E98H         LINE#         432
  C:0E9BH         LINE#         433
BL51 BANKED LINKER/LOCATER V6.22                                                      04/28/2017  16:37:19  PAGE 20


  C:0E9DH         LINE#         434
  C:0E9FH         LINE#         439
  -------         ENDPROC       CONFIG
  -------         ENDMOD        MYCONFIG

  -------         MODULE        ZK
  C:0000H         SYMBOL        _ICE_DUMMY_
  B:0020H.0       PUBLIC        Alarm_stepflagR
  D:0025H         PUBLIC        Run_modeFayaoL
  B:0020H.1       PUBLIC        Command_Begin_Sign
  D:0080H         PUBLIC        P0
  X:FB00H         PUBLIC        LED_Address
  D:0090H         PUBLIC        P1
  C:1B6CH         PUBLIC        Yaopingtishengleft
  D:00FFH         PUBLIC        WDTCN
  D:00A0H         PUBLIC        P2
  D:0026H         PUBLIC        MAINRUNSTATUSL1
  D:00BCH         PUBLIC        ADC0CF
  D:00B0H         PUBLIC        P3
  D:00C8H         PUBLIC        P4
  D:0027H         PUBLIC        Run_modeFayaoR
  D:00D8H         PUBLIC        P5
  X:0000H         PUBLIC        Mode_ALARM1
  X:0001H         PUBLIC        Mode_ALARM2
  X:0002H         PUBLIC        Mode_ALARM3
  C:1B29H         PUBLIC        _LedBlink
  X:0003H         PUBLIC        Mode_ALARM4
  D:0028H         PUBLIC        ALL_Action_OK_Sign
  C:1BF2H         PUBLIC        ElectromagnetCRTL
  D:00E8H         PUBLIC        ADC0CN
  D:0084H         PUBLIC        SFRPAGE
  D:00E8H         PUBLIC        ADC2CN
  D:00A8H         PUBLIC        IE
  D:0029H         PUBLIC        RUNSTATUS1
  B:0020H.2       PUBLIC        Active_Data_Begin_Sign_last
  D:002AH         PUBLIC        RUNSTATUS2
  C:18D5H         PUBLIC        Comunication_BITE_to_SWJ
  X:0004H         PUBLIC        LED_BUF
  C:1A9EH         PUBLIC        ConveyingLineMovement
  D:00F8H         PUBLIC        CAN0CN
  D:00D8H         PUBLIC        PCA0CN
  B:00B0H.2       PUBLIC        NET_CFG
  D:00B8H         PUBLIC        IP
  D:002BH         PUBLIC        T0Counter1
  D:002CH         PUBLIC        T0Counter2
  C:1FF9H         PUBLIC        init_AD
  D:002DH         PUBLIC        T0Counter3
  D:002FH         PUBLIC        T0Counter4
  X:0005H         PUBLIC        Mode_adress1
  D:0030H         PUBLIC        communication_step
  X:0006H         PUBLIC        Mode_adress2
  D:00D1H         PUBLIC        REF0CN
  X:0007H         PUBLIC        Mode_adress3
  C:1F37H         PUBLIC        _Lan_backalarm
  X:0008H         PUBLIC        Mode_adress4
  D:0031H         PUBLIC        ALL_Action_OK_Sign_last
  B:00E8H.5       PUBLIC        AD0INT
BL51 BANKED LINKER/LOCATER V6.22                                                      04/28/2017  16:37:19  PAGE 21


  B:0090H.3       PUBLIC        OUTPUT1
  D:00C0H         PUBLIC        SMB0CN
  B:0090H.2       PUBLIC        OUTPUT2
  C:00A6H         PUBLIC        main
  C:093FH         PUBLIC        Medica_Auto_Transportation_Programme
  C:1A54H         PUBLIC        _Set_DCT_OK_Action
  B:0090H.0       PUBLIC        OUTPUT3
  B:0090H.1       PUBLIC        OUTPUT4
  D:0088H         PUBLIC        CPT0CN
  D:0088H         PUBLIC        CPT1CN
  D:0032H         PUBLIC        ALL_Result_OK_Sign
  D:0088H         PUBLIC        CPT2CN
  X:0009H         PUBLIC        strat_flag
  B:0020H.3       PUBLIC        Answer_ok
  D:00F8H         PUBLIC        SPI0CN
  D:0033H         PUBLIC        SNSORSTATUS1
  C:1498H         PUBLIC        TIME0_ISR
  D:0034H         PUBLIC        SNSORSTATUS2
  C:1F7FH         PUBLIC        _Lan_backinfor
  B:0020H.4       PUBLIC        Tansflag
  D:0088H         PUBLIC        TCON
  C:1ED3H         PUBLIC        _Get_DCT_Input_State
  X:000AH         PUBLIC        Run_ALARM1
  C:1AE5H         PUBLIC        ConveyingrightLineMovement
  D:00BBH         PUBLIC        AMX0SL
  X:000BH         PUBLIC        Run_ALARM2
  D:00C8H         PUBLIC        TMR2CN
  C:1DA8H         PUBLIC        init_index_para
  C:2009H         PUBLIC        initialize
  D:00C8H         PUBLIC        TMR3CN
  D:00C8H         PUBLIC        TMR4CN
  B:00B0H.0       PUBLIC        RS485_EN
  X:000CH         PUBLIC        SysData
  C:13DDH         PUBLIC        init_para
  D:0035H         PUBLIC        Run_mode
  C:1C70H         PUBLIC        Susongxiangtuiyao
  C:1C31H         PUBLIC        YaolanStepRun
  X:0038H         PUBLIC        Run_REAFY1
  X:0039H         PUBLIC        Run_REAFY2
  B:0020H.5       PUBLIC        ONCEFLAG
  C:19C0H         PUBLIC        _Set_DCT_Input_State
  B:00B0H.3       PUBLIC        NET_RST
  C:1D2CH         PUBLIC        _FZSSXRightFZ
  C:2018H         PUBLIC        _delay1
  X:003AH         PUBLIC        AUTO_countimerL
  X:003CH         PUBLIC        m_floatServodisplace
  D:0036H         PUBLIC        Group_index_DCT
  C:1A0AH         PUBLIC        _Set_DCT_OK_Result
  X:0040H         PUBLIC        AUTO_countimerR
  D:0037H         PUBLIC        FAYAOinput_pra
  D:008CH         PUBLIC        TH0
  X:0042H         PUBLIC        T0Counter12
  X:0043H         PUBLIC        CAN_index
  B:0020H.6       PUBLIC        Servo_Begin_Sign
  X:0044H         PUBLIC        T0Counter13
  X:0045H         PUBLIC        T0Counter14
  C:1D6AH         PUBLIC        _FZSSXLeftFZ
BL51 BANKED LINKER/LOCATER V6.22                                                      04/28/2017  16:37:19  PAGE 22


  B:0020H.7       PUBLIC        Servo_right_Begin_Sign
  X:0047H         PUBLIC        T0Counter15
  D:008AH         PUBLIC        TL0
  D:003BH         PUBLIC        MAINRUNSTATUSL
  C:0BAFH         PUBLIC        can_rx_from_SWJ_Action_Command
  C:1BAFH         PUBLIC        Yaopingtisheng
  C:1FCAH         PUBLIC        _delay_ms
  C:0088H         PUBLIC        CAN_AUTO_RESET
  C:1E9BH         PUBLIC        _can_rx_from_DCT_amount_feedback
  D:003CH         PUBLIC        Board_ID
  D:003DH         PUBLIC        temppage
  C:1F5AH         PUBLIC        Send_CO_Begin_Programme
  C:0016H         PUBLIC        can_rx_from_SWJ_Zijian_Command
  D:003EH         PUBLIC        Runbiaoji1
  C:1FA3H         PUBLIC        get_temp
  D:003FH         PUBLIC        Runbiaoji2
  X:0049H         PUBLIC        databuf
  B:0021H.0       PUBLIC        Servo_left_Begin_Sign
  D:0040H         PUBLIC        Runbiaoji3
  D:0041H         PUBLIC        Zijian_Sign
  X:0051H         PUBLIC        Servodisplace
  D:0042H         PUBLIC        Runbiaoji4
  D:0043H         PUBLIC        Procession1
  B:0021H.1       PUBLIC        ALARM_ONCEFLAGL
  C:1DE5H         PUBLIC        Yaolantisheng
  C:1CAFH         PUBLIC        Susongxiangrighttuiyao
  C:0FEBH         PUBLIC        CAN2_Data_Collect_Process_Programme
  D:0044H         PUBLIC        Board_Address_Number
  B:0021H.2       PUBLIC        ALARM_ONCEFLAGR
  C:187DH         PUBLIC        _can_rx_from_DCT_bite_feedback
  D:0098H         PUBLIC        SCON0
  C:1CEEH         PUBLIC        _ConveyingLongSlow_Start
  D:0098H         PUBLIC        SCON1
  D:0045H         PUBLIC        Proce_Count
  C:1FE8H         PUBLIC        _get_ad_value
  D:00C0H         PUBLIC        CAN0STA
  C:11EFH         PUBLIC        init_machine
  B:0021H.3       PUBLIC        FaYao_Prosetion_Sign
  D:0047H         PUBLIC        OK_Sign_TX_Amount
  C:1E5FH         PUBLIC        _Can_CHECKinfor
  D:00BEH         PUBLIC        ADC0
  X:0055H         PUBLIC        m_intServodisplace
  B:0021H.4       PUBLIC        Active_Data_Begin_Sign
  B:0021H.5       PUBLIC        Alarm_stepflagL
  B:00E8H.4       PUBLIC        AD0BUSY
  D:00D0H         PUBLIC        PSW
  X:0057H         PUBLIC        Basket_stat
  B:0021H.6       PUBLIC        Command_Finish_Sign
  C:1E22H         PUBLIC        ConveyingLongSlow_Stop
  -------         PROC          _GET_DCT_INPUT_STATE
  D:0007H         SYMBOL        number
  C:1ED3H         LINE#         136
  C:1ED3H         LINE#         137
  C:1ED3H         LINE#         138
  C:1F03H         LINE#         139
  -------         ENDPROC       _GET_DCT_INPUT_STATE
  -------         PROC          _SET_DCT_INPUT_STATE
BL51 BANKED LINKER/LOCATER V6.22                                                      04/28/2017  16:37:19  PAGE 23


  D:0007H         SYMBOL        number
  B:0022H.6       SYMBOL        state
  C:19C0H         LINE#         146
  C:19C0H         LINE#         147
  C:19C0H         LINE#         148
  C:19C3H         LINE#         149
  C:19E6H         LINE#         151
  C:1A09H         LINE#         152
  -------         ENDPROC       _SET_DCT_INPUT_STATE
  -------         PROC          _SET_DCT_OK_RESULT
  D:0007H         SYMBOL        number
  B:0022H.6       SYMBOL        state
  C:1A0AH         LINE#         160
  C:1A0AH         LINE#         161
  C:1A0AH         LINE#         162
  C:1A0DH         LINE#         163
  C:1A30H         LINE#         165
  C:1A53H         LINE#         166
  -------         ENDPROC       _SET_DCT_OK_RESULT
  -------         PROC          _SET_DCT_OK_ACTION
  D:0007H         SYMBOL        number
  B:0022H.6       SYMBOL        state
  C:1A54H         LINE#         174
  C:1A54H         LINE#         175
  C:1A54H         LINE#         176
  C:1A57H         LINE#         177
  C:1A7AH         LINE#         179
  C:1A9DH         LINE#         180
  -------         ENDPROC       _SET_DCT_OK_ACTION
  -------         PROC          TIME0_ISR
  -------         DO            
  D:0006H         SYMBOL        i
  D:0007H         SYMBOL        tempsfr
  -------         ENDDO         
  C:1498H         LINE#         186
  C:14A7H         LINE#         190
  C:14A9H         LINE#         191
  C:14ACH         LINE#         196
  C:14AFH         LINE#         197
  C:14B2H         LINE#         199
  C:14B5H         LINE#         201
  C:14B7H         LINE#         202
  C:14B9H         LINE#         203
  C:14C1H         LINE#         204
  C:14C3H         LINE#         205
  C:14C9H         LINE#         206
  C:14CFH         LINE#         207
  C:14DDH         LINE#         208
  C:14EBH         LINE#         210
  C:14EDH         LINE#         211
  C:14EDH         LINE#         212
  C:150AH         LINE#         213
  C:150EH         LINE#         215
  C:1514H         LINE#         216
  C:1514H         LINE#         217
  C:1520H         LINE#         218
  C:1520H         LINE#         219
BL51 BANKED LINKER/LOCATER V6.22                                                      04/28/2017  16:37:19  PAGE 24


  C:1523H         LINE#         221
  C:152BH         LINE#         222
  C:152BH         LINE#         223
  C:152EH         LINE#         224
  C:152EH         LINE#         225
  C:1535H         LINE#         226
  C:1537H         LINE#         227
  C:1537H         LINE#         228
  C:1537H         LINE#         229
  C:153BH         LINE#         231
  C:1543H         LINE#         232
  C:1545H         LINE#         233
  -------         ENDPROC       TIME0_ISR
  -------         PROC          CAN_AUTO_RESET
  C:0088H         LINE#         236
  C:0088H         LINE#         237
  C:0088H         LINE#         244
  C:008FH         LINE#         245
  C:008FH         LINE#         246
  C:0092H         LINE#         247
  C:0095H         LINE#         248
  C:0095H         LINE#         250
  C:009CH         LINE#         251
  C:009CH         LINE#         252
  C:009FH         LINE#         253
  C:00A2H         LINE#         254
  C:00A2H         LINE#         255
  -------         ENDPROC       CAN_AUTO_RESET
  -------         PROC          _CAN_RX_FROM_DCT_AMOUNT_FEEDBACK
  D:0001H         SYMBOL        buf
  C:1E9BH         LINE#         262
  C:1E9BH         LINE#         263
  C:1E9BH         LINE#         265
  C:1EA0H         LINE#         266
  C:1EA8H         LINE#         267
  C:1EB0H         LINE#         268
  C:1EB8H         LINE#         269
  C:1EC0H         LINE#         270
  C:1EC8H         LINE#         271
  C:1ED0H         LINE#         272
  -------         ENDPROC       _CAN_RX_FROM_DCT_AMOUNT_FEEDBACK
  -------         PROC          _CAN_RX_FROM_DCT_BITE_FEEDBACK
  D:0001H         SYMBOL        buf
  -------         DO            
  D:004CH         SYMBOL        Number_amout_1
  -------         ENDDO         
  C:187DH         LINE#         279
  C:187DH         LINE#         280
  C:187DH         LINE#         284
  C:1896H         LINE#         287
  C:1899H         LINE#         288
  C:1899H         LINE#         289
  C:18A9H         LINE#         290
  C:18A9H         LINE#         291
  C:18B0H         LINE#         292
  C:18B0H         LINE#         294
  C:18C0H         LINE#         295
BL51 BANKED LINKER/LOCATER V6.22                                                      04/28/2017  16:37:19  PAGE 25


  C:18C0H         LINE#         296
  C:18C7H         LINE#         297
  C:18C7H         LINE#         298
  C:18C7H         LINE#         299
  C:18D4H         LINE#         300
  -------         ENDPROC       _CAN_RX_FROM_DCT_BITE_FEEDBACK
  -------         PROC          CAN_RX_FROM_SWJ_ZIJIAN_COMMAND
  -------         DO            
  D:0006H         SYMBOL        i
  D:0007H         SYMBOL        sum
  -------         ENDDO         
  C:0016H         LINE#         303
  C:0016H         LINE#         304
  C:0016H         LINE#         308
  C:0019H         LINE#         309
  C:001CH         LINE#         310
  C:001FH         LINE#         311
  C:0022H         LINE#         312
  C:0024H         LINE#         313
  C:0026H         LINE#         314
  C:0029H         LINE#         316
  C:0033H         LINE#         319
  C:0033H         LINE#         320
  C:0036H         LINE#         321
  C:0038H         LINE#         322
  C:0042H         LINE#         325
  C:0042H         LINE#         326
  C:0042H         LINE#         327
  C:0044H         LINE#         329
  C:0047H         LINE#         332
  C:004DH         LINE#         333
  C:0051H         LINE#         334
  C:0055H         LINE#         335
  C:0059H         LINE#         336
  C:005CH         LINE#         337
  C:005EH         LINE#         338
  C:0060H         LINE#         340
  C:0061H         LINE#         341
  C:0062H         LINE#         343
  C:0062H         LINE#         344
  C:006FH         LINE#         345
  C:0070H         LINE#         346
  C:0076H         LINE#         347
  C:007BH         LINE#         348
  -------         ENDPROC       CAN_RX_FROM_SWJ_ZIJIAN_COMMAND
  -------         PROC          CAN_RX_FROM_SWJ_ACTION_COMMAND
  -------         DO            
  D:004AH         SYMBOL        i
  D:004BH         SYMBOL        sum
  D:004CH         SYMBOL        Number_amout_2
  -------         ENDDO         
  C:0BAFH         LINE#         352
  C:0BAFH         LINE#         353
  C:0BAFH         LINE#         356
  C:0BBBH         LINE#         359
  C:0BBBH         LINE#         360
  C:0BBEH         LINE#         361
BL51 BANKED LINKER/LOCATER V6.22                                                      04/28/2017  16:37:19  PAGE 26


  C:0BC0H         LINE#         362
  C:0BC2H         LINE#         365
  C:0BC5H         LINE#         366
  C:0BC8H         LINE#         367
  C:0BCBH         LINE#         368
  C:0BCEH         LINE#         369
  C:0BD1H         LINE#         370
  C:0BD4H         LINE#         371
  C:0BD6H         LINE#         372
  C:0BD8H         LINE#         373
  C:0BDBH         LINE#         375
  C:0BE1H         LINE#         376
  C:0BE5H         LINE#         377
  C:0BE9H         LINE#         378
  C:0BEDH         LINE#         379
  C:0BF0H         LINE#         380
  C:0BF2H         LINE#         381
  C:0BF4H         LINE#         383
  C:0BF6H         LINE#         384
  C:0BF8H         LINE#         386
  C:0BF8H         LINE#         387
  C:0C08H         LINE#         388
  C:0C0AH         LINE#         389
  C:0C11H         LINE#         390
  C:0C17H         LINE#         391
  C:0C24H         LINE#         398
  C:0C29H         LINE#         401
  C:0C29H         LINE#         402
  C:0C38H         LINE#         403
  C:0C38H         LINE#         404
  C:0C3AH         LINE#         406
  C:0C3DH         LINE#         407
  C:0C40H         LINE#         408
  C:0C43H         LINE#         409
  C:0C46H         LINE#         410
  C:0C49H         LINE#         411
  C:0C4BH         LINE#         412
  C:0C4DH         LINE#         413
  C:0C4FH         LINE#         414
  C:0C52H         LINE#         416
  C:0C58H         LINE#         417
  C:0C5CH         LINE#         418
  C:0C60H         LINE#         419
  C:0C64H         LINE#         420
  C:0C67H         LINE#         421
  C:0C69H         LINE#         422
  C:0C6BH         LINE#         424
  C:0C6DH         LINE#         425
  C:0C6FH         LINE#         427
  C:0C6FH         LINE#         428
  C:0C7FH         LINE#         429
  C:0C81H         LINE#         430
  C:0C88H         LINE#         431
  C:0C8EH         LINE#         432
  C:0C9BH         LINE#         436
  C:0C9EH         LINE#         440
  C:0CA7H         LINE#         441
BL51 BANKED LINKER/LOCATER V6.22                                                      04/28/2017  16:37:19  PAGE 27


  C:0CA7H         LINE#         442
  C:0CA7H         LINE#         443
  C:0CAAH         LINE#         444
  C:0CACH         LINE#         445
  C:0CACH         LINE#         446
  C:0CAFH         LINE#         447
  C:0CAFH         LINE#         448
  C:0CAFH         LINE#         452
  C:0CAFH         LINE#         453
  C:0CAFH         LINE#         454
  C:0CB2H         LINE#         455
  C:0CB3H         LINE#         457
  C:0CC1H         LINE#         458
  C:0CC1H         LINE#         459
  C:0CD6H         LINE#         462
  C:0CDCH         LINE#         464
  C:0CE0H         LINE#         465
  C:0CE4H         LINE#         467
  C:0CE8H         LINE#         469
  C:0CECH         LINE#         470
  C:0CF0H         LINE#         471
  C:0CF4H         LINE#         473
  C:0CF7H         LINE#         474
  C:0CF9H         LINE#         476
  C:0CF9H         LINE#         477
  C:0D09H         LINE#         478
  C:0D0BH         LINE#         479
  C:0D12H         LINE#         481
  C:0D18H         LINE#         482
  C:0D28H         LINE#         484
  C:0D2FH         LINE#         485
  C:0D31H         LINE#         486
  C:0D31H         LINE#         488
  C:0D31H         LINE#         490
  C:0D31H         LINE#         493
  -------         ENDPROC       CAN_RX_FROM_SWJ_ACTION_COMMAND
  -------         PROC          COMUNICATION_BITE_TO_SWJ
  -------         DO            
  D:0023H         SYMBOL        Number_amout
  D:004AH         SYMBOL        i
  D:004BH         SYMBOL        sum
  D:004CH         SYMBOL        bite_value
  D:0007H         SYMBOL        address_value
  -------         ENDDO         
  C:18D5H         LINE#         499
  C:18D5H         LINE#         500
  C:18D5H         LINE#         504
  C:18DFH         LINE#         505
  C:18E6H         LINE#         506
  C:18F5H         LINE#         508
  C:1906H         LINE#         509
  C:190BH         LINE#         510
  C:190EH         LINE#         512
  C:1911H         LINE#         513
  C:1914H         LINE#         514
  C:1916H         LINE#         515
  C:1919H         LINE#         516
BL51 BANKED LINKER/LOCATER V6.22                                                      04/28/2017  16:37:19  PAGE 28


  C:191CH         LINE#         517
  C:191EH         LINE#         518
  C:1920H         LINE#         519
  C:1923H         LINE#         521
  C:1925H         LINE#         522
  -------         ENDPROC       COMUNICATION_BITE_TO_SWJ
  -------         PROC          CAN2_DATA_COLLECT_PROCESS_PROGRAMME
  -------         DO            
  D:004AH         SYMBOL        i
  D:004BH         SYMBOL        sum
  -------         ENDDO         
  C:0FEBH         LINE#         524
  C:0FEBH         LINE#         525
  C:0FEBH         LINE#         531
  C:0FEEH         LINE#         532
  C:0FEEH         LINE#         533
  C:0FF1H         LINE#         534
  C:0FF3H         LINE#         536
  C:0FF3H         LINE#         537
  C:1003H         LINE#         538
  C:1005H         LINE#         539
  C:100CH         LINE#         541
  C:101DH         LINE#         543
  C:101DH         LINE#         544
  C:1026H         LINE#         545
  C:1026H         LINE#         547
  C:1037H         LINE#         549
  C:1037H         LINE#         550
  C:1040H         LINE#         551
  C:1040H         LINE#         553
  C:1042H         LINE#         554
  C:1042H         LINE#         559
  C:1045H         LINE#         560
  C:1045H         LINE#         561
  C:1048H         LINE#         562
  C:104AH         LINE#         564
  C:104AH         LINE#         565
  C:105AH         LINE#         566
  C:105CH         LINE#         567
  C:1063H         LINE#         569
  C:1074H         LINE#         571
  C:1074H         LINE#         572
  C:107DH         LINE#         573
  C:107DH         LINE#         575
  C:108EH         LINE#         577
  C:108EH         LINE#         578
  C:1097H         LINE#         579
  C:1097H         LINE#         581
  C:1099H         LINE#         582
  C:1099H         LINE#         587
  C:109CH         LINE#         588
  C:109CH         LINE#         589
  C:109FH         LINE#         590
  C:10A1H         LINE#         592
  C:10A1H         LINE#         593
  C:10B1H         LINE#         594
  C:10B3H         LINE#         595
BL51 BANKED LINKER/LOCATER V6.22                                                      04/28/2017  16:37:19  PAGE 29


  C:10BAH         LINE#         597
  C:10CBH         LINE#         599
  C:10CBH         LINE#         600
  C:10D4H         LINE#         601
  C:10D4H         LINE#         603
  C:10E5H         LINE#         605
  C:10E5H         LINE#         606
  C:10EEH         LINE#         607
  C:10EEH         LINE#         609
  C:10F0H         LINE#         610
  C:10F0H         LINE#         611
  -------         ENDPROC       CAN2_DATA_COLLECT_PROCESS_PROGRAMME
  -------         PROC          INIT_MACHINE
  C:11EFH         LINE#         614
  C:11EFH         LINE#         615
  C:11EFH         LINE#         617
  C:11F6H         LINE#         618
  C:11F9H         LINE#         619
  C:1204H         LINE#         620
  C:1204H         LINE#         621
  C:1211H         LINE#         622
  C:1211H         LINE#         623
  C:1217H         LINE#         624
  C:1217H         LINE#         625
  C:1220H         LINE#         626
  C:1226H         LINE#         627
  C:1226H         LINE#         628
  C:122CH         LINE#         629
  C:122CH         LINE#         630
  C:1235H         LINE#         631
  C:123BH         LINE#         632
  C:123BH         LINE#         633
  C:1241H         LINE#         634
  C:1241H         LINE#         635
  C:124AH         LINE#         636
  C:1250H         LINE#         637
  C:1250H         LINE#         638
  C:1250H         LINE#         639
  C:1252H         LINE#         640
  C:1257H         LINE#         641
  C:1257H         LINE#         643
  C:125EH         LINE#         644
  C:1261H         LINE#         645
  C:126CH         LINE#         646
  C:126CH         LINE#         647
  C:126EH         LINE#         648
  C:126FH         LINE#         649
  C:127BH         LINE#         650
  C:127BH         LINE#         657
  C:1282H         LINE#         658
  C:1282H         LINE#         659
  C:128BH         LINE#         660
  C:1291H         LINE#         661
  C:1291H         LINE#         672
  C:1291H         LINE#         673
  C:1291H         LINE#         675
  C:1298H         LINE#         676
BL51 BANKED LINKER/LOCATER V6.22                                                      04/28/2017  16:37:19  PAGE 30


  C:129BH         LINE#         677
  C:12A6H         LINE#         678
  C:12A6H         LINE#         679
  C:12B3H         LINE#         680
  C:12B3H         LINE#         681
  C:12B9H         LINE#         682
  C:12B9H         LINE#         683
  C:12BCH         LINE#         684
  C:12C2H         LINE#         685
  C:12C2H         LINE#         686
  C:12C8H         LINE#         687
  C:12C8H         LINE#         688
  C:12CBH         LINE#         689
  C:12D1H         LINE#         690
  C:12D1H         LINE#         691
  C:12D7H         LINE#         692
  C:12D7H         LINE#         693
  C:12DAH         LINE#         694
  C:12E0H         LINE#         695
  C:12E0H         LINE#         697
  C:12E0H         LINE#         698
  C:12E2H         LINE#         699
  C:12E7H         LINE#         700
  C:12E7H         LINE#         701
  -------         ENDPROC       INIT_MACHINE
  -------         PROC          SEND_CO_BEGIN_PROGRAMME
  C:1F5AH         LINE#         705
  C:1F5AH         LINE#         706
  C:1F5AH         LINE#         708
  C:1F64H         LINE#         709
  C:1F64H         LINE#         710
  C:1F6AH         LINE#         711
  C:1F6AH         LINE#         712
  C:1F71H         LINE#         713
  C:1F71H         LINE#         714
  C:1F77H         LINE#         715
  C:1F77H         LINE#         716
  C:1F7EH         LINE#         717
  C:1F7EH         LINE#         719
  C:1F7EH         LINE#         721
  -------         ENDPROC       SEND_CO_BEGIN_PROGRAMME
  -------         PROC          MEDICA_AUTO_TRANSPORTATION_PROGRAMME
  C:093FH         LINE#         725
  C:093FH         LINE#         726
  C:093FH         LINE#         727
  C:0949H         LINE#         728
  C:0949H         LINE#         729
  C:094CH         LINE#         730
  C:094CH         LINE#         731
  C:094EH         LINE#         744
  C:094EH         LINE#         745
  C:094EH         LINE#         749
  C:0957H         LINE#         751
  C:0957H         LINE#         752
  C:0960H         LINE#         753
  C:0960H         LINE#         756
  C:096FH         LINE#         757
BL51 BANKED LINKER/LOCATER V6.22                                                      04/28/2017  16:37:19  PAGE 31


  C:096FH         LINE#         758
  C:0972H         LINE#         759
  C:0975H         LINE#         762
  C:097CH         LINE#         763
  C:097EH         LINE#         764
  C:097EH         LINE#         765
  C:0983H         LINE#         766
  C:0983H         LINE#         767
  C:0986H         LINE#         768
  C:098BH         LINE#         769
  C:098DH         LINE#         771
  C:098DH         LINE#         772
  C:099BH         LINE#         773
  C:09AAH         LINE#         774
  C:09AAH         LINE#         775
  C:09B0H         LINE#         776
  C:09B0H         LINE#         777
  C:09B0H         LINE#         778
  C:09B0H         LINE#         781
  C:09B8H         LINE#         782
  C:09B8H         LINE#         787
  C:09C2H         LINE#         789
  C:09C2H         LINE#         790
  C:09C4H         LINE#         791
  C:09C7H         LINE#         792
  C:09CAH         LINE#         793
  C:09CDH         LINE#         794
  C:09CDH         LINE#         795
  C:09DAH         LINE#         796
  C:09DAH         LINE#         797
  C:09DDH         LINE#         798
  C:09E0H         LINE#         799
  C:09E3H         LINE#         800
  C:09E6H         LINE#         801
  C:09E8H         LINE#         802
  C:09EBH         LINE#         803
  C:09EEH         LINE#         804
  C:09EEH         LINE#         805
  C:09F4H         LINE#         806
  C:09F4H         LINE#         807
  C:09F6H         LINE#         808
  C:09FAH         LINE#         809
  C:09FCH         LINE#         810
  C:09FFH         LINE#         811
  C:0A02H         LINE#         812
  C:0A05H         LINE#         813
  C:0A05H         LINE#         814
  C:0A05H         LINE#         815
  C:0A07H         LINE#         817
  C:0A07H         LINE#         818
  C:0A09H         LINE#         819
  C:0A0CH         LINE#         820
  C:0A10H         LINE#         821
  C:0A13H         LINE#         822
  C:0A16H         LINE#         823
  C:0A19H         LINE#         824
  C:0A1CH         LINE#         825
BL51 BANKED LINKER/LOCATER V6.22                                                      04/28/2017  16:37:19  PAGE 32


  C:0A1FH         LINE#         826
  C:0A21H         LINE#         827
  C:0A21H         LINE#         832
  C:0A2AH         LINE#         834
  C:0A2AH         LINE#         835
  C:0A33H         LINE#         836
  C:0A33H         LINE#         839
  C:0A42H         LINE#         840
  C:0A42H         LINE#         841
  C:0A45H         LINE#         842
  C:0A48H         LINE#         845
  C:0A4FH         LINE#         846
  C:0A51H         LINE#         847
  C:0A51H         LINE#         848
  C:0A56H         LINE#         849
  C:0A56H         LINE#         850
  C:0A59H         LINE#         851
  C:0A5FH         LINE#         852
  C:0A61H         LINE#         854
  C:0A61H         LINE#         855
  C:0A6FH         LINE#         856
  C:0A7EH         LINE#         857
  C:0A7EH         LINE#         858
  C:0A84H         LINE#         859
  C:0A84H         LINE#         860
  C:0A84H         LINE#         861
  C:0A84H         LINE#         864
  C:0A8CH         LINE#         865
  C:0A8CH         LINE#         870
  C:0A96H         LINE#         872
  C:0A96H         LINE#         873
  C:0A98H         LINE#         874
  C:0A9BH         LINE#         875
  C:0A9EH         LINE#         876
  C:0AA1H         LINE#         877
  C:0AA1H         LINE#         878
  C:0AAEH         LINE#         879
  C:0AAEH         LINE#         880
  C:0AB1H         LINE#         881
  C:0AB4H         LINE#         882
  C:0AB7H         LINE#         883
  C:0ABAH         LINE#         884
  C:0ABCH         LINE#         885
  C:0ABFH         LINE#         886
  C:0AC2H         LINE#         887
  C:0AC2H         LINE#         888
  C:0AC8H         LINE#         889
  C:0AC8H         LINE#         890
  C:0ACAH         LINE#         891
  C:0ACEH         LINE#         892
  C:0AD1H         LINE#         893
  C:0AD7H         LINE#         894
  C:0ADAH         LINE#         895
  C:0ADDH         LINE#         896
  C:0ADDH         LINE#         897
  C:0ADDH         LINE#         898
  C:0ADFH         LINE#         900
BL51 BANKED LINKER/LOCATER V6.22                                                      04/28/2017  16:37:19  PAGE 33


  C:0ADFH         LINE#         901
  C:0AE6H         LINE#         902
  C:0AE8H         LINE#         903
  C:0AECH         LINE#         904
  C:0AEFH         LINE#         905
  C:0AF2H         LINE#         906
  C:0AF5H         LINE#         907
  C:0AF8H         LINE#         908
  C:0AFBH         LINE#         909
  C:0AFDH         LINE#         910
  C:0AFDH         LINE#         914
  C:0B08H         LINE#         915
  C:0B08H         LINE#         918
  C:0B0AH         LINE#         919
  C:0B0DH         LINE#         920
  C:0B0DH         LINE#         921
  C:0B0FH         LINE#         922
  C:0B13H         LINE#         923
  C:0B13H         LINE#         924
  C:0B1DH         LINE#         925
  C:0B34H         LINE#         926
  C:0B4BH         LINE#         927
  C:0B51H         LINE#         928
  C:0B55H         LINE#         929
  C:0B59H         LINE#         930
  C:0B5DH         LINE#         931
  C:0B60H         LINE#         932
  C:0B60H         LINE#         934
  C:0B60H         LINE#         936
  C:0B60H         LINE#         937
  C:0B60H         LINE#         938
  C:0B60H         LINE#         940
  C:0B6BH         LINE#         941
  C:0B6BH         LINE#         944
  C:0B6DH         LINE#         945
  C:0B70H         LINE#         946
  C:0B70H         LINE#         947
  C:0B72H         LINE#         948
  C:0B78H         LINE#         949
  C:0B78H         LINE#         950
  C:0B82H         LINE#         951
  C:0B99H         LINE#         952
  C:0B9FH         LINE#         953
  C:0BA3H         LINE#         954
  C:0BA7H         LINE#         955
  C:0BABH         LINE#         956
  C:0BAEH         LINE#         957
  C:0BAEH         LINE#         959
  C:0BAEH         LINE#         961
  C:0BAEH         LINE#         962
  C:0BAEH         LINE#         963
  C:0BAEH         LINE#         964
  -------         ENDPROC       MEDICA_AUTO_TRANSPORTATION_PROGRAMME
  -------         PROC          INIT_PARA
  -------         DO            
  D:0007H         SYMBOL        i
  -------         ENDDO         
BL51 BANKED LINKER/LOCATER V6.22                                                      04/28/2017  16:37:19  PAGE 34


  C:13DDH         LINE#         970
  C:13DDH         LINE#         971
  C:13DDH         LINE#         974
  C:13DFH         LINE#         975
  C:13DFH         LINE#         976
  C:13E5H         LINE#         977
  C:13F1H         LINE#         978
  C:13FDH         LINE#         979
  C:1401H         LINE#         980
  C:1403H         LINE#         981
  C:1403H         LINE#         982
  C:140FH         LINE#         983
  C:1413H         LINE#         985
  C:1415H         LINE#         986
  C:1415H         LINE#         987
  C:1421H         LINE#         988
  C:142DH         LINE#         989
  C:1439H         LINE#         990
  C:143DH         LINE#         992
  C:1440H         LINE#         993
  C:1444H         LINE#         995
  C:1446H         LINE#         996
  C:1448H         LINE#         997
  C:144AH         LINE#         998
  C:144CH         LINE#         1000
  C:144EH         LINE#         1001
  C:1450H         LINE#         1002
  C:1452H         LINE#         1004
  C:1458H         LINE#         1005
  C:145BH         LINE#         1006
  C:1463H         LINE#         1009
  C:1463H         LINE#         1010
[...]
  D:0049H         SYMBOL        sum
  D:0007H         SYMBOL        Action_OK_Num
  -------         ENDDO         
  C:00A6H         LINE#         1573
  C:00A6H         LINE#         1574
  C:00A6H         LINE#         1576
  C:00A9H         LINE#         1577
  C:00B0H         LINE#         1578
  C:00B3H         LINE#         1583
  C:00B3H         LINE#         1584
  C:00B3H         LINE#         1586
  C:00BAH         LINE#         1587
BL51 BANKED LINKER/LOCATER V6.22                                                      04/28/2017  16:37:19  PAGE 44


  C:00BAH         LINE#         1588
  C:00BDH         LINE#         1589
  C:00C6H         LINE#         1590
  C:00C6H         LINE#         1601
  C:00CCH         LINE#         1602
  C:00CCH         LINE#         1603
  C:00CFH         LINE#         1604
  C:00D1H         LINE#         1606
  C:00D1H         LINE#         1607
  C:00DBH         LINE#         1608
  C:00DDH         LINE#         1609
  C:00E4H         LINE#         1611
  C:00EDH         LINE#         1612
  C:00EDH         LINE#         1614
  C:00F5H         LINE#         1615
  C:00F5H         LINE#         1616
  C:00F8H         LINE#         1617
  C:00FBH         LINE#         1618
  C:0103H         LINE#         1619
  C:0103H         LINE#         1620
  C:0115H         LINE#         1621
  C:0115H         LINE#         1622
  C:0118H         LINE#         1623
  C:011BH         LINE#         1625
  C:011BH         LINE#         1626
  C:011BH         LINE#         1627
  C:011BH         LINE#         1630
  C:0121H         LINE#         1631
  C:0121H         LINE#         1632
  C:0123H         LINE#         1633
  C:0126H         LINE#         1634
  C:0128H         LINE#         1635
  C:012BH         LINE#         1644
  C:0133H         LINE#         1645
  C:0133H         LINE#         1646
  C:0136H         LINE#         1647
  C:0139H         LINE#         1648
  C:0144H         LINE#         1649
  C:0144H         LINE#         1651
  C:014DH         LINE#         1652
  C:014DH         LINE#         1653
  C:014DH         LINE#         1654
  C:0150H         LINE#         1655
  C:0152H         LINE#         1656
  C:0152H         LINE#         1657
  C:0155H         LINE#         1658
  C:0155H         LINE#         1659
  C:0155H         LINE#         1660
  C:0155H         LINE#         1661
  C:0155H         LINE#         1662
  C:015AH         LINE#         1663
  C:015AH         LINE#         1664
  C:016DH         LINE#         1665
  C:016DH         LINE#         1666
  C:016DH         LINE#         1667
  C:0172H         LINE#         1668
  C:0174H         LINE#         1669
BL51 BANKED LINKER/LOCATER V6.22                                                      04/28/2017  16:37:19  PAGE 45


  C:0174H         LINE#         1670
  C:017AH         LINE#         1671
  C:017CH         LINE#         1672
  C:017CH         LINE#         1673
  C:0182H         LINE#         1674
  C:0184H         LINE#         1675
  C:0184H         LINE#         1676
  C:018AH         LINE#         1677
  C:018CH         LINE#         1678
  C:018CH         LINE#         1679
  C:018CH         LINE#         1680
  C:018EH         LINE#         1681
  C:018EH         LINE#         1682
  C:0194H         LINE#         1683
  C:0194H         LINE#         1684
  C:0194H         LINE#         1685
  C:0194H         LINE#         1686
  C:0199H         LINE#         1687
  C:019BH         LINE#         1688
  C:019DH         LINE#         1689
  C:019FH         LINE#         1691
  C:01A6H         LINE#         1692
  C:01AFH         LINE#         1693
  C:01BCH         LINE#         1694
  C:01DFH         LINE#         1695
  C:01F6H         LINE#         1697
  C:01FFH         LINE#         1698
  C:01FFH         LINE#         1699
  C:01FFH         LINE#         1700
  C:01FFH         LINE#         1701
  C:01FFH         LINE#         1702
  C:01FFH         LINE#         1703
  C:01FFH         LINE#         1704
  C:0201H         LINE#         1705
  C:0201H         LINE#         1706
  C:0218H         LINE#         1707
  C:021EH         LINE#         1708
  C:0222H         LINE#         1709
  C:0226H         LINE#         1710
  C:022AH         LINE#         1711
  C:022AH         LINE#         1712
  C:022AH         LINE#         1713
  C:022AH         LINE#         1714
  C:022AH         LINE#         1715
  C:022DH         LINE#         1716
  C:022DH         LINE#         1718
  C:022DH         LINE#         1719
  C:022DH         LINE#         1721
  C:022DH         LINE#         1722
  C:022FH         LINE#         1723
  C:022FH         LINE#         1729
  C:023AH         LINE#         1730
  C:023AH         LINE#         1731
  C:023FH         LINE#         1732
  C:0244H         LINE#         1733
  C:0244H         LINE#         1734
  C:0247H         LINE#         1735
BL51 BANKED LINKER/LOCATER V6.22                                                      04/28/2017  16:37:19  PAGE 46


  C:0247H         LINE#         1737
  C:0247H         LINE#         1739
  C:0247H         LINE#         1740
  C:0247H         LINE#         1746
  C:0251H         LINE#         1747
  C:0251H         LINE#         1748
  C:0254H         LINE#         1753
  C:0257H         LINE#         1754
  C:0257H         LINE#         1755
  C:0258H         LINE#         1756
  C:025AH         LINE#         1757
  C:025AH         LINE#         1758
  C:0276H         LINE#         1759
  C:0279H         LINE#         1760
  C:0279H         LINE#         1761
  C:0280H         LINE#         1762
  C:0288H         LINE#         1763
  C:028BH         LINE#         1766
  C:028DH         LINE#         1767
  C:028FH         LINE#         1768
  C:028FH         LINE#         1769
  C:02ABH         LINE#         1770
  C:02AEH         LINE#         1771
  C:02AEH         LINE#         1772
  C:02B5H         LINE#         1773
  C:02BDH         LINE#         1774
  C:02C0H         LINE#         1775
  C:02C0H         LINE#         1777
  C:02D2H         LINE#         1780
  C:02D2H         LINE#         1781
  C:02D6H         LINE#         1782
  C:02D9H         LINE#         1783
  C:02DCH         LINE#         1784
  C:02DEH         LINE#         1785
  C:02DEH         LINE#         1787
  C:02E3H         LINE#         1790
  C:02E3H         LINE#         1792
  C:02E5H         LINE#         1793
  C:02E7H         LINE#         1794
  C:02E7H         LINE#         1795
  C:02E7H         LINE#         1799
  C:02F3H         LINE#         1800
  C:02F3H         LINE#         1801
  C:02F6H         LINE#         1802
  C:02F9H         LINE#         1803
  C:02FCH         LINE#         1804
  C:02FEH         LINE#         1805
  C:0301H         LINE#         1806
  C:0304H         LINE#         1807
  C:0306H         LINE#         1808
  C:0309H         LINE#         1809
  C:030BH         LINE#         1810
  C:030BH         LINE#         1811
  C:030BH         LINE#         1819
  C:030EH         LINE#         1832
  C:0314H         LINE#         1833
  C:0314H         LINE#         1834
BL51 BANKED LINKER/LOCATER V6.22                                                      04/28/2017  16:37:19  PAGE 47


  C:0317H         LINE#         1835
  C:0319H         LINE#         1837
  C:0319H         LINE#         1838
  C:0329H         LINE#         1839
  C:032BH         LINE#         1840
  C:0332H         LINE#         1842
  C:0340H         LINE#         1845
  C:0340H         LINE#         1846
  C:0342H         LINE#         1847
  C:0342H         LINE#         1900
  C:034DH         LINE#         1901
  C:034DH         LINE#         1902
  C:034EH         LINE#         1903
  C:035BH         LINE#         1904
  C:035BH         LINE#         1905
  C:0362H         LINE#         1906
  C:0364H         LINE#         1907
  C:0364H         LINE#         1909
  C:036BH         LINE#         1910
  C:036BH         LINE#         1911
  C:0374H         LINE#         1912
  C:037AH         LINE#         1914
  C:037AH         LINE#         1915
  C:0381H         LINE#         1916
  C:0381H         LINE#         1917
  C:038AH         LINE#         1918
  C:0390H         LINE#         1919
  C:0390H         LINE#         1920
  C:0397H         LINE#         1921
  C:0397H         LINE#         1922
  C:03A3H         LINE#         1923
  C:03A9H         LINE#         1924
  C:03A9H         LINE#         1925
  C:03BAH         LINE#         1926
  C:03BAH         LINE#         1927
  C:03BEH         LINE#         1928
  C:03BEH         LINE#         1930
  C:03BEH         LINE#         1931
  C:03C5H         LINE#         1932
  C:03C5H         LINE#         1933
  C:03CFH         LINE#         1934
  C:03D5H         LINE#         1935
  C:03D5H         LINE#         1936
  C:03DCH         LINE#         1937
  C:03DCH         LINE#         1938
  C:03E6H         LINE#         1939
  C:03ECH         LINE#         1940
  C:03ECH         LINE#         1941
  C:03F4H         LINE#         1942
  C:03F4H         LINE#         1943
  C:03FBH         LINE#         1944
  C:03FBH         LINE#         1945
  C:0404H         LINE#         1946
  C:0404H         LINE#         1947
  C:040BH         LINE#         1948
  C:040BH         LINE#         1949
  C:0414H         LINE#         1950
BL51 BANKED LINKER/LOCATER V6.22                                                      04/28/2017  16:37:19  PAGE 48


  C:0414H         LINE#         1951
  C:0414H         LINE#         1952
  C:0414H         LINE#         1953
  C:041FH         LINE#         1954
  C:041FH         LINE#         1955
  C:0426H         LINE#         1956
  C:0426H         LINE#         1957
  C:042FH         LINE#         1958
  C:0435H         LINE#         1959
  C:0435H         LINE#         1960
  C:043CH         LINE#         1961
  C:043CH         LINE#         1962
  C:0443H         LINE#         1963
  C:0443H         LINE#         1964
  C:044CH         LINE#         1965
  C:0452H         LINE#         1966
  C:0452H         LINE#         1967
  C:0452H         LINE#         1969
  C:045FH         LINE#         1970
  C:045FH         LINE#         1972
  C:0466H         LINE#         1973
  C:0468H         LINE#         1974
  C:0468H         LINE#         1975
  C:046EH         LINE#         1976
  C:046EH         LINE#         1977
  C:0473H         LINE#         1978
  C:0479H         LINE#         1979
  C:0479H         LINE#         1980
  C:047FH         LINE#         1981
  C:047FH         LINE#         1982
  C:0488H         LINE#         1983
  C:048EH         LINE#         1984
  C:048EH         LINE#         1985
  C:0494H         LINE#         1986
  C:0494H         LINE#         1987
  C:049DH         LINE#         1988
  C:04A3H         LINE#         1989
  C:04A3H         LINE#         1990
  C:04BBH         LINE#         1991
  C:04BBH         LINE#         1992
  C:04C0H         LINE#         1993
  C:04C2H         LINE#         1994
  C:04C2H         LINE#         1997
  C:04C2H         LINE#         1998
  C:04C9H         LINE#         1999
  C:04C9H         LINE#         2000
  C:04CFH         LINE#         2001
  C:04CFH         LINE#         2003
  C:04D4H         LINE#         2004
  C:04D4H         LINE#         2005
  C:04D6H         LINE#         2006
  C:04D6H         LINE#         2012
  C:04E5H         LINE#         2013
  C:04E5H         LINE#         2014
  C:04EBH         LINE#         2015
  C:04EDH         LINE#         2017
  C:04EDH         LINE#         2018
BL51 BANKED LINKER/LOCATER V6.22                                                      04/28/2017  16:37:19  PAGE 49


  C:04F2H         LINE#         2019
  C:04F2H         LINE#         2020
  C:0505H         LINE#         2021
  C:0505H         LINE#         2022
  C:050BH         LINE#         2023
  C:050DH         LINE#         2025
  C:050DH         LINE#         2026
  C:0512H         LINE#         2027
  C:0512H         LINE#         2030
  C:0515H         LINE#         2031
  C:0515H         LINE#         2033
  C:051AH         LINE#         2034
  C:051AH         LINE#         2035
  C:051CH         LINE#         2036
  C:051CH         LINE#         2037
  C:0521H         LINE#         2038
  C:0521H         LINE#         2039
  C:0523H         LINE#         2040
  C:0523H         LINE#         2041
  C:0523H         LINE#         2043
  C:0523H         LINE#         2045
  C:0523H         LINE#         2047
  C:0529H         LINE#         2048
  C:0529H         LINE#         2049
  C:052CH         LINE#         2050
  C:052CH         LINE#         2055
  C:052FH         LINE#         2056
  -------         ENDPROC       MAIN
  -------         ENDMOD        ZK

  -------         MODULE        UART1
  C:0000H         SYMBOL        _ICE_DUMMY_
  D:0080H         PUBLIC        P0
  D:0090H         PUBLIC        P1
  D:00A0H         PUBLIC        P2
  D:00B0H         PUBLIC        P3
  D:00C8H         PUBLIC        P4
  D:00D8H         PUBLIC        P5
  D:00E8H         PUBLIC        ADC0CN
  D:0084H         PUBLIC        SFRPAGE
  D:00E8H         PUBLIC        ADC2CN
  D:00A8H         PUBLIC        IE
  D:00F8H         PUBLIC        CAN0CN
  D:00D8H         PUBLIC        PCA0CN
  D:00B8H         PUBLIC        IP
  B:0022H.2       PUBLIC        UART1_Refresh
  D:00C0H         PUBLIC        SMB0CN
  D:0088H         PUBLIC        CPT0CN
  D:0088H         PUBLIC        CPT1CN
  D:0088H         PUBLIC        CPT2CN
  D:00F8H         PUBLIC        SPI0CN
  X:0090H         PUBLIC        RecPointer1
  D:0088H         PUBLIC        TCON
  D:00C8H         PUBLIC        TMR2CN
  D:00C8H         PUBLIC        TMR3CN
  D:00C8H         PUBLIC        TMR4CN
  C:1552H         PUBLIC        UART1_ISR
BL51 BANKED LINKER/LOCATER V6.22                                                      04/28/2017  16:37:19  PAGE 50


  B:0022H.3       PUBLIC        RecFlag1
  B:0022H.4       PUBLIC        TI1Flag
  X:0091H         PUBLIC        Rec1
  B:0098H.0       PUBLIC        RI1
  B:0098H.1       PUBLIC        TI1
  D:0008H         PUBLIC        TransBuf1
  D:0099H         PUBLIC        SBUF1
  D:0098H         PUBLIC        SCON0
  D:0098H         PUBLIC        SCON1
  D:0010H         PUBLIC        RecBuf1
  D:00C0H         PUBLIC        CAN0STA
  D:00D0H         PUBLIC        PSW
  C:1F04H         PUBLIC        UART1Send
  -------         PROC          UART1_ISR
  -------         DO            
  D:0007H         SYMBOL        n
  D:0006H         SYMBOL        i
  D:0007H         SYMBOL        sum
  D:0055H         SYMBOL        temp
  -------         ENDDO         
  C:1552H         LINE#         28
  C:156FH         LINE#         35
  C:1572H         LINE#         36
  C:1575H         LINE#         37
  C:1578H         LINE#         38
  C:1578H         LINE#         39
  C:157AH         LINE#         40
  C:157CH         LINE#         41
  C:157FH         LINE#         42
  C:157FH         LINE#         43
  C:1581H         LINE#         44
  C:1581H         LINE#         45
  C:1584H         LINE#         46
  C:1584H         LINE#         47
  C:1597H         LINE#         48
  C:159FH         LINE#         49
  C:159FH         LINE#         50
  C:15A0H         LINE#         51
  C:15A1H         LINE#         53
  C:15A1H         LINE#         54
  C:15AEH         LINE#         55
  C:15AFH         LINE#         56
  C:15B5H         LINE#         57
  C:15BCH         LINE#         58
  C:15BCH         LINE#         59
  C:15BDH         LINE#         60
  C:15BDH         LINE#         61
  C:15CFH         LINE#         62
  C:15D3H         LINE#         63
  C:15D5H         LINE#         64
  C:15DEH         LINE#         65
  C:15DEH         LINE#         66
  C:15E3H         LINE#         67
  C:15E5H         LINE#         68
  C:15E5H         LINE#         69
  C:15E5H         LINE#         70
  C:15E7H         LINE#         71
BL51 BANKED LINKER/LOCATER V6.22                                                      04/28/2017  16:37:19  PAGE 51


  C:15EAH         LINE#         72
  C:15EAH         LINE#         73
  C:15ECH         LINE#         74
  C:15EEH         LINE#         75
  C:15EEH         LINE#         76
  C:15F1H         LINE#         77
  -------         ENDPROC       UART1_ISR
  -------         PROC          UART1SEND
  -------         DO            
  D:0007H         SYMBOL        i
  -------         ENDDO         
  C:1F04H         LINE#         84
  C:1F04H         LINE#         85
  C:1F04H         LINE#         86
  C:1F06H         LINE#         88
  C:1F08H         LINE#         90
  C:1F08H         LINE#         91
  C:1F11H         LINE#         92
  C:1F12H         LINE#         93
  C:1F18H         LINE#         95
  C:1F1AH         LINE#         97
  C:1F1AH         LINE#         98
  C:1F1DH         LINE#         99
  C:1F24H         LINE#         100
  C:1F27H         LINE#         101
  C:1F29H         LINE#         102
  C:1F2AH         LINE#         103
  C:1F30H         LINE#         104
  -------         ENDPROC       UART1SEND
  -------         ENDMOD        UART1

  -------         MODULE        ?C?FPADD
  C:0539H         PUBLIC        ?C?FPADD
  C:0535H         PUBLIC        ?C?FPSUB
  -------         ENDMOD        ?C?FPADD

  -------         MODULE        ?C?FPMUL
  C:062AH         PUBLIC        ?C?FPMUL
  -------         ENDMOD        ?C?FPMUL

  -------         MODULE        ?C?FCAST
  C:073AH         PUBLIC        ?C?FCASTC
  C:0735H         PUBLIC        ?C?FCASTI
  C:0730H         PUBLIC        ?C?FCASTL
  -------         ENDMOD        ?C?FCAST

  -------         MODULE        ?C?CASTF
  C:076EH         PUBLIC        ?C?CASTF
  -------         ENDMOD        ?C?CASTF

  -------         MODULE        ?C?CLDPTR
  C:07EFH         PUBLIC        ?C?CLDPTR
  -------         ENDMOD        ?C?CLDPTR

  -------         MODULE        ?C?CLDOPTR
  C:0808H         PUBLIC        ?C?CLDOPTR
  -------         ENDMOD        ?C?CLDOPTR
BL51 BANKED LINKER/LOCATER V6.22                                                      04/28/2017  16:37:19  PAGE 52



  -------         MODULE        ?C?CSTPTR
  C:0835H         PUBLIC        ?C?CSTPTR
  -------         ENDMOD        ?C?CSTPTR

  -------         MODULE        ?C?CSTOPTR
  C:0847H         PUBLIC        ?C?CSTOPTR
  -------         ENDMOD        ?C?CSTOPTR

  -------         MODULE        ?C?SIDIV
  C:0869H         PUBLIC        ?C?SIDIV
  -------         ENDMOD        ?C?SIDIV

  -------         MODULE        ?C?LNEG
  C:089FH         PUBLIC        ?C?LNEG
  -------         ENDMOD        ?C?LNEG

  -------         MODULE        ?C?LSTXDATA
  C:08ADH         PUBLIC        ?C?LSTXDATA
  -------         ENDMOD        ?C?LSTXDATA

  -------         MODULE        ?C?LSTKXDATA
  C:08B9H         PUBLIC        ?C?LSTKXDATA
  -------         ENDMOD        ?C?LSTKXDATA

  -------         MODULE        ?C?UIDIV
  C:08EAH         PUBLIC        ?C?UIDIV
  -------         ENDMOD        ?C?UIDIV

*** WARNING L16: UNCALLED SEGMENT, IGNORED FOR OVERLAY PROCESS
    SEGMENT: ?PR?GET_TEMP?ZK

*** WARNING L16: UNCALLED SEGMENT, IGNORED FOR OVERLAY PROCESS
    SEGMENT: ?PR?ELECTROMAGNETCRTL?ZK

*** WARNING L16: UNCALLED SEGMENT, IGNORED FOR OVERLAY PROCESS
    SEGMENT: ?PR?YAOLANSTEPRUN?ZK

*** WARNING L16: UNCALLED SEGMENT, IGNORED FOR OVERLAY PROCESS
    SEGMENT: ?PR?YAOLANTISHENG?ZK

*** WARNING L16: UNCALLED SEGMENT, IGNORED FOR OVERLAY PROCESS
    SEGMENT: ?PR?CONVEYINGLINEMOVEMENT?ZK

*** WARNING L16: UNCALLED SEGMENT, IGNORED FOR OVERLAY PROCESS
    SEGMENT: ?PR?CONVEYINGRIGHTLINEMOVEMENT?ZK

*** WARNING L16: UNCALLED SEGMENT, IGNORED FOR OVERLAY PROCESS
    SEGMENT: ?PR?_FZSSXRIGHTFZ?ZK

*** WARNING L16: UNCALLED SEGMENT, IGNORED FOR OVERLAY PROCESS
    SEGMENT: ?PR?_FZSSXLEFTFZ?ZK

Program Size: data=80.7 xdata=208 code=8217
LINK/LOCATE RUN COMPLETE.  8 WARNING(S),  0 ERROR(S)
